
Running 910 tests using 8 workers

[1A[2K[1/910] [chromium] › tests\e2e\analytics.spec.ts:194:7 › Analytics Dashboard Tests › should display training data info
[1A[2K[2/910] [chromium] › tests\e2e\analytics.spec.ts:105:7 › Analytics Dashboard Tests › should display analytics stats cards
[1A[2K[3/910] [chromium] › tests\e2e\analytics.spec.ts:163:7 › Analytics Dashboard Tests › should display performance metrics
[1A[2K[4/910] [chromium] › tests\e2e\analytics.spec.ts:135:7 › Analytics Dashboard Tests › should display usage overview section
[1A[2K[5/910] [chromium] › tests\e2e\analytics.spec.ts:225:7 › Analytics Dashboard Tests › should have date range selector
[1A[2K[6/910] [chromium] › tests\e2e\analytics.spec.ts:71:7 › Analytics Dashboard Tests › should display analytics dashboard
[1A[2K[7/910] [chromium] › tests\e2e\analytics.spec.ts:257:7 › Analytics Dashboard Tests › should have export CSV button
[1A[2K[8/910] [chromium] › tests\e2e\analytics.spec.ts:284:7 › Analytics Dashboard Tests › should have back button
[1A[2K  1) [chromium] › tests\e2e\analytics.spec.ts:163:7 › Analytics Dashboard Tests › should display performance metrics 

    Error: page.goto: net::ERR_CONNECTION_REFUSED at http://localhost:4000/login
    Call log:
    [2m  - navigating to "http://localhost:4000/login", waiting until "load"[22m


      12 |   test.beforeEach(async ({ page }) => {
      13 |     // Login first using test credentials
    > 14 |     await page.goto('http://localhost:4000/login')
         |                ^
      15 |     await page.getByLabel(/email/i).fill('demo@testmail.app')
      16 |     await page.getByLabel(/password/i).fill('Demo123456!')
      17 |
        at C:\Users\imoud\OneDrive\Documents\MyDistinctAi\tests\e2e\analytics.spec.ts:14:16

    attachment #1: screenshot (image/png) ──────────────────────────────────────────────────────────
    test-results\analytics-Analytics-Dashbo-5263e-display-performance-metrics-chromium\test-failed-1.png
    ────────────────────────────────────────────────────────────────────────────────────────────────

    attachment #2: video (video/webm) ──────────────────────────────────────────────────────────────
    test-results\analytics-Analytics-Dashbo-5263e-display-performance-metrics-chromium\video.webm
    ────────────────────────────────────────────────────────────────────────────────────────────────


[1A[2K  2) [chromium] › tests\e2e\analytics.spec.ts:194:7 › Analytics Dashboard Tests › should display training data info 

    Error: page.goto: net::ERR_CONNECTION_REFUSED at http://localhost:4000/login
    Call log:
    [2m  - navigating to "http://localhost:4000/login", waiting until "load"[22m


      12 |   test.beforeEach(async ({ page }) => {
      13 |     // Login first using test credentials
    > 14 |     await page.goto('http://localhost:4000/login')
         |                ^
      15 |     await page.getByLabel(/email/i).fill('demo@testmail.app')
      16 |     await page.getByLabel(/password/i).fill('Demo123456!')
      17 |
        at C:\Users\imoud\OneDrive\Documents\MyDistinctAi\tests\e2e\analytics.spec.ts:14:16

    attachment #1: screenshot (image/png) ──────────────────────────────────────────────────────────
    test-results\analytics-Analytics-Dashbo-503e5--display-training-data-info-chromium\test-failed-1.png
    ────────────────────────────────────────────────────────────────────────────────────────────────

    attachment #2: video (video/webm) ──────────────────────────────────────────────────────────────
    test-results\analytics-Analytics-Dashbo-503e5--display-training-data-info-chromium\video.webm
    ────────────────────────────────────────────────────────────────────────────────────────────────


[1A[2K  3) [chromium] › tests\e2e\analytics.spec.ts:105:7 › Analytics Dashboard Tests › should display analytics stats cards 

    Error: page.goto: net::ERR_CONNECTION_REFUSED at http://localhost:4000/login
    Call log:
    [2m  - navigating to "http://localhost:4000/login", waiting until "load"[22m


      12 |   test.beforeEach(async ({ page }) => {
      13 |     // Login first using test credentials
    > 14 |     await page.goto('http://localhost:4000/login')
         |                ^
      15 |     await page.getByLabel(/email/i).fill('demo@testmail.app')
      16 |     await page.getByLabel(/password/i).fill('Demo123456!')
      17 |
        at C:\Users\imoud\OneDrive\Documents\MyDistinctAi\tests\e2e\analytics.spec.ts:14:16

    attachment #1: screenshot (image/png) ──────────────────────────────────────────────────────────
    test-results\analytics-Analytics-Dashbo-d08b9-splay-analytics-stats-cards-chromium\test-failed-1.png
    ────────────────────────────────────────────────────────────────────────────────────────────────

    attachment #2: video (video/webm) ──────────────────────────────────────────────────────────────
    test-results\analytics-Analytics-Dashbo-d08b9-splay-analytics-stats-cards-chromium\video.webm
    ────────────────────────────────────────────────────────────────────────────────────────────────


[1A[2K  4) [chromium] › tests\e2e\analytics.spec.ts:71:7 › Analytics Dashboard Tests › should display analytics dashboard 

    Error: page.goto: net::ERR_CONNECTION_REFUSED at http://localhost:4000/login
    Call log:
    [2m  - navigating to "http://localhost:4000/login", waiting until "load"[22m


      12 |   test.beforeEach(async ({ page }) => {
      13 |     // Login first using test credentials
    > 14 |     await page.goto('http://localhost:4000/login')
         |                ^
      15 |     await page.getByLabel(/email/i).fill('demo@testmail.app')
      16 |     await page.getByLabel(/password/i).fill('Demo123456!')
      17 |
        at C:\Users\imoud\OneDrive\Documents\MyDistinctAi\tests\e2e\analytics.spec.ts:14:16

    attachment #1: screenshot (image/png) ──────────────────────────────────────────────────────────
    test-results\analytics-Analytics-Dashbo-6f5a5-display-analytics-dashboard-chromium\test-failed-1.png
    ────────────────────────────────────────────────────────────────────────────────────────────────

    attachment #2: video (video/webm) ──────────────────────────────────────────────────────────────
    test-results\analytics-Analytics-Dashbo-6f5a5-display-analytics-dashboard-chromium\video.webm
    ────────────────────────────────────────────────────────────────────────────────────────────────


[1A[2K  5) [chromium] › tests\e2e\analytics.spec.ts:225:7 › Analytics Dashboard Tests › should have date range selector 

    Error: page.goto: net::ERR_CONNECTION_REFUSED at http://localhost:4000/login
    Call log:
    [2m  - navigating to "http://localhost:4000/login", waiting until "load"[22m


      12 |   test.beforeEach(async ({ page }) => {
      13 |     // Login first using test credentials
    > 14 |     await page.goto('http://localhost:4000/login')
         |                ^
      15 |     await page.getByLabel(/email/i).fill('demo@testmail.app')
      16 |     await page.getByLabel(/password/i).fill('Demo123456!')
      17 |
        at C:\Users\imoud\OneDrive\Documents\MyDistinctAi\tests\e2e\analytics.spec.ts:14:16

    attachment #1: screenshot (image/png) ──────────────────────────────────────────────────────────
    test-results\analytics-Analytics-Dashbo-06a01-ld-have-date-range-selector-chromium\test-failed-1.png
    ────────────────────────────────────────────────────────────────────────────────────────────────

    attachment #2: video (video/webm) ──────────────────────────────────────────────────────────────
    test-results\analytics-Analytics-Dashbo-06a01-ld-have-date-range-selector-chromium\video.webm
    ────────────────────────────────────────────────────────────────────────────────────────────────


[1A[2K  6) [chromium] › tests\e2e\analytics.spec.ts:135:7 › Analytics Dashboard Tests › should display usage overview section 

    Error: page.goto: net::ERR_CONNECTION_REFUSED at http://localhost:4000/login
    Call log:
    [2m  - navigating to "http://localhost:4000/login", waiting until "load"[22m


      12 |   test.beforeEach(async ({ page }) => {
      13 |     // Login first using test credentials
    > 14 |     await page.goto('http://localhost:4000/login')
         |                ^
      15 |     await page.getByLabel(/email/i).fill('demo@testmail.app')
      16 |     await page.getByLabel(/password/i).fill('Demo123456!')
      17 |
        at C:\Users\imoud\OneDrive\Documents\MyDistinctAi\tests\e2e\analytics.spec.ts:14:16

    attachment #1: screenshot (image/png) ──────────────────────────────────────────────────────────
    test-results\analytics-Analytics-Dashbo-d7175-play-usage-overview-section-chromium\test-failed-1.png
    ────────────────────────────────────────────────────────────────────────────────────────────────

    attachment #2: video (video/webm) ──────────────────────────────────────────────────────────────
    test-results\analytics-Analytics-Dashbo-d7175-play-usage-overview-section-chromium\video.webm
    ────────────────────────────────────────────────────────────────────────────────────────────────


[1A[2K  7) [chromium] › tests\e2e\analytics.spec.ts:284:7 › Analytics Dashboard Tests › should have back button 

    Error: page.goto: net::ERR_CONNECTION_REFUSED at http://localhost:4000/login
    Call log:
    [2m  - navigating to "http://localhost:4000/login", waiting until "load"[22m


      12 |   test.beforeEach(async ({ page }) => {
      13 |     // Login first using test credentials
    > 14 |     await page.goto('http://localhost:4000/login')
         |                ^
      15 |     await page.getByLabel(/email/i).fill('demo@testmail.app')
      16 |     await page.getByLabel(/password/i).fill('Demo123456!')
      17 |
        at C:\Users\imoud\OneDrive\Documents\MyDistinctAi\tests\e2e\analytics.spec.ts:14:16

    attachment #1: screenshot (image/png) ──────────────────────────────────────────────────────────
    test-results\analytics-Analytics-Dashboard-Tests-should-have-back-button-chromium\test-failed-1.png
    ────────────────────────────────────────────────────────────────────────────────────────────────

    attachment #2: video (video/webm) ──────────────────────────────────────────────────────────────
    test-results\analytics-Analytics-Dashboard-Tests-should-have-back-button-chromium\video.webm
    ────────────────────────────────────────────────────────────────────────────────────────────────


[1A[2K  8) [chromium] › tests\e2e\analytics.spec.ts:257:7 › Analytics Dashboard Tests › should have export CSV button 

    Error: page.goto: net::ERR_CONNECTION_REFUSED at http://localhost:4000/login
    Call log:
    [2m  - navigating to "http://localhost:4000/login", waiting until "load"[22m


      12 |   test.beforeEach(async ({ page }) => {
      13 |     // Login first using test credentials
    > 14 |     await page.goto('http://localhost:4000/login')
         |                ^
      15 |     await page.getByLabel(/email/i).fill('demo@testmail.app')
      16 |     await page.getByLabel(/password/i).fill('Demo123456!')
      17 |
        at C:\Users\imoud\OneDrive\Documents\MyDistinctAi\tests\e2e\analytics.spec.ts:14:16

    attachment #1: screenshot (image/png) ──────────────────────────────────────────────────────────
    test-results\analytics-Analytics-Dashbo-51579-ould-have-export-CSV-button-chromium\test-failed-1.png
    ────────────────────────────────────────────────────────────────────────────────────────────────

    attachment #2: video (video/webm) ──────────────────────────────────────────────────────────────
    test-results\analytics-Analytics-Dashbo-51579-ould-have-export-CSV-button-chromium\video.webm
    ────────────────────────────────────────────────────────────────────────────────────────────────


[1A[2K[9/910] [chromium] › tests\e2e\analytics.spec.ts:309:7 › Analytics Dashboard Tests › should change date range and reload data
[1A[2K[10/910] [chromium] › tests\e2e\analytics.spec.ts:341:7 › Analytics Dashboard Tests › should display message activity chart when data exists
[1A[2K[11/910] [chromium] › tests\e2e\api-keys.spec.ts:22:7 › API Keys Tests › should display API keys page
[1A[2K[12/910] [chromium] › tests\e2e\api-keys.spec.ts:41:7 › API Keys Tests › should display create API key button
[1A[2K[13/910] [chromium] › tests\e2e\api-keys.spec.ts:71:7 › API Keys Tests › should open create modal when clicking create button
[1A[2K[14/910] [chromium] › tests\e2e\api-keys.spec.ts:88:7 › API Keys Tests › should close modal when clicking cancel
[1A[2K[15/910] [chromium] › tests\e2e\api-keys.spec.ts:53:7 › API Keys Tests › should display empty state when no keys exist
[1A[2K[16/910] [chromium] › tests\e2e\api-keys.spec.ts:108:7 › API Keys Tests › should validate key name input
[1A[2K  9) [chromium] › tests\e2e\analytics.spec.ts:341:7 › Analytics Dashboard Tests › should display message activity chart when data exists 

    Error: page.goto: net::ERR_CONNECTION_REFUSED at http://localhost:4000/login
    Call log:
    [2m  - navigating to "http://localhost:4000/login", waiting until "load"[22m


      12 |   test.beforeEach(async ({ page }) => {
      13 |     // Login first using test credentials
    > 14 |     await page.goto('http://localhost:4000/login')
         |                ^
      15 |     await page.getByLabel(/email/i).fill('demo@testmail.app')
      16 |     await page.getByLabel(/password/i).fill('Demo123456!')
      17 |
        at C:\Users\imoud\OneDrive\Documents\MyDistinctAi\tests\e2e\analytics.spec.ts:14:16

    attachment #1: screenshot (image/png) ──────────────────────────────────────────────────────────
    test-results\analytics-Analytics-Dashbo-71397-vity-chart-when-data-exists-chromium\test-failed-1.png
    ────────────────────────────────────────────────────────────────────────────────────────────────

    attachment #2: video (video/webm) ──────────────────────────────────────────────────────────────
    test-results\analytics-Analytics-Dashbo-71397-vity-chart-when-data-exists-chromium\video.webm
    ────────────────────────────────────────────────────────────────────────────────────────────────


[1A[2K  10) [chromium] › tests\e2e\analytics.spec.ts:309:7 › Analytics Dashboard Tests › should change date range and reload data 

    Error: page.goto: net::ERR_CONNECTION_REFUSED at http://localhost:4000/login
    Call log:
    [2m  - navigating to "http://localhost:4000/login", waiting until "load"[22m


      12 |   test.beforeEach(async ({ page }) => {
      13 |     // Login first using test credentials
    > 14 |     await page.goto('http://localhost:4000/login')
         |                ^
      15 |     await page.getByLabel(/email/i).fill('demo@testmail.app')
      16 |     await page.getByLabel(/password/i).fill('Demo123456!')
      17 |
        at C:\Users\imoud\OneDrive\Documents\MyDistinctAi\tests\e2e\analytics.spec.ts:14:16

    attachment #1: screenshot (image/png) ──────────────────────────────────────────────────────────
    test-results\analytics-Analytics-Dashbo-36228--date-range-and-reload-data-chromium\test-failed-1.png
    ────────────────────────────────────────────────────────────────────────────────────────────────

    attachment #2: video (video/webm) ──────────────────────────────────────────────────────────────
    test-results\analytics-Analytics-Dashbo-36228--date-range-and-reload-data-chromium\video.webm
    ────────────────────────────────────────────────────────────────────────────────────────────────


[1A[2K  11) [chromium] › tests\e2e\api-keys.spec.ts:22:7 › API Keys Tests › should display API keys page ─

    Error: page.goto: net::ERR_CONNECTION_REFUSED at http://localhost:4000/login
    Call log:
    [2m  - navigating to "http://localhost:4000/login", waiting until "load"[22m


      10 |   test.beforeEach(async ({ page }) => {
      11 |     // Login first using test credentials
    > 12 |     await page.goto('http://localhost:4000/login')
         |                ^
      13 |     await page.getByLabel(/email/i).fill('demo@testmail.app')
      14 |     await page.getByLabel(/password/i).fill('Demo123456!')
      15 |
        at C:\Users\imoud\OneDrive\Documents\MyDistinctAi\tests\e2e\api-keys.spec.ts:12:16

    attachment #1: screenshot (image/png) ──────────────────────────────────────────────────────────
    test-results\api-keys-API-Keys-Tests-should-display-API-keys-page-chromium\test-failed-1.png
    ────────────────────────────────────────────────────────────────────────────────────────────────

    attachment #2: video (video/webm) ──────────────────────────────────────────────────────────────
    test-results\api-keys-API-Keys-Tests-should-display-API-keys-page-chromium\video.webm
    ────────────────────────────────────────────────────────────────────────────────────────────────


[1A[2K  12) [chromium] › tests\e2e\api-keys.spec.ts:41:7 › API Keys Tests › should display create API key button 

    Error: page.goto: net::ERR_CONNECTION_REFUSED at http://localhost:4000/login
    Call log:
    [2m  - navigating to "http://localhost:4000/login", waiting until "load"[22m


      10 |   test.beforeEach(async ({ page }) => {
      11 |     // Login first using test credentials
    > 12 |     await page.goto('http://localhost:4000/login')
         |                ^
      13 |     await page.getByLabel(/email/i).fill('demo@testmail.app')
      14 |     await page.getByLabel(/password/i).fill('Demo123456!')
      15 |
        at C:\Users\imoud\OneDrive\Documents\MyDistinctAi\tests\e2e\api-keys.spec.ts:12:16

    attachment #1: screenshot (image/png) ──────────────────────────────────────────────────────────
    test-results\api-keys-API-Keys-Tests-should-display-create-API-key-button-chromium\test-failed-1.png
    ────────────────────────────────────────────────────────────────────────────────────────────────

    attachment #2: video (video/webm) ──────────────────────────────────────────────────────────────
    test-results\api-keys-API-Keys-Tests-should-display-create-API-key-button-chromium\video.webm
    ────────────────────────────────────────────────────────────────────────────────────────────────


[1A[2K  13) [chromium] › tests\e2e\api-keys.spec.ts:88:7 › API Keys Tests › should close modal when clicking cancel 

    Error: page.goto: net::ERR_CONNECTION_REFUSED at http://localhost:4000/login
    Call log:
    [2m  - navigating to "http://localhost:4000/login", waiting until "load"[22m


      10 |   test.beforeEach(async ({ page }) => {
      11 |     // Login first using test credentials
    > 12 |     await page.goto('http://localhost:4000/login')
         |                ^
      13 |     await page.getByLabel(/email/i).fill('demo@testmail.app')
      14 |     await page.getByLabel(/password/i).fill('Demo123456!')
      15 |
        at C:\Users\imoud\OneDrive\Documents\MyDistinctAi\tests\e2e\api-keys.spec.ts:12:16

    attachment #1: screenshot (image/png) ──────────────────────────────────────────────────────────
    test-results\api-keys-API-Keys-Tests-sh-fbded--modal-when-clicking-cancel-chromium\test-failed-1.png
    ────────────────────────────────────────────────────────────────────────────────────────────────

    attachment #2: video (video/webm) ──────────────────────────────────────────────────────────────
    test-results\api-keys-API-Keys-Tests-sh-fbded--modal-when-clicking-cancel-chromium\video.webm
    ────────────────────────────────────────────────────────────────────────────────────────────────


[1A[2K  14) [chromium] › tests\e2e\api-keys.spec.ts:71:7 › API Keys Tests › should open create modal when clicking create button 

    Error: page.goto: net::ERR_CONNECTION_REFUSED at http://localhost:4000/login
    Call log:
    [2m  - navigating to "http://localhost:4000/login", waiting until "load"[22m


      10 |   test.beforeEach(async ({ page }) => {
      11 |     // Login first using test credentials
    > 12 |     await page.goto('http://localhost:4000/login')
         |                ^
      13 |     await page.getByLabel(/email/i).fill('demo@testmail.app')
      14 |     await page.getByLabel(/password/i).fill('Demo123456!')
      15 |
        at C:\Users\imoud\OneDrive\Documents\MyDistinctAi\tests\e2e\api-keys.spec.ts:12:16

    attachment #1: screenshot (image/png) ──────────────────────────────────────────────────────────
    test-results\api-keys-API-Keys-Tests-sh-3c7ff-when-clicking-create-button-chromium\test-failed-1.png
    ────────────────────────────────────────────────────────────────────────────────────────────────

    attachment #2: video (video/webm) ──────────────────────────────────────────────────────────────
    test-results\api-keys-API-Keys-Tests-sh-3c7ff-when-clicking-create-button-chromium\video.webm
    ────────────────────────────────────────────────────────────────────────────────────────────────


[1A[2K  15) [chromium] › tests\e2e\api-keys.spec.ts:108:7 › API Keys Tests › should validate key name input 

    Error: page.goto: net::ERR_CONNECTION_REFUSED at http://localhost:4000/login
    Call log:
    [2m  - navigating to "http://localhost:4000/login", waiting until "load"[22m


      10 |   test.beforeEach(async ({ page }) => {
      11 |     // Login first using test credentials
    > 12 |     await page.goto('http://localhost:4000/login')
         |                ^
      13 |     await page.getByLabel(/email/i).fill('demo@testmail.app')
      14 |     await page.getByLabel(/password/i).fill('Demo123456!')
      15 |
        at C:\Users\imoud\OneDrive\Documents\MyDistinctAi\tests\e2e\api-keys.spec.ts:12:16

    attachment #1: screenshot (image/png) ──────────────────────────────────────────────────────────
    test-results\api-keys-API-Keys-Tests-should-validate-key-name-input-chromium\test-failed-1.png
    ────────────────────────────────────────────────────────────────────────────────────────────────

    attachment #2: video (video/webm) ──────────────────────────────────────────────────────────────
    test-results\api-keys-API-Keys-Tests-should-validate-key-name-input-chromium\video.webm
    ────────────────────────────────────────────────────────────────────────────────────────────────


[1A[2K  16) [chromium] › tests\e2e\api-keys.spec.ts:53:7 › API Keys Tests › should display empty state when no keys exist 

    Error: page.goto: net::ERR_CONNECTION_REFUSED at http://localhost:4000/login
    Call log:
    [2m  - navigating to "http://localhost:4000/login", waiting until "load"[22m


      10 |   test.beforeEach(async ({ page }) => {
      11 |     // Login first using test credentials
    > 12 |     await page.goto('http://localhost:4000/login')
         |                ^
      13 |     await page.getByLabel(/email/i).fill('demo@testmail.app')
      14 |     await page.getByLabel(/password/i).fill('Demo123456!')
      15 |
        at C:\Users\imoud\OneDrive\Documents\MyDistinctAi\tests\e2e\api-keys.spec.ts:12:16

    attachment #1: screenshot (image/png) ──────────────────────────────────────────────────────────
    test-results\api-keys-API-Keys-Tests-sh-d0692-ty-state-when-no-keys-exist-chromium\test-failed-1.png
    ────────────────────────────────────────────────────────────────────────────────────────────────

    attachment #2: video (video/webm) ──────────────────────────────────────────────────────────────
    test-results\api-keys-API-Keys-Tests-sh-d0692-ty-state-when-no-keys-exist-chromium\video.webm
    ────────────────────────────────────────────────────────────────────────────────────────────────


[1A[2K[17/910] [chromium] › tests\e2e\api-keys.spec.ts:201:7 › API Keys Tests › should display API documentation section
[1A[2K[18/910] [chromium] › tests\e2e\api-keys.spec.ts:125:7 › API Keys Tests › should create new API key
[1A[2K[19/910] [chromium] › tests\e2e\api-keys.spec.ts:149:7 › API Keys Tests › should display newly created key only once
[1A[2K[20/910] [chromium] › tests\e2e\api-keys.spec.ts:178:7 › API Keys Tests › should list existing API keys
[1A[2K[21/910] [chromium] › tests\e2e\api-keys.spec.ts:214:7 › API Keys Tests › should have back button
[1A[2K[22/910] [chromium] › tests\e2e\auth-login.spec.ts:45:7 › User Login › should display login form with all fields
[1A[2K[23/910] [chromium] › tests\e2e\auth-login.spec.ts:106:7 › User Login › should show error for incorrect password
[1A[2K[24/910] [chromium] › tests\e2e\auth-login.spec.ts:75:7 › User Login › should show error for invalid email format
[1A[2K  17) [chromium] › tests\e2e\api-keys.spec.ts:201:7 › API Keys Tests › should display API documentation section 

    Error: page.goto: net::ERR_CONNECTION_REFUSED at http://localhost:4000/login
    Call log:
    [2m  - navigating to "http://localhost:4000/login", waiting until "load"[22m


      10 |   test.beforeEach(async ({ page }) => {
      11 |     // Login first using test credentials
    > 12 |     await page.goto('http://localhost:4000/login')
         |                ^
      13 |     await page.getByLabel(/email/i).fill('demo@testmail.app')
      14 |     await page.getByLabel(/password/i).fill('Demo123456!')
      15 |
        at C:\Users\imoud\OneDrive\Documents\MyDistinctAi\tests\e2e\api-keys.spec.ts:12:16

    attachment #1: screenshot (image/png) ──────────────────────────────────────────────────────────
    test-results\api-keys-API-Keys-Tests-sh-19142-y-API-documentation-section-chromium\test-failed-1.png
    ────────────────────────────────────────────────────────────────────────────────────────────────

    attachment #2: video (video/webm) ──────────────────────────────────────────────────────────────
    test-results\api-keys-API-Keys-Tests-sh-19142-y-API-documentation-section-chromium\video.webm
    ────────────────────────────────────────────────────────────────────────────────────────────────


[1A[2K  18) [chromium] › tests\e2e\api-keys.spec.ts:125:7 › API Keys Tests › should create new API key ───

    Error: page.goto: net::ERR_CONNECTION_REFUSED at http://localhost:4000/login
    Call log:
    [2m  - navigating to "http://localhost:4000/login", waiting until "load"[22m


      10 |   test.beforeEach(async ({ page }) => {
      11 |     // Login first using test credentials
    > 12 |     await page.goto('http://localhost:4000/login')
         |                ^
      13 |     await page.getByLabel(/email/i).fill('demo@testmail.app')
      14 |     await page.getByLabel(/password/i).fill('Demo123456!')
      15 |
        at C:\Users\imoud\OneDrive\Documents\MyDistinctAi\tests\e2e\api-keys.spec.ts:12:16

    attachment #1: screenshot (image/png) ──────────────────────────────────────────────────────────
    test-results\api-keys-API-Keys-Tests-should-create-new-API-key-chromium\test-failed-1.png
    ────────────────────────────────────────────────────────────────────────────────────────────────

    attachment #2: video (video/webm) ──────────────────────────────────────────────────────────────
    test-results\api-keys-API-Keys-Tests-should-create-new-API-key-chromium\video.webm
    ────────────────────────────────────────────────────────────────────────────────────────────────


[1A[2K  19) [chromium] › tests\e2e\api-keys.spec.ts:149:7 › API Keys Tests › should display newly created key only once 

    Error: page.goto: net::ERR_CONNECTION_REFUSED at http://localhost:4000/login
    Call log:
    [2m  - navigating to "http://localhost:4000/login", waiting until "load"[22m


      10 |   test.beforeEach(async ({ page }) => {
      11 |     // Login first using test credentials
    > 12 |     await page.goto('http://localhost:4000/login')
         |                ^
      13 |     await page.getByLabel(/email/i).fill('demo@testmail.app')
      14 |     await page.getByLabel(/password/i).fill('Demo123456!')
      15 |
        at C:\Users\imoud\OneDrive\Documents\MyDistinctAi\tests\e2e\api-keys.spec.ts:12:16

    attachment #1: screenshot (image/png) ──────────────────────────────────────────────────────────
    test-results\api-keys-API-Keys-Tests-sh-d93ce-newly-created-key-only-once-chromium\test-failed-1.png
    ────────────────────────────────────────────────────────────────────────────────────────────────

    attachment #2: video (video/webm) ──────────────────────────────────────────────────────────────
    test-results\api-keys-API-Keys-Tests-sh-d93ce-newly-created-key-only-once-chromium\video.webm
    ────────────────────────────────────────────────────────────────────────────────────────────────


[1A[2KInternal error: step id not found: fixture@32

[1A[2KInternal error: step id not found: fixture@32

[1A[2KInternal error: step id not found: fixture@32

[1A[2K  20) [chromium] › tests\e2e\api-keys.spec.ts:178:7 › API Keys Tests › should list existing API keys 

    Error: page.goto: net::ERR_CONNECTION_REFUSED at http://localhost:4000/login
    Call log:
    [2m  - navigating to "http://localhost:4000/login", waiting until "load"[22m


      10 |   test.beforeEach(async ({ page }) => {
      11 |     // Login first using test credentials
    > 12 |     await page.goto('http://localhost:4000/login')
         |                ^
      13 |     await page.getByLabel(/email/i).fill('demo@testmail.app')
      14 |     await page.getByLabel(/password/i).fill('Demo123456!')
      15 |
        at C:\Users\imoud\OneDrive\Documents\MyDistinctAi\tests\e2e\api-keys.spec.ts:12:16

    attachment #1: screenshot (image/png) ──────────────────────────────────────────────────────────
    test-results\api-keys-API-Keys-Tests-should-list-existing-API-keys-chromium\test-failed-1.png
    ────────────────────────────────────────────────────────────────────────────────────────────────

    attachment #2: video (video/webm) ──────────────────────────────────────────────────────────────
    test-results\api-keys-API-Keys-Tests-should-list-existing-API-keys-chromium\video.webm
    ────────────────────────────────────────────────────────────────────────────────────────────────


[1A[2K  21) [chromium] › tests\e2e\auth-login.spec.ts:45:7 › User Login › should display login form with all fields 

    Error: page.goto: net::ERR_CONNECTION_REFUSED at http://localhost:4000/register
    Call log:
    [2m  - navigating to "http://localhost:4000/register", waiting until "load"[22m


      21 |     // Register a test user before running login tests
      22 |     const page = await browser.newPage()
    > 23 |     await page.goto('/register')
         |                ^
      24 |
      25 |     await page.getByLabel(/name/i).fill(testUser.name)
      26 |     await page.getByLabel(/email/i).fill(testUser.email)
        at C:\Users\imoud\OneDrive\Documents\MyDistinctAi\tests\e2e\auth-login.spec.ts:23:16

    attachment #1: screenshot (image/png) ──────────────────────────────────────────────────────────
    test-results\auth-login-User-Login-shou-7d52a--login-form-with-all-fields-chromium\test-failed-1.png
    ────────────────────────────────────────────────────────────────────────────────────────────────


[1A[2K[25/910] [chromium] › tests\e2e\auth-login.spec.ts:66:7 › User Login › should show validation errors for empty form
[1A[2K  22) [chromium] › tests\e2e\auth-login.spec.ts:106:7 › User Login › should show error for incorrect password 

    Error: page.goto: net::ERR_CONNECTION_REFUSED at http://localhost:4000/register
    Call log:
    [2m  - navigating to "http://localhost:4000/register", waiting until "load"[22m


      21 |     // Register a test user before running login tests
      22 |     const page = await browser.newPage()
    > 23 |     await page.goto('/register')
         |                ^
      24 |
      25 |     await page.getByLabel(/name/i).fill(testUser.name)
      26 |     await page.getByLabel(/email/i).fill(testUser.email)
        at C:\Users\imoud\OneDrive\Documents\MyDistinctAi\tests\e2e\auth-login.spec.ts:23:16

    attachment #1: screenshot (image/png) ──────────────────────────────────────────────────────────
    test-results\auth-login-User-Login-shou-27faf-rror-for-incorrect-password-chromium\test-failed-1.png
    ────────────────────────────────────────────────────────────────────────────────────────────────


[1A[2K[26/910] [chromium] › tests\e2e\auth-login.spec.ts:125:7 › User Login › should successfully login with valid credentials
[1A[2K  23) [chromium] › tests\e2e\auth-login.spec.ts:75:7 › User Login › should show error for invalid email format 

    Error: page.goto: net::ERR_CONNECTION_REFUSED at http://localhost:4000/register
    Call log:
    [2m  - navigating to "http://localhost:4000/register", waiting until "load"[22m


      21 |     // Register a test user before running login tests
      22 |     const page = await browser.newPage()
    > 23 |     await page.goto('/register')
         |                ^
      24 |
      25 |     await page.getByLabel(/name/i).fill(testUser.name)
      26 |     await page.getByLabel(/email/i).fill(testUser.email)
        at C:\Users\imoud\OneDrive\Documents\MyDistinctAi\tests\e2e\auth-login.spec.ts:23:16

    attachment #1: screenshot (image/png) ──────────────────────────────────────────────────────────
    test-results\auth-login-User-Login-shou-04999-or-for-invalid-email-format-chromium\test-failed-1.png
    ────────────────────────────────────────────────────────────────────────────────────────────────


[1A[2K[27/910] [chromium] › tests\e2e\auth-login.spec.ts:91:7 › User Login › should show error for non-existent user
[1A[2K  24) [chromium] › tests\e2e\api-keys.spec.ts:214:7 › API Keys Tests › should have back button ─────

    Error: page.goto: net::ERR_CONNECTION_REFUSED at http://localhost:4000/login
    Call log:
    [2m  - navigating to "http://localhost:4000/login", waiting until "load"[22m


      10 |   test.beforeEach(async ({ page }) => {
      11 |     // Login first using test credentials
    > 12 |     await page.goto('http://localhost:4000/login')
         |                ^
      13 |     await page.getByLabel(/email/i).fill('demo@testmail.app')
      14 |     await page.getByLabel(/password/i).fill('Demo123456!')
      15 |
        at C:\Users\imoud\OneDrive\Documents\MyDistinctAi\tests\e2e\api-keys.spec.ts:12:16

    attachment #1: screenshot (image/png) ──────────────────────────────────────────────────────────
    test-results\api-keys-API-Keys-Tests-should-have-back-button-chromium\test-failed-1.png
    ────────────────────────────────────────────────────────────────────────────────────────────────

    attachment #2: video (video/webm) ──────────────────────────────────────────────────────────────
    test-results\api-keys-API-Keys-Tests-should-have-back-button-chromium\video.webm
    ────────────────────────────────────────────────────────────────────────────────────────────────


[1A[2K[28/910] [chromium] › tests\e2e\auth-login.spec.ts:145:7 › User Login › should persist session after page reload
[1A[2K[29/910] [chromium] › tests\e2e\auth-login.spec.ts:207:7 › User Login › should allow navigation to registration page
[1A[2K[30/910] [chromium] › tests\e2e\auth-login.spec.ts:227:7 › User Login › should toggle password visibility
[1A[2K[31/910] [chromium] › tests\e2e\auth-login.spec.ts:275:7 › User Login › should be responsive on mobile viewport
[1A[2K[32/910] [chromium] › tests\e2e\auth-password-reset.spec.ts:41:7 › Password Reset › should display password reset form
[1A[2K[33/910] [chromium] › tests\e2e\auth-password-reset.spec.ts:70:7 › Password Reset › should show error for invalid email format
[1A[2K[34/910] [chromium] › tests\e2e\auth-password-reset.spec.ts:104:7 › Password Reset › should handle non-existent email gracefully
[1A[2K[35/910] [chromium] › tests\e2e\auth-password-reset.spec.ts:129:7 › Password Reset › should show loading state during submission
[1A[2KInternal error: step id not found: fixture@32

[1A[2KInternal error: step id not found: fixture@32

[1A[2KInternal error: step id not found: fixture@32

[1A[2K  25) [chromium] › tests\e2e\auth-login.spec.ts:145:7 › User Login › should persist session after page reload 

    Error: page.goto: net::ERR_CONNECTION_REFUSED at http://localhost:4000/register
    Call log:
    [2m  - navigating to "http://localhost:4000/register", waiting until "load"[22m


      21 |     // Register a test user before running login tests
      22 |     const page = await browser.newPage()
    > 23 |     await page.goto('/register')
         |                ^
      24 |
      25 |     await page.getByLabel(/name/i).fill(testUser.name)
      26 |     await page.getByLabel(/email/i).fill(testUser.email)
        at C:\Users\imoud\OneDrive\Documents\MyDistinctAi\tests\e2e\auth-login.spec.ts:23:16

    attachment #1: screenshot (image/png) ──────────────────────────────────────────────────────────
    test-results\auth-login-User-Login-shou-17929-t-session-after-page-reload-chromium\test-failed-1.png
    ────────────────────────────────────────────────────────────────────────────────────────────────


[1A[2K[36/910] [chromium] › tests\e2e\auth-login.spec.ts:168:7 › User Login › should successfully logout
[1A[2K  26) [chromium] › tests\e2e\auth-login.spec.ts:227:7 › User Login › should toggle password visibility 

    Error: page.goto: net::ERR_CONNECTION_REFUSED at http://localhost:4000/register
    Call log:
    [2m  - navigating to "http://localhost:4000/register", waiting until "load"[22m


      21 |     // Register a test user before running login tests
      22 |     const page = await browser.newPage()
    > 23 |     await page.goto('/register')
         |                ^
      24 |
      25 |     await page.getByLabel(/name/i).fill(testUser.name)
      26 |     await page.getByLabel(/email/i).fill(testUser.email)
        at C:\Users\imoud\OneDrive\Documents\MyDistinctAi\tests\e2e\auth-login.spec.ts:23:16

    attachment #1: screenshot (image/png) ──────────────────────────────────────────────────────────
    test-results\auth-login-User-Login-should-toggle-password-visibility-chromium\test-failed-1.png
    ────────────────────────────────────────────────────────────────────────────────────────────────


[1A[2K[37/910] [chromium] › tests\e2e\auth-login.spec.ts:251:7 › User Login › should show loading state during login
[1A[2K  27) [chromium] › tests\e2e\auth-login.spec.ts:207:7 › User Login › should allow navigation to registration page 

    Error: page.goto: net::ERR_CONNECTION_REFUSED at http://localhost:4000/register
    Call log:
    [2m  - navigating to "http://localhost:4000/register", waiting until "load"[22m


      21 |     // Register a test user before running login tests
      22 |     const page = await browser.newPage()
    > 23 |     await page.goto('/register')
         |                ^
      24 |
      25 |     await page.getByLabel(/name/i).fill(testUser.name)
      26 |     await page.getByLabel(/email/i).fill(testUser.email)
        at C:\Users\imoud\OneDrive\Documents\MyDistinctAi\tests\e2e\auth-login.spec.ts:23:16

    attachment #1: screenshot (image/png) ──────────────────────────────────────────────────────────
    test-results\auth-login-User-Login-shou-c16f2-gation-to-registration-page-chromium\test-failed-1.png
    ────────────────────────────────────────────────────────────────────────────────────────────────


[1A[2K[38/910] [chromium] › tests\e2e\auth-login.spec.ts:219:7 › User Login › should allow navigation to password reset page
[1A[2KInternal error: step id not found: fixture@32

[1A[2KInternal error: step id not found: fixture@32

[1A[2KInternal error: step id not found: fixture@32

[1A[2KInternal error: step id not found: fixture@32

[1A[2K  28) [chromium] › tests\e2e\auth-password-reset.spec.ts:41:7 › Password Reset › should display password reset form 

    Error: page.goto: net::ERR_CONNECTION_REFUSED at http://localhost:4000/register
    Call log:
    [2m  - navigating to "http://localhost:4000/register", waiting until "load"[22m


      19 |     // Register a test user for password reset tests
      20 |     const page = await browser.newPage()
    > 21 |     await page.goto('/register')
         |                ^
      22 |
      23 |     await page.getByLabel(/name/i).fill(testUser.name)
      24 |     await page.getByLabel(/email/i).fill(testUser.email)
        at C:\Users\imoud\OneDrive\Documents\MyDistinctAi\tests\e2e\auth-password-reset.spec.ts:21:16

    attachment #1: screenshot (image/png) ──────────────────────────────────────────────────────────
    test-results\auth-password-reset-Passwo-b22cd-display-password-reset-form-chromium\test-failed-1.png
    ────────────────────────────────────────────────────────────────────────────────────────────────


[1A[2K[39/910] [chromium] › tests\e2e\auth-password-reset.spec.ts:61:7 › Password Reset › should show validation error for empty email
[1A[2K  29) [chromium] › tests\e2e\auth-login.spec.ts:275:7 › User Login › should be responsive on mobile viewport 

    Error: page.goto: net::ERR_CONNECTION_REFUSED at http://localhost:4000/register
    Call log:
    [2m  - navigating to "http://localhost:4000/register", waiting until "load"[22m


      21 |     // Register a test user before running login tests
      22 |     const page = await browser.newPage()
    > 23 |     await page.goto('/register')
         |                ^
      24 |
      25 |     await page.getByLabel(/name/i).fill(testUser.name)
      26 |     await page.getByLabel(/email/i).fill(testUser.email)
        at C:\Users\imoud\OneDrive\Documents\MyDistinctAi\tests\e2e\auth-login.spec.ts:23:16

    attachment #1: screenshot (image/png) ──────────────────────────────────────────────────────────
    test-results\auth-login-User-Login-shou-1d69e-sponsive-on-mobile-viewport-chromium\test-failed-1.png
    ────────────────────────────────────────────────────────────────────────────────────────────────


[1A[2K[40/910] [chromium] › tests\e2e\auth-login.spec.ts:287:7 › User Login › should handle magic link login option if available
[1A[2K  30) [chromium] › tests\e2e\auth-password-reset.spec.ts:104:7 › Password Reset › should handle non-existent email gracefully 

    Error: page.goto: net::ERR_CONNECTION_REFUSED at http://localhost:4000/register
    Call log:
    [2m  - navigating to "http://localhost:4000/register", waiting until "load"[22m


      19 |     // Register a test user for password reset tests
      20 |     const page = await browser.newPage()
    > 21 |     await page.goto('/register')
         |                ^
      22 |
      23 |     await page.getByLabel(/name/i).fill(testUser.name)
      24 |     await page.getByLabel(/email/i).fill(testUser.email)
        at C:\Users\imoud\OneDrive\Documents\MyDistinctAi\tests\e2e\auth-password-reset.spec.ts:21:16

    attachment #1: screenshot (image/png) ──────────────────────────────────────────────────────────
    test-results\auth-password-reset-Passwo-e9e0e-n-existent-email-gracefully-chromium\test-failed-1.png
    ────────────────────────────────────────────────────────────────────────────────────────────────


[1A[2K[41/910] [chromium] › tests\e2e\auth-password-reset.spec.ts:120:7 › Password Reset › should allow navigation back to login
[1A[2K  31) [chromium] › tests\e2e\auth-password-reset.spec.ts:70:7 › Password Reset › should show error for invalid email format 

    Error: page.goto: net::ERR_CONNECTION_REFUSED at http://localhost:4000/register
    Call log:
    [2m  - navigating to "http://localhost:4000/register", waiting until "load"[22m


      19 |     // Register a test user for password reset tests
      20 |     const page = await browser.newPage()
    > 21 |     await page.goto('/register')
         |                ^
      22 |
      23 |     await page.getByLabel(/name/i).fill(testUser.name)
      24 |     await page.getByLabel(/email/i).fill(testUser.email)
        at C:\Users\imoud\OneDrive\Documents\MyDistinctAi\tests\e2e\auth-password-reset.spec.ts:21:16

    attachment #1: screenshot (image/png) ──────────────────────────────────────────────────────────
    test-results\auth-password-reset-Passwo-9eb4c-or-for-invalid-email-format-chromium\test-failed-1.png
    ────────────────────────────────────────────────────────────────────────────────────────────────


[1A[2K[42/910] [chromium] › tests\e2e\auth-password-reset.spec.ts:85:7 › Password Reset › should accept password reset request for registered user
[1A[2KInternal error: step id not found: fixture@32

[1A[2K  32) [chromium] › tests\e2e\auth-password-reset.spec.ts:129:7 › Password Reset › should show loading state during submission 

    Error: page.goto: net::ERR_CONNECTION_REFUSED at http://localhost:4000/register
    Call log:
    [2m  - navigating to "http://localhost:4000/register", waiting until "load"[22m


      19 |     // Register a test user for password reset tests
      20 |     const page = await browser.newPage()
    > 21 |     await page.goto('/register')
         |                ^
      22 |
      23 |     await page.getByLabel(/name/i).fill(testUser.name)
      24 |     await page.getByLabel(/email/i).fill(testUser.email)
        at C:\Users\imoud\OneDrive\Documents\MyDistinctAi\tests\e2e\auth-password-reset.spec.ts:21:16

    attachment #1: screenshot (image/png) ──────────────────────────────────────────────────────────
    test-results\auth-password-reset-Passwo-587bf-ing-state-during-submission-chromium\test-failed-1.png
    ────────────────────────────────────────────────────────────────────────────────────────────────


[1A[2K[43/910] [chromium] › tests\e2e\auth-password-reset.spec.ts:154:7 › Password Reset › should display helpful instructions
[1A[2K[44/910] [chromium] › tests\e2e\auth-password-reset.spec.ts:238:7 › Password Reset › should have proper page metadata
[1A[2K[45/910] [chromium] › tests\e2e\auth-password-reset.spec.ts:162:7 › Password Reset › should be accessible via forgot password link from login
[1A[2K[46/910] [chromium] › tests\e2e\auth-password-reset.spec.ts:201:7 › Password Reset › should clear form after successful submission
[1A[2K[47/910] [chromium] › tests\e2e\auth-registration.spec.ts:49:7 › User Registration › should show error for invalid email format
[1A[2K[48/910] [chromium] › tests\e2e\auth-registration.spec.ts:38:7 › User Registration › should show validation errors for empty form
[1A[2K[49/910] [chromium] › tests\e2e\auth-registration.spec.ts:20:7 › User Registration › should display registration form with all fields
[1A[2K[50/910] [chromium] › tests\e2e\auth-registration.spec.ts:69:7 › User Registration › should show error for weak password
[1A[2K[51/910] [chromium] › tests\e2e\auth-registration.spec.ts:89:7 › User Registration › should successfully register a new user
[1A[2KInternal error: step id not found: fixture@32

[1A[2KInternal error: step id not found: fixture@32

[1A[2K  33) [chromium] › tests\e2e\auth-password-reset.spec.ts:238:7 › Password Reset › should have proper page metadata 

    Error: page.goto: net::ERR_CONNECTION_REFUSED at http://localhost:4000/register
    Call log:
    [2m  - navigating to "http://localhost:4000/register", waiting until "load"[22m


      19 |     // Register a test user for password reset tests
      20 |     const page = await browser.newPage()
    > 21 |     await page.goto('/register')
         |                ^
      22 |
      23 |     await page.getByLabel(/name/i).fill(testUser.name)
      24 |     await page.getByLabel(/email/i).fill(testUser.email)
        at C:\Users\imoud\OneDrive\Documents\MyDistinctAi\tests\e2e\auth-password-reset.spec.ts:21:16

    attachment #1: screenshot (image/png) ──────────────────────────────────────────────────────────
    test-results\auth-password-reset-Passwo-2f9e2-d-have-proper-page-metadata-chromium\test-failed-1.png
    ────────────────────────────────────────────────────────────────────────────────────────────────


[1A[2K[52/910] [chromium] › tests\e2e\auth-password-reset.spec.ts:243:7 › Password Reset › should handle network errors gracefully
[1A[2KInternal error: step id not found: fixture@32

[1A[2K  34) [chromium] › tests\e2e\auth-password-reset.spec.ts:162:7 › Password Reset › should be accessible via forgot password link from login 

    Error: page.goto: net::ERR_CONNECTION_REFUSED at http://localhost:4000/register
    Call log:
    [2m  - navigating to "http://localhost:4000/register", waiting until "load"[22m


      19 |     // Register a test user for password reset tests
      20 |     const page = await browser.newPage()
    > 21 |     await page.goto('/register')
         |                ^
      22 |
      23 |     await page.getByLabel(/name/i).fill(testUser.name)
      24 |     await page.getByLabel(/email/i).fill(testUser.email)
        at C:\Users\imoud\OneDrive\Documents\MyDistinctAi\tests\e2e\auth-password-reset.spec.ts:21:16

    attachment #1: screenshot (image/png) ──────────────────────────────────────────────────────────
    test-results\auth-password-reset-Passwo-03947-ot-password-link-from-login-chromium\test-failed-1.png
    ────────────────────────────────────────────────────────────────────────────────────────────────


[1A[2K[53/910] [chromium] › tests\e2e\auth-password-reset.spec.ts:178:7 › Password Reset › should prevent multiple rapid submissions
[1A[2K  35) [chromium] › tests\e2e\auth-password-reset.spec.ts:201:7 › Password Reset › should clear form after successful submission 

    Error: page.goto: net::ERR_CONNECTION_REFUSED at http://localhost:4000/register
    Call log:
    [2m  - navigating to "http://localhost:4000/register", waiting until "load"[22m


      19 |     // Register a test user for password reset tests
      20 |     const page = await browser.newPage()
    > 21 |     await page.goto('/register')
         |                ^
      22 |
      23 |     await page.getByLabel(/name/i).fill(testUser.name)
      24 |     await page.getByLabel(/email/i).fill(testUser.email)
        at C:\Users\imoud\OneDrive\Documents\MyDistinctAi\tests\e2e\auth-password-reset.spec.ts:21:16

    attachment #1: screenshot (image/png) ──────────────────────────────────────────────────────────
    test-results\auth-password-reset-Passwo-3d6de-after-successful-submission-chromium\test-failed-1.png
    ────────────────────────────────────────────────────────────────────────────────────────────────


[1A[2K[54/910] [chromium] › tests\e2e\auth-password-reset.spec.ts:224:7 › Password Reset › should be responsive on mobile viewport
[1A[2K  36) [chromium] › tests\e2e\auth-registration.spec.ts:20:7 › User Registration › should display registration form with all fields 

    Error: page.goto: net::ERR_CONNECTION_REFUSED at http://localhost:4000/register
    Call log:
    [2m  - navigating to "http://localhost:4000/register", waiting until "load"[22m


      15 |   test.beforeEach(async ({ page }) => {
      16 |     // Navigate to registration page before each test
    > 17 |     await page.goto('/register')
         |                ^
      18 |   })
      19 |
      20 |   test('should display registration form with all fields', async ({ page }) => {
        at C:\Users\imoud\OneDrive\Documents\MyDistinctAi\tests\e2e\auth-registration.spec.ts:17:16

    attachment #1: screenshot (image/png) ──────────────────────────────────────────────────────────
    test-results\auth-registration-User-Reg-54455-ration-form-with-all-fields-chromium\test-failed-1.png
    ────────────────────────────────────────────────────────────────────────────────────────────────

    attachment #2: video (video/webm) ──────────────────────────────────────────────────────────────
    test-results\auth-registration-User-Reg-54455-ration-form-with-all-fields-chromium\video.webm
    ────────────────────────────────────────────────────────────────────────────────────────────────


[1A[2K  37) [chromium] › tests\e2e\auth-registration.spec.ts:49:7 › User Registration › should show error for invalid email format 

    Error: page.goto: net::ERR_CONNECTION_REFUSED at http://localhost:4000/register
    Call log:
    [2m  - navigating to "http://localhost:4000/register", waiting until "load"[22m


      15 |   test.beforeEach(async ({ page }) => {
      16 |     // Navigate to registration page before each test
    > 17 |     await page.goto('/register')
         |                ^
      18 |   })
      19 |
      20 |   test('should display registration form with all fields', async ({ page }) => {
        at C:\Users\imoud\OneDrive\Documents\MyDistinctAi\tests\e2e\auth-registration.spec.ts:17:16

    attachment #1: screenshot (image/png) ──────────────────────────────────────────────────────────
    test-results\auth-registration-User-Reg-c0812-or-for-invalid-email-format-chromium\test-failed-1.png
    ────────────────────────────────────────────────────────────────────────────────────────────────

    attachment #2: video (video/webm) ──────────────────────────────────────────────────────────────
    test-results\auth-registration-User-Reg-c0812-or-for-invalid-email-format-chromium\video.webm
    ────────────────────────────────────────────────────────────────────────────────────────────────


[1A[2K  38) [chromium] › tests\e2e\auth-registration.spec.ts:69:7 › User Registration › should show error for weak password 

    Error: page.goto: net::ERR_CONNECTION_REFUSED at http://localhost:4000/register
    Call log:
    [2m  - navigating to "http://localhost:4000/register", waiting until "load"[22m


      15 |   test.beforeEach(async ({ page }) => {
      16 |     // Navigate to registration page before each test
    > 17 |     await page.goto('/register')
         |                ^
      18 |   })
      19 |
      20 |   test('should display registration form with all fields', async ({ page }) => {
        at C:\Users\imoud\OneDrive\Documents\MyDistinctAi\tests\e2e\auth-registration.spec.ts:17:16

    attachment #1: screenshot (image/png) ──────────────────────────────────────────────────────────
    test-results\auth-registration-User-Reg-41bff-how-error-for-weak-password-chromium\test-failed-1.png
    ────────────────────────────────────────────────────────────────────────────────────────────────

    attachment #2: video (video/webm) ──────────────────────────────────────────────────────────────
    test-results\auth-registration-User-Reg-41bff-how-error-for-weak-password-chromium\video.webm
    ────────────────────────────────────────────────────────────────────────────────────────────────


[1A[2K  39) [chromium] › tests\e2e\auth-registration.spec.ts:38:7 › User Registration › should show validation errors for empty form 

    Error: page.goto: net::ERR_CONNECTION_REFUSED at http://localhost:4000/register
    Call log:
    [2m  - navigating to "http://localhost:4000/register", waiting until "load"[22m


      15 |   test.beforeEach(async ({ page }) => {
      16 |     // Navigate to registration page before each test
    > 17 |     await page.goto('/register')
         |                ^
      18 |   })
      19 |
      20 |   test('should display registration form with all fields', async ({ page }) => {
        at C:\Users\imoud\OneDrive\Documents\MyDistinctAi\tests\e2e\auth-registration.spec.ts:17:16

    attachment #1: screenshot (image/png) ──────────────────────────────────────────────────────────
    test-results\auth-registration-User-Reg-1a31e-ation-errors-for-empty-form-chromium\test-failed-1.png
    ────────────────────────────────────────────────────────────────────────────────────────────────

    attachment #2: video (video/webm) ──────────────────────────────────────────────────────────────
    test-results\auth-registration-User-Reg-1a31e-ation-errors-for-empty-form-chromium\video.webm
    ────────────────────────────────────────────────────────────────────────────────────────────────


[1A[2K  40) [chromium] › tests\e2e\auth-registration.spec.ts:89:7 › User Registration › should successfully register a new user 

    Error: page.goto: net::ERR_CONNECTION_REFUSED at http://localhost:4000/register
    Call log:
    [2m  - navigating to "http://localhost:4000/register", waiting until "load"[22m


      15 |   test.beforeEach(async ({ page }) => {
      16 |     // Navigate to registration page before each test
    > 17 |     await page.goto('/register')
         |                ^
      18 |   })
      19 |
      20 |   test('should display registration form with all fields', async ({ page }) => {
        at C:\Users\imoud\OneDrive\Documents\MyDistinctAi\tests\e2e\auth-registration.spec.ts:17:16

    attachment #1: screenshot (image/png) ──────────────────────────────────────────────────────────
    test-results\auth-registration-User-Reg-35fce-ssfully-register-a-new-user-chromium\test-failed-1.png
    ────────────────────────────────────────────────────────────────────────────────────────────────

    attachment #2: video (video/webm) ──────────────────────────────────────────────────────────────
    test-results\auth-registration-User-Reg-35fce-ssfully-register-a-new-user-chromium\video.webm
    ────────────────────────────────────────────────────────────────────────────────────────────────


[1A[2K[55/910] [chromium] › tests\e2e\auth-registration.spec.ts:119:7 › User Registration › should show error when registering with existing email
[1A[2K[56/910] [chromium] › tests\e2e\auth-registration.spec.ts:156:7 › User Registration › should allow navigation to login page
[1A[2K[57/910] [chromium] › tests\e2e\auth-registration.spec.ts:166:7 › User Registration › should toggle password visibility
[1A[2K[58/910] [chromium] › tests\e2e\auth-registration.spec.ts:188:7 › User Registration › should have all industry options available
[1A[2K[59/910] [chromium] › tests\e2e\auth-registration.spec.ts:200:7 › User Registration › should be responsive on mobile viewport
[1A[2K[60/910] [chromium] › tests\e2e\branding.spec.ts:31:7 › Branding Settings › should display all branding form sections
[1A[2K[61/910] [chromium] › tests\e2e\branding.spec.ts:19:7 › Branding Settings › should navigate to branding settings page
[1A[2K[62/910] [chromium] › tests\e2e\branding.spec.ts:57:7 › Branding Settings › should update company name and see live preview
[1A[2K  41) [chromium] › tests\e2e\auth-registration.spec.ts:119:7 › User Registration › should show error when registering with existing email 

    Error: page.goto: net::ERR_CONNECTION_REFUSED at http://localhost:4000/register
    Call log:
    [2m  - navigating to "http://localhost:4000/register", waiting until "load"[22m


      15 |   test.beforeEach(async ({ page }) => {
      16 |     // Navigate to registration page before each test
    > 17 |     await page.goto('/register')
         |                ^
      18 |   })
      19 |
      20 |   test('should display registration form with all fields', async ({ page }) => {
        at C:\Users\imoud\OneDrive\Documents\MyDistinctAi\tests\e2e\auth-registration.spec.ts:17:16

    attachment #1: screenshot (image/png) ──────────────────────────────────────────────────────────
    test-results\auth-registration-User-Reg-6335f-stering-with-existing-email-chromium\test-failed-1.png
    ────────────────────────────────────────────────────────────────────────────────────────────────

    attachment #2: video (video/webm) ──────────────────────────────────────────────────────────────
    test-results\auth-registration-User-Reg-6335f-stering-with-existing-email-chromium\video.webm
    ────────────────────────────────────────────────────────────────────────────────────────────────


[1A[2K  42) [chromium] › tests\e2e\auth-registration.spec.ts:156:7 › User Registration › should allow navigation to login page 

    Error: page.goto: net::ERR_CONNECTION_REFUSED at http://localhost:4000/register
    Call log:
    [2m  - navigating to "http://localhost:4000/register", waiting until "load"[22m


      15 |   test.beforeEach(async ({ page }) => {
      16 |     // Navigate to registration page before each test
    > 17 |     await page.goto('/register')
         |                ^
      18 |   })
      19 |
      20 |   test('should display registration form with all fields', async ({ page }) => {
        at C:\Users\imoud\OneDrive\Documents\MyDistinctAi\tests\e2e\auth-registration.spec.ts:17:16

    attachment #1: screenshot (image/png) ──────────────────────────────────────────────────────────
    test-results\auth-registration-User-Reg-dc42f-ow-navigation-to-login-page-chromium\test-failed-1.png
    ────────────────────────────────────────────────────────────────────────────────────────────────

    attachment #2: video (video/webm) ──────────────────────────────────────────────────────────────
    test-results\auth-registration-User-Reg-dc42f-ow-navigation-to-login-page-chromium\video.webm
    ────────────────────────────────────────────────────────────────────────────────────────────────


[1A[2K  43) [chromium] › tests\e2e\auth-registration.spec.ts:166:7 › User Registration › should toggle password visibility 

    Error: page.goto: net::ERR_CONNECTION_REFUSED at http://localhost:4000/register
    Call log:
    [2m  - navigating to "http://localhost:4000/register", waiting until "load"[22m


      15 |   test.beforeEach(async ({ page }) => {
      16 |     // Navigate to registration page before each test
    > 17 |     await page.goto('/register')
         |                ^
      18 |   })
      19 |
      20 |   test('should display registration form with all fields', async ({ page }) => {
        at C:\Users\imoud\OneDrive\Documents\MyDistinctAi\tests\e2e\auth-registration.spec.ts:17:16

    attachment #1: screenshot (image/png) ──────────────────────────────────────────────────────────
    test-results\auth-registration-User-Reg-ac1fb--toggle-password-visibility-chromium\test-failed-1.png
    ────────────────────────────────────────────────────────────────────────────────────────────────

    attachment #2: video (video/webm) ──────────────────────────────────────────────────────────────
    test-results\auth-registration-User-Reg-ac1fb--toggle-password-visibility-chromium\video.webm
    ────────────────────────────────────────────────────────────────────────────────────────────────


[1A[2K  44) [chromium] › tests\e2e\auth-registration.spec.ts:188:7 › User Registration › should have all industry options available 

    Error: page.goto: net::ERR_CONNECTION_REFUSED at http://localhost:4000/register
    Call log:
    [2m  - navigating to "http://localhost:4000/register", waiting until "load"[22m


      15 |   test.beforeEach(async ({ page }) => {
      16 |     // Navigate to registration page before each test
    > 17 |     await page.goto('/register')
         |                ^
      18 |   })
      19 |
      20 |   test('should display registration form with all fields', async ({ page }) => {
        at C:\Users\imoud\OneDrive\Documents\MyDistinctAi\tests\e2e\auth-registration.spec.ts:17:16

    attachment #1: screenshot (image/png) ──────────────────────────────────────────────────────────
    test-results\auth-registration-User-Reg-bc4f3--industry-options-available-chromium\test-failed-1.png
    ────────────────────────────────────────────────────────────────────────────────────────────────

    attachment #2: video (video/webm) ──────────────────────────────────────────────────────────────
    test-results\auth-registration-User-Reg-bc4f3--industry-options-available-chromium\video.webm
    ────────────────────────────────────────────────────────────────────────────────────────────────


[1A[2K  45) [chromium] › tests\e2e\auth-registration.spec.ts:200:7 › User Registration › should be responsive on mobile viewport 

    Error: page.goto: net::ERR_CONNECTION_REFUSED at http://localhost:4000/register
    Call log:
    [2m  - navigating to "http://localhost:4000/register", waiting until "load"[22m


      15 |   test.beforeEach(async ({ page }) => {
      16 |     // Navigate to registration page before each test
    > 17 |     await page.goto('/register')
         |                ^
      18 |   })
      19 |
      20 |   test('should display registration form with all fields', async ({ page }) => {
        at C:\Users\imoud\OneDrive\Documents\MyDistinctAi\tests\e2e\auth-registration.spec.ts:17:16

    attachment #1: screenshot (image/png) ──────────────────────────────────────────────────────────
    test-results\auth-registration-User-Reg-546df-sponsive-on-mobile-viewport-chromium\test-failed-1.png
    ────────────────────────────────────────────────────────────────────────────────────────────────

    attachment #2: video (video/webm) ──────────────────────────────────────────────────────────────
    test-results\auth-registration-User-Reg-546df-sponsive-on-mobile-viewport-chromium\video.webm
    ────────────────────────────────────────────────────────────────────────────────────────────────


[1A[2K  46) [chromium] › tests\e2e\branding.spec.ts:31:7 › Branding Settings › should display all branding form sections 

    Error: page.goto: net::ERR_CONNECTION_REFUSED at http://localhost:4000/login
    Call log:
    [2m  - navigating to "http://localhost:4000/login", waiting until "load"[22m


      4 |   test.beforeEach(async ({ page }) => {
      5 |     // Navigate to login page
    > 6 |     await page.goto('http://localhost:4000/login')
        |                ^
      7 |
      8 |     // Login with existing test credentials
      9 |     await page.getByLabel(/email/i).fill('mytest@testmail.app')
        at C:\Users\imoud\OneDrive\Documents\MyDistinctAi\tests\e2e\branding.spec.ts:6:16

    attachment #1: screenshot (image/png) ──────────────────────────────────────────────────────────
    test-results\branding-Branding-Settings-11cb2--all-branding-form-sections-chromium\test-failed-1.png
    ────────────────────────────────────────────────────────────────────────────────────────────────

    attachment #2: video (video/webm) ──────────────────────────────────────────────────────────────
    test-results\branding-Branding-Settings-11cb2--all-branding-form-sections-chromium\video.webm
    ────────────────────────────────────────────────────────────────────────────────────────────────


[1A[2K  47) [chromium] › tests\e2e\branding.spec.ts:19:7 › Branding Settings › should navigate to branding settings page 

    Error: page.goto: net::ERR_CONNECTION_REFUSED at http://localhost:4000/login
    Call log:
    [2m  - navigating to "http://localhost:4000/login", waiting until "load"[22m


      4 |   test.beforeEach(async ({ page }) => {
      5 |     // Navigate to login page
    > 6 |     await page.goto('http://localhost:4000/login')
        |                ^
      7 |
      8 |     // Login with existing test credentials
      9 |     await page.getByLabel(/email/i).fill('mytest@testmail.app')
        at C:\Users\imoud\OneDrive\Documents\MyDistinctAi\tests\e2e\branding.spec.ts:6:16

    attachment #1: screenshot (image/png) ──────────────────────────────────────────────────────────
    test-results\branding-Branding-Settings-b5f9a-e-to-branding-settings-page-chromium\test-failed-1.png
    ────────────────────────────────────────────────────────────────────────────────────────────────

    attachment #2: video (video/webm) ──────────────────────────────────────────────────────────────
    test-results\branding-Branding-Settings-b5f9a-e-to-branding-settings-page-chromium\video.webm
    ────────────────────────────────────────────────────────────────────────────────────────────────


[1A[2K  48) [chromium] › tests\e2e\branding.spec.ts:57:7 › Branding Settings › should update company name and see live preview 

    Error: page.goto: net::ERR_CONNECTION_REFUSED at http://localhost:4000/login
    Call log:
    [2m  - navigating to "http://localhost:4000/login", waiting until "load"[22m


      4 |   test.beforeEach(async ({ page }) => {
      5 |     // Navigate to login page
    > 6 |     await page.goto('http://localhost:4000/login')
        |                ^
      7 |
      8 |     // Login with existing test credentials
      9 |     await page.getByLabel(/email/i).fill('mytest@testmail.app')
        at C:\Users\imoud\OneDrive\Documents\MyDistinctAi\tests\e2e\branding.spec.ts:6:16

    attachment #1: screenshot (image/png) ──────────────────────────────────────────────────────────
    test-results\branding-Branding-Settings-6d285-y-name-and-see-live-preview-chromium\test-failed-1.png
    ────────────────────────────────────────────────────────────────────────────────────────────────

    attachment #2: video (video/webm) ──────────────────────────────────────────────────────────────
    test-results\branding-Branding-Settings-6d285-y-name-and-see-live-preview-chromium\video.webm
    ────────────────────────────────────────────────────────────────────────────────────────────────


[1A[2K[63/910] [chromium] › tests\e2e\branding.spec.ts:70:7 › Branding Settings › should update primary color and see live preview
[1A[2K[64/910] [chromium] › tests\e2e\branding.spec.ts:86:7 › Branding Settings › should update secondary color and see live preview
[1A[2K[65/910] [chromium] › tests\e2e\branding.spec.ts:102:7 › Branding Settings › should show DNS instructions modal
[1A[2K[66/910] [chromium] › tests\e2e\branding.spec.ts:121:7 › Branding Settings › should validate company name is required
[1A[2K[67/910] [chromium] › tests\e2e\branding.spec.ts:137:7 › Branding Settings › should display custom domain in preview
[1A[2K[68/910] [chromium] › tests\e2e\branding.spec.ts:152:7 › Branding Settings › should show save button
[1A[2K[69/910] [chromium] › tests\e2e\branding.spec.ts:162:7 › Branding Settings › should have upload buttons for logo and favicon
[1A[2K[70/910] [chromium] › tests\e2e\branding.spec.ts:175:7 › Branding Settings › should show live preview section with sample elements
[1A[2K  49) [chromium] › tests\e2e\branding.spec.ts:70:7 › Branding Settings › should update primary color and see live preview 

    Error: page.goto: net::ERR_CONNECTION_REFUSED at http://localhost:4000/login
    Call log:
    [2m  - navigating to "http://localhost:4000/login", waiting until "load"[22m


      4 |   test.beforeEach(async ({ page }) => {
      5 |     // Navigate to login page
    > 6 |     await page.goto('http://localhost:4000/login')
        |                ^
      7 |
      8 |     // Login with existing test credentials
      9 |     await page.getByLabel(/email/i).fill('mytest@testmail.app')
        at C:\Users\imoud\OneDrive\Documents\MyDistinctAi\tests\e2e\branding.spec.ts:6:16

    attachment #1: screenshot (image/png) ──────────────────────────────────────────────────────────
    test-results\branding-Branding-Settings-b2877--color-and-see-live-preview-chromium\test-failed-1.png
    ────────────────────────────────────────────────────────────────────────────────────────────────

    attachment #2: video (video/webm) ──────────────────────────────────────────────────────────────
    test-results\branding-Branding-Settings-b2877--color-and-see-live-preview-chromium\video.webm
    ────────────────────────────────────────────────────────────────────────────────────────────────


[1A[2K  50) [chromium] › tests\e2e\branding.spec.ts:86:7 › Branding Settings › should update secondary color and see live preview 

    Error: page.goto: net::ERR_CONNECTION_REFUSED at http://localhost:4000/login
    Call log:
    [2m  - navigating to "http://localhost:4000/login", waiting until "load"[22m


      4 |   test.beforeEach(async ({ page }) => {
      5 |     // Navigate to login page
    > 6 |     await page.goto('http://localhost:4000/login')
        |                ^
      7 |
      8 |     // Login with existing test credentials
      9 |     await page.getByLabel(/email/i).fill('mytest@testmail.app')
        at C:\Users\imoud\OneDrive\Documents\MyDistinctAi\tests\e2e\branding.spec.ts:6:16

    attachment #1: screenshot (image/png) ──────────────────────────────────────────────────────────
    test-results\branding-Branding-Settings-26d31--color-and-see-live-preview-chromium\test-failed-1.png
    ────────────────────────────────────────────────────────────────────────────────────────────────

    attachment #2: video (video/webm) ──────────────────────────────────────────────────────────────
    test-results\branding-Branding-Settings-26d31--color-and-see-live-preview-chromium\video.webm
    ────────────────────────────────────────────────────────────────────────────────────────────────


[1A[2K  51) [chromium] › tests\e2e\branding.spec.ts:102:7 › Branding Settings › should show DNS instructions modal 

    Error: page.goto: net::ERR_CONNECTION_REFUSED at http://localhost:4000/login
    Call log:
    [2m  - navigating to "http://localhost:4000/login", waiting until "load"[22m


      4 |   test.beforeEach(async ({ page }) => {
      5 |     // Navigate to login page
    > 6 |     await page.goto('http://localhost:4000/login')
        |                ^
      7 |
      8 |     // Login with existing test credentials
      9 |     await page.getByLabel(/email/i).fill('mytest@testmail.app')
        at C:\Users\imoud\OneDrive\Documents\MyDistinctAi\tests\e2e\branding.spec.ts:6:16

    attachment #1: screenshot (image/png) ──────────────────────────────────────────────────────────
    test-results\branding-Branding-Settings-647f1-show-DNS-instructions-modal-chromium\test-failed-1.png
    ────────────────────────────────────────────────────────────────────────────────────────────────

    attachment #2: video (video/webm) ──────────────────────────────────────────────────────────────
    test-results\branding-Branding-Settings-647f1-show-DNS-instructions-modal-chromium\video.webm
    ────────────────────────────────────────────────────────────────────────────────────────────────


[1A[2K  52) [chromium] › tests\e2e\branding.spec.ts:137:7 › Branding Settings › should display custom domain in preview 

    Error: page.goto: net::ERR_CONNECTION_REFUSED at http://localhost:4000/login
    Call log:
    [2m  - navigating to "http://localhost:4000/login", waiting until "load"[22m


      4 |   test.beforeEach(async ({ page }) => {
      5 |     // Navigate to login page
    > 6 |     await page.goto('http://localhost:4000/login')
        |                ^
      7 |
      8 |     // Login with existing test credentials
      9 |     await page.getByLabel(/email/i).fill('mytest@testmail.app')
        at C:\Users\imoud\OneDrive\Documents\MyDistinctAi\tests\e2e\branding.spec.ts:6:16

    attachment #1: screenshot (image/png) ──────────────────────────────────────────────────────────
    test-results\branding-Branding-Settings-a4bfe-ay-custom-domain-in-preview-chromium\test-failed-1.png
    ────────────────────────────────────────────────────────────────────────────────────────────────

    attachment #2: video (video/webm) ──────────────────────────────────────────────────────────────
    test-results\branding-Branding-Settings-a4bfe-ay-custom-domain-in-preview-chromium\video.webm
    ────────────────────────────────────────────────────────────────────────────────────────────────


[1A[2K  53) [chromium] › tests\e2e\branding.spec.ts:121:7 › Branding Settings › should validate company name is required 

    Error: page.goto: net::ERR_CONNECTION_REFUSED at http://localhost:4000/login
    Call log:
    [2m  - navigating to "http://localhost:4000/login", waiting until "load"[22m


      4 |   test.beforeEach(async ({ page }) => {
      5 |     // Navigate to login page
    > 6 |     await page.goto('http://localhost:4000/login')
        |                ^
      7 |
      8 |     // Login with existing test credentials
      9 |     await page.getByLabel(/email/i).fill('mytest@testmail.app')
        at C:\Users\imoud\OneDrive\Documents\MyDistinctAi\tests\e2e\branding.spec.ts:6:16

    attachment #1: screenshot (image/png) ──────────────────────────────────────────────────────────
    test-results\branding-Branding-Settings-99740-te-company-name-is-required-chromium\test-failed-1.png
    ────────────────────────────────────────────────────────────────────────────────────────────────

    attachment #2: video (video/webm) ──────────────────────────────────────────────────────────────
    test-results\branding-Branding-Settings-99740-te-company-name-is-required-chromium\video.webm
    ────────────────────────────────────────────────────────────────────────────────────────────────


[1A[2K  54) [chromium] › tests\e2e\branding.spec.ts:152:7 › Branding Settings › should show save button ──

    Error: page.goto: net::ERR_CONNECTION_REFUSED at http://localhost:4000/login
    Call log:
    [2m  - navigating to "http://localhost:4000/login", waiting until "load"[22m


      4 |   test.beforeEach(async ({ page }) => {
      5 |     // Navigate to login page
    > 6 |     await page.goto('http://localhost:4000/login')
        |                ^
      7 |
      8 |     // Login with existing test credentials
      9 |     await page.getByLabel(/email/i).fill('mytest@testmail.app')
        at C:\Users\imoud\OneDrive\Documents\MyDistinctAi\tests\e2e\branding.spec.ts:6:16

    attachment #1: screenshot (image/png) ──────────────────────────────────────────────────────────
    test-results\branding-Branding-Settings-should-show-save-button-chromium\test-failed-1.png
    ────────────────────────────────────────────────────────────────────────────────────────────────

    attachment #2: video (video/webm) ──────────────────────────────────────────────────────────────
    test-results\branding-Branding-Settings-should-show-save-button-chromium\video.webm
    ────────────────────────────────────────────────────────────────────────────────────────────────


[1A[2K[71/910] [chromium] › tests\e2e\chat.spec.ts:16:7 › Chat Interface › should display chat page with sidebar and empty state
[1A[2K  55) [chromium] › tests\e2e\branding.spec.ts:162:7 › Branding Settings › should have upload buttons for logo and favicon 

    Error: page.goto: net::ERR_CONNECTION_REFUSED at http://localhost:4000/login
    Call log:
    [2m  - navigating to "http://localhost:4000/login", waiting until "load"[22m


      4 |   test.beforeEach(async ({ page }) => {
      5 |     // Navigate to login page
    > 6 |     await page.goto('http://localhost:4000/login')
        |                ^
      7 |
      8 |     // Login with existing test credentials
      9 |     await page.getByLabel(/email/i).fill('mytest@testmail.app')
        at C:\Users\imoud\OneDrive\Documents\MyDistinctAi\tests\e2e\branding.spec.ts:6:16

    attachment #1: screenshot (image/png) ──────────────────────────────────────────────────────────
    test-results\branding-Branding-Settings-f3cc6-uttons-for-logo-and-favicon-chromium\test-failed-1.png
    ────────────────────────────────────────────────────────────────────────────────────────────────

    attachment #2: video (video/webm) ──────────────────────────────────────────────────────────────
    test-results\branding-Branding-Settings-f3cc6-uttons-for-logo-and-favicon-chromium\video.webm
    ────────────────────────────────────────────────────────────────────────────────────────────────


[1A[2K  56) [chromium] › tests\e2e\branding.spec.ts:175:7 › Branding Settings › should show live preview section with sample elements 

    Error: page.goto: net::ERR_CONNECTION_REFUSED at http://localhost:4000/login
    Call log:
    [2m  - navigating to "http://localhost:4000/login", waiting until "load"[22m


      4 |   test.beforeEach(async ({ page }) => {
      5 |     // Navigate to login page
    > 6 |     await page.goto('http://localhost:4000/login')
        |                ^
      7 |
      8 |     // Login with existing test credentials
      9 |     await page.getByLabel(/email/i).fill('mytest@testmail.app')
        at C:\Users\imoud\OneDrive\Documents\MyDistinctAi\tests\e2e\branding.spec.ts:6:16

    attachment #1: screenshot (image/png) ──────────────────────────────────────────────────────────
    test-results\branding-Branding-Settings-8e509-ection-with-sample-elements-chromium\test-failed-1.png
    ────────────────────────────────────────────────────────────────────────────────────────────────

    attachment #2: video (video/webm) ──────────────────────────────────────────────────────────────
    test-results\branding-Branding-Settings-8e509-ection-with-sample-elements-chromium\video.webm
    ────────────────────────────────────────────────────────────────────────────────────────────────


[1A[2K[72/910] [chromium] › tests\e2e\chat.spec.ts:31:7 › Chat Interface › should display existing chat messages
[1A[2K[73/910] [chromium] › tests\e2e\chat.spec.ts:44:7 › Chat Interface › should send a message and receive response
[1A[2K[74/910] [chromium] › tests\e2e\chat.spec.ts:70:7 › Chat Interface › should create a new chat session
[1A[2K[75/910] [chromium] › tests\e2e\chat.spec.ts:81:7 › Chat Interface › should switch between chat sessions
[1A[2K[76/910] [chromium] › tests\e2e\chat.spec.ts:92:7 › Chat Interface › should display copy button on AI messages
[1A[2K[77/910] [chromium] › tests\e2e\chat.spec.ts:104:7 › Chat Interface › should display regenerate button on last AI message
[1A[2K[78/910] [chromium] › tests\e2e\chat.spec.ts:112:7 › Chat Interface › should show typing indicator when sending message
[1A[2K  57) [chromium] › tests\e2e\chat.spec.ts:16:7 › Chat Interface › should display chat page with sidebar and empty state 

    Error: page.goto: net::ERR_CONNECTION_REFUSED at http://localhost:4000/chat/test-model-123
    Call log:
    [2m  - navigating to "http://localhost:4000/chat/test-model-123", waiting until "load"[22m


      10 |   test.beforeEach(async ({ page }) => {
      11 |     // Navigate directly to chat page for testing (outside dashboard for now)
    > 12 |     await page.goto('http://localhost:4000/chat/test-model-123')
         |                ^
      13 |     await page.waitForLoadState('networkidle')
      14 |   })
      15 |
        at C:\Users\imoud\OneDrive\Documents\MyDistinctAi\tests\e2e\chat.spec.ts:12:16

    attachment #1: screenshot (image/png) ──────────────────────────────────────────────────────────
    test-results\chat-Chat-Interface-should-8a04b-ith-sidebar-and-empty-state-chromium\test-failed-1.png
    ────────────────────────────────────────────────────────────────────────────────────────────────

    attachment #2: video (video/webm) ──────────────────────────────────────────────────────────────
    test-results\chat-Chat-Interface-should-8a04b-ith-sidebar-and-empty-state-chromium\video.webm
    ────────────────────────────────────────────────────────────────────────────────────────────────


[1A[2K  58) [chromium] › tests\e2e\chat.spec.ts:31:7 › Chat Interface › should display existing chat messages 

    Error: page.goto: net::ERR_CONNECTION_REFUSED at http://localhost:4000/chat/test-model-123
    Call log:
    [2m  - navigating to "http://localhost:4000/chat/test-model-123", waiting until "load"[22m


      10 |   test.beforeEach(async ({ page }) => {
      11 |     // Navigate directly to chat page for testing (outside dashboard for now)
    > 12 |     await page.goto('http://localhost:4000/chat/test-model-123')
         |                ^
      13 |     await page.waitForLoadState('networkidle')
      14 |   })
      15 |
        at C:\Users\imoud\OneDrive\Documents\MyDistinctAi\tests\e2e\chat.spec.ts:12:16

    attachment #1: screenshot (image/png) ──────────────────────────────────────────────────────────
    test-results\chat-Chat-Interface-should-display-existing-chat-messages-chromium\test-failed-1.png
    ────────────────────────────────────────────────────────────────────────────────────────────────

    attachment #2: video (video/webm) ──────────────────────────────────────────────────────────────
    test-results\chat-Chat-Interface-should-display-existing-chat-messages-chromium\video.webm
    ────────────────────────────────────────────────────────────────────────────────────────────────


[1A[2K  59) [chromium] › tests\e2e\chat.spec.ts:44:7 › Chat Interface › should send a message and receive response 

    Error: page.goto: net::ERR_CONNECTION_REFUSED at http://localhost:4000/chat/test-model-123
    Call log:
    [2m  - navigating to "http://localhost:4000/chat/test-model-123", waiting until "load"[22m


      10 |   test.beforeEach(async ({ page }) => {
      11 |     // Navigate directly to chat page for testing (outside dashboard for now)
    > 12 |     await page.goto('http://localhost:4000/chat/test-model-123')
         |                ^
      13 |     await page.waitForLoadState('networkidle')
      14 |   })
      15 |
        at C:\Users\imoud\OneDrive\Documents\MyDistinctAi\tests\e2e\chat.spec.ts:12:16

    attachment #1: screenshot (image/png) ──────────────────────────────────────────────────────────
    test-results\chat-Chat-Interface-should-bc8e7-essage-and-receive-response-chromium\test-failed-1.png
    ────────────────────────────────────────────────────────────────────────────────────────────────

    attachment #2: video (video/webm) ──────────────────────────────────────────────────────────────
    test-results\chat-Chat-Interface-should-bc8e7-essage-and-receive-response-chromium\video.webm
    ────────────────────────────────────────────────────────────────────────────────────────────────


[1A[2K[79/910] [chromium] › tests\e2e\chat.spec.ts:129:7 › Chat Interface › should clear input field after sending message
[1A[2K  60) [chromium] › tests\e2e\chat.spec.ts:70:7 › Chat Interface › should create a new chat session ─

    Error: page.goto: net::ERR_CONNECTION_REFUSED at http://localhost:4000/chat/test-model-123
    Call log:
    [2m  - navigating to "http://localhost:4000/chat/test-model-123", waiting until "load"[22m


      10 |   test.beforeEach(async ({ page }) => {
      11 |     // Navigate directly to chat page for testing (outside dashboard for now)
    > 12 |     await page.goto('http://localhost:4000/chat/test-model-123')
         |                ^
      13 |     await page.waitForLoadState('networkidle')
      14 |   })
      15 |
        at C:\Users\imoud\OneDrive\Documents\MyDistinctAi\tests\e2e\chat.spec.ts:12:16

    attachment #1: screenshot (image/png) ──────────────────────────────────────────────────────────
    test-results\chat-Chat-Interface-should-create-a-new-chat-session-chromium\test-failed-1.png
    ────────────────────────────────────────────────────────────────────────────────────────────────

    attachment #2: video (video/webm) ──────────────────────────────────────────────────────────────
    test-results\chat-Chat-Interface-should-create-a-new-chat-session-chromium\video.webm
    ────────────────────────────────────────────────────────────────────────────────────────────────


[1A[2K  61) [chromium] › tests\e2e\chat.spec.ts:81:7 › Chat Interface › should switch between chat sessions 

    Error: page.goto: net::ERR_CONNECTION_REFUSED at http://localhost:4000/chat/test-model-123
    Call log:
    [2m  - navigating to "http://localhost:4000/chat/test-model-123", waiting until "load"[22m


      10 |   test.beforeEach(async ({ page }) => {
      11 |     // Navigate directly to chat page for testing (outside dashboard for now)
    > 12 |     await page.goto('http://localhost:4000/chat/test-model-123')
         |                ^
      13 |     await page.waitForLoadState('networkidle')
      14 |   })
      15 |
        at C:\Users\imoud\OneDrive\Documents\MyDistinctAi\tests\e2e\chat.spec.ts:12:16

    attachment #1: screenshot (image/png) ──────────────────────────────────────────────────────────
    test-results\chat-Chat-Interface-should-switch-between-chat-sessions-chromium\test-failed-1.png
    ────────────────────────────────────────────────────────────────────────────────────────────────

    attachment #2: video (video/webm) ──────────────────────────────────────────────────────────────
    test-results\chat-Chat-Interface-should-switch-between-chat-sessions-chromium\video.webm
    ────────────────────────────────────────────────────────────────────────────────────────────────


[1A[2K[80/910] [chromium] › tests\e2e\chat.spec.ts:148:7 › Chat Interface › should display export buttons on active session
[1A[2K  62) [chromium] › tests\e2e\chat.spec.ts:112:7 › Chat Interface › should show typing indicator when sending message 

    Error: page.goto: net::ERR_CONNECTION_REFUSED at http://localhost:4000/chat/test-model-123
    Call log:
    [2m  - navigating to "http://localhost:4000/chat/test-model-123", waiting until "load"[22m


      10 |   test.beforeEach(async ({ page }) => {
      11 |     // Navigate directly to chat page for testing (outside dashboard for now)
    > 12 |     await page.goto('http://localhost:4000/chat/test-model-123')
         |                ^
      13 |     await page.waitForLoadState('networkidle')
      14 |   })
      15 |
        at C:\Users\imoud\OneDrive\Documents\MyDistinctAi\tests\e2e\chat.spec.ts:12:16

    attachment #1: screenshot (image/png) ──────────────────────────────────────────────────────────
    test-results\chat-Chat-Interface-should-13646-icator-when-sending-message-chromium\test-failed-1.png
    ────────────────────────────────────────────────────────────────────────────────────────────────

    attachment #2: video (video/webm) ──────────────────────────────────────────────────────────────
    test-results\chat-Chat-Interface-should-13646-icator-when-sending-message-chromium\video.webm
    ────────────────────────────────────────────────────────────────────────────────────────────────


[1A[2K  63) [chromium] › tests\e2e\chat.spec.ts:92:7 › Chat Interface › should display copy button on AI messages 

    Error: page.goto: net::ERR_CONNECTION_REFUSED at http://localhost:4000/chat/test-model-123
    Call log:
    [2m  - navigating to "http://localhost:4000/chat/test-model-123", waiting until "load"[22m


      10 |   test.beforeEach(async ({ page }) => {
      11 |     // Navigate directly to chat page for testing (outside dashboard for now)
    > 12 |     await page.goto('http://localhost:4000/chat/test-model-123')
         |                ^
      13 |     await page.waitForLoadState('networkidle')
      14 |   })
      15 |
        at C:\Users\imoud\OneDrive\Documents\MyDistinctAi\tests\e2e\chat.spec.ts:12:16

    attachment #1: screenshot (image/png) ──────────────────────────────────────────────────────────
    test-results\chat-Chat-Interface-should-e01e0--copy-button-on-AI-messages-chromium\test-failed-1.png
    ────────────────────────────────────────────────────────────────────────────────────────────────

    attachment #2: video (video/webm) ──────────────────────────────────────────────────────────────
    test-results\chat-Chat-Interface-should-e01e0--copy-button-on-AI-messages-chromium\video.webm
    ────────────────────────────────────────────────────────────────────────────────────────────────


[1A[2K  64) [chromium] › tests\e2e\chat.spec.ts:104:7 › Chat Interface › should display regenerate button on last AI message 

    Error: page.goto: net::ERR_CONNECTION_REFUSED at http://localhost:4000/chat/test-model-123
    Call log:
    [2m  - navigating to "http://localhost:4000/chat/test-model-123", waiting until "load"[22m


      10 |   test.beforeEach(async ({ page }) => {
      11 |     // Navigate directly to chat page for testing (outside dashboard for now)
    > 12 |     await page.goto('http://localhost:4000/chat/test-model-123')
         |                ^
      13 |     await page.waitForLoadState('networkidle')
      14 |   })
      15 |
        at C:\Users\imoud\OneDrive\Documents\MyDistinctAi\tests\e2e\chat.spec.ts:12:16

    attachment #1: screenshot (image/png) ──────────────────────────────────────────────────────────
    test-results\chat-Chat-Interface-should-258a4-e-button-on-last-AI-message-chromium\test-failed-1.png
    ────────────────────────────────────────────────────────────────────────────────────────────────

    attachment #2: video (video/webm) ──────────────────────────────────────────────────────────────
    test-results\chat-Chat-Interface-should-258a4-e-button-on-last-AI-message-chromium\video.webm
    ────────────────────────────────────────────────────────────────────────────────────────────────


[1A[2K[81/910] [chromium] › tests\e2e\chat.spec.ts:157:7 › Chat Interface › should show chat header with model name
[1A[2K[82/910] [chromium] › tests\e2e\chat.spec.ts:163:7 › Chat Interface › should handle Enter key to send message
[1A[2K[83/910] [chromium] › tests\e2e\chat.spec.ts:176:7 › Chat Interface › should handle Shift+Enter for new line
[1A[2K[84/910] [chromium] › tests\e2e\dashboard-protected.spec.ts:46:9 › Dashboard and Protected Routes › Unauthenticated Access › should redirect to login when accessing dashboard without auth
[1A[2K[85/910] [chromium] › tests\e2e\dashboard-protected.spec.ts:145:9 › Dashboard and Protected Routes › Authenticated Dashboard Access › should display navigation menu
[1A[2K[86/910] [chromium] › tests\e2e\dashboard-protected.spec.ts:101:9 › Dashboard and Protected Routes › Authenticated Dashboard Access › should display dashboard with user information
[1A[2K  65) [chromium] › tests\e2e\chat.spec.ts:129:7 › Chat Interface › should clear input field after sending message 

    Error: page.goto: net::ERR_CONNECTION_REFUSED at http://localhost:4000/chat/test-model-123
    Call log:
    [2m  - navigating to "http://localhost:4000/chat/test-model-123", waiting until "load"[22m


      10 |   test.beforeEach(async ({ page }) => {
      11 |     // Navigate directly to chat page for testing (outside dashboard for now)
    > 12 |     await page.goto('http://localhost:4000/chat/test-model-123')
         |                ^
      13 |     await page.waitForLoadState('networkidle')
      14 |   })
      15 |
        at C:\Users\imoud\OneDrive\Documents\MyDistinctAi\tests\e2e\chat.spec.ts:12:16

    attachment #1: screenshot (image/png) ──────────────────────────────────────────────────────────
    test-results\chat-Chat-Interface-should-2cdb7-field-after-sending-message-chromium\test-failed-1.png
    ────────────────────────────────────────────────────────────────────────────────────────────────

    attachment #2: video (video/webm) ──────────────────────────────────────────────────────────────
    test-results\chat-Chat-Interface-should-2cdb7-field-after-sending-message-chromium\video.webm
    ────────────────────────────────────────────────────────────────────────────────────────────────


[1A[2K  66) [chromium] › tests\e2e\chat.spec.ts:148:7 › Chat Interface › should display export buttons on active session 

    Error: page.goto: net::ERR_CONNECTION_REFUSED at http://localhost:4000/chat/test-model-123
    Call log:
    [2m  - navigating to "http://localhost:4000/chat/test-model-123", waiting until "load"[22m


      10 |   test.beforeEach(async ({ page }) => {
      11 |     // Navigate directly to chat page for testing (outside dashboard for now)
    > 12 |     await page.goto('http://localhost:4000/chat/test-model-123')
         |                ^
      13 |     await page.waitForLoadState('networkidle')
      14 |   })
      15 |
        at C:\Users\imoud\OneDrive\Documents\MyDistinctAi\tests\e2e\chat.spec.ts:12:16

    attachment #1: screenshot (image/png) ──────────────────────────────────────────────────────────
    test-results\chat-Chat-Interface-should-8e1ae-t-buttons-on-active-session-chromium\test-failed-1.png
    ────────────────────────────────────────────────────────────────────────────────────────────────

    attachment #2: video (video/webm) ──────────────────────────────────────────────────────────────
    test-results\chat-Chat-Interface-should-8e1ae-t-buttons-on-active-session-chromium\video.webm
    ────────────────────────────────────────────────────────────────────────────────────────────────


[1A[2K  67) [chromium] › tests\e2e\chat.spec.ts:157:7 › Chat Interface › should show chat header with model name 

    Error: page.goto: net::ERR_CONNECTION_REFUSED at http://localhost:4000/chat/test-model-123
    Call log:
    [2m  - navigating to "http://localhost:4000/chat/test-model-123", waiting until "load"[22m


      10 |   test.beforeEach(async ({ page }) => {
      11 |     // Navigate directly to chat page for testing (outside dashboard for now)
    > 12 |     await page.goto('http://localhost:4000/chat/test-model-123')
         |                ^
      13 |     await page.waitForLoadState('networkidle')
      14 |   })
      15 |
        at C:\Users\imoud\OneDrive\Documents\MyDistinctAi\tests\e2e\chat.spec.ts:12:16

    attachment #1: screenshot (image/png) ──────────────────────────────────────────────────────────
    test-results\chat-Chat-Interface-should-show-chat-header-with-model-name-chromium\test-failed-1.png
    ────────────────────────────────────────────────────────────────────────────────────────────────

    attachment #2: video (video/webm) ──────────────────────────────────────────────────────────────
    test-results\chat-Chat-Interface-should-show-chat-header-with-model-name-chromium\video.webm
    ────────────────────────────────────────────────────────────────────────────────────────────────


[1A[2K[87/910] [chromium] › tests\e2e\dashboard-protected.spec.ts:171:9 › Dashboard and Protected Routes › Authenticated Dashboard Access › should show phase completion status
[1A[2K[88/910] [chromium] › tests\e2e\dashboard-protected.spec.ts:204:9 › Dashboard and Protected Routes › Authenticated Dashboard Access › should handle browser refresh correctly
[1A[2KInternal error: step id not found: fixture@32

[1A[2KInternal error: step id not found: fixture@32

[1A[2KInternal error: step id not found: fixture@32

[1A[2K  68) [chromium] › tests\e2e\chat.spec.ts:176:7 › Chat Interface › should handle Shift+Enter for new line 

    Error: page.goto: net::ERR_CONNECTION_REFUSED at http://localhost:4000/chat/test-model-123
    Call log:
    [2m  - navigating to "http://localhost:4000/chat/test-model-123", waiting until "load"[22m


      10 |   test.beforeEach(async ({ page }) => {
      11 |     // Navigate directly to chat page for testing (outside dashboard for now)
    > 12 |     await page.goto('http://localhost:4000/chat/test-model-123')
         |                ^
      13 |     await page.waitForLoadState('networkidle')
      14 |   })
      15 |
        at C:\Users\imoud\OneDrive\Documents\MyDistinctAi\tests\e2e\chat.spec.ts:12:16

    attachment #1: screenshot (image/png) ──────────────────────────────────────────────────────────
    test-results\chat-Chat-Interface-should-handle-Shift-Enter-for-new-line-chromium\test-failed-1.png
    ────────────────────────────────────────────────────────────────────────────────────────────────

    attachment #2: video (video/webm) ──────────────────────────────────────────────────────────────
    test-results\chat-Chat-Interface-should-handle-Shift-Enter-for-new-line-chromium\video.webm
    ────────────────────────────────────────────────────────────────────────────────────────────────


[1A[2K  69) [chromium] › tests\e2e\chat.spec.ts:163:7 › Chat Interface › should handle Enter key to send message 

    Error: page.goto: net::ERR_CONNECTION_REFUSED at http://localhost:4000/chat/test-model-123
    Call log:
    [2m  - navigating to "http://localhost:4000/chat/test-model-123", waiting until "load"[22m


      10 |   test.beforeEach(async ({ page }) => {
      11 |     // Navigate directly to chat page for testing (outside dashboard for now)
    > 12 |     await page.goto('http://localhost:4000/chat/test-model-123')
         |                ^
      13 |     await page.waitForLoadState('networkidle')
      14 |   })
      15 |
        at C:\Users\imoud\OneDrive\Documents\MyDistinctAi\tests\e2e\chat.spec.ts:12:16

    attachment #1: screenshot (image/png) ──────────────────────────────────────────────────────────
    test-results\chat-Chat-Interface-should-handle-Enter-key-to-send-message-chromium\test-failed-1.png
    ────────────────────────────────────────────────────────────────────────────────────────────────

    attachment #2: video (video/webm) ──────────────────────────────────────────────────────────────
    test-results\chat-Chat-Interface-should-handle-Enter-key-to-send-message-chromium\video.webm
    ────────────────────────────────────────────────────────────────────────────────────────────────


[1A[2K  70) [chromium] › tests\e2e\dashboard-protected.spec.ts:145:9 › Dashboard and Protected Routes › Authenticated Dashboard Access › should display navigation menu 

    Error: page.goto: net::ERR_CONNECTION_REFUSED at http://localhost:4000/register
    Call log:
    [2m  - navigating to "http://localhost:4000/register", waiting until "load"[22m


      21 |
      22 |     // Register
    > 23 |     await page.goto('/register')
         |                ^
      24 |     await page.getByLabel(/name/i).fill(testUser.name)
      25 |     await page.getByLabel(/email/i).fill(testUser.email)
      26 |     await page.getByLabel(/password/i).fill(testUser.password)
        at C:\Users\imoud\OneDrive\Documents\MyDistinctAi\tests\e2e\dashboard-protected.spec.ts:23:16

    attachment #1: screenshot (image/png) ──────────────────────────────────────────────────────────
    test-results\dashboard-protected-Dashbo-91e7d-uld-display-navigation-menu-chromium\test-failed-1.png
    ────────────────────────────────────────────────────────────────────────────────────────────────


[1A[2K[89/910] [chromium] › tests\e2e\dashboard-protected.spec.ts:155:9 › Dashboard and Protected Routes › Authenticated Dashboard Access › should display subscription status
[1A[2K[90/910] [chromium] › tests\e2e\dashboard-protected.spec.ts:161:9 › Dashboard and Protected Routes › Authenticated Dashboard Access › should display account creation date
[1A[2K  71) [chromium] › tests\e2e\dashboard-protected.spec.ts:101:9 › Dashboard and Protected Routes › Authenticated Dashboard Access › should display dashboard with user information 

    Error: page.goto: net::ERR_CONNECTION_REFUSED at http://localhost:4000/register
    Call log:
    [2m  - navigating to "http://localhost:4000/register", waiting until "load"[22m


      21 |
      22 |     // Register
    > 23 |     await page.goto('/register')
         |                ^
      24 |     await page.getByLabel(/name/i).fill(testUser.name)
      25 |     await page.getByLabel(/email/i).fill(testUser.email)
      26 |     await page.getByLabel(/password/i).fill(testUser.password)
        at C:\Users\imoud\OneDrive\Documents\MyDistinctAi\tests\e2e\dashboard-protected.spec.ts:23:16

    attachment #1: screenshot (image/png) ──────────────────────────────────────────────────────────
    test-results\dashboard-protected-Dashbo-60a73-board-with-user-information-chromium\test-failed-1.png
    ────────────────────────────────────────────────────────────────────────────────────────────────


[1A[2K[91/910] [chromium] › tests\e2e\dashboard-protected.spec.ts:112:9 › Dashboard and Protected Routes › Authenticated Dashboard Access › should display user account information
[1A[2K[92/910] [chromium] › tests\e2e\dashboard-protected.spec.ts:132:9 › Dashboard and Protected Routes › Authenticated Dashboard Access › should show user profile data correctly
[1A[2K  72) [chromium] › tests\e2e\dashboard-protected.spec.ts:46:9 › Dashboard and Protected Routes › Unauthenticated Access › should redirect to login when accessing dashboard without auth 

    Error: page.goto: net::ERR_CONNECTION_REFUSED at http://localhost:4000/register
    Call log:
    [2m  - navigating to "http://localhost:4000/register", waiting until "load"[22m


      21 |
      22 |     // Register
    > 23 |     await page.goto('/register')
         |                ^
      24 |     await page.getByLabel(/name/i).fill(testUser.name)
      25 |     await page.getByLabel(/email/i).fill(testUser.email)
      26 |     await page.getByLabel(/password/i).fill(testUser.password)
        at C:\Users\imoud\OneDrive\Documents\MyDistinctAi\tests\e2e\dashboard-protected.spec.ts:23:16

    attachment #1: screenshot (image/png) ──────────────────────────────────────────────────────────
    test-results\dashboard-protected-Dashbo-d1a6d-sing-dashboard-without-auth-chromium\test-failed-1.png
    ────────────────────────────────────────────────────────────────────────────────────────────────


[1A[2K[93/910] [chromium] › tests\e2e\dashboard-protected.spec.ts:56:9 › Dashboard and Protected Routes › Unauthenticated Access › should allow access to public pages
[1A[2K[94/910] [chromium] › tests\e2e\dashboard-protected.spec.ts:70:9 › Dashboard and Protected Routes › Unauthenticated Access › should preserve intended destination after login
[1A[2K[95/910] [chromium] › tests\e2e\dashboard-protected.spec.ts:243:9 › Dashboard and Protected Routes › Session Management › should maintain session in new tab
[1A[2K[96/910] [chromium] › tests\e2e\dashboard.spec.ts:10:7 › Dashboard Tests › should login and verify dashboard layout
[1A[2K[97/910] [chromium] › tests\e2e\dashboard.spec.ts:54:7 › Dashboard Tests › should navigate to models page
[1A[2K[98/910] [chromium] › tests\e2e\docs.spec.ts:27:7 › Documentation Site › should load documentation page
[1A[2K[99/910] [chromium] › tests\e2e\dashboard.spec.ts:113:7 › Dashboard Tests › should create a new model successfully
[1A[2K[100/910] [chromium] › tests\e2e\dashboard.spec.ts:92:7 › Dashboard Tests › should have functional search bar in header
[1A[2KInternal error: step id not found: fixture@32

[1A[2K  73) [chromium] › tests\e2e\dashboard-protected.spec.ts:171:9 › Dashboard and Protected Routes › Authenticated Dashboard Access › should show phase completion status 

    Error: page.goto: net::ERR_CONNECTION_REFUSED at http://localhost:4000/register
    Call log:
    [2m  - navigating to "http://localhost:4000/register", waiting until "load"[22m


      21 |
      22 |     // Register
    > 23 |     await page.goto('/register')
         |                ^
      24 |     await page.getByLabel(/name/i).fill(testUser.name)
      25 |     await page.getByLabel(/email/i).fill(testUser.email)
      26 |     await page.getByLabel(/password/i).fill(testUser.password)
        at C:\Users\imoud\OneDrive\Documents\MyDistinctAi\tests\e2e\dashboard-protected.spec.ts:23:16

    attachment #1: screenshot (image/png) ──────────────────────────────────────────────────────────
    test-results\dashboard-protected-Dashbo-a41dc-how-phase-completion-status-chromium\test-failed-1.png
    ────────────────────────────────────────────────────────────────────────────────────────────────


[1A[2K[101/910] [chromium] › tests\e2e\dashboard-protected.spec.ts:176:9 › Dashboard and Protected Routes › Authenticated Dashboard Access › should have functional logout button
[1A[2K[102/910] [chromium] › tests\e2e\dashboard-protected.spec.ts:190:9 › Dashboard and Protected Routes › Authenticated Dashboard Access › should persist across page navigation
[1A[2KInternal error: step id not found: fixture@32

[1A[2K  74) [chromium] › tests\e2e\dashboard-protected.spec.ts:204:9 › Dashboard and Protected Routes › Authenticated Dashboard Access › should handle browser refresh correctly 

    Error: page.goto: net::ERR_CONNECTION_REFUSED at http://localhost:4000/register
    Call log:
    [2m  - navigating to "http://localhost:4000/register", waiting until "load"[22m


      21 |
      22 |     // Register
    > 23 |     await page.goto('/register')
         |                ^
      24 |     await page.getByLabel(/name/i).fill(testUser.name)
      25 |     await page.getByLabel(/email/i).fill(testUser.email)
      26 |     await page.getByLabel(/password/i).fill(testUser.password)
        at C:\Users\imoud\OneDrive\Documents\MyDistinctAi\tests\e2e\dashboard-protected.spec.ts:23:16

    attachment #1: screenshot (image/png) ──────────────────────────────────────────────────────────
    test-results\dashboard-protected-Dashbo-c233e-e-browser-refresh-correctly-chromium\test-failed-1.png
    ────────────────────────────────────────────────────────────────────────────────────────────────


[1A[2K[103/910] [chromium] › tests\e2e\dashboard-protected.spec.ts:215:9 › Dashboard and Protected Routes › Authenticated Dashboard Access › should be responsive on mobile viewport
[1A[2K[104/910] [chromium] › tests\e2e\dashboard-protected.spec.ts:226:9 › Dashboard and Protected Routes › Authenticated Dashboard Access › should display success message on dashboard
[1A[2K[105/910] [chromium] › tests\e2e\docs.spec.ts:41:7 › Documentation Site › should display search bar
[1A[2KInternal error: step id not found: fixture@32

[1A[2K  75) [chromium] › tests\e2e\dashboard-protected.spec.ts:243:9 › Dashboard and Protected Routes › Session Management › should maintain session in new tab 

    Error: page.goto: net::ERR_CONNECTION_REFUSED at http://localhost:4000/register
    Call log:
    [2m  - navigating to "http://localhost:4000/register", waiting until "load"[22m


      21 |
      22 |     // Register
    > 23 |     await page.goto('/register')
         |                ^
      24 |     await page.getByLabel(/name/i).fill(testUser.name)
      25 |     await page.getByLabel(/email/i).fill(testUser.email)
      26 |     await page.getByLabel(/password/i).fill(testUser.password)
        at C:\Users\imoud\OneDrive\Documents\MyDistinctAi\tests\e2e\dashboard-protected.spec.ts:23:16

    attachment #1: screenshot (image/png) ──────────────────────────────────────────────────────────
    test-results\dashboard-protected-Dashbo-4264b-maintain-session-in-new-tab-chromium\test-failed-1.png
    ────────────────────────────────────────────────────────────────────────────────────────────────


[1A[2K[106/910] [chromium] › tests\e2e\dashboard-protected.spec.ts:262:9 › Dashboard and Protected Routes › Session Management › should logout from all tabs
[1A[2K[107/910] [chromium] › tests\e2e\docs.spec.ts:48:7 › Documentation Site › should navigate between sections
[1A[2K[108/910] [chromium] › tests\e2e\docs.spec.ts:67:7 › Documentation Site › should show Getting Started content by default
[1A[2K  76) [chromium] › tests\e2e\dashboard.spec.ts:10:7 › Dashboard Tests › should login and verify dashboard layout 

    Error: page.goto: net::ERR_CONNECTION_REFUSED at http://localhost:4000/login
    Call log:
    [2m  - navigating to "http://localhost:4000/login", waiting until "load"[22m


      10 |   test('should login and verify dashboard layout', async ({ page }) => {
      11 |     // Login
    > 12 |     await page.goto('http://localhost:4000/login')
         |                ^
      13 |
      14 |     await page.getByLabel(/email/i).fill('demo@testmail.app')
      15 |     await page.getByLabel(/password/i).fill('Demo123456!')
        at C:\Users\imoud\OneDrive\Documents\MyDistinctAi\tests\e2e\dashboard.spec.ts:12:16

    attachment #1: screenshot (image/png) ──────────────────────────────────────────────────────────
    test-results\dashboard-Dashboard-Tests--6b1cf-and-verify-dashboard-layout-chromium\test-failed-1.png
    ────────────────────────────────────────────────────────────────────────────────────────────────

    attachment #2: video (video/webm) ──────────────────────────────────────────────────────────────
    test-results\dashboard-Dashboard-Tests--6b1cf-and-verify-dashboard-layout-chromium\video.webm
    ────────────────────────────────────────────────────────────────────────────────────────────────


[1A[2K  77) [chromium] › tests\e2e\dashboard.spec.ts:113:7 › Dashboard Tests › should create a new model successfully 

    Error: page.goto: net::ERR_CONNECTION_REFUSED at http://localhost:4000/login
    Call log:
    [2m  - navigating to "http://localhost:4000/login", waiting until "load"[22m


      113 |   test('should create a new model successfully', async ({ page }) => {
      114 |     // Login first
    > 115 |     await page.goto('http://localhost:4000/login')
          |                ^
      116 |     await page.getByLabel(/email/i).fill('demo@testmail.app')
      117 |     await page.getByLabel(/password/i).fill('Demo123456!')
      118 |
        at C:\Users\imoud\OneDrive\Documents\MyDistinctAi\tests\e2e\dashboard.spec.ts:115:16

    attachment #1: screenshot (image/png) ──────────────────────────────────────────────────────────
    test-results\dashboard-Dashboard-Tests--a4c5a-te-a-new-model-successfully-chromium\test-failed-1.png
    ────────────────────────────────────────────────────────────────────────────────────────────────

    attachment #2: video (video/webm) ──────────────────────────────────────────────────────────────
    test-results\dashboard-Dashboard-Tests--a4c5a-te-a-new-model-successfully-chromium\video.webm
    ────────────────────────────────────────────────────────────────────────────────────────────────


[1A[2K  78) [chromium] › tests\e2e\docs.spec.ts:27:7 › Documentation Site › should load documentation page 

    Error: page.goto: net::ERR_CONNECTION_REFUSED at http://localhost:4000/api/test-auth/johndoe
    Call log:
    [2m  - navigating to "http://localhost:4000/api/test-auth/johndoe", waiting until "load"[22m


       7 | test.beforeEach(async ({ page }) => {
       8 |   // Login using test auth API
    >  9 |   await page.goto('http://localhost:4000/api/test-auth/johndoe')
         |              ^
      10 |   await page.waitForLoadState('networkidle')
      11 |
      12 |   // Navigate to docs page
        at C:\Users\imoud\OneDrive\Documents\MyDistinctAi\tests\e2e\docs.spec.ts:9:14

    attachment #1: screenshot (image/png) ──────────────────────────────────────────────────────────
    test-results\docs-Documentation-Site-should-load-documentation-page-chromium\test-failed-1.png
    ────────────────────────────────────────────────────────────────────────────────────────────────

    attachment #2: video (video/webm) ──────────────────────────────────────────────────────────────
    test-results\docs-Documentation-Site-should-load-documentation-page-chromium\video.webm
    ────────────────────────────────────────────────────────────────────────────────────────────────


[1A[2K  79) [chromium] › tests\e2e\dashboard.spec.ts:54:7 › Dashboard Tests › should navigate to models page 

    Error: page.goto: net::ERR_CONNECTION_REFUSED at http://localhost:4000/login
    Call log:
    [2m  - navigating to "http://localhost:4000/login", waiting until "load"[22m


      54 |   test('should navigate to models page', async ({ page }) => {
      55 |     // Login first
    > 56 |     await page.goto('http://localhost:4000/login')
         |                ^
      57 |     await page.getByLabel(/email/i).fill('demo@testmail.app')
      58 |     await page.getByLabel(/password/i).fill('Demo123456!')
      59 |
        at C:\Users\imoud\OneDrive\Documents\MyDistinctAi\tests\e2e\dashboard.spec.ts:56:16

    attachment #1: screenshot (image/png) ──────────────────────────────────────────────────────────
    test-results\dashboard-Dashboard-Tests-should-navigate-to-models-page-chromium\test-failed-1.png
    ────────────────────────────────────────────────────────────────────────────────────────────────

    attachment #2: video (video/webm) ──────────────────────────────────────────────────────────────
    test-results\dashboard-Dashboard-Tests-should-navigate-to-models-page-chromium\video.webm
    ────────────────────────────────────────────────────────────────────────────────────────────────


[1A[2K  80) [chromium] › tests\e2e\dashboard.spec.ts:92:7 › Dashboard Tests › should have functional search bar in header 

    Error: page.goto: net::ERR_CONNECTION_REFUSED at http://localhost:4000/login
    Call log:
    [2m  - navigating to "http://localhost:4000/login", waiting until "load"[22m


      92 |   test('should have functional search bar in header', async ({ page }) => {
      93 |     // Login
    > 94 |     await page.goto('http://localhost:4000/login')
         |                ^
      95 |     await page.getByLabel(/email/i).fill('demo@testmail.app')
      96 |     await page.getByLabel(/password/i).fill('Demo123456!')
      97 |
        at C:\Users\imoud\OneDrive\Documents\MyDistinctAi\tests\e2e\dashboard.spec.ts:94:16

    attachment #1: screenshot (image/png) ──────────────────────────────────────────────────────────
    test-results\dashboard-Dashboard-Tests--f7805-tional-search-bar-in-header-chromium\test-failed-1.png
    ────────────────────────────────────────────────────────────────────────────────────────────────

    attachment #2: video (video/webm) ──────────────────────────────────────────────────────────────
    test-results\dashboard-Dashboard-Tests--f7805-tional-search-bar-in-header-chromium\video.webm
    ────────────────────────────────────────────────────────────────────────────────────────────────


[1A[2K[109/910] [chromium] › tests\e2e\docs.spec.ts:93:7 › Documentation Site › should copy code to clipboard
[1A[2K[110/910] [chromium] › tests\e2e\docs.spec.ts:77:7 › Documentation Site › should display code blocks with copy button
[1A[2K[111/910] [chromium] › tests\e2e\docs.spec.ts:121:7 › Documentation Site › should filter sections based on search
[1A[2K[112/910] [chromium] › tests\e2e\docs.spec.ts:133:7 › Documentation Site › should show feedback buttons
[1A[2K[113/910] [chromium] › tests\e2e\docs.spec.ts:109:7 › Documentation Site › should search documentation
[1A[2K  81) [chromium] › tests\e2e\docs.spec.ts:41:7 › Documentation Site › should display search bar ────

    Error: page.goto: net::ERR_CONNECTION_REFUSED at http://localhost:4000/api/test-auth/johndoe
    Call log:
    [2m  - navigating to "http://localhost:4000/api/test-auth/johndoe", waiting until "load"[22m


       7 | test.beforeEach(async ({ page }) => {
       8 |   // Login using test auth API
    >  9 |   await page.goto('http://localhost:4000/api/test-auth/johndoe')
         |              ^
      10 |   await page.waitForLoadState('networkidle')
      11 |
      12 |   // Navigate to docs page
        at C:\Users\imoud\OneDrive\Documents\MyDistinctAi\tests\e2e\docs.spec.ts:9:14

    attachment #1: screenshot (image/png) ──────────────────────────────────────────────────────────
    test-results\docs-Documentation-Site-should-display-search-bar-chromium\test-failed-1.png
    ────────────────────────────────────────────────────────────────────────────────────────────────

    attachment #2: video (video/webm) ──────────────────────────────────────────────────────────────
    test-results\docs-Documentation-Site-should-display-search-bar-chromium\video.webm
    ────────────────────────────────────────────────────────────────────────────────────────────────


[1A[2K  82) [chromium] › tests\e2e\docs.spec.ts:48:7 › Documentation Site › should navigate between sections 

    Error: page.goto: net::ERR_CONNECTION_REFUSED at http://localhost:4000/api/test-auth/johndoe
    Call log:
    [2m  - navigating to "http://localhost:4000/api/test-auth/johndoe", waiting until "load"[22m


       7 | test.beforeEach(async ({ page }) => {
       8 |   // Login using test auth API
    >  9 |   await page.goto('http://localhost:4000/api/test-auth/johndoe')
         |              ^
      10 |   await page.waitForLoadState('networkidle')
      11 |
      12 |   // Navigate to docs page
        at C:\Users\imoud\OneDrive\Documents\MyDistinctAi\tests\e2e\docs.spec.ts:9:14

    attachment #1: screenshot (image/png) ──────────────────────────────────────────────────────────
    test-results\docs-Documentation-Site-should-navigate-between-sections-chromium\test-failed-1.png
    ────────────────────────────────────────────────────────────────────────────────────────────────

    attachment #2: video (video/webm) ──────────────────────────────────────────────────────────────
    test-results\docs-Documentation-Site-should-navigate-between-sections-chromium\video.webm
    ────────────────────────────────────────────────────────────────────────────────────────────────


[1A[2K[114/910] [chromium] › tests\e2e\docs.spec.ts:146:7 › Documentation Site › should submit helpful feedback
[1A[2K  83) [chromium] › tests\e2e\docs.spec.ts:67:7 › Documentation Site › should show Getting Started content by default 

    Error: page.goto: net::ERR_CONNECTION_REFUSED at http://localhost:4000/api/test-auth/johndoe
    Call log:
    [2m  - navigating to "http://localhost:4000/api/test-auth/johndoe", waiting until "load"[22m


       7 | test.beforeEach(async ({ page }) => {
       8 |   // Login using test auth API
    >  9 |   await page.goto('http://localhost:4000/api/test-auth/johndoe')
         |              ^
      10 |   await page.waitForLoadState('networkidle')
      11 |
      12 |   // Navigate to docs page
        at C:\Users\imoud\OneDrive\Documents\MyDistinctAi\tests\e2e\docs.spec.ts:9:14

    attachment #1: screenshot (image/png) ──────────────────────────────────────────────────────────
    test-results\docs-Documentation-Site-sh-ebad3--Started-content-by-default-chromium\test-failed-1.png
    ────────────────────────────────────────────────────────────────────────────────────────────────

    attachment #2: video (video/webm) ──────────────────────────────────────────────────────────────
    test-results\docs-Documentation-Site-sh-ebad3--Started-content-by-default-chromium\video.webm
    ────────────────────────────────────────────────────────────────────────────────────────────────


[1A[2K[115/910] [chromium] › tests\e2e\docs.spec.ts:161:7 › Documentation Site › should submit not helpful feedback
[1A[2K[116/910] [chromium] › tests\e2e\docs.spec.ts:176:7 › Documentation Site › should navigate back to dashboard
[1A[2K  84) [chromium] › tests\e2e\docs.spec.ts:93:7 › Documentation Site › should copy code to clipboard 

    Error: page.goto: net::ERR_CONNECTION_REFUSED at http://localhost:4000/api/test-auth/johndoe
    Call log:
    [2m  - navigating to "http://localhost:4000/api/test-auth/johndoe", waiting until "load"[22m


       7 | test.beforeEach(async ({ page }) => {
       8 |   // Login using test auth API
    >  9 |   await page.goto('http://localhost:4000/api/test-auth/johndoe')
         |              ^
      10 |   await page.waitForLoadState('networkidle')
      11 |
      12 |   // Navigate to docs page
        at C:\Users\imoud\OneDrive\Documents\MyDistinctAi\tests\e2e\docs.spec.ts:9:14

    attachment #1: screenshot (image/png) ──────────────────────────────────────────────────────────
    test-results\docs-Documentation-Site-should-copy-code-to-clipboard-chromium\test-failed-1.png
    ────────────────────────────────────────────────────────────────────────────────────────────────

    attachment #2: video (video/webm) ──────────────────────────────────────────────────────────────
    test-results\docs-Documentation-Site-should-copy-code-to-clipboard-chromium\video.webm
    ────────────────────────────────────────────────────────────────────────────────────────────────


[1A[2K  85) [chromium] › tests\e2e\docs.spec.ts:77:7 › Documentation Site › should display code blocks with copy button 

    Error: page.goto: net::ERR_CONNECTION_REFUSED at http://localhost:4000/api/test-auth/johndoe
    Call log:
    [2m  - navigating to "http://localhost:4000/api/test-auth/johndoe", waiting until "load"[22m


       7 | test.beforeEach(async ({ page }) => {
       8 |   // Login using test auth API
    >  9 |   await page.goto('http://localhost:4000/api/test-auth/johndoe')
         |              ^
      10 |   await page.waitForLoadState('networkidle')
      11 |
      12 |   // Navigate to docs page
        at C:\Users\imoud\OneDrive\Documents\MyDistinctAi\tests\e2e\docs.spec.ts:9:14

    attachment #1: screenshot (image/png) ──────────────────────────────────────────────────────────
    test-results\docs-Documentation-Site-sh-8f04f-ode-blocks-with-copy-button-chromium\test-failed-1.png
    ────────────────────────────────────────────────────────────────────────────────────────────────

    attachment #2: video (video/webm) ──────────────────────────────────────────────────────────────
    test-results\docs-Documentation-Site-sh-8f04f-ode-blocks-with-copy-button-chromium\video.webm
    ────────────────────────────────────────────────────────────────────────────────────────────────


[1A[2K  86) [chromium] › tests\e2e\docs.spec.ts:121:7 › Documentation Site › should filter sections based on search 

    Error: page.goto: net::ERR_CONNECTION_REFUSED at http://localhost:4000/api/test-auth/johndoe
    Call log:
    [2m  - navigating to "http://localhost:4000/api/test-auth/johndoe", waiting until "load"[22m


       7 | test.beforeEach(async ({ page }) => {
       8 |   // Login using test auth API
    >  9 |   await page.goto('http://localhost:4000/api/test-auth/johndoe')
         |              ^
      10 |   await page.waitForLoadState('networkidle')
      11 |
      12 |   // Navigate to docs page
        at C:\Users\imoud\OneDrive\Documents\MyDistinctAi\tests\e2e\docs.spec.ts:9:14

    attachment #1: screenshot (image/png) ──────────────────────────────────────────────────────────
    test-results\docs-Documentation-Site-sh-9f856-er-sections-based-on-search-chromium\test-failed-1.png
    ────────────────────────────────────────────────────────────────────────────────────────────────

    attachment #2: video (video/webm) ──────────────────────────────────────────────────────────────
    test-results\docs-Documentation-Site-sh-9f856-er-sections-based-on-search-chromium\video.webm
    ────────────────────────────────────────────────────────────────────────────────────────────────


[1A[2K  87) [chromium] › tests\e2e\docs.spec.ts:133:7 › Documentation Site › should show feedback buttons 

    Error: page.goto: net::ERR_CONNECTION_REFUSED at http://localhost:4000/api/test-auth/johndoe
    Call log:
    [2m  - navigating to "http://localhost:4000/api/test-auth/johndoe", waiting until "load"[22m


       7 | test.beforeEach(async ({ page }) => {
       8 |   // Login using test auth API
    >  9 |   await page.goto('http://localhost:4000/api/test-auth/johndoe')
         |              ^
      10 |   await page.waitForLoadState('networkidle')
      11 |
      12 |   // Navigate to docs page
        at C:\Users\imoud\OneDrive\Documents\MyDistinctAi\tests\e2e\docs.spec.ts:9:14

    attachment #1: screenshot (image/png) ──────────────────────────────────────────────────────────
    test-results\docs-Documentation-Site-should-show-feedback-buttons-chromium\test-failed-1.png
    ────────────────────────────────────────────────────────────────────────────────────────────────

    attachment #2: video (video/webm) ──────────────────────────────────────────────────────────────
    test-results\docs-Documentation-Site-should-show-feedback-buttons-chromium\video.webm
    ────────────────────────────────────────────────────────────────────────────────────────────────


[1A[2K  88) [chromium] › tests\e2e\docs.spec.ts:109:7 › Documentation Site › should search documentation ─

    Error: page.goto: net::ERR_CONNECTION_REFUSED at http://localhost:4000/api/test-auth/johndoe
    Call log:
    [2m  - navigating to "http://localhost:4000/api/test-auth/johndoe", waiting until "load"[22m


       7 | test.beforeEach(async ({ page }) => {
       8 |   // Login using test auth API
    >  9 |   await page.goto('http://localhost:4000/api/test-auth/johndoe')
         |              ^
      10 |   await page.waitForLoadState('networkidle')
      11 |
      12 |   // Navigate to docs page
        at C:\Users\imoud\OneDrive\Documents\MyDistinctAi\tests\e2e\docs.spec.ts:9:14

    attachment #1: screenshot (image/png) ──────────────────────────────────────────────────────────
    test-results\docs-Documentation-Site-should-search-documentation-chromium\test-failed-1.png
    ────────────────────────────────────────────────────────────────────────────────────────────────

    attachment #2: video (video/webm) ──────────────────────────────────────────────────────────────
    test-results\docs-Documentation-Site-should-search-documentation-chromium\video.webm
    ────────────────────────────────────────────────────────────────────────────────────────────────


[1A[2K[117/910] [chromium] › tests\e2e\docs.spec.ts:187:7 › Documentation Site › should display all sections in sidebar
[1A[2K[118/910] [chromium] › tests\e2e\docs.spec.ts:204:7 › Documentation Site › should highlight active section
[1A[2K[119/910] [chromium] › tests\e2e\docs.spec.ts:236:7 › Documentation Site › should display self-hosting content
[1A[2K[120/910] [chromium] › tests\e2e\docs.spec.ts:222:7 › Documentation Site › should display FAQs content
[1A[2K[121/910] [chromium] › tests\e2e\file-upload.spec.ts:55:7 › File Upload Tests › should navigate to training data page
[1A[2K  89) [chromium] › tests\e2e\docs.spec.ts:146:7 › Documentation Site › should submit helpful feedback 

    Error: page.goto: net::ERR_CONNECTION_REFUSED at http://localhost:4000/api/test-auth/johndoe
    Call log:
    [2m  - navigating to "http://localhost:4000/api/test-auth/johndoe", waiting until "load"[22m


       7 | test.beforeEach(async ({ page }) => {
       8 |   // Login using test auth API
    >  9 |   await page.goto('http://localhost:4000/api/test-auth/johndoe')
         |              ^
      10 |   await page.waitForLoadState('networkidle')
      11 |
      12 |   // Navigate to docs page
        at C:\Users\imoud\OneDrive\Documents\MyDistinctAi\tests\e2e\docs.spec.ts:9:14

    attachment #1: screenshot (image/png) ──────────────────────────────────────────────────────────
    test-results\docs-Documentation-Site-should-submit-helpful-feedback-chromium\test-failed-1.png
    ────────────────────────────────────────────────────────────────────────────────────────────────

    attachment #2: video (video/webm) ──────────────────────────────────────────────────────────────
    test-results\docs-Documentation-Site-should-submit-helpful-feedback-chromium\video.webm
    ────────────────────────────────────────────────────────────────────────────────────────────────


[1A[2K  90) [chromium] › tests\e2e\docs.spec.ts:161:7 › Documentation Site › should submit not helpful feedback 

    Error: page.goto: net::ERR_CONNECTION_REFUSED at http://localhost:4000/api/test-auth/johndoe
    Call log:
    [2m  - navigating to "http://localhost:4000/api/test-auth/johndoe", waiting until "load"[22m


       7 | test.beforeEach(async ({ page }) => {
       8 |   // Login using test auth API
    >  9 |   await page.goto('http://localhost:4000/api/test-auth/johndoe')
         |              ^
      10 |   await page.waitForLoadState('networkidle')
      11 |
      12 |   // Navigate to docs page
        at C:\Users\imoud\OneDrive\Documents\MyDistinctAi\tests\e2e\docs.spec.ts:9:14

    attachment #1: screenshot (image/png) ──────────────────────────────────────────────────────────
    test-results\docs-Documentation-Site-should-submit-not-helpful-feedback-chromium\test-failed-1.png
    ────────────────────────────────────────────────────────────────────────────────────────────────

    attachment #2: video (video/webm) ──────────────────────────────────────────────────────────────
    test-results\docs-Documentation-Site-should-submit-not-helpful-feedback-chromium\video.webm
    ────────────────────────────────────────────────────────────────────────────────────────────────


[1A[2K[122/910] [chromium] › tests\e2e\file-upload.spec.ts:71:7 › File Upload Tests › should display file upload interface
[1A[2K  91) [chromium] › tests\e2e\docs.spec.ts:176:7 › Documentation Site › should navigate back to dashboard 

    Error: page.goto: net::ERR_CONNECTION_REFUSED at http://localhost:4000/api/test-auth/johndoe
    Call log:
    [2m  - navigating to "http://localhost:4000/api/test-auth/johndoe", waiting until "load"[22m


       7 | test.beforeEach(async ({ page }) => {
       8 |   // Login using test auth API
    >  9 |   await page.goto('http://localhost:4000/api/test-auth/johndoe')
         |              ^
      10 |   await page.waitForLoadState('networkidle')
      11 |
      12 |   // Navigate to docs page
        at C:\Users\imoud\OneDrive\Documents\MyDistinctAi\tests\e2e\docs.spec.ts:9:14

    attachment #1: screenshot (image/png) ──────────────────────────────────────────────────────────
    test-results\docs-Documentation-Site-should-navigate-back-to-dashboard-chromium\test-failed-1.png
    ────────────────────────────────────────────────────────────────────────────────────────────────

    attachment #2: video (video/webm) ──────────────────────────────────────────────────────────────
    test-results\docs-Documentation-Site-should-navigate-back-to-dashboard-chromium\video.webm
    ────────────────────────────────────────────────────────────────────────────────────────────────


[1A[2K[123/910] [chromium] › tests\e2e\file-upload.spec.ts:86:7 › File Upload Tests › should upload a text file
[1A[2K[124/910] [chromium] › tests\e2e\file-upload.spec.ts:133:7 › File Upload Tests › should show validation error for large file
[1A[2K  92) [chromium] › tests\e2e\docs.spec.ts:187:7 › Documentation Site › should display all sections in sidebar 

    Error: page.goto: net::ERR_CONNECTION_REFUSED at http://localhost:4000/api/test-auth/johndoe
    Call log:
    [2m  - navigating to "http://localhost:4000/api/test-auth/johndoe", waiting until "load"[22m


       7 | test.beforeEach(async ({ page }) => {
       8 |   // Login using test auth API
    >  9 |   await page.goto('http://localhost:4000/api/test-auth/johndoe')
         |              ^
      10 |   await page.waitForLoadState('networkidle')
      11 |
      12 |   // Navigate to docs page
        at C:\Users\imoud\OneDrive\Documents\MyDistinctAi\tests\e2e\docs.spec.ts:9:14

    attachment #1: screenshot (image/png) ──────────────────────────────────────────────────────────
    test-results\docs-Documentation-Site-sh-a4781-lay-all-sections-in-sidebar-chromium\test-failed-1.png
    ────────────────────────────────────────────────────────────────────────────────────────────────

    attachment #2: video (video/webm) ──────────────────────────────────────────────────────────────
    test-results\docs-Documentation-Site-sh-a4781-lay-all-sections-in-sidebar-chromium\video.webm
    ────────────────────────────────────────────────────────────────────────────────────────────────


[1A[2K  93) [chromium] › tests\e2e\docs.spec.ts:222:7 › Documentation Site › should display FAQs content ─

    Error: page.goto: net::ERR_CONNECTION_REFUSED at http://localhost:4000/api/test-auth/johndoe
    Call log:
    [2m  - navigating to "http://localhost:4000/api/test-auth/johndoe", waiting until "load"[22m


       7 | test.beforeEach(async ({ page }) => {
       8 |   // Login using test auth API
    >  9 |   await page.goto('http://localhost:4000/api/test-auth/johndoe')
         |              ^
      10 |   await page.waitForLoadState('networkidle')
      11 |
      12 |   // Navigate to docs page
        at C:\Users\imoud\OneDrive\Documents\MyDistinctAi\tests\e2e\docs.spec.ts:9:14

    attachment #1: screenshot (image/png) ──────────────────────────────────────────────────────────
    test-results\docs-Documentation-Site-should-display-FAQs-content-chromium\test-failed-1.png
    ────────────────────────────────────────────────────────────────────────────────────────────────

    attachment #2: video (video/webm) ──────────────────────────────────────────────────────────────
    test-results\docs-Documentation-Site-should-display-FAQs-content-chromium\video.webm
    ────────────────────────────────────────────────────────────────────────────────────────────────


[1A[2K  94) [chromium] › tests\e2e\docs.spec.ts:236:7 › Documentation Site › should display self-hosting content 

    Error: page.goto: net::ERR_CONNECTION_REFUSED at http://localhost:4000/api/test-auth/johndoe
    Call log:
    [2m  - navigating to "http://localhost:4000/api/test-auth/johndoe", waiting until "load"[22m


       7 | test.beforeEach(async ({ page }) => {
       8 |   // Login using test auth API
    >  9 |   await page.goto('http://localhost:4000/api/test-auth/johndoe')
         |              ^
      10 |   await page.waitForLoadState('networkidle')
      11 |
      12 |   // Navigate to docs page
        at C:\Users\imoud\OneDrive\Documents\MyDistinctAi\tests\e2e\docs.spec.ts:9:14

    attachment #1: screenshot (image/png) ──────────────────────────────────────────────────────────
    test-results\docs-Documentation-Site-should-display-self-hosting-content-chromium\test-failed-1.png
    ────────────────────────────────────────────────────────────────────────────────────────────────

    attachment #2: video (video/webm) ──────────────────────────────────────────────────────────────
    test-results\docs-Documentation-Site-should-display-self-hosting-content-chromium\video.webm
    ────────────────────────────────────────────────────────────────────────────────────────────────


[1A[2K  95) [chromium] › tests\e2e\docs.spec.ts:204:7 › Documentation Site › should highlight active section 

    Error: page.goto: net::ERR_CONNECTION_REFUSED at http://localhost:4000/api/test-auth/johndoe
    Call log:
    [2m  - navigating to "http://localhost:4000/api/test-auth/johndoe", waiting until "load"[22m


       7 | test.beforeEach(async ({ page }) => {
       8 |   // Login using test auth API
    >  9 |   await page.goto('http://localhost:4000/api/test-auth/johndoe')
         |              ^
      10 |   await page.waitForLoadState('networkidle')
      11 |
      12 |   // Navigate to docs page
        at C:\Users\imoud\OneDrive\Documents\MyDistinctAi\tests\e2e\docs.spec.ts:9:14

    attachment #1: screenshot (image/png) ──────────────────────────────────────────────────────────
    test-results\docs-Documentation-Site-should-highlight-active-section-chromium\test-failed-1.png
    ────────────────────────────────────────────────────────────────────────────────────────────────

    attachment #2: video (video/webm) ──────────────────────────────────────────────────────────────
    test-results\docs-Documentation-Site-should-highlight-active-section-chromium\video.webm
    ────────────────────────────────────────────────────────────────────────────────────────────────


[1A[2K  96) [chromium] › tests\e2e\file-upload.spec.ts:55:7 › File Upload Tests › should navigate to training data page 

    Error: page.goto: net::ERR_CONNECTION_REFUSED at http://localhost:4000/login
    Call log:
    [2m  - navigating to "http://localhost:4000/login", waiting until "load"[22m


      12 |   test.beforeEach(async ({ page }) => {
      13 |     // Login first
    > 14 |     await page.goto('http://localhost:4000/login')
         |                ^
      15 |     await page.getByLabel(/email/i).fill('demo@testmail.app')
      16 |     await page.getByLabel(/password/i).fill('Demo123456!')
      17 |
        at C:\Users\imoud\OneDrive\Documents\MyDistinctAi\tests\e2e\file-upload.spec.ts:14:16

    attachment #1: screenshot (image/png) ──────────────────────────────────────────────────────────
    test-results\file-upload-File-Upload-Te-1c04a-igate-to-training-data-page-chromium\test-failed-1.png
    ────────────────────────────────────────────────────────────────────────────────────────────────

    attachment #2: video (video/webm) ──────────────────────────────────────────────────────────────
    test-results\file-upload-File-Upload-Te-1c04a-igate-to-training-data-page-chromium\video.webm
    ────────────────────────────────────────────────────────────────────────────────────────────────


[1A[2K[125/910] [chromium] › tests\e2e\file-upload.spec.ts:165:7 › File Upload Tests › should display uploaded files in table
[1A[2K[126/910] [chromium] › tests\e2e\file-upload.spec.ts:198:7 › File Upload Tests › should have functional model selector
[1A[2K[127/910] [chromium] › tests\e2e\file-upload.spec.ts:220:7 › File Upload Tests › should show drag and drop zone with correct styling
[1A[2K[128/910] [chromium] › tests\e2e\file-upload.spec.ts:239:7 › File Upload Tests › should allow file removal before upload
[1A[2K[129/910] [chromium] › tests\e2e\file-upload.spec.ts:276:7 › File Upload Tests › should handle multiple file selection
[1A[2K  97) [chromium] › tests\e2e\file-upload.spec.ts:71:7 › File Upload Tests › should display file upload interface 

    Error: page.goto: net::ERR_CONNECTION_REFUSED at http://localhost:4000/login
    Call log:
    [2m  - navigating to "http://localhost:4000/login", waiting until "load"[22m


      12 |   test.beforeEach(async ({ page }) => {
      13 |     // Login first
    > 14 |     await page.goto('http://localhost:4000/login')
         |                ^
      15 |     await page.getByLabel(/email/i).fill('demo@testmail.app')
      16 |     await page.getByLabel(/password/i).fill('Demo123456!')
      17 |
        at C:\Users\imoud\OneDrive\Documents\MyDistinctAi\tests\e2e\file-upload.spec.ts:14:16

    attachment #1: screenshot (image/png) ──────────────────────────────────────────────────────────
    test-results\file-upload-File-Upload-Te-0748e-splay-file-upload-interface-chromium\test-failed-1.png
    ────────────────────────────────────────────────────────────────────────────────────────────────

    attachment #2: video (video/webm) ──────────────────────────────────────────────────────────────
    test-results\file-upload-File-Upload-Te-0748e-splay-file-upload-interface-chromium\video.webm
    ────────────────────────────────────────────────────────────────────────────────────────────────


[1A[2K  98) [chromium] › tests\e2e\file-upload.spec.ts:86:7 › File Upload Tests › should upload a text file 

    Error: page.goto: net::ERR_CONNECTION_REFUSED at http://localhost:4000/login
    Call log:
    [2m  - navigating to "http://localhost:4000/login", waiting until "load"[22m


      12 |   test.beforeEach(async ({ page }) => {
      13 |     // Login first
    > 14 |     await page.goto('http://localhost:4000/login')
         |                ^
      15 |     await page.getByLabel(/email/i).fill('demo@testmail.app')
      16 |     await page.getByLabel(/password/i).fill('Demo123456!')
      17 |
        at C:\Users\imoud\OneDrive\Documents\MyDistinctAi\tests\e2e\file-upload.spec.ts:14:16

    attachment #1: screenshot (image/png) ──────────────────────────────────────────────────────────
    test-results\file-upload-File-Upload-Tests-should-upload-a-text-file-chromium\test-failed-1.png
    ────────────────────────────────────────────────────────────────────────────────────────────────

    attachment #2: video (video/webm) ──────────────────────────────────────────────────────────────
    test-results\file-upload-File-Upload-Tests-should-upload-a-text-file-chromium\video.webm
    ────────────────────────────────────────────────────────────────────────────────────────────────


[1A[2K[130/910] [chromium] › tests\e2e\landing-page.spec.ts:4:7 › Landing Page › should load and display all main sections
[1A[2K  99) [chromium] › tests\e2e\file-upload.spec.ts:133:7 › File Upload Tests › should show validation error for large file 

    Error: page.goto: net::ERR_CONNECTION_REFUSED at http://localhost:4000/login
    Call log:
    [2m  - navigating to "http://localhost:4000/login", waiting until "load"[22m


      12 |   test.beforeEach(async ({ page }) => {
      13 |     // Login first
    > 14 |     await page.goto('http://localhost:4000/login')
         |                ^
      15 |     await page.getByLabel(/email/i).fill('demo@testmail.app')
      16 |     await page.getByLabel(/password/i).fill('Demo123456!')
      17 |
        at C:\Users\imoud\OneDrive\Documents\MyDistinctAi\tests\e2e\file-upload.spec.ts:14:16

    attachment #1: screenshot (image/png) ──────────────────────────────────────────────────────────
    test-results\file-upload-File-Upload-Te-c6a8b-dation-error-for-large-file-chromium\test-failed-1.png
    ────────────────────────────────────────────────────────────────────────────────────────────────

    attachment #2: video (video/webm) ──────────────────────────────────────────────────────────────
    test-results\file-upload-File-Upload-Te-c6a8b-dation-error-for-large-file-chromium\video.webm
    ────────────────────────────────────────────────────────────────────────────────────────────────


[1A[2K[131/910] [chromium] › tests\e2e\landing-page.spec.ts:23:7 › Landing Page › should display Features section with 3 key differentiators
[1A[2K[132/910] [chromium] › tests\e2e\landing-page.spec.ts:38:7 › Landing Page › should display How It Works section with 3 steps
[1A[2K  100) [chromium] › tests\e2e\file-upload.spec.ts:165:7 › File Upload Tests › should display uploaded files in table 

    Error: page.goto: net::ERR_CONNECTION_REFUSED at http://localhost:4000/login
    Call log:
    [2m  - navigating to "http://localhost:4000/login", waiting until "load"[22m


      12 |   test.beforeEach(async ({ page }) => {
      13 |     // Login first
    > 14 |     await page.goto('http://localhost:4000/login')
         |                ^
      15 |     await page.getByLabel(/email/i).fill('demo@testmail.app')
      16 |     await page.getByLabel(/password/i).fill('Demo123456!')
      17 |
        at C:\Users\imoud\OneDrive\Documents\MyDistinctAi\tests\e2e\file-upload.spec.ts:14:16

    attachment #1: screenshot (image/png) ──────────────────────────────────────────────────────────
    test-results\file-upload-File-Upload-Te-80789-lay-uploaded-files-in-table-chromium\test-failed-1.png
    ────────────────────────────────────────────────────────────────────────────────────────────────

    attachment #2: video (video/webm) ──────────────────────────────────────────────────────────────
    test-results\file-upload-File-Upload-Te-80789-lay-uploaded-files-in-table-chromium\video.webm
    ────────────────────────────────────────────────────────────────────────────────────────────────


[1A[2K  101) [chromium] › tests\e2e\file-upload.spec.ts:220:7 › File Upload Tests › should show drag and drop zone with correct styling 

    Error: page.goto: net::ERR_CONNECTION_REFUSED at http://localhost:4000/login
    Call log:
    [2m  - navigating to "http://localhost:4000/login", waiting until "load"[22m


      12 |   test.beforeEach(async ({ page }) => {
      13 |     // Login first
    > 14 |     await page.goto('http://localhost:4000/login')
         |                ^
      15 |     await page.getByLabel(/email/i).fill('demo@testmail.app')
      16 |     await page.getByLabel(/password/i).fill('Demo123456!')
      17 |
        at C:\Users\imoud\OneDrive\Documents\MyDistinctAi\tests\e2e\file-upload.spec.ts:14:16

    attachment #1: screenshot (image/png) ──────────────────────────────────────────────────────────
    test-results\file-upload-File-Upload-Te-21002-p-zone-with-correct-styling-chromium\test-failed-1.png
    ────────────────────────────────────────────────────────────────────────────────────────────────

    attachment #2: video (video/webm) ──────────────────────────────────────────────────────────────
    test-results\file-upload-File-Upload-Te-21002-p-zone-with-correct-styling-chromium\video.webm
    ────────────────────────────────────────────────────────────────────────────────────────────────


[1A[2K  102) [chromium] › tests\e2e\file-upload.spec.ts:198:7 › File Upload Tests › should have functional model selector 

    Error: page.goto: net::ERR_CONNECTION_REFUSED at http://localhost:4000/login
    Call log:
    [2m  - navigating to "http://localhost:4000/login", waiting until "load"[22m


      12 |   test.beforeEach(async ({ page }) => {
      13 |     // Login first
    > 14 |     await page.goto('http://localhost:4000/login')
         |                ^
      15 |     await page.getByLabel(/email/i).fill('demo@testmail.app')
      16 |     await page.getByLabel(/password/i).fill('Demo123456!')
      17 |
        at C:\Users\imoud\OneDrive\Documents\MyDistinctAi\tests\e2e\file-upload.spec.ts:14:16

    attachment #1: screenshot (image/png) ──────────────────────────────────────────────────────────
    test-results\file-upload-File-Upload-Te-0b0d5-e-functional-model-selector-chromium\test-failed-1.png
    ────────────────────────────────────────────────────────────────────────────────────────────────

    attachment #2: video (video/webm) ──────────────────────────────────────────────────────────────
    test-results\file-upload-File-Upload-Te-0b0d5-e-functional-model-selector-chromium\video.webm
    ────────────────────────────────────────────────────────────────────────────────────────────────


[1A[2K  103) [chromium] › tests\e2e\file-upload.spec.ts:239:7 › File Upload Tests › should allow file removal before upload 

    Error: page.goto: net::ERR_CONNECTION_REFUSED at http://localhost:4000/login
    Call log:
    [2m  - navigating to "http://localhost:4000/login", waiting until "load"[22m


      12 |   test.beforeEach(async ({ page }) => {
      13 |     // Login first
    > 14 |     await page.goto('http://localhost:4000/login')
         |                ^
      15 |     await page.getByLabel(/email/i).fill('demo@testmail.app')
      16 |     await page.getByLabel(/password/i).fill('Demo123456!')
      17 |
        at C:\Users\imoud\OneDrive\Documents\MyDistinctAi\tests\e2e\file-upload.spec.ts:14:16

    attachment #1: screenshot (image/png) ──────────────────────────────────────────────────────────
    test-results\file-upload-File-Upload-Te-0caa3--file-removal-before-upload-chromium\test-failed-1.png
    ────────────────────────────────────────────────────────────────────────────────────────────────

    attachment #2: video (video/webm) ──────────────────────────────────────────────────────────────
    test-results\file-upload-File-Upload-Te-0caa3--file-removal-before-upload-chromium\video.webm
    ────────────────────────────────────────────────────────────────────────────────────────────────


[1A[2K  104) [chromium] › tests\e2e\file-upload.spec.ts:276:7 › File Upload Tests › should handle multiple file selection 

    Error: page.goto: net::ERR_CONNECTION_REFUSED at http://localhost:4000/login
    Call log:
    [2m  - navigating to "http://localhost:4000/login", waiting until "load"[22m


      12 |   test.beforeEach(async ({ page }) => {
      13 |     // Login first
    > 14 |     await page.goto('http://localhost:4000/login')
         |                ^
      15 |     await page.getByLabel(/email/i).fill('demo@testmail.app')
      16 |     await page.getByLabel(/password/i).fill('Demo123456!')
      17 |
        at C:\Users\imoud\OneDrive\Documents\MyDistinctAi\tests\e2e\file-upload.spec.ts:14:16

    attachment #1: screenshot (image/png) ──────────────────────────────────────────────────────────
    test-results\file-upload-File-Upload-Te-896fd-dle-multiple-file-selection-chromium\test-failed-1.png
    ────────────────────────────────────────────────────────────────────────────────────────────────

    attachment #2: video (video/webm) ──────────────────────────────────────────────────────────────
    test-results\file-upload-File-Upload-Te-896fd-dle-multiple-file-selection-chromium\video.webm
    ────────────────────────────────────────────────────────────────────────────────────────────────


[1A[2K[133/910] [chromium] › tests\e2e\landing-page.spec.ts:50:7 › Landing Page › should display Audience Tabs and allow switching
[1A[2K[134/910] [chromium] › tests\e2e\landing-page.spec.ts:79:7 › Landing Page › should display and submit Waitlist Form
[1A[2K[135/910] [chromium] › tests\e2e\landing-page.spec.ts:123:7 › Landing Page › CTAs should navigate to correct pages
[1A[2K[136/910] [chromium] › tests\e2e\landing-page.spec.ts:104:7 › Landing Page › should display Footer with all sections
[1A[2K  105) [chromium] › tests\e2e\landing-page.spec.ts:4:7 › Landing Page › should load and display all main sections 

    Error: page.goto: net::ERR_CONNECTION_REFUSED at http://localhost:4000/
    Call log:
    [2m  - navigating to "http://localhost:4000/", waiting until "load"[22m


      3 | test.describe('Landing Page', () => {
      4 |   test('should load and display all main sections', async ({ page }) => {
    > 5 |     await page.goto('/')
        |                ^
      6 |
      7 |     // Check Hero section
      8 |     await expect(page.getByRole('heading', { name: /Build your own GPT/i })).toBeVisible()
        at C:\Users\imoud\OneDrive\Documents\MyDistinctAi\tests\e2e\landing-page.spec.ts:5:16

    attachment #1: screenshot (image/png) ──────────────────────────────────────────────────────────
    test-results\landing-page-Landing-Page--5f73c-d-display-all-main-sections-chromium\test-failed-1.png
    ────────────────────────────────────────────────────────────────────────────────────────────────

    attachment #2: video (video/webm) ──────────────────────────────────────────────────────────────
    test-results\landing-page-Landing-Page--5f73c-d-display-all-main-sections-chromium\video.webm
    ────────────────────────────────────────────────────────────────────────────────────────────────


[1A[2K[137/910] [chromium] › tests\e2e\landing-page.spec.ts:135:7 › Landing Page › should be responsive on mobile
[1A[2K  106) [chromium] › tests\e2e\landing-page.spec.ts:23:7 › Landing Page › should display Features section with 3 key differentiators 

    Error: page.goto: net::ERR_CONNECTION_REFUSED at http://localhost:4000/
    Call log:
    [2m  - navigating to "http://localhost:4000/", waiting until "load"[22m


      22 |
      23 |   test('should display Features section with 3 key differentiators', async ({ page }) => {
    > 24 |     await page.goto('/')
         |                ^
      25 |
      26 |     // Check section header
      27 |     await expect(page.getByRole('heading', { name: /Three Key Differentiators/i })).toBeVisible()
        at C:\Users\imoud\OneDrive\Documents\MyDistinctAi\tests\e2e\landing-page.spec.ts:24:16

    attachment #1: screenshot (image/png) ──────────────────────────────────────────────────────────
    test-results\landing-page-Landing-Page--92940--with-3-key-differentiators-chromium\test-failed-1.png
    ────────────────────────────────────────────────────────────────────────────────────────────────

    attachment #2: video (video/webm) ──────────────────────────────────────────────────────────────
    test-results\landing-page-Landing-Page--92940--with-3-key-differentiators-chromium\video.webm
    ────────────────────────────────────────────────────────────────────────────────────────────────


[1A[2K  107) [chromium] › tests\e2e\landing-page.spec.ts:38:7 › Landing Page › should display How It Works section with 3 steps 

    Error: page.goto: net::ERR_CONNECTION_REFUSED at http://localhost:4000/
    Call log:
    [2m  - navigating to "http://localhost:4000/", waiting until "load"[22m


      37 |
      38 |   test('should display How It Works section with 3 steps', async ({ page }) => {
    > 39 |     await page.goto('/')
         |                ^
      40 |
      41 |     // Check section header
      42 |     await expect(page.getByRole('heading', { name: /How It Works/i })).toBeVisible()
        at C:\Users\imoud\OneDrive\Documents\MyDistinctAi\tests\e2e\landing-page.spec.ts:39:16

    attachment #1: screenshot (image/png) ──────────────────────────────────────────────────────────
    test-results\landing-page-Landing-Page--10b75--Works-section-with-3-steps-chromium\test-failed-1.png
    ────────────────────────────────────────────────────────────────────────────────────────────────

    attachment #2: video (video/webm) ──────────────────────────────────────────────────────────────
    test-results\landing-page-Landing-Page--10b75--Works-section-with-3-steps-chromium\video.webm
    ────────────────────────────────────────────────────────────────────────────────────────────────


[1A[2K[138/910] [chromium] › tests\e2e\login-simple.spec.ts:11:7 › Simple Login Test › should register and login immediately
[1A[2K[139/910] [chromium] › tests\e2e\notifications.spec.ts:22:7 › Notifications Settings Tests › should display notifications settings page
[1A[2K[140/910] [chromium] › tests\e2e\notifications.spec.ts:41:7 › Notifications Settings Tests › should display all notification sections
[1A[2K  108) [chromium] › tests\e2e\landing-page.spec.ts:50:7 › Landing Page › should display Audience Tabs and allow switching 

    Error: page.goto: net::ERR_CONNECTION_REFUSED at http://localhost:4000/
    Call log:
    [2m  - navigating to "http://localhost:4000/", waiting until "load"[22m


      49 |
      50 |   test('should display Audience Tabs and allow switching', async ({ page }) => {
    > 51 |     await page.goto('/')
         |                ^
      52 |
      53 |     // Check section header
      54 |     await expect(
        at C:\Users\imoud\OneDrive\Documents\MyDistinctAi\tests\e2e\landing-page.spec.ts:51:16

    attachment #1: screenshot (image/png) ──────────────────────────────────────────────────────────
    test-results\landing-page-Landing-Page--f0a5c-ce-Tabs-and-allow-switching-chromium\test-failed-1.png
    ────────────────────────────────────────────────────────────────────────────────────────────────

    attachment #2: video (video/webm) ──────────────────────────────────────────────────────────────
    test-results\landing-page-Landing-Page--f0a5c-ce-Tabs-and-allow-switching-chromium\video.webm
    ────────────────────────────────────────────────────────────────────────────────────────────────


[1A[2K  109) [chromium] › tests\e2e\landing-page.spec.ts:79:7 › Landing Page › should display and submit Waitlist Form 

    Error: page.goto: net::ERR_CONNECTION_REFUSED at http://localhost:4000/
    Call log:
    [2m  - navigating to "http://localhost:4000/", waiting until "load"[22m


      78 |
      79 |   test('should display and submit Waitlist Form', async ({ page }) => {
    > 80 |     await page.goto('/')
         |                ^
      81 |
      82 |     // Check section header
      83 |     await expect(page.getByRole('heading', { name: /Join the Waitlist/i })).toBeVisible()
        at C:\Users\imoud\OneDrive\Documents\MyDistinctAi\tests\e2e\landing-page.spec.ts:80:16

    attachment #1: screenshot (image/png) ──────────────────────────────────────────────────────────
    test-results\landing-page-Landing-Page--0fc45-ay-and-submit-Waitlist-Form-chromium\test-failed-1.png
    ────────────────────────────────────────────────────────────────────────────────────────────────

    attachment #2: video (video/webm) ──────────────────────────────────────────────────────────────
    test-results\landing-page-Landing-Page--0fc45-ay-and-submit-Waitlist-Form-chromium\video.webm
    ────────────────────────────────────────────────────────────────────────────────────────────────


[1A[2K  110) [chromium] › tests\e2e\landing-page.spec.ts:123:7 › Landing Page › CTAs should navigate to correct pages 

    Error: page.goto: net::ERR_CONNECTION_REFUSED at http://localhost:4000/
    Call log:
    [2m  - navigating to "http://localhost:4000/", waiting until "load"[22m


      122 |
      123 |   test('CTAs should navigate to correct pages', async ({ page }) => {
    > 124 |     await page.goto('/')
          |                ^
      125 |
      126 |     // Click "Start Free Trial" button
      127 |     const startTrialButton = page.getByRole('link', { name: /Start Free Trial/i }).first()
        at C:\Users\imoud\OneDrive\Documents\MyDistinctAi\tests\e2e\landing-page.spec.ts:124:16

    attachment #1: screenshot (image/png) ──────────────────────────────────────────────────────────
    test-results\landing-page-Landing-Page--ab979-d-navigate-to-correct-pages-chromium\test-failed-1.png
    ────────────────────────────────────────────────────────────────────────────────────────────────

    attachment #2: video (video/webm) ──────────────────────────────────────────────────────────────
    test-results\landing-page-Landing-Page--ab979-d-navigate-to-correct-pages-chromium\video.webm
    ────────────────────────────────────────────────────────────────────────────────────────────────


[1A[2K  111) [chromium] › tests\e2e\landing-page.spec.ts:104:7 › Landing Page › should display Footer with all sections 

    Error: page.goto: net::ERR_CONNECTION_REFUSED at http://localhost:4000/
    Call log:
    [2m  - navigating to "http://localhost:4000/", waiting until "load"[22m


      103 |
      104 |   test('should display Footer with all sections', async ({ page }) => {
    > 105 |     await page.goto('/')
          |                ^
      106 |
      107 |     // Scroll to footer
      108 |     await page.evaluate(() => window.scrollTo(0, document.body.scrollHeight))
        at C:\Users\imoud\OneDrive\Documents\MyDistinctAi\tests\e2e\landing-page.spec.ts:105:16

    attachment #1: screenshot (image/png) ──────────────────────────────────────────────────────────
    test-results\landing-page-Landing-Page--c54c5-ay-Footer-with-all-sections-chromium\test-failed-1.png
    ────────────────────────────────────────────────────────────────────────────────────────────────

    attachment #2: video (video/webm) ──────────────────────────────────────────────────────────────
    test-results\landing-page-Landing-Page--c54c5-ay-Footer-with-all-sections-chromium\video.webm
    ────────────────────────────────────────────────────────────────────────────────────────────────


[1A[2K  112) [chromium] › tests\e2e\landing-page.spec.ts:135:7 › Landing Page › should be responsive on mobile 

    Error: page.goto: net::ERR_CONNECTION_REFUSED at http://localhost:4000/
    Call log:
    [2m  - navigating to "http://localhost:4000/", waiting until "load"[22m


      136 |     // Set mobile viewport
      137 |     await page.setViewportSize({ width: 375, height: 667 })
    > 138 |     await page.goto('/')
          |                ^
      139 |
      140 |     // Check main sections are still visible on mobile
      141 |     await expect(page.getByRole('heading', { name: /Build your own GPT/i })).toBeVisible()
        at C:\Users\imoud\OneDrive\Documents\MyDistinctAi\tests\e2e\landing-page.spec.ts:138:16

    attachment #1: screenshot (image/png) ──────────────────────────────────────────────────────────
    test-results\landing-page-Landing-Page-should-be-responsive-on-mobile-chromium\test-failed-1.png
    ────────────────────────────────────────────────────────────────────────────────────────────────

    attachment #2: video (video/webm) ──────────────────────────────────────────────────────────────
    test-results\landing-page-Landing-Page-should-be-responsive-on-mobile-chromium\video.webm
    ────────────────────────────────────────────────────────────────────────────────────────────────


[1A[2K[141/910] [chromium] › tests\e2e\notifications.spec.ts:56:7 › Notifications Settings Tests › should display email notification toggles
[1A[2K  113) [chromium] › tests\e2e\login-simple.spec.ts:11:7 › Simple Login Test › should register and login immediately 

    Error: page.goto: net::ERR_CONNECTION_REFUSED at http://localhost:4000/register
    Call log:
    [2m  - navigating to "http://localhost:4000/register", waiting until "load"[22m


      11 |   test('should register and login immediately', async ({ page }) => {
      12 |     // Step 1: Register
    > 13 |     await page.goto('/register')
         |                ^
      14 |
      15 |     await page.getByLabel(/name/i).fill(testUser.name)
      16 |     await page.getByLabel(/email/i).fill(testUser.email)
        at C:\Users\imoud\OneDrive\Documents\MyDistinctAi\tests\e2e\login-simple.spec.ts:13:16

    attachment #1: screenshot (image/png) ──────────────────────────────────────────────────────────
    test-results\login-simple-Simple-Login--517da-ister-and-login-immediately-chromium\test-failed-1.png
    ────────────────────────────────────────────────────────────────────────────────────────────────

    attachment #2: video (video/webm) ──────────────────────────────────────────────────────────────
    test-results\login-simple-Simple-Login--517da-ister-and-login-immediately-chromium\video.webm
    ────────────────────────────────────────────────────────────────────────────────────────────────


[1A[2K[142/910] [chromium] › tests\e2e\notifications.spec.ts:71:7 › Notifications Settings Tests › should display in-app notification toggles
[1A[2K[143/910] [chromium] › tests\e2e\notifications.spec.ts:84:7 › Notifications Settings Tests › should display important alerts section
[1A[2K[144/910] [chromium] › tests\e2e\notifications.spec.ts:97:7 › Notifications Settings Tests › should toggle email notifications master switch
[1A[2K[145/910] [chromium] › tests\e2e\notifications.spec.ts:124:7 › Notifications Settings Tests › should toggle in-app notifications master switch
[1A[2K  114) [chromium] › tests\e2e\notifications.spec.ts:22:7 › Notifications Settings Tests › should display notifications settings page 

    Error: page.goto: net::ERR_CONNECTION_REFUSED at http://localhost:4000/login
    Call log:
    [2m  - navigating to "http://localhost:4000/login", waiting until "load"[22m


      10 |   test.beforeEach(async ({ page }) => {
      11 |     // Login first using test credentials
    > 12 |     await page.goto('http://localhost:4000/login')
         |                ^
      13 |     await page.getByLabel(/email/i).fill('demo@testmail.app')
      14 |     await page.getByLabel(/password/i).fill('Demo123456!')
      15 |
        at C:\Users\imoud\OneDrive\Documents\MyDistinctAi\tests\e2e\notifications.spec.ts:12:16

    attachment #1: screenshot (image/png) ──────────────────────────────────────────────────────────
    test-results\notifications-Notification-88dc3-notifications-settings-page-chromium\test-failed-1.png
    ────────────────────────────────────────────────────────────────────────────────────────────────

    attachment #2: video (video/webm) ──────────────────────────────────────────────────────────────
    test-results\notifications-Notification-88dc3-notifications-settings-page-chromium\video.webm
    ────────────────────────────────────────────────────────────────────────────────────────────────


[1A[2K  115) [chromium] › tests\e2e\notifications.spec.ts:41:7 › Notifications Settings Tests › should display all notification sections 

    Error: page.goto: net::ERR_CONNECTION_REFUSED at http://localhost:4000/login
    Call log:
    [2m  - navigating to "http://localhost:4000/login", waiting until "load"[22m


      10 |   test.beforeEach(async ({ page }) => {
      11 |     // Login first using test credentials
    > 12 |     await page.goto('http://localhost:4000/login')
         |                ^
      13 |     await page.getByLabel(/email/i).fill('demo@testmail.app')
      14 |     await page.getByLabel(/password/i).fill('Demo123456!')
      15 |
        at C:\Users\imoud\OneDrive\Documents\MyDistinctAi\tests\e2e\notifications.spec.ts:12:16

    attachment #1: screenshot (image/png) ──────────────────────────────────────────────────────────
    test-results\notifications-Notification-add48-y-all-notification-sections-chromium\test-failed-1.png
    ────────────────────────────────────────────────────────────────────────────────────────────────

    attachment #2: video (video/webm) ──────────────────────────────────────────────────────────────
    test-results\notifications-Notification-add48-y-all-notification-sections-chromium\video.webm
    ────────────────────────────────────────────────────────────────────────────────────────────────


[1A[2K[146/910] [chromium] › tests\e2e\notifications.spec.ts:151:7 › Notifications Settings Tests › should toggle usage limit warnings
[1A[2K[147/910] [chromium] › tests\e2e\notifications.spec.ts:178:7 › Notifications Settings Tests › should have save button
[1A[2K[148/910] [chromium] › tests\e2e\notifications.spec.ts:190:7 › Notifications Settings Tests › should save notification settings
[1A[2K  116) [chromium] › tests\e2e\notifications.spec.ts:56:7 › Notifications Settings Tests › should display email notification toggles 

    Error: page.goto: net::ERR_CONNECTION_REFUSED at http://localhost:4000/login
    Call log:
    [2m  - navigating to "http://localhost:4000/login", waiting until "load"[22m


      10 |   test.beforeEach(async ({ page }) => {
      11 |     // Login first using test credentials
    > 12 |     await page.goto('http://localhost:4000/login')
         |                ^
      13 |     await page.getByLabel(/email/i).fill('demo@testmail.app')
      14 |     await page.getByLabel(/password/i).fill('Demo123456!')
      15 |
        at C:\Users\imoud\OneDrive\Documents\MyDistinctAi\tests\e2e\notifications.spec.ts:12:16

    attachment #1: screenshot (image/png) ──────────────────────────────────────────────────────────
    test-results\notifications-Notification-5717d--email-notification-toggles-chromium\test-failed-1.png
    ────────────────────────────────────────────────────────────────────────────────────────────────

    attachment #2: video (video/webm) ──────────────────────────────────────────────────────────────
    test-results\notifications-Notification-5717d--email-notification-toggles-chromium\video.webm
    ────────────────────────────────────────────────────────────────────────────────────────────────


[1A[2K  117) [chromium] › tests\e2e\notifications.spec.ts:71:7 › Notifications Settings Tests › should display in-app notification toggles 

    Error: page.goto: net::ERR_CONNECTION_REFUSED at http://localhost:4000/login
    Call log:
    [2m  - navigating to "http://localhost:4000/login", waiting until "load"[22m


      10 |   test.beforeEach(async ({ page }) => {
      11 |     // Login first using test credentials
    > 12 |     await page.goto('http://localhost:4000/login')
         |                ^
      13 |     await page.getByLabel(/email/i).fill('demo@testmail.app')
      14 |     await page.getByLabel(/password/i).fill('Demo123456!')
      15 |
        at C:\Users\imoud\OneDrive\Documents\MyDistinctAi\tests\e2e\notifications.spec.ts:12:16

    attachment #1: screenshot (image/png) ──────────────────────────────────────────────────────────
    test-results\notifications-Notification-11a41-in-app-notification-toggles-chromium\test-failed-1.png
    ────────────────────────────────────────────────────────────────────────────────────────────────

    attachment #2: video (video/webm) ──────────────────────────────────────────────────────────────
    test-results\notifications-Notification-11a41-in-app-notification-toggles-chromium\video.webm
    ────────────────────────────────────────────────────────────────────────────────────────────────


[1A[2K  118) [chromium] › tests\e2e\notifications.spec.ts:97:7 › Notifications Settings Tests › should toggle email notifications master switch 

    Error: page.goto: net::ERR_CONNECTION_REFUSED at http://localhost:4000/login
    Call log:
    [2m  - navigating to "http://localhost:4000/login", waiting until "load"[22m


      10 |   test.beforeEach(async ({ page }) => {
      11 |     // Login first using test credentials
    > 12 |     await page.goto('http://localhost:4000/login')
         |                ^
      13 |     await page.getByLabel(/email/i).fill('demo@testmail.app')
      14 |     await page.getByLabel(/password/i).fill('Demo123456!')
      15 |
        at C:\Users\imoud\OneDrive\Documents\MyDistinctAi\tests\e2e\notifications.spec.ts:12:16

    attachment #1: screenshot (image/png) ──────────────────────────────────────────────────────────
    test-results\notifications-Notification-13d67-notifications-master-switch-chromium\test-failed-1.png
    ────────────────────────────────────────────────────────────────────────────────────────────────

    attachment #2: video (video/webm) ──────────────────────────────────────────────────────────────
    test-results\notifications-Notification-13d67-notifications-master-switch-chromium\video.webm
    ────────────────────────────────────────────────────────────────────────────────────────────────


[1A[2K  119) [chromium] › tests\e2e\notifications.spec.ts:84:7 › Notifications Settings Tests › should display important alerts section 

    Error: page.goto: net::ERR_CONNECTION_REFUSED at http://localhost:4000/login
    Call log:
    [2m  - navigating to "http://localhost:4000/login", waiting until "load"[22m


      10 |   test.beforeEach(async ({ page }) => {
      11 |     // Login first using test credentials
    > 12 |     await page.goto('http://localhost:4000/login')
         |                ^
      13 |     await page.getByLabel(/email/i).fill('demo@testmail.app')
      14 |     await page.getByLabel(/password/i).fill('Demo123456!')
      15 |
        at C:\Users\imoud\OneDrive\Documents\MyDistinctAi\tests\e2e\notifications.spec.ts:12:16

    attachment #1: screenshot (image/png) ──────────────────────────────────────────────────────────
    test-results\notifications-Notification-23341-ay-important-alerts-section-chromium\test-failed-1.png
    ────────────────────────────────────────────────────────────────────────────────────────────────

    attachment #2: video (video/webm) ──────────────────────────────────────────────────────────────
    test-results\notifications-Notification-23341-ay-important-alerts-section-chromium\video.webm
    ────────────────────────────────────────────────────────────────────────────────────────────────


[1A[2K  120) [chromium] › tests\e2e\notifications.spec.ts:124:7 › Notifications Settings Tests › should toggle in-app notifications master switch 

    Error: page.goto: net::ERR_CONNECTION_REFUSED at http://localhost:4000/login
    Call log:
    [2m  - navigating to "http://localhost:4000/login", waiting until "load"[22m


      10 |   test.beforeEach(async ({ page }) => {
      11 |     // Login first using test credentials
    > 12 |     await page.goto('http://localhost:4000/login')
         |                ^
      13 |     await page.getByLabel(/email/i).fill('demo@testmail.app')
      14 |     await page.getByLabel(/password/i).fill('Demo123456!')
      15 |
        at C:\Users\imoud\OneDrive\Documents\MyDistinctAi\tests\e2e\notifications.spec.ts:12:16

    attachment #1: screenshot (image/png) ──────────────────────────────────────────────────────────
    test-results\notifications-Notification-ce90f-notifications-master-switch-chromium\test-failed-1.png
    ────────────────────────────────────────────────────────────────────────────────────────────────

    attachment #2: video (video/webm) ──────────────────────────────────────────────────────────────
    test-results\notifications-Notification-ce90f-notifications-master-switch-chromium\video.webm
    ────────────────────────────────────────────────────────────────────────────────────────────────


[1A[2K[149/910] [chromium] › tests\e2e\notifications.spec.ts:213:7 › Notifications Settings Tests › should have back button
[1A[2K  121) [chromium] › tests\e2e\notifications.spec.ts:151:7 › Notifications Settings Tests › should toggle usage limit warnings 

    Error: page.goto: net::ERR_CONNECTION_REFUSED at http://localhost:4000/login
    Call log:
    [2m  - navigating to "http://localhost:4000/login", waiting until "load"[22m


      10 |   test.beforeEach(async ({ page }) => {
      11 |     // Login first using test credentials
    > 12 |     await page.goto('http://localhost:4000/login')
         |                ^
      13 |     await page.getByLabel(/email/i).fill('demo@testmail.app')
      14 |     await page.getByLabel(/password/i).fill('Demo123456!')
      15 |
        at C:\Users\imoud\OneDrive\Documents\MyDistinctAi\tests\e2e\notifications.spec.ts:12:16

    attachment #1: screenshot (image/png) ──────────────────────────────────────────────────────────
    test-results\notifications-Notification-6f759-toggle-usage-limit-warnings-chromium\test-failed-1.png
    ────────────────────────────────────────────────────────────────────────────────────────────────

    attachment #2: video (video/webm) ──────────────────────────────────────────────────────────────
    test-results\notifications-Notification-6f759-toggle-usage-limit-warnings-chromium\video.webm
    ────────────────────────────────────────────────────────────────────────────────────────────────


[1A[2K[150/910] [chromium] › tests\e2e\onboarding.spec.ts:24:7 › Onboarding Flow › should display onboarding modal for first-time users
[1A[2K[151/910] [chromium] › tests\e2e\onboarding.spec.ts:36:7 › Onboarding Flow › should show correct content for step 1
[1A[2K  122) [chromium] › tests\e2e\notifications.spec.ts:178:7 › Notifications Settings Tests › should have save button 

    Error: page.goto: net::ERR_CONNECTION_REFUSED at http://localhost:4000/login
    Call log:
    [2m  - navigating to "http://localhost:4000/login", waiting until "load"[22m


      10 |   test.beforeEach(async ({ page }) => {
      11 |     // Login first using test credentials
    > 12 |     await page.goto('http://localhost:4000/login')
         |                ^
      13 |     await page.getByLabel(/email/i).fill('demo@testmail.app')
      14 |     await page.getByLabel(/password/i).fill('Demo123456!')
      15 |
        at C:\Users\imoud\OneDrive\Documents\MyDistinctAi\tests\e2e\notifications.spec.ts:12:16

    attachment #1: screenshot (image/png) ──────────────────────────────────────────────────────────
    test-results\notifications-Notification-ae340-sts-should-have-save-button-chromium\test-failed-1.png
    ────────────────────────────────────────────────────────────────────────────────────────────────

    attachment #2: video (video/webm) ──────────────────────────────────────────────────────────────
    test-results\notifications-Notification-ae340-sts-should-have-save-button-chromium\video.webm
    ────────────────────────────────────────────────────────────────────────────────────────────────


[1A[2K[152/910] [chromium] › tests\e2e\onboarding.spec.ts:49:7 › Onboarding Flow › should navigate to next step
[1A[2K[153/910] [chromium] › tests\e2e\onboarding.spec.ts:64:7 › Onboarding Flow › should navigate to previous step
[1A[2K  123) [chromium] › tests\e2e\notifications.spec.ts:190:7 › Notifications Settings Tests › should save notification settings 

    Error: page.goto: net::ERR_CONNECTION_REFUSED at http://localhost:4000/login
    Call log:
    [2m  - navigating to "http://localhost:4000/login", waiting until "load"[22m


      10 |   test.beforeEach(async ({ page }) => {
      11 |     // Login first using test credentials
    > 12 |     await page.goto('http://localhost:4000/login')
         |                ^
      13 |     await page.getByLabel(/email/i).fill('demo@testmail.app')
      14 |     await page.getByLabel(/password/i).fill('Demo123456!')
      15 |
        at C:\Users\imoud\OneDrive\Documents\MyDistinctAi\tests\e2e\notifications.spec.ts:12:16

    attachment #1: screenshot (image/png) ──────────────────────────────────────────────────────────
    test-results\notifications-Notification-8ad7f--save-notification-settings-chromium\test-failed-1.png
    ────────────────────────────────────────────────────────────────────────────────────────────────

    attachment #2: video (video/webm) ──────────────────────────────────────────────────────────────
    test-results\notifications-Notification-8ad7f--save-notification-settings-chromium\video.webm
    ────────────────────────────────────────────────────────────────────────────────────────────────


[1A[2K[154/910] [chromium] › tests\e2e\onboarding.spec.ts:83:7 › Onboarding Flow › should disable previous button on first step
[1A[2K[155/910] [chromium] › tests\e2e\onboarding.spec.ts:93:7 › Onboarding Flow › should show progress bar
[1A[2K[156/910] [chromium] › tests\e2e\onboarding.spec.ts:110:7 › Onboarding Flow › should show step indicators
[1A[2K  124) [chromium] › tests\e2e\notifications.spec.ts:213:7 › Notifications Settings Tests › should have back button 

    Error: page.goto: net::ERR_CONNECTION_REFUSED at http://localhost:4000/login
    Call log:
    [2m  - navigating to "http://localhost:4000/login", waiting until "load"[22m


      10 |   test.beforeEach(async ({ page }) => {
      11 |     // Login first using test credentials
    > 12 |     await page.goto('http://localhost:4000/login')
         |                ^
      13 |     await page.getByLabel(/email/i).fill('demo@testmail.app')
      14 |     await page.getByLabel(/password/i).fill('Demo123456!')
      15 |
        at C:\Users\imoud\OneDrive\Documents\MyDistinctAi\tests\e2e\notifications.spec.ts:12:16

    attachment #1: screenshot (image/png) ──────────────────────────────────────────────────────────
    test-results\notifications-Notification-f58cf-sts-should-have-back-button-chromium\test-failed-1.png
    ────────────────────────────────────────────────────────────────────────────────────────────────

    attachment #2: video (video/webm) ──────────────────────────────────────────────────────────────
    test-results\notifications-Notification-f58cf-sts-should-have-back-button-chromium\video.webm
    ────────────────────────────────────────────────────────────────────────────────────────────────


[1A[2K  125) [chromium] › tests\e2e\onboarding.spec.ts:24:7 › Onboarding Flow › should display onboarding modal for first-time users 

    Error: page.goto: net::ERR_CONNECTION_REFUSED at http://localhost:4000/
    Call log:
    [2m  - navigating to "http://localhost:4000/", waiting until "load"[22m


       7 | test.beforeEach(async ({ page }) => {
       8 |   // Clear localStorage BEFORE login to ensure onboarding triggers
    >  9 |   await page.goto('http://localhost:4000')
         |              ^
      10 |   await page.evaluate(() => localStorage.clear())
      11 |
      12 |   // Login using xray API
        at C:\Users\imoud\OneDrive\Documents\MyDistinctAi\tests\e2e\onboarding.spec.ts:9:14

    attachment #1: screenshot (image/png) ──────────────────────────────────────────────────────────
    test-results\onboarding-Onboarding-Flow-eb5ad--modal-for-first-time-users-chromium\test-failed-1.png
    ────────────────────────────────────────────────────────────────────────────────────────────────

    attachment #2: video (video/webm) ──────────────────────────────────────────────────────────────
    test-results\onboarding-Onboarding-Flow-eb5ad--modal-for-first-time-users-chromium\video.webm
    ────────────────────────────────────────────────────────────────────────────────────────────────


[1A[2K[157/910] [chromium] › tests\e2e\onboarding.spec.ts:120:7 › Onboarding Flow › should allow clicking on step indicators
[1A[2K  126) [chromium] › tests\e2e\onboarding.spec.ts:49:7 › Onboarding Flow › should navigate to next step 

    Error: page.goto: net::ERR_CONNECTION_REFUSED at http://localhost:4000/
    Call log:
    [2m  - navigating to "http://localhost:4000/", waiting until "load"[22m


       7 | test.beforeEach(async ({ page }) => {
       8 |   // Clear localStorage BEFORE login to ensure onboarding triggers
    >  9 |   await page.goto('http://localhost:4000')
         |              ^
      10 |   await page.evaluate(() => localStorage.clear())
      11 |
      12 |   // Login using xray API
        at C:\Users\imoud\OneDrive\Documents\MyDistinctAi\tests\e2e\onboarding.spec.ts:9:14

    attachment #1: screenshot (image/png) ──────────────────────────────────────────────────────────
    test-results\onboarding-Onboarding-Flow-should-navigate-to-next-step-chromium\test-failed-1.png
    ────────────────────────────────────────────────────────────────────────────────────────────────

    attachment #2: video (video/webm) ──────────────────────────────────────────────────────────────
    test-results\onboarding-Onboarding-Flow-should-navigate-to-next-step-chromium\video.webm
    ────────────────────────────────────────────────────────────────────────────────────────────────


[1A[2K  127) [chromium] › tests\e2e\onboarding.spec.ts:36:7 › Onboarding Flow › should show correct content for step 1 

    Error: page.goto: net::ERR_CONNECTION_REFUSED at http://localhost:4000/
    Call log:
    [2m  - navigating to "http://localhost:4000/", waiting until "load"[22m


       7 | test.beforeEach(async ({ page }) => {
       8 |   // Clear localStorage BEFORE login to ensure onboarding triggers
    >  9 |   await page.goto('http://localhost:4000')
         |              ^
      10 |   await page.evaluate(() => localStorage.clear())
      11 |
      12 |   // Login using xray API
        at C:\Users\imoud\OneDrive\Documents\MyDistinctAi\tests\e2e\onboarding.spec.ts:9:14

    attachment #1: screenshot (image/png) ──────────────────────────────────────────────────────────
    test-results\onboarding-Onboarding-Flow-eb574--correct-content-for-step-1-chromium\test-failed-1.png
    ────────────────────────────────────────────────────────────────────────────────────────────────

    attachment #2: video (video/webm) ──────────────────────────────────────────────────────────────
    test-results\onboarding-Onboarding-Flow-eb574--correct-content-for-step-1-chromium\video.webm
    ────────────────────────────────────────────────────────────────────────────────────────────────


[1A[2K  128) [chromium] › tests\e2e\onboarding.spec.ts:64:7 › Onboarding Flow › should navigate to previous step 

    Error: page.goto: net::ERR_CONNECTION_REFUSED at http://localhost:4000/
    Call log:
    [2m  - navigating to "http://localhost:4000/", waiting until "load"[22m


       7 | test.beforeEach(async ({ page }) => {
       8 |   // Clear localStorage BEFORE login to ensure onboarding triggers
    >  9 |   await page.goto('http://localhost:4000')
         |              ^
      10 |   await page.evaluate(() => localStorage.clear())
      11 |
      12 |   // Login using xray API
        at C:\Users\imoud\OneDrive\Documents\MyDistinctAi\tests\e2e\onboarding.spec.ts:9:14

    attachment #1: screenshot (image/png) ──────────────────────────────────────────────────────────
    test-results\onboarding-Onboarding-Flow-should-navigate-to-previous-step-chromium\test-failed-1.png
    ────────────────────────────────────────────────────────────────────────────────────────────────

    attachment #2: video (video/webm) ──────────────────────────────────────────────────────────────
    test-results\onboarding-Onboarding-Flow-should-navigate-to-previous-step-chromium\video.webm
    ────────────────────────────────────────────────────────────────────────────────────────────────


[1A[2K  129) [chromium] › tests\e2e\onboarding.spec.ts:83:7 › Onboarding Flow › should disable previous button on first step 

    Error: page.goto: net::ERR_CONNECTION_REFUSED at http://localhost:4000/
    Call log:
    [2m  - navigating to "http://localhost:4000/", waiting until "load"[22m


       7 | test.beforeEach(async ({ page }) => {
       8 |   // Clear localStorage BEFORE login to ensure onboarding triggers
    >  9 |   await page.goto('http://localhost:4000')
         |              ^
      10 |   await page.evaluate(() => localStorage.clear())
      11 |
      12 |   // Login using xray API
        at C:\Users\imoud\OneDrive\Documents\MyDistinctAi\tests\e2e\onboarding.spec.ts:9:14

    attachment #1: screenshot (image/png) ──────────────────────────────────────────────────────────
    test-results\onboarding-Onboarding-Flow-2e740-evious-button-on-first-step-chromium\test-failed-1.png
    ────────────────────────────────────────────────────────────────────────────────────────────────

    attachment #2: video (video/webm) ──────────────────────────────────────────────────────────────
    test-results\onboarding-Onboarding-Flow-2e740-evious-button-on-first-step-chromium\video.webm
    ────────────────────────────────────────────────────────────────────────────────────────────────


[1A[2K[158/910] [chromium] › tests\e2e\onboarding.spec.ts:134:7 › Onboarding Flow › should navigate through all steps
[1A[2K  130) [chromium] › tests\e2e\onboarding.spec.ts:93:7 › Onboarding Flow › should show progress bar ─

    Error: page.goto: net::ERR_CONNECTION_REFUSED at http://localhost:4000/
    Call log:
    [2m  - navigating to "http://localhost:4000/", waiting until "load"[22m


       7 | test.beforeEach(async ({ page }) => {
       8 |   // Clear localStorage BEFORE login to ensure onboarding triggers
    >  9 |   await page.goto('http://localhost:4000')
         |              ^
      10 |   await page.evaluate(() => localStorage.clear())
      11 |
      12 |   // Login using xray API
        at C:\Users\imoud\OneDrive\Documents\MyDistinctAi\tests\e2e\onboarding.spec.ts:9:14

    attachment #1: screenshot (image/png) ──────────────────────────────────────────────────────────
    test-results\onboarding-Onboarding-Flow-should-show-progress-bar-chromium\test-failed-1.png
    ────────────────────────────────────────────────────────────────────────────────────────────────

    attachment #2: video (video/webm) ──────────────────────────────────────────────────────────────
    test-results\onboarding-Onboarding-Flow-should-show-progress-bar-chromium\video.webm
    ────────────────────────────────────────────────────────────────────────────────────────────────


[1A[2K  131) [chromium] › tests\e2e\onboarding.spec.ts:110:7 › Onboarding Flow › should show step indicators 

    Error: page.goto: net::ERR_CONNECTION_REFUSED at http://localhost:4000/
    Call log:
    [2m  - navigating to "http://localhost:4000/", waiting until "load"[22m


       7 | test.beforeEach(async ({ page }) => {
       8 |   // Clear localStorage BEFORE login to ensure onboarding triggers
    >  9 |   await page.goto('http://localhost:4000')
         |              ^
      10 |   await page.evaluate(() => localStorage.clear())
      11 |
      12 |   // Login using xray API
        at C:\Users\imoud\OneDrive\Documents\MyDistinctAi\tests\e2e\onboarding.spec.ts:9:14

    attachment #1: screenshot (image/png) ──────────────────────────────────────────────────────────
    test-results\onboarding-Onboarding-Flow-should-show-step-indicators-chromium\test-failed-1.png
    ────────────────────────────────────────────────────────────────────────────────────────────────

    attachment #2: video (video/webm) ──────────────────────────────────────────────────────────────
    test-results\onboarding-Onboarding-Flow-should-show-step-indicators-chromium\video.webm
    ────────────────────────────────────────────────────────────────────────────────────────────────


[1A[2K[159/910] [chromium] › tests\e2e\onboarding.spec.ts:163:7 › Onboarding Flow › should show complete button on last step
[1A[2K[160/910] [chromium] › tests\e2e\onboarding.spec.ts:176:7 › Onboarding Flow › should close modal on skip
[1A[2K[161/910] [chromium] › tests\e2e\onboarding.spec.ts:189:7 › Onboarding Flow › should close modal on X button click
[1A[2K[162/910] [chromium] › tests\e2e\onboarding.spec.ts:202:7 › Onboarding Flow › should complete onboarding and close modal
[1A[2K[163/910] [chromium] › tests\e2e\onboarding.spec.ts:219:7 › Onboarding Flow › should not show onboarding on subsequent visits
[1A[2K[164/910] [chromium] › tests\e2e\onboarding.spec.ts:240:7 › Onboarding Flow › should display all 5 steps with correct titles
[1A[2K  132) [chromium] › tests\e2e\onboarding.spec.ts:120:7 › Onboarding Flow › should allow clicking on step indicators 

    Error: page.goto: net::ERR_CONNECTION_REFUSED at http://localhost:4000/
    Call log:
    [2m  - navigating to "http://localhost:4000/", waiting until "load"[22m


       7 | test.beforeEach(async ({ page }) => {
       8 |   // Clear localStorage BEFORE login to ensure onboarding triggers
    >  9 |   await page.goto('http://localhost:4000')
         |              ^
      10 |   await page.evaluate(() => localStorage.clear())
      11 |
      12 |   // Login using xray API
        at C:\Users\imoud\OneDrive\Documents\MyDistinctAi\tests\e2e\onboarding.spec.ts:9:14

    attachment #1: screenshot (image/png) ──────────────────────────────────────────────────────────
    test-results\onboarding-Onboarding-Flow-62c86-clicking-on-step-indicators-chromium\test-failed-1.png
    ────────────────────────────────────────────────────────────────────────────────────────────────

    attachment #2: video (video/webm) ──────────────────────────────────────────────────────────────
    test-results\onboarding-Onboarding-Flow-62c86-clicking-on-step-indicators-chromium\video.webm
    ────────────────────────────────────────────────────────────────────────────────────────────────


[1A[2K[165/910] [chromium] › tests\e2e\onboarding.spec.ts:261:7 › Onboarding Flow › should show tips for each step
[1A[2K  133) [chromium] › tests\e2e\onboarding.spec.ts:134:7 › Onboarding Flow › should navigate through all steps 

    Error: page.goto: net::ERR_CONNECTION_REFUSED at http://localhost:4000/
    Call log:
    [2m  - navigating to "http://localhost:4000/", waiting until "load"[22m


       7 | test.beforeEach(async ({ page }) => {
       8 |   // Clear localStorage BEFORE login to ensure onboarding triggers
    >  9 |   await page.goto('http://localhost:4000')
         |              ^
      10 |   await page.evaluate(() => localStorage.clear())
      11 |
      12 |   // Login using xray API
        at C:\Users\imoud\OneDrive\Documents\MyDistinctAi\tests\e2e\onboarding.spec.ts:9:14

    attachment #1: screenshot (image/png) ──────────────────────────────────────────────────────────
    test-results\onboarding-Onboarding-Flow-should-navigate-through-all-steps-chromium\test-failed-1.png
    ────────────────────────────────────────────────────────────────────────────────────────────────

    attachment #2: video (video/webm) ──────────────────────────────────────────────────────────────
    test-results\onboarding-Onboarding-Flow-should-navigate-through-all-steps-chromium\video.webm
    ────────────────────────────────────────────────────────────────────────────────────────────────


[1A[2K  134) [chromium] › tests\e2e\onboarding.spec.ts:163:7 › Onboarding Flow › should show complete button on last step 

    Error: page.goto: net::ERR_CONNECTION_REFUSED at http://localhost:4000/
    Call log:
    [2m  - navigating to "http://localhost:4000/", waiting until "load"[22m


       7 | test.beforeEach(async ({ page }) => {
       8 |   // Clear localStorage BEFORE login to ensure onboarding triggers
    >  9 |   await page.goto('http://localhost:4000')
         |              ^
      10 |   await page.evaluate(() => localStorage.clear())
      11 |
      12 |   // Login using xray API
        at C:\Users\imoud\OneDrive\Documents\MyDistinctAi\tests\e2e\onboarding.spec.ts:9:14

    attachment #1: screenshot (image/png) ──────────────────────────────────────────────────────────
    test-results\onboarding-Onboarding-Flow-f08a0-omplete-button-on-last-step-chromium\test-failed-1.png
    ────────────────────────────────────────────────────────────────────────────────────────────────

    attachment #2: video (video/webm) ──────────────────────────────────────────────────────────────
    test-results\onboarding-Onboarding-Flow-f08a0-omplete-button-on-last-step-chromium\video.webm
    ────────────────────────────────────────────────────────────────────────────────────────────────


[1A[2K  135) [chromium] › tests\e2e\onboarding.spec.ts:176:7 › Onboarding Flow › should close modal on skip 

    Error: page.goto: net::ERR_CONNECTION_REFUSED at http://localhost:4000/
    Call log:
    [2m  - navigating to "http://localhost:4000/", waiting until "load"[22m


       7 | test.beforeEach(async ({ page }) => {
       8 |   // Clear localStorage BEFORE login to ensure onboarding triggers
    >  9 |   await page.goto('http://localhost:4000')
         |              ^
      10 |   await page.evaluate(() => localStorage.clear())
      11 |
      12 |   // Login using xray API
        at C:\Users\imoud\OneDrive\Documents\MyDistinctAi\tests\e2e\onboarding.spec.ts:9:14

    attachment #1: screenshot (image/png) ──────────────────────────────────────────────────────────
    test-results\onboarding-Onboarding-Flow-should-close-modal-on-skip-chromium\test-failed-1.png
    ────────────────────────────────────────────────────────────────────────────────────────────────

    attachment #2: video (video/webm) ──────────────────────────────────────────────────────────────
    test-results\onboarding-Onboarding-Flow-should-close-modal-on-skip-chromium\video.webm
    ────────────────────────────────────────────────────────────────────────────────────────────────


[1A[2K  136) [chromium] › tests\e2e\onboarding.spec.ts:189:7 › Onboarding Flow › should close modal on X button click 

    Error: page.goto: net::ERR_CONNECTION_REFUSED at http://localhost:4000/
    Call log:
    [2m  - navigating to "http://localhost:4000/", waiting until "load"[22m


       7 | test.beforeEach(async ({ page }) => {
       8 |   // Clear localStorage BEFORE login to ensure onboarding triggers
    >  9 |   await page.goto('http://localhost:4000')
         |              ^
      10 |   await page.evaluate(() => localStorage.clear())
      11 |
      12 |   // Login using xray API
        at C:\Users\imoud\OneDrive\Documents\MyDistinctAi\tests\e2e\onboarding.spec.ts:9:14

    attachment #1: screenshot (image/png) ──────────────────────────────────────────────────────────
    test-results\onboarding-Onboarding-Flow-a001c-ose-modal-on-X-button-click-chromium\test-failed-1.png
    ────────────────────────────────────────────────────────────────────────────────────────────────

    attachment #2: video (video/webm) ──────────────────────────────────────────────────────────────
    test-results\onboarding-Onboarding-Flow-a001c-ose-modal-on-X-button-click-chromium\video.webm
    ────────────────────────────────────────────────────────────────────────────────────────────────


[1A[2K[166/910] [chromium] › tests\e2e\rag-file-upload.spec.ts:30:7 › RAG File Upload and Chat › should upload a text file and process it for RAG
[1A[2K  137) [chromium] › tests\e2e\onboarding.spec.ts:202:7 › Onboarding Flow › should complete onboarding and close modal 

    Error: page.goto: net::ERR_CONNECTION_REFUSED at http://localhost:4000/
    Call log:
    [2m  - navigating to "http://localhost:4000/", waiting until "load"[22m


       7 | test.beforeEach(async ({ page }) => {
       8 |   // Clear localStorage BEFORE login to ensure onboarding triggers
    >  9 |   await page.goto('http://localhost:4000')
         |              ^
      10 |   await page.evaluate(() => localStorage.clear())
      11 |
      12 |   // Login using xray API
        at C:\Users\imoud\OneDrive\Documents\MyDistinctAi\tests\e2e\onboarding.spec.ts:9:14

    attachment #1: screenshot (image/png) ──────────────────────────────────────────────────────────
    test-results\onboarding-Onboarding-Flow-c689b--onboarding-and-close-modal-chromium\test-failed-1.png
    ────────────────────────────────────────────────────────────────────────────────────────────────

    attachment #2: video (video/webm) ──────────────────────────────────────────────────────────────
    test-results\onboarding-Onboarding-Flow-c689b--onboarding-and-close-modal-chromium\video.webm
    ────────────────────────────────────────────────────────────────────────────────────────────────


[1A[2K  138) [chromium] › tests\e2e\onboarding.spec.ts:219:7 › Onboarding Flow › should not show onboarding on subsequent visits 

    Error: page.goto: net::ERR_CONNECTION_REFUSED at http://localhost:4000/
    Call log:
    [2m  - navigating to "http://localhost:4000/", waiting until "load"[22m


       7 | test.beforeEach(async ({ page }) => {
       8 |   // Clear localStorage BEFORE login to ensure onboarding triggers
    >  9 |   await page.goto('http://localhost:4000')
         |              ^
      10 |   await page.evaluate(() => localStorage.clear())
      11 |
      12 |   // Login using xray API
        at C:\Users\imoud\OneDrive\Documents\MyDistinctAi\tests\e2e\onboarding.spec.ts:9:14

    attachment #1: screenshot (image/png) ──────────────────────────────────────────────────────────
    test-results\onboarding-Onboarding-Flow-f5ce6-arding-on-subsequent-visits-chromium\test-failed-1.png
    ────────────────────────────────────────────────────────────────────────────────────────────────

    attachment #2: video (video/webm) ──────────────────────────────────────────────────────────────
    test-results\onboarding-Onboarding-Flow-f5ce6-arding-on-subsequent-visits-chromium\video.webm
    ────────────────────────────────────────────────────────────────────────────────────────────────


[1A[2K[167/910] [chromium] › tests\e2e\rag-file-upload.spec.ts:124:7 › RAG File Upload and Chat › should chat with model using RAG context from uploaded file
[1A[2K  139) [chromium] › tests\e2e\onboarding.spec.ts:240:7 › Onboarding Flow › should display all 5 steps with correct titles 

    Error: page.goto: net::ERR_CONNECTION_REFUSED at http://localhost:4000/
    Call log:
    [2m  - navigating to "http://localhost:4000/", waiting until "load"[22m


       7 | test.beforeEach(async ({ page }) => {
       8 |   // Clear localStorage BEFORE login to ensure onboarding triggers
    >  9 |   await page.goto('http://localhost:4000')
         |              ^
      10 |   await page.evaluate(() => localStorage.clear())
      11 |
      12 |   // Login using xray API
        at C:\Users\imoud\OneDrive\Documents\MyDistinctAi\tests\e2e\onboarding.spec.ts:9:14

    attachment #1: screenshot (image/png) ──────────────────────────────────────────────────────────
    test-results\onboarding-Onboarding-Flow-7be65-5-steps-with-correct-titles-chromium\test-failed-1.png
    ────────────────────────────────────────────────────────────────────────────────────────────────

    attachment #2: video (video/webm) ──────────────────────────────────────────────────────────────
    test-results\onboarding-Onboarding-Flow-7be65-5-steps-with-correct-titles-chromium\video.webm
    ────────────────────────────────────────────────────────────────────────────────────────────────


[1A[2K[168/910] [chromium] › tests\e2e\rag-file-upload.spec.ts:189:7 › RAG File Upload and Chat › complete RAG flow: upload → process → chat
[1A[2K[169/910] [chromium] › tests\e2e\settings.spec.ts:22:7 › Settings Tests › should display settings page with all options
[1A[2K[170/910] [chromium] › tests\e2e\settings.spec.ts:41:7 › Settings Tests › should navigate to profile settings
[1A[2K[171/910] [chromium] › tests\e2e\settings.spec.ts:60:7 › Settings Tests › should display profile form with user data
[1A[2K[172/910] [chromium] › tests\e2e\settings.spec.ts:79:7 › Settings Tests › should update profile name
[1A[2K  140) [chromium] › tests\e2e\onboarding.spec.ts:261:7 › Onboarding Flow › should show tips for each step 

    Error: page.goto: net::ERR_CONNECTION_REFUSED at http://localhost:4000/
    Call log:
    [2m  - navigating to "http://localhost:4000/", waiting until "load"[22m


       7 | test.beforeEach(async ({ page }) => {
       8 |   // Clear localStorage BEFORE login to ensure onboarding triggers
    >  9 |   await page.goto('http://localhost:4000')
         |              ^
      10 |   await page.evaluate(() => localStorage.clear())
      11 |
      12 |   // Login using xray API
        at C:\Users\imoud\OneDrive\Documents\MyDistinctAi\tests\e2e\onboarding.spec.ts:9:14

    attachment #1: screenshot (image/png) ──────────────────────────────────────────────────────────
    test-results\onboarding-Onboarding-Flow-should-show-tips-for-each-step-chromium\test-failed-1.png
    ────────────────────────────────────────────────────────────────────────────────────────────────

    attachment #2: video (video/webm) ──────────────────────────────────────────────────────────────
    test-results\onboarding-Onboarding-Flow-should-show-tips-for-each-step-chromium\video.webm
    ────────────────────────────────────────────────────────────────────────────────────────────────


[1A[2K[173/910] [chromium] › tests\e2e\settings.spec.ts:102:7 › Settings Tests › should update profile niche
[1A[2K  141) [chromium] › tests\e2e\rag-file-upload.spec.ts:30:7 › RAG File Upload and Chat › should upload a text file and process it for RAG 

    Error: page.goto: net::ERR_CONNECTION_REFUSED at http://localhost:4000/api/test-auth/johndoe
    Call log:
    [2m  - navigating to "http://localhost:4000/api/test-auth/johndoe", waiting until "load"[22m


      11 |   test.beforeEach(async ({ page }) => {
      12 |     // Login using test auth API
    > 13 |     await page.goto('http://localhost:4000/api/test-auth/johndoe')
         |                ^
      14 |     await page.waitForLoadState('networkidle')
      15 |
      16 |     // Navigate to dashboard and dismiss onboarding
        at C:\Users\imoud\OneDrive\Documents\MyDistinctAi\tests\e2e\rag-file-upload.spec.ts:13:16

    attachment #1: screenshot (image/png) ──────────────────────────────────────────────────────────
    test-results\rag-file-upload-RAG-File-U-85f21-file-and-process-it-for-RAG-chromium\test-failed-1.png
    ────────────────────────────────────────────────────────────────────────────────────────────────

    attachment #2: video (video/webm) ──────────────────────────────────────────────────────────────
    test-results\rag-file-upload-RAG-File-U-85f21-file-and-process-it-for-RAG-chromium\video.webm
    ────────────────────────────────────────────────────────────────────────────────────────────────


[1A[2K  142) [chromium] › tests\e2e\rag-file-upload.spec.ts:124:7 › RAG File Upload and Chat › should chat with model using RAG context from uploaded file 

    Error: page.goto: net::ERR_CONNECTION_REFUSED at http://localhost:4000/api/test-auth/johndoe
    Call log:
    [2m  - navigating to "http://localhost:4000/api/test-auth/johndoe", waiting until "load"[22m


      11 |   test.beforeEach(async ({ page }) => {
      12 |     // Login using test auth API
    > 13 |     await page.goto('http://localhost:4000/api/test-auth/johndoe')
         |                ^
      14 |     await page.waitForLoadState('networkidle')
      15 |
      16 |     // Navigate to dashboard and dismiss onboarding
        at C:\Users\imoud\OneDrive\Documents\MyDistinctAi\tests\e2e\rag-file-upload.spec.ts:13:16

    attachment #1: screenshot (image/png) ──────────────────────────────────────────────────────────
    test-results\rag-file-upload-RAG-File-U-10671--context-from-uploaded-file-chromium\test-failed-1.png
    ────────────────────────────────────────────────────────────────────────────────────────────────

    attachment #2: video (video/webm) ──────────────────────────────────────────────────────────────
    test-results\rag-file-upload-RAG-File-U-10671--context-from-uploaded-file-chromium\video.webm
    ────────────────────────────────────────────────────────────────────────────────────────────────


[1A[2K  143) [chromium] › tests\e2e\rag-file-upload.spec.ts:189:7 › RAG File Upload and Chat › complete RAG flow: upload → process → chat 

    Error: page.goto: net::ERR_CONNECTION_REFUSED at http://localhost:4000/api/test-auth/johndoe
    Call log:
    [2m  - navigating to "http://localhost:4000/api/test-auth/johndoe", waiting until "load"[22m


      11 |   test.beforeEach(async ({ page }) => {
      12 |     // Login using test auth API
    > 13 |     await page.goto('http://localhost:4000/api/test-auth/johndoe')
         |                ^
      14 |     await page.waitForLoadState('networkidle')
      15 |
      16 |     // Navigate to dashboard and dismiss onboarding
        at C:\Users\imoud\OneDrive\Documents\MyDistinctAi\tests\e2e\rag-file-upload.spec.ts:13:16

    attachment #1: screenshot (image/png) ──────────────────────────────────────────────────────────
    test-results\rag-file-upload-RAG-File-U-a4249-low-upload-→-process-→-chat-chromium\test-failed-1.png
    ────────────────────────────────────────────────────────────────────────────────────────────────

    attachment #2: video (video/webm) ──────────────────────────────────────────────────────────────
    test-results\rag-file-upload-RAG-File-U-a4249-low-upload-→-process-→-chat-chromium\video.webm
    ────────────────────────────────────────────────────────────────────────────────────────────────


[1A[2K  144) [chromium] › tests\e2e\settings.spec.ts:22:7 › Settings Tests › should display settings page with all options 

    Error: page.goto: net::ERR_CONNECTION_REFUSED at http://localhost:4000/login
    Call log:
    [2m  - navigating to "http://localhost:4000/login", waiting until "load"[22m


      10 |   test.beforeEach(async ({ page }) => {
      11 |     // Login first using test credentials
    > 12 |     await page.goto('http://localhost:4000/login')
         |                ^
      13 |     await page.getByLabel(/email/i).fill('demo@testmail.app')
      14 |     await page.getByLabel(/password/i).fill('Demo123456!')
      15 |
        at C:\Users\imoud\OneDrive\Documents\MyDistinctAi\tests\e2e\settings.spec.ts:12:16

    attachment #1: screenshot (image/png) ──────────────────────────────────────────────────────────
    test-results\settings-Settings-Tests-sh-c3e29-tings-page-with-all-options-chromium\test-failed-1.png
    ────────────────────────────────────────────────────────────────────────────────────────────────

    attachment #2: video (video/webm) ──────────────────────────────────────────────────────────────
    test-results\settings-Settings-Tests-sh-c3e29-tings-page-with-all-options-chromium\video.webm
    ────────────────────────────────────────────────────────────────────────────────────────────────


[1A[2K[174/910] [chromium] › tests\e2e\settings.spec.ts:124:7 › Settings Tests › should validate password change form
[1A[2K  145) [chromium] › tests\e2e\settings.spec.ts:41:7 › Settings Tests › should navigate to profile settings 

    Error: page.goto: net::ERR_CONNECTION_REFUSED at http://localhost:4000/login
    Call log:
    [2m  - navigating to "http://localhost:4000/login", waiting until "load"[22m


      10 |   test.beforeEach(async ({ page }) => {
      11 |     // Login first using test credentials
    > 12 |     await page.goto('http://localhost:4000/login')
         |                ^
      13 |     await page.getByLabel(/email/i).fill('demo@testmail.app')
      14 |     await page.getByLabel(/password/i).fill('Demo123456!')
      15 |
        at C:\Users\imoud\OneDrive\Documents\MyDistinctAi\tests\e2e\settings.spec.ts:12:16

    attachment #1: screenshot (image/png) ──────────────────────────────────────────────────────────
    test-results\settings-Settings-Tests-should-navigate-to-profile-settings-chromium\test-failed-1.png
    ────────────────────────────────────────────────────────────────────────────────────────────────

    attachment #2: video (video/webm) ──────────────────────────────────────────────────────────────
    test-results\settings-Settings-Tests-should-navigate-to-profile-settings-chromium\video.webm
    ────────────────────────────────────────────────────────────────────────────────────────────────


[1A[2K  146) [chromium] › tests\e2e\settings.spec.ts:60:7 › Settings Tests › should display profile form with user data 

    Error: page.goto: net::ERR_CONNECTION_REFUSED at http://localhost:4000/login
    Call log:
    [2m  - navigating to "http://localhost:4000/login", waiting until "load"[22m


      10 |   test.beforeEach(async ({ page }) => {
      11 |     // Login first using test credentials
    > 12 |     await page.goto('http://localhost:4000/login')
         |                ^
      13 |     await page.getByLabel(/email/i).fill('demo@testmail.app')
      14 |     await page.getByLabel(/password/i).fill('Demo123456!')
      15 |
        at C:\Users\imoud\OneDrive\Documents\MyDistinctAi\tests\e2e\settings.spec.ts:12:16

    attachment #1: screenshot (image/png) ──────────────────────────────────────────────────────────
    test-results\settings-Settings-Tests-sh-63d9f-profile-form-with-user-data-chromium\test-failed-1.png
    ────────────────────────────────────────────────────────────────────────────────────────────────

    attachment #2: video (video/webm) ──────────────────────────────────────────────────────────────
    test-results\settings-Settings-Tests-sh-63d9f-profile-form-with-user-data-chromium\video.webm
    ────────────────────────────────────────────────────────────────────────────────────────────────


[1A[2K  147) [chromium] › tests\e2e\settings.spec.ts:79:7 › Settings Tests › should update profile name ──

    Error: page.goto: net::ERR_CONNECTION_REFUSED at http://localhost:4000/login
    Call log:
    [2m  - navigating to "http://localhost:4000/login", waiting until "load"[22m


      10 |   test.beforeEach(async ({ page }) => {
      11 |     // Login first using test credentials
    > 12 |     await page.goto('http://localhost:4000/login')
         |                ^
      13 |     await page.getByLabel(/email/i).fill('demo@testmail.app')
      14 |     await page.getByLabel(/password/i).fill('Demo123456!')
      15 |
        at C:\Users\imoud\OneDrive\Documents\MyDistinctAi\tests\e2e\settings.spec.ts:12:16

    attachment #1: screenshot (image/png) ──────────────────────────────────────────────────────────
    test-results\settings-Settings-Tests-should-update-profile-name-chromium\test-failed-1.png
    ────────────────────────────────────────────────────────────────────────────────────────────────

    attachment #2: video (video/webm) ──────────────────────────────────────────────────────────────
    test-results\settings-Settings-Tests-should-update-profile-name-chromium\video.webm
    ────────────────────────────────────────────────────────────────────────────────────────────────


[1A[2K[175/910] [chromium] › tests\e2e\settings.spec.ts:145:7 › Settings Tests › should show error for mismatched passwords
[1A[2K[176/910] [chromium] › tests\e2e\settings.spec.ts:165:7 › Settings Tests › should show error for short password
[1A[2K[177/910] [chromium] › tests\e2e\settings.spec.ts:185:7 › Settings Tests › should display account actions section
[1A[2K[178/910] [chromium] › tests\e2e\settings.spec.ts:200:7 › Settings Tests › should have back button on profile settings
[1A[2K[179/910] [chromium] › tests\e2e\xray-login.spec.ts:8:7 › Xray Login Test › should login using xray route with dsaq
[1A[2K[180/910] [chromium] › tests\e2e\xray-login.spec.ts:23:7 › Xray Login Test › should login and access dashboard
[1A[2K  148) [chromium] › tests\e2e\settings.spec.ts:102:7 › Settings Tests › should update profile niche 

    Error: page.goto: net::ERR_CONNECTION_REFUSED at http://localhost:4000/login
    Call log:
    [2m  - navigating to "http://localhost:4000/login", waiting until "load"[22m


      10 |   test.beforeEach(async ({ page }) => {
      11 |     // Login first using test credentials
    > 12 |     await page.goto('http://localhost:4000/login')
         |                ^
      13 |     await page.getByLabel(/email/i).fill('demo@testmail.app')
      14 |     await page.getByLabel(/password/i).fill('Demo123456!')
      15 |
        at C:\Users\imoud\OneDrive\Documents\MyDistinctAi\tests\e2e\settings.spec.ts:12:16

    attachment #1: screenshot (image/png) ──────────────────────────────────────────────────────────
    test-results\settings-Settings-Tests-should-update-profile-niche-chromium\test-failed-1.png
    ────────────────────────────────────────────────────────────────────────────────────────────────

    attachment #2: video (video/webm) ──────────────────────────────────────────────────────────────
    test-results\settings-Settings-Tests-should-update-profile-niche-chromium\video.webm
    ────────────────────────────────────────────────────────────────────────────────────────────────


[1A[2K[181/910] [chromium] › tests\e2e\xray-login.spec.ts:54:7 › Xray Login Test › should show user not found for invalid username
[1A[2K  149) [chromium] › tests\e2e\settings.spec.ts:124:7 › Settings Tests › should validate password change form 

    Error: page.goto: net::ERR_CONNECTION_REFUSED at http://localhost:4000/login
    Call log:
    [2m  - navigating to "http://localhost:4000/login", waiting until "load"[22m


      10 |   test.beforeEach(async ({ page }) => {
      11 |     // Login first using test credentials
    > 12 |     await page.goto('http://localhost:4000/login')
         |                ^
      13 |     await page.getByLabel(/email/i).fill('demo@testmail.app')
      14 |     await page.getByLabel(/password/i).fill('Demo123456!')
      15 |
        at C:\Users\imoud\OneDrive\Documents\MyDistinctAi\tests\e2e\settings.spec.ts:12:16

    attachment #1: screenshot (image/png) ──────────────────────────────────────────────────────────
    test-results\settings-Settings-Tests-should-validate-password-change-form-chromium\test-failed-1.png
    ────────────────────────────────────────────────────────────────────────────────────────────────

    attachment #2: video (video/webm) ──────────────────────────────────────────────────────────────
    test-results\settings-Settings-Tests-should-validate-password-change-form-chromium\video.webm
    ────────────────────────────────────────────────────────────────────────────────────────────────


[1A[2K  150) [chromium] › tests\e2e\settings.spec.ts:145:7 › Settings Tests › should show error for mismatched passwords 

    Error: page.goto: net::ERR_CONNECTION_REFUSED at http://localhost:4000/login
    Call log:
    [2m  - navigating to "http://localhost:4000/login", waiting until "load"[22m


      10 |   test.beforeEach(async ({ page }) => {
      11 |     // Login first using test credentials
    > 12 |     await page.goto('http://localhost:4000/login')
         |                ^
      13 |     await page.getByLabel(/email/i).fill('demo@testmail.app')
      14 |     await page.getByLabel(/password/i).fill('Demo123456!')
      15 |
        at C:\Users\imoud\OneDrive\Documents\MyDistinctAi\tests\e2e\settings.spec.ts:12:16

    attachment #1: screenshot (image/png) ──────────────────────────────────────────────────────────
    test-results\settings-Settings-Tests-sh-e4dc7-or-for-mismatched-passwords-chromium\test-failed-1.png
    ────────────────────────────────────────────────────────────────────────────────────────────────

    attachment #2: video (video/webm) ──────────────────────────────────────────────────────────────
    test-results\settings-Settings-Tests-sh-e4dc7-or-for-mismatched-passwords-chromium\video.webm
    ────────────────────────────────────────────────────────────────────────────────────────────────


[1A[2K  151) [chromium] › tests\e2e\settings.spec.ts:165:7 › Settings Tests › should show error for short password 

    Error: page.goto: net::ERR_CONNECTION_REFUSED at http://localhost:4000/login
    Call log:
    [2m  - navigating to "http://localhost:4000/login", waiting until "load"[22m


      10 |   test.beforeEach(async ({ page }) => {
      11 |     // Login first using test credentials
    > 12 |     await page.goto('http://localhost:4000/login')
         |                ^
      13 |     await page.getByLabel(/email/i).fill('demo@testmail.app')
      14 |     await page.getByLabel(/password/i).fill('Demo123456!')
      15 |
        at C:\Users\imoud\OneDrive\Documents\MyDistinctAi\tests\e2e\settings.spec.ts:12:16

    attachment #1: screenshot (image/png) ──────────────────────────────────────────────────────────
    test-results\settings-Settings-Tests-should-show-error-for-short-password-chromium\test-failed-1.png
    ────────────────────────────────────────────────────────────────────────────────────────────────

    attachment #2: video (video/webm) ──────────────────────────────────────────────────────────────
    test-results\settings-Settings-Tests-should-show-error-for-short-password-chromium\video.webm
    ────────────────────────────────────────────────────────────────────────────────────────────────


[1A[2K  152) [chromium] › tests\e2e\settings.spec.ts:185:7 › Settings Tests › should display account actions section 

    Error: page.goto: net::ERR_CONNECTION_REFUSED at http://localhost:4000/login
    Call log:
    [2m  - navigating to "http://localhost:4000/login", waiting until "load"[22m


      10 |   test.beforeEach(async ({ page }) => {
      11 |     // Login first using test credentials
    > 12 |     await page.goto('http://localhost:4000/login')
         |                ^
      13 |     await page.getByLabel(/email/i).fill('demo@testmail.app')
      14 |     await page.getByLabel(/password/i).fill('Demo123456!')
      15 |
        at C:\Users\imoud\OneDrive\Documents\MyDistinctAi\tests\e2e\settings.spec.ts:12:16

    attachment #1: screenshot (image/png) ──────────────────────────────────────────────────────────
    test-results\settings-Settings-Tests-sh-7ec7d-lay-account-actions-section-chromium\test-failed-1.png
    ────────────────────────────────────────────────────────────────────────────────────────────────

    attachment #2: video (video/webm) ──────────────────────────────────────────────────────────────
    test-results\settings-Settings-Tests-sh-7ec7d-lay-account-actions-section-chromium\video.webm
    ────────────────────────────────────────────────────────────────────────────────────────────────


[1A[2K[182/910] [chromium] › tests\e2e\xray-login.spec.ts:65:7 › Xray Login Test › should work with different test users
[1A[2K  153) [chromium] › tests\e2e\settings.spec.ts:200:7 › Settings Tests › should have back button on profile settings 

    Error: page.goto: net::ERR_CONNECTION_REFUSED at http://localhost:4000/login
    Call log:
    [2m  - navigating to "http://localhost:4000/login", waiting until "load"[22m


      10 |   test.beforeEach(async ({ page }) => {
      11 |     // Login first using test credentials
    > 12 |     await page.goto('http://localhost:4000/login')
         |                ^
      13 |     await page.getByLabel(/email/i).fill('demo@testmail.app')
      14 |     await page.getByLabel(/password/i).fill('Demo123456!')
      15 |
        at C:\Users\imoud\OneDrive\Documents\MyDistinctAi\tests\e2e\settings.spec.ts:12:16

    attachment #1: screenshot (image/png) ──────────────────────────────────────────────────────────
    test-results\settings-Settings-Tests-sh-65947--button-on-profile-settings-chromium\test-failed-1.png
    ────────────────────────────────────────────────────────────────────────────────────────────────

    attachment #2: video (video/webm) ──────────────────────────────────────────────────────────────
    test-results\settings-Settings-Tests-sh-65947--button-on-profile-settings-chromium\video.webm
    ────────────────────────────────────────────────────────────────────────────────────────────────


[1A[2K[183/910] [firefox] › tests\e2e\analytics.spec.ts:71:7 › Analytics Dashboard Tests › should display analytics dashboard
[1A[2K  154) [chromium] › tests\e2e\xray-login.spec.ts:8:7 › Xray Login Test › should login using xray route with dsaq 

    Error: page.goto: net::ERR_CONNECTION_REFUSED at http://localhost:4000/api/xray/dsaq
    Call log:
    [2m  - navigating to "http://localhost:4000/api/xray/dsaq", waiting until "load"[22m


       8 |   test('should login using xray route with dsaq', async ({ page }) => {
       9 |     // Navigate to xray route (using actual user from database)
    > 10 |     await page.goto('/api/xray/dsaq')
         |                ^
      11 |
      12 |     // Wait for redirect and page load
      13 |     await page.waitForLoadState('networkidle', { timeout: 10000 })
        at C:\Users\imoud\OneDrive\Documents\MyDistinctAi\tests\e2e\xray-login.spec.ts:10:16

    attachment #1: screenshot (image/png) ──────────────────────────────────────────────────────────
    test-results\xray-login-Xray-Login-Test-24480--using-xray-route-with-dsaq-chromium\test-failed-1.png
    ────────────────────────────────────────────────────────────────────────────────────────────────

    attachment #2: video (video/webm) ──────────────────────────────────────────────────────────────
    test-results\xray-login-Xray-Login-Test-24480--using-xray-route-with-dsaq-chromium\video.webm
    ────────────────────────────────────────────────────────────────────────────────────────────────


[1A[2K  155) [firefox] › tests\e2e\analytics.spec.ts:71:7 › Analytics Dashboard Tests › should display analytics dashboard 

    Error: browserType.launch: Executable doesn't exist at C:\Users\imoud\AppData\Local\ms-playwright\firefox-1495\firefox\firefox.exe
    ╔═════════════════════════════════════════════════════════════════════════╗
    ║ Looks like Playwright Test or Playwright was just installed or updated. ║
    ║ Please run the following command to download new browsers:              ║
    ║                                                                         ║
    ║     npx playwright install                                              ║
    ║                                                                         ║
    ║ <3 Playwright Team                                                      ║
    ╚═════════════════════════════════════════════════════════════════════════╝


[1A[2K  156) [chromium] › tests\e2e\xray-login.spec.ts:23:7 › Xray Login Test › should login and access dashboard 

    Error: page.goto: net::ERR_CONNECTION_REFUSED at http://localhost:4000/api/xray/dsaq
    Call log:
    [2m  - navigating to "http://localhost:4000/api/xray/dsaq", waiting until "load"[22m


      23 |   test('should login and access dashboard', async ({ page }) => {
      24 |     // Navigate to xray API route
    > 25 |     await page.goto('/api/xray/dsaq')
         |                ^
      26 |
      27 |     // Wait for redirect and auth to complete
      28 |     await page.waitForLoadState('networkidle', { timeout: 10000 })
        at C:\Users\imoud\OneDrive\Documents\MyDistinctAi\tests\e2e\xray-login.spec.ts:25:16

    attachment #1: screenshot (image/png) ──────────────────────────────────────────────────────────
    test-results\xray-login-Xray-Login-Test-should-login-and-access-dashboard-chromium\test-failed-1.png
    ────────────────────────────────────────────────────────────────────────────────────────────────

    attachment #2: video (video/webm) ──────────────────────────────────────────────────────────────
    test-results\xray-login-Xray-Login-Test-should-login-and-access-dashboard-chromium\video.webm
    ────────────────────────────────────────────────────────────────────────────────────────────────


[1A[2K[184/910] [firefox] › tests\e2e\analytics.spec.ts:105:7 › Analytics Dashboard Tests › should display analytics stats cards
[1A[2K  157) [firefox] › tests\e2e\analytics.spec.ts:105:7 › Analytics Dashboard Tests › should display analytics stats cards 

    Error: browserType.launch: Executable doesn't exist at C:\Users\imoud\AppData\Local\ms-playwright\firefox-1495\firefox\firefox.exe
    ╔═════════════════════════════════════════════════════════════════════════╗
    ║ Looks like Playwright Test or Playwright was just installed or updated. ║
    ║ Please run the following command to download new browsers:              ║
    ║                                                                         ║
    ║     npx playwright install                                              ║
    ║                                                                         ║
    ║ <3 Playwright Team                                                      ║
    ╚═════════════════════════════════════════════════════════════════════════╝


[1A[2K[185/910] [firefox] › tests\e2e\analytics.spec.ts:135:7 › Analytics Dashboard Tests › should display usage overview section
[1A[2K  158) [firefox] › tests\e2e\analytics.spec.ts:135:7 › Analytics Dashboard Tests › should display usage overview section 

    Error: browserType.launch: Executable doesn't exist at C:\Users\imoud\AppData\Local\ms-playwright\firefox-1495\firefox\firefox.exe
    ╔═════════════════════════════════════════════════════════════════════════╗
    ║ Looks like Playwright Test or Playwright was just installed or updated. ║
    ║ Please run the following command to download new browsers:              ║
    ║                                                                         ║
    ║     npx playwright install                                              ║
    ║                                                                         ║
    ║ <3 Playwright Team                                                      ║
    ╚═════════════════════════════════════════════════════════════════════════╝


[1A[2K  159) [chromium] › tests\e2e\xray-login.spec.ts:54:7 › Xray Login Test › should show user not found for invalid username 

    Error: page.goto: net::ERR_CONNECTION_REFUSED at http://localhost:4000/xray/invaliduser99999
    Call log:
    [2m  - navigating to "http://localhost:4000/xray/invaliduser99999", waiting until "load"[22m


      54 |   test('should show user not found for invalid username', async ({ page }) => {
      55 |     // Navigate to xray route with invalid user
    > 56 |     await page.goto('/xray/invaliduser99999')
         |                ^
      57 |
      58 |     // Wait for page load
      59 |     await page.waitForLoadState('networkidle', { timeout: 10000 })
        at C:\Users\imoud\OneDrive\Documents\MyDistinctAi\tests\e2e\xray-login.spec.ts:56:16

    attachment #1: screenshot (image/png) ──────────────────────────────────────────────────────────
    test-results\xray-login-Xray-Login-Test-3015e--found-for-invalid-username-chromium\test-failed-1.png
    ────────────────────────────────────────────────────────────────────────────────────────────────

    attachment #2: video (video/webm) ──────────────────────────────────────────────────────────────
    test-results\xray-login-Xray-Login-Test-3015e--found-for-invalid-username-chromium\video.webm
    ────────────────────────────────────────────────────────────────────────────────────────────────


[1A[2K[186/910] [firefox] › tests\e2e\analytics.spec.ts:163:7 › Analytics Dashboard Tests › should display performance metrics
[1A[2K  160) [firefox] › tests\e2e\analytics.spec.ts:163:7 › Analytics Dashboard Tests › should display performance metrics 

    Error: browserType.launch: Executable doesn't exist at C:\Users\imoud\AppData\Local\ms-playwright\firefox-1495\firefox\firefox.exe
    ╔═════════════════════════════════════════════════════════════════════════╗
    ║ Looks like Playwright Test or Playwright was just installed or updated. ║
    ║ Please run the following command to download new browsers:              ║
    ║                                                                         ║
    ║     npx playwright install                                              ║
    ║                                                                         ║
    ║ <3 Playwright Team                                                      ║
    ╚═════════════════════════════════════════════════════════════════════════╝


[1A[2K[187/910] [firefox] › tests\e2e\analytics.spec.ts:194:7 › Analytics Dashboard Tests › should display training data info
[1A[2K[188/910] [firefox] › tests\e2e\analytics.spec.ts:225:7 › Analytics Dashboard Tests › should have date range selector
[1A[2K[189/910] [firefox] › tests\e2e\analytics.spec.ts:257:7 › Analytics Dashboard Tests › should have export CSV button
[1A[2K  161) [firefox] › tests\e2e\analytics.spec.ts:194:7 › Analytics Dashboard Tests › should display training data info 

    Error: browserType.launch: Executable doesn't exist at C:\Users\imoud\AppData\Local\ms-playwright\firefox-1495\firefox\firefox.exe
    ╔═════════════════════════════════════════════════════════════════════════╗
    ║ Looks like Playwright Test or Playwright was just installed or updated. ║
    ║ Please run the following command to download new browsers:              ║
    ║                                                                         ║
    ║     npx playwright install                                              ║
    ║                                                                         ║
    ║ <3 Playwright Team                                                      ║
    ╚═════════════════════════════════════════════════════════════════════════╝


[1A[2K  162) [firefox] › tests\e2e\analytics.spec.ts:225:7 › Analytics Dashboard Tests › should have date range selector 

    Error: browserType.launch: Executable doesn't exist at C:\Users\imoud\AppData\Local\ms-playwright\firefox-1495\firefox\firefox.exe
    ╔═════════════════════════════════════════════════════════════════════════╗
    ║ Looks like Playwright Test or Playwright was just installed or updated. ║
    ║ Please run the following command to download new browsers:              ║
    ║                                                                         ║
    ║     npx playwright install                                              ║
    ║                                                                         ║
    ║ <3 Playwright Team                                                      ║
    ╚═════════════════════════════════════════════════════════════════════════╝


[1A[2K  163) [firefox] › tests\e2e\analytics.spec.ts:257:7 › Analytics Dashboard Tests › should have export CSV button 

    Error: browserType.launch: Executable doesn't exist at C:\Users\imoud\AppData\Local\ms-playwright\firefox-1495\firefox\firefox.exe
    ╔═════════════════════════════════════════════════════════════════════════╗
    ║ Looks like Playwright Test or Playwright was just installed or updated. ║
    ║ Please run the following command to download new browsers:              ║
    ║                                                                         ║
    ║     npx playwright install                                              ║
    ║                                                                         ║
    ║ <3 Playwright Team                                                      ║
    ╚═════════════════════════════════════════════════════════════════════════╝


[1A[2K[190/910] [firefox] › tests\e2e\analytics.spec.ts:284:7 › Analytics Dashboard Tests › should have back button
[1A[2K  164) [firefox] › tests\e2e\analytics.spec.ts:284:7 › Analytics Dashboard Tests › should have back button 

    Error: browserType.launch: Executable doesn't exist at C:\Users\imoud\AppData\Local\ms-playwright\firefox-1495\firefox\firefox.exe
    ╔═════════════════════════════════════════════════════════════════════════╗
    ║ Looks like Playwright Test or Playwright was just installed or updated. ║
    ║ Please run the following command to download new browsers:              ║
    ║                                                                         ║
    ║     npx playwright install                                              ║
    ║                                                                         ║
    ║ <3 Playwright Team                                                      ║
    ╚═════════════════════════════════════════════════════════════════════════╝


[1A[2K[191/910] [firefox] › tests\e2e\analytics.spec.ts:309:7 › Analytics Dashboard Tests › should change date range and reload data
[1A[2K  165) [firefox] › tests\e2e\analytics.spec.ts:309:7 › Analytics Dashboard Tests › should change date range and reload data 

    Error: browserType.launch: Executable doesn't exist at C:\Users\imoud\AppData\Local\ms-playwright\firefox-1495\firefox\firefox.exe
    ╔═════════════════════════════════════════════════════════════════════════╗
    ║ Looks like Playwright Test or Playwright was just installed or updated. ║
    ║ Please run the following command to download new browsers:              ║
    ║                                                                         ║
    ║     npx playwright install                                              ║
    ║                                                                         ║
    ║ <3 Playwright Team                                                      ║
    ╚═════════════════════════════════════════════════════════════════════════╝


[1A[2K[192/910] [firefox] › tests\e2e\analytics.spec.ts:341:7 › Analytics Dashboard Tests › should display message activity chart when data exists
[1A[2K  166) [firefox] › tests\e2e\analytics.spec.ts:341:7 › Analytics Dashboard Tests › should display message activity chart when data exists 

    Error: browserType.launch: Executable doesn't exist at C:\Users\imoud\AppData\Local\ms-playwright\firefox-1495\firefox\firefox.exe
    ╔═════════════════════════════════════════════════════════════════════════╗
    ║ Looks like Playwright Test or Playwright was just installed or updated. ║
    ║ Please run the following command to download new browsers:              ║
    ║                                                                         ║
    ║     npx playwright install                                              ║
    ║                                                                         ║
    ║ <3 Playwright Team                                                      ║
    ╚═════════════════════════════════════════════════════════════════════════╝


[1A[2K[193/910] [firefox] › tests\e2e\api-keys.spec.ts:22:7 › API Keys Tests › should display API keys page
[1A[2K  167) [firefox] › tests\e2e\api-keys.spec.ts:22:7 › API Keys Tests › should display API keys page ─

    Error: browserType.launch: Executable doesn't exist at C:\Users\imoud\AppData\Local\ms-playwright\firefox-1495\firefox\firefox.exe
    ╔═════════════════════════════════════════════════════════════════════════╗
    ║ Looks like Playwright Test or Playwright was just installed or updated. ║
    ║ Please run the following command to download new browsers:              ║
    ║                                                                         ║
    ║     npx playwright install                                              ║
    ║                                                                         ║
    ║ <3 Playwright Team                                                      ║
    ╚═════════════════════════════════════════════════════════════════════════╝


[1A[2K[194/910] [firefox] › tests\e2e\api-keys.spec.ts:53:7 › API Keys Tests › should display empty state when no keys exist
[1A[2K[195/910] [firefox] › tests\e2e\api-keys.spec.ts:41:7 › API Keys Tests › should display create API key button
[1A[2K[196/910] [firefox] › tests\e2e\api-keys.spec.ts:71:7 › API Keys Tests › should open create modal when clicking create button
[1A[2K  168) [firefox] › tests\e2e\api-keys.spec.ts:53:7 › API Keys Tests › should display empty state when no keys exist 

    Error: browserType.launch: Executable doesn't exist at C:\Users\imoud\AppData\Local\ms-playwright\firefox-1495\firefox\firefox.exe
    ╔═════════════════════════════════════════════════════════════════════════╗
    ║ Looks like Playwright Test or Playwright was just installed or updated. ║
    ║ Please run the following command to download new browsers:              ║
    ║                                                                         ║
    ║     npx playwright install                                              ║
    ║                                                                         ║
    ║ <3 Playwright Team                                                      ║
    ╚═════════════════════════════════════════════════════════════════════════╝


[1A[2K  169) [firefox] › tests\e2e\api-keys.spec.ts:41:7 › API Keys Tests › should display create API key button 

    Error: browserType.launch: Executable doesn't exist at C:\Users\imoud\AppData\Local\ms-playwright\firefox-1495\firefox\firefox.exe
    ╔═════════════════════════════════════════════════════════════════════════╗
    ║ Looks like Playwright Test or Playwright was just installed or updated. ║
    ║ Please run the following command to download new browsers:              ║
    ║                                                                         ║
    ║     npx playwright install                                              ║
    ║                                                                         ║
    ║ <3 Playwright Team                                                      ║
    ╚═════════════════════════════════════════════════════════════════════════╝


[1A[2K  170) [firefox] › tests\e2e\api-keys.spec.ts:71:7 › API Keys Tests › should open create modal when clicking create button 

    Error: browserType.launch: Executable doesn't exist at C:\Users\imoud\AppData\Local\ms-playwright\firefox-1495\firefox\firefox.exe
    ╔═════════════════════════════════════════════════════════════════════════╗
    ║ Looks like Playwright Test or Playwright was just installed or updated. ║
    ║ Please run the following command to download new browsers:              ║
    ║                                                                         ║
    ║     npx playwright install                                              ║
    ║                                                                         ║
    ║ <3 Playwright Team                                                      ║
    ╚═════════════════════════════════════════════════════════════════════════╝


[1A[2K  171) [chromium] › tests\e2e\xray-login.spec.ts:65:7 › Xray Login Test › should work with different test users 

    Error: page.goto: net::ERR_CONNECTION_REFUSED at http://localhost:4000/api/xray/sadq
    Call log:
    [2m  - navigating to "http://localhost:4000/api/xray/sadq", waiting until "load"[22m


      67 |
      68 |     for (const username of testUsers) {
    > 69 |       await page.goto(`/api/xray/${username}`)
         |                  ^
      70 |       await page.waitForLoadState('networkidle', { timeout: 10000 })
      71 |
      72 |       const currentURL = page.url()
        at C:\Users\imoud\OneDrive\Documents\MyDistinctAi\tests\e2e\xray-login.spec.ts:69:18

    attachment #1: screenshot (image/png) ──────────────────────────────────────────────────────────
    test-results\xray-login-Xray-Login-Test-340f1-k-with-different-test-users-chromium\test-failed-1.png
    ────────────────────────────────────────────────────────────────────────────────────────────────

    attachment #2: video (video/webm) ──────────────────────────────────────────────────────────────
    test-results\xray-login-Xray-Login-Test-340f1-k-with-different-test-users-chromium\video.webm
    ────────────────────────────────────────────────────────────────────────────────────────────────


[1A[2K[197/910] [firefox] › tests\e2e\api-keys.spec.ts:88:7 › API Keys Tests › should close modal when clicking cancel
[1A[2K  172) [firefox] › tests\e2e\api-keys.spec.ts:88:7 › API Keys Tests › should close modal when clicking cancel 

    Error: browserType.launch: Executable doesn't exist at C:\Users\imoud\AppData\Local\ms-playwright\firefox-1495\firefox\firefox.exe
    ╔═════════════════════════════════════════════════════════════════════════╗
    ║ Looks like Playwright Test or Playwright was just installed or updated. ║
    ║ Please run the following command to download new browsers:              ║
    ║                                                                         ║
    ║     npx playwright install                                              ║
    ║                                                                         ║
    ║ <3 Playwright Team                                                      ║
    ╚═════════════════════════════════════════════════════════════════════════╝


[1A[2K[198/910] [firefox] › tests\e2e\api-keys.spec.ts:108:7 › API Keys Tests › should validate key name input
[1A[2K  173) [firefox] › tests\e2e\api-keys.spec.ts:108:7 › API Keys Tests › should validate key name input 

    Error: browserType.launch: Executable doesn't exist at C:\Users\imoud\AppData\Local\ms-playwright\firefox-1495\firefox\firefox.exe
    ╔═════════════════════════════════════════════════════════════════════════╗
    ║ Looks like Playwright Test or Playwright was just installed or updated. ║
    ║ Please run the following command to download new browsers:              ║
    ║                                                                         ║
    ║     npx playwright install                                              ║
    ║                                                                         ║
    ║ <3 Playwright Team                                                      ║
    ╚═════════════════════════════════════════════════════════════════════════╝


[1A[2K[199/910] [firefox] › tests\e2e\api-keys.spec.ts:125:7 › API Keys Tests › should create new API key
[1A[2K  174) [firefox] › tests\e2e\api-keys.spec.ts:125:7 › API Keys Tests › should create new API key ───

    Error: browserType.launch: Executable doesn't exist at C:\Users\imoud\AppData\Local\ms-playwright\firefox-1495\firefox\firefox.exe
    ╔═════════════════════════════════════════════════════════════════════════╗
    ║ Looks like Playwright Test or Playwright was just installed or updated. ║
    ║ Please run the following command to download new browsers:              ║
    ║                                                                         ║
    ║     npx playwright install                                              ║
    ║                                                                         ║
    ║ <3 Playwright Team                                                      ║
    ╚═════════════════════════════════════════════════════════════════════════╝


[1A[2K[200/910] [firefox] › tests\e2e\api-keys.spec.ts:149:7 › API Keys Tests › should display newly created key only once
[1A[2K  175) [firefox] › tests\e2e\api-keys.spec.ts:149:7 › API Keys Tests › should display newly created key only once 

    Error: browserType.launch: Executable doesn't exist at C:\Users\imoud\AppData\Local\ms-playwright\firefox-1495\firefox\firefox.exe
    ╔═════════════════════════════════════════════════════════════════════════╗
    ║ Looks like Playwright Test or Playwright was just installed or updated. ║
    ║ Please run the following command to download new browsers:              ║
    ║                                                                         ║
    ║     npx playwright install                                              ║
    ║                                                                         ║
    ║ <3 Playwright Team                                                      ║
    ╚═════════════════════════════════════════════════════════════════════════╝


[1A[2K[201/910] [firefox] › tests\e2e\api-keys.spec.ts:178:7 › API Keys Tests › should list existing API keys
[1A[2K[202/910] [firefox] › tests\e2e\api-keys.spec.ts:201:7 › API Keys Tests › should display API documentation section
[1A[2K[203/910] [firefox] › tests\e2e\api-keys.spec.ts:214:7 › API Keys Tests › should have back button
[1A[2K  176) [firefox] › tests\e2e\api-keys.spec.ts:178:7 › API Keys Tests › should list existing API keys 

    Error: browserType.launch: Executable doesn't exist at C:\Users\imoud\AppData\Local\ms-playwright\firefox-1495\firefox\firefox.exe
    ╔═════════════════════════════════════════════════════════════════════════╗
    ║ Looks like Playwright Test or Playwright was just installed or updated. ║
    ║ Please run the following command to download new browsers:              ║
    ║                                                                         ║
    ║     npx playwright install                                              ║
    ║                                                                         ║
    ║ <3 Playwright Team                                                      ║
    ╚═════════════════════════════════════════════════════════════════════════╝


[1A[2K  177) [firefox] › tests\e2e\api-keys.spec.ts:201:7 › API Keys Tests › should display API documentation section 

    Error: browserType.launch: Executable doesn't exist at C:\Users\imoud\AppData\Local\ms-playwright\firefox-1495\firefox\firefox.exe
    ╔═════════════════════════════════════════════════════════════════════════╗
    ║ Looks like Playwright Test or Playwright was just installed or updated. ║
    ║ Please run the following command to download new browsers:              ║
    ║                                                                         ║
    ║     npx playwright install                                              ║
    ║                                                                         ║
    ║ <3 Playwright Team                                                      ║
    ╚═════════════════════════════════════════════════════════════════════════╝


[1A[2K  178) [firefox] › tests\e2e\api-keys.spec.ts:214:7 › API Keys Tests › should have back button ─────

    Error: browserType.launch: Executable doesn't exist at C:\Users\imoud\AppData\Local\ms-playwright\firefox-1495\firefox\firefox.exe
    ╔═════════════════════════════════════════════════════════════════════════╗
    ║ Looks like Playwright Test or Playwright was just installed or updated. ║
    ║ Please run the following command to download new browsers:              ║
    ║                                                                         ║
    ║     npx playwright install                                              ║
    ║                                                                         ║
    ║ <3 Playwright Team                                                      ║
    ╚═════════════════════════════════════════════════════════════════════════╝


[1A[2K[204/910] [firefox] › tests\e2e\auth-login.spec.ts:45:7 › User Login › should display login form with all fields
[1A[2K  179) [firefox] › tests\e2e\auth-login.spec.ts:45:7 › User Login › should display login form with all fields 

    Error: browserType.launch: Executable doesn't exist at C:\Users\imoud\AppData\Local\ms-playwright\firefox-1495\firefox\firefox.exe
    ╔═════════════════════════════════════════════════════════════════════════╗
    ║ Looks like Playwright Test or Playwright was just installed or updated. ║
    ║ Please run the following command to download new browsers:              ║
    ║                                                                         ║
    ║     npx playwright install                                              ║
    ║                                                                         ║
    ║ <3 Playwright Team                                                      ║
    ╚═════════════════════════════════════════════════════════════════════════╝


[1A[2K[205/910] [firefox] › tests\e2e\auth-login.spec.ts:66:7 › User Login › should show validation errors for empty form
[1A[2K[206/910] [firefox] › tests\e2e\auth-login.spec.ts:75:7 › User Login › should show error for invalid email format
[1A[2K  180) [firefox] › tests\e2e\auth-login.spec.ts:75:7 › User Login › should show error for invalid email format 

    Error: browserType.launch: Executable doesn't exist at C:\Users\imoud\AppData\Local\ms-playwright\firefox-1495\firefox\firefox.exe
    ╔═════════════════════════════════════════════════════════════════════════╗
    ║ Looks like Playwright Test or Playwright was just installed or updated. ║
    ║ Please run the following command to download new browsers:              ║
    ║                                                                         ║
    ║     npx playwright install                                              ║
    ║                                                                         ║
    ║ <3 Playwright Team                                                      ║
    ╚═════════════════════════════════════════════════════════════════════════╝


[1A[2K[207/910] [firefox] › tests\e2e\auth-login.spec.ts:91:7 › User Login › should show error for non-existent user
[1A[2K[208/910] [firefox] › tests\e2e\auth-login.spec.ts:106:7 › User Login › should show error for incorrect password
[1A[2K  181) [firefox] › tests\e2e\auth-login.spec.ts:106:7 › User Login › should show error for incorrect password 

    Error: browserType.launch: Executable doesn't exist at C:\Users\imoud\AppData\Local\ms-playwright\firefox-1495\firefox\firefox.exe
    ╔═════════════════════════════════════════════════════════════════════════╗
    ║ Looks like Playwright Test or Playwright was just installed or updated. ║
    ║ Please run the following command to download new browsers:              ║
    ║                                                                         ║
    ║     npx playwright install                                              ║
    ║                                                                         ║
    ║ <3 Playwright Team                                                      ║
    ╚═════════════════════════════════════════════════════════════════════════╝


[1A[2K[209/910] [firefox] › tests\e2e\auth-login.spec.ts:125:7 › User Login › should successfully login with valid credentials
[1A[2K[210/910] [firefox] › tests\e2e\auth-login.spec.ts:145:7 › User Login › should persist session after page reload
[1A[2K[211/910] [firefox] › tests\e2e\auth-login.spec.ts:207:7 › User Login › should allow navigation to registration page
[1A[2K  182) [firefox] › tests\e2e\auth-login.spec.ts:145:7 › User Login › should persist session after page reload 

    Error: browserType.launch: Executable doesn't exist at C:\Users\imoud\AppData\Local\ms-playwright\firefox-1495\firefox\firefox.exe
    ╔═════════════════════════════════════════════════════════════════════════╗
    ║ Looks like Playwright Test or Playwright was just installed or updated. ║
    ║ Please run the following command to download new browsers:              ║
    ║                                                                         ║
    ║     npx playwright install                                              ║
    ║                                                                         ║
    ║ <3 Playwright Team                                                      ║
    ╚═════════════════════════════════════════════════════════════════════════╝


[1A[2K[212/910] [firefox] › tests\e2e\auth-login.spec.ts:168:7 › User Login › should successfully logout
[1A[2K  183) [firefox] › tests\e2e\auth-login.spec.ts:207:7 › User Login › should allow navigation to registration page 

    Error: browserType.launch: Executable doesn't exist at C:\Users\imoud\AppData\Local\ms-playwright\firefox-1495\firefox\firefox.exe
    ╔═════════════════════════════════════════════════════════════════════════╗
    ║ Looks like Playwright Test or Playwright was just installed or updated. ║
    ║ Please run the following command to download new browsers:              ║
    ║                                                                         ║
    ║     npx playwright install                                              ║
    ║                                                                         ║
    ║ <3 Playwright Team                                                      ║
    ╚═════════════════════════════════════════════════════════════════════════╝


[1A[2K[213/910] [firefox] › tests\e2e\auth-login.spec.ts:219:7 › User Login › should allow navigation to password reset page
[1A[2K[214/910] [firefox] › tests\e2e\auth-login.spec.ts:227:7 › User Login › should toggle password visibility
[1A[2K[215/910] [firefox] › tests\e2e\auth-login.spec.ts:275:7 › User Login › should be responsive on mobile viewport
[1A[2K[216/910] [firefox] › tests\e2e\auth-password-reset.spec.ts:41:7 › Password Reset › should display password reset form
[1A[2K  184) [firefox] › tests\e2e\auth-login.spec.ts:227:7 › User Login › should toggle password visibility 

    Error: browserType.launch: Executable doesn't exist at C:\Users\imoud\AppData\Local\ms-playwright\firefox-1495\firefox\firefox.exe
    ╔═════════════════════════════════════════════════════════════════════════╗
    ║ Looks like Playwright Test or Playwright was just installed or updated. ║
    ║ Please run the following command to download new browsers:              ║
    ║                                                                         ║
    ║     npx playwright install                                              ║
    ║                                                                         ║
    ║ <3 Playwright Team                                                      ║
    ╚═════════════════════════════════════════════════════════════════════════╝


[1A[2K[217/910] [firefox] › tests\e2e\auth-login.spec.ts:251:7 › User Login › should show loading state during login
[1A[2K  185) [firefox] › tests\e2e\auth-password-reset.spec.ts:41:7 › Password Reset › should display password reset form 

    Error: browserType.launch: Executable doesn't exist at C:\Users\imoud\AppData\Local\ms-playwright\firefox-1495\firefox\firefox.exe
    ╔═════════════════════════════════════════════════════════════════════════╗
    ║ Looks like Playwright Test or Playwright was just installed or updated. ║
    ║ Please run the following command to download new browsers:              ║
    ║                                                                         ║
    ║     npx playwright install                                              ║
    ║                                                                         ║
    ║ <3 Playwright Team                                                      ║
    ╚═════════════════════════════════════════════════════════════════════════╝


[1A[2K[218/910] [firefox] › tests\e2e\auth-password-reset.spec.ts:61:7 › Password Reset › should show validation error for empty email
[1A[2K  186) [firefox] › tests\e2e\auth-login.spec.ts:275:7 › User Login › should be responsive on mobile viewport 

    Error: browserType.launch: Executable doesn't exist at C:\Users\imoud\AppData\Local\ms-playwright\firefox-1495\firefox\firefox.exe
    ╔═════════════════════════════════════════════════════════════════════════╗
    ║ Looks like Playwright Test or Playwright was just installed or updated. ║
    ║ Please run the following command to download new browsers:              ║
    ║                                                                         ║
    ║     npx playwright install                                              ║
    ║                                                                         ║
    ║ <3 Playwright Team                                                      ║
    ╚═════════════════════════════════════════════════════════════════════════╝


[1A[2K[219/910] [firefox] › tests\e2e\auth-login.spec.ts:287:7 › User Login › should handle magic link login option if available
[1A[2K[220/910] [firefox] › tests\e2e\auth-password-reset.spec.ts:70:7 › Password Reset › should show error for invalid email format
[1A[2K  187) [firefox] › tests\e2e\auth-password-reset.spec.ts:70:7 › Password Reset › should show error for invalid email format 

    Error: browserType.launch: Executable doesn't exist at C:\Users\imoud\AppData\Local\ms-playwright\firefox-1495\firefox\firefox.exe
    ╔═════════════════════════════════════════════════════════════════════════╗
    ║ Looks like Playwright Test or Playwright was just installed or updated. ║
    ║ Please run the following command to download new browsers:              ║
    ║                                                                         ║
    ║     npx playwright install                                              ║
    ║                                                                         ║
    ║ <3 Playwright Team                                                      ║
    ╚═════════════════════════════════════════════════════════════════════════╝


[1A[2K[221/910] [firefox] › tests\e2e\auth-password-reset.spec.ts:85:7 › Password Reset › should accept password reset request for registered user
[1A[2K[222/910] [firefox] › tests\e2e\auth-password-reset.spec.ts:104:7 › Password Reset › should handle non-existent email gracefully
[1A[2K  188) [firefox] › tests\e2e\auth-password-reset.spec.ts:104:7 › Password Reset › should handle non-existent email gracefully 

    Error: browserType.launch: Executable doesn't exist at C:\Users\imoud\AppData\Local\ms-playwright\firefox-1495\firefox\firefox.exe
    ╔═════════════════════════════════════════════════════════════════════════╗
    ║ Looks like Playwright Test or Playwright was just installed or updated. ║
    ║ Please run the following command to download new browsers:              ║
    ║                                                                         ║
    ║     npx playwright install                                              ║
    ║                                                                         ║
    ║ <3 Playwright Team                                                      ║
    ╚═════════════════════════════════════════════════════════════════════════╝


[1A[2K[223/910] [firefox] › tests\e2e\auth-password-reset.spec.ts:120:7 › Password Reset › should allow navigation back to login
[1A[2K[224/910] [firefox] › tests\e2e\auth-password-reset.spec.ts:129:7 › Password Reset › should show loading state during submission
[1A[2K  189) [firefox] › tests\e2e\auth-password-reset.spec.ts:129:7 › Password Reset › should show loading state during submission 

    Error: browserType.launch: Executable doesn't exist at C:\Users\imoud\AppData\Local\ms-playwright\firefox-1495\firefox\firefox.exe
    ╔═════════════════════════════════════════════════════════════════════════╗
    ║ Looks like Playwright Test or Playwright was just installed or updated. ║
    ║ Please run the following command to download new browsers:              ║
    ║                                                                         ║
    ║     npx playwright install                                              ║
    ║                                                                         ║
    ║ <3 Playwright Team                                                      ║
    ╚═════════════════════════════════════════════════════════════════════════╝


[1A[2K[225/910] [firefox] › tests\e2e\auth-password-reset.spec.ts:154:7 › Password Reset › should display helpful instructions
[1A[2K[226/910] [firefox] › tests\e2e\auth-password-reset.spec.ts:162:7 › Password Reset › should be accessible via forgot password link from login
[1A[2K[227/910] [firefox] › tests\e2e\auth-password-reset.spec.ts:201:7 › Password Reset › should clear form after successful submission
[1A[2K  190) [firefox] › tests\e2e\auth-password-reset.spec.ts:162:7 › Password Reset › should be accessible via forgot password link from login 

    Error: browserType.launch: Executable doesn't exist at C:\Users\imoud\AppData\Local\ms-playwright\firefox-1495\firefox\firefox.exe
    ╔═════════════════════════════════════════════════════════════════════════╗
    ║ Looks like Playwright Test or Playwright was just installed or updated. ║
    ║ Please run the following command to download new browsers:              ║
    ║                                                                         ║
    ║     npx playwright install                                              ║
    ║                                                                         ║
    ║ <3 Playwright Team                                                      ║
    ╚═════════════════════════════════════════════════════════════════════════╝


[1A[2K[228/910] [firefox] › tests\e2e\auth-password-reset.spec.ts:178:7 › Password Reset › should prevent multiple rapid submissions
[1A[2K  191) [firefox] › tests\e2e\auth-password-reset.spec.ts:201:7 › Password Reset › should clear form after successful submission 

    Error: browserType.launch: Executable doesn't exist at C:\Users\imoud\AppData\Local\ms-playwright\firefox-1495\firefox\firefox.exe
    ╔═════════════════════════════════════════════════════════════════════════╗
    ║ Looks like Playwright Test or Playwright was just installed or updated. ║
    ║ Please run the following command to download new browsers:              ║
    ║                                                                         ║
    ║     npx playwright install                                              ║
    ║                                                                         ║
    ║ <3 Playwright Team                                                      ║
    ╚═════════════════════════════════════════════════════════════════════════╝


[1A[2K[229/910] [firefox] › tests\e2e\auth-password-reset.spec.ts:224:7 › Password Reset › should be responsive on mobile viewport
[1A[2K[230/910] [firefox] › tests\e2e\auth-password-reset.spec.ts:238:7 › Password Reset › should have proper page metadata
[1A[2K[231/910] [firefox] › tests\e2e\auth-registration.spec.ts:20:7 › User Registration › should display registration form with all fields
[1A[2K[232/910] [firefox] › tests\e2e\auth-registration.spec.ts:38:7 › User Registration › should show validation errors for empty form
[1A[2K  192) [firefox] › tests\e2e\auth-password-reset.spec.ts:238:7 › Password Reset › should have proper page metadata 

    Error: browserType.launch: Executable doesn't exist at C:\Users\imoud\AppData\Local\ms-playwright\firefox-1495\firefox\firefox.exe
    ╔═════════════════════════════════════════════════════════════════════════╗
    ║ Looks like Playwright Test or Playwright was just installed or updated. ║
    ║ Please run the following command to download new browsers:              ║
    ║                                                                         ║
    ║     npx playwright install                                              ║
    ║                                                                         ║
    ║ <3 Playwright Team                                                      ║
    ╚═════════════════════════════════════════════════════════════════════════╝


[1A[2K[233/910] [firefox] › tests\e2e\auth-password-reset.spec.ts:243:7 › Password Reset › should handle network errors gracefully
[1A[2K  193) [firefox] › tests\e2e\auth-registration.spec.ts:20:7 › User Registration › should display registration form with all fields 

    Error: browserType.launch: Executable doesn't exist at C:\Users\imoud\AppData\Local\ms-playwright\firefox-1495\firefox\firefox.exe
    ╔═════════════════════════════════════════════════════════════════════════╗
    ║ Looks like Playwright Test or Playwright was just installed or updated. ║
    ║ Please run the following command to download new browsers:              ║
    ║                                                                         ║
    ║     npx playwright install                                              ║
    ║                                                                         ║
    ║ <3 Playwright Team                                                      ║
    ╚═════════════════════════════════════════════════════════════════════════╝


[1A[2K  194) [firefox] › tests\e2e\auth-registration.spec.ts:38:7 › User Registration › should show validation errors for empty form 

    Error: browserType.launch: Executable doesn't exist at C:\Users\imoud\AppData\Local\ms-playwright\firefox-1495\firefox\firefox.exe
    ╔═════════════════════════════════════════════════════════════════════════╗
    ║ Looks like Playwright Test or Playwright was just installed or updated. ║
    ║ Please run the following command to download new browsers:              ║
    ║                                                                         ║
    ║     npx playwright install                                              ║
    ║                                                                         ║
    ║ <3 Playwright Team                                                      ║
    ╚═════════════════════════════════════════════════════════════════════════╝


[1A[2K[234/910] [firefox] › tests\e2e\auth-registration.spec.ts:49:7 › User Registration › should show error for invalid email format
[1A[2K[235/910] [firefox] › tests\e2e\auth-registration.spec.ts:69:7 › User Registration › should show error for weak password
[1A[2K  195) [firefox] › tests\e2e\auth-registration.spec.ts:49:7 › User Registration › should show error for invalid email format 

    Error: browserType.launch: Executable doesn't exist at C:\Users\imoud\AppData\Local\ms-playwright\firefox-1495\firefox\firefox.exe
    ╔═════════════════════════════════════════════════════════════════════════╗
    ║ Looks like Playwright Test or Playwright was just installed or updated. ║
    ║ Please run the following command to download new browsers:              ║
    ║                                                                         ║
    ║     npx playwright install                                              ║
    ║                                                                         ║
    ║ <3 Playwright Team                                                      ║
    ╚═════════════════════════════════════════════════════════════════════════╝


[1A[2K  196) [firefox] › tests\e2e\auth-registration.spec.ts:69:7 › User Registration › should show error for weak password 

    Error: browserType.launch: Executable doesn't exist at C:\Users\imoud\AppData\Local\ms-playwright\firefox-1495\firefox\firefox.exe
    ╔═════════════════════════════════════════════════════════════════════════╗
    ║ Looks like Playwright Test or Playwright was just installed or updated. ║
    ║ Please run the following command to download new browsers:              ║
    ║                                                                         ║
    ║     npx playwright install                                              ║
    ║                                                                         ║
    ║ <3 Playwright Team                                                      ║
    ╚═════════════════════════════════════════════════════════════════════════╝


[1A[2K[236/910] [firefox] › tests\e2e\auth-registration.spec.ts:89:7 › User Registration › should successfully register a new user
[1A[2K  197) [firefox] › tests\e2e\auth-registration.spec.ts:89:7 › User Registration › should successfully register a new user 

    Error: browserType.launch: Executable doesn't exist at C:\Users\imoud\AppData\Local\ms-playwright\firefox-1495\firefox\firefox.exe
    ╔═════════════════════════════════════════════════════════════════════════╗
    ║ Looks like Playwright Test or Playwright was just installed or updated. ║
    ║ Please run the following command to download new browsers:              ║
    ║                                                                         ║
    ║     npx playwright install                                              ║
    ║                                                                         ║
    ║ <3 Playwright Team                                                      ║
    ╚═════════════════════════════════════════════════════════════════════════╝


[1A[2K[237/910] [firefox] › tests\e2e\auth-registration.spec.ts:119:7 › User Registration › should show error when registering with existing email
[1A[2K  198) [firefox] › tests\e2e\auth-registration.spec.ts:119:7 › User Registration › should show error when registering with existing email 

    Error: browserType.launch: Executable doesn't exist at C:\Users\imoud\AppData\Local\ms-playwright\firefox-1495\firefox\firefox.exe
    ╔═════════════════════════════════════════════════════════════════════════╗
    ║ Looks like Playwright Test or Playwright was just installed or updated. ║
    ║ Please run the following command to download new browsers:              ║
    ║                                                                         ║
    ║     npx playwright install                                              ║
    ║                                                                         ║
    ║ <3 Playwright Team                                                      ║
    ╚═════════════════════════════════════════════════════════════════════════╝


[1A[2K[238/910] [firefox] › tests\e2e\auth-registration.spec.ts:156:7 › User Registration › should allow navigation to login page
[1A[2K  199) [firefox] › tests\e2e\auth-registration.spec.ts:156:7 › User Registration › should allow navigation to login page 

    Error: browserType.launch: Executable doesn't exist at C:\Users\imoud\AppData\Local\ms-playwright\firefox-1495\firefox\firefox.exe
    ╔═════════════════════════════════════════════════════════════════════════╗
    ║ Looks like Playwright Test or Playwright was just installed or updated. ║
    ║ Please run the following command to download new browsers:              ║
    ║                                                                         ║
    ║     npx playwright install                                              ║
    ║                                                                         ║
    ║ <3 Playwright Team                                                      ║
    ╚═════════════════════════════════════════════════════════════════════════╝


[1A[2K[239/910] [firefox] › tests\e2e\auth-registration.spec.ts:166:7 › User Registration › should toggle password visibility
[1A[2K[240/910] [firefox] › tests\e2e\auth-registration.spec.ts:188:7 › User Registration › should have all industry options available
[1A[2K  200) [firefox] › tests\e2e\auth-registration.spec.ts:166:7 › User Registration › should toggle password visibility 

    Error: browserType.launch: Executable doesn't exist at C:\Users\imoud\AppData\Local\ms-playwright\firefox-1495\firefox\firefox.exe
    ╔═════════════════════════════════════════════════════════════════════════╗
    ║ Looks like Playwright Test or Playwright was just installed or updated. ║
    ║ Please run the following command to download new browsers:              ║
    ║                                                                         ║
    ║     npx playwright install                                              ║
    ║                                                                         ║
    ║ <3 Playwright Team                                                      ║
    ╚═════════════════════════════════════════════════════════════════════════╝


[1A[2K[241/910] [firefox] › tests\e2e\auth-registration.spec.ts:200:7 › User Registration › should be responsive on mobile viewport
[1A[2K  201) [firefox] › tests\e2e\auth-registration.spec.ts:188:7 › User Registration › should have all industry options available 

    Error: browserType.launch: Executable doesn't exist at C:\Users\imoud\AppData\Local\ms-playwright\firefox-1495\firefox\firefox.exe
    ╔═════════════════════════════════════════════════════════════════════════╗
    ║ Looks like Playwright Test or Playwright was just installed or updated. ║
    ║ Please run the following command to download new browsers:              ║
    ║                                                                         ║
    ║     npx playwright install                                              ║
    ║                                                                         ║
    ║ <3 Playwright Team                                                      ║
    ╚═════════════════════════════════════════════════════════════════════════╝


[1A[2K  202) [firefox] › tests\e2e\auth-registration.spec.ts:200:7 › User Registration › should be responsive on mobile viewport 

    Error: browserType.launch: Executable doesn't exist at C:\Users\imoud\AppData\Local\ms-playwright\firefox-1495\firefox\firefox.exe
    ╔═════════════════════════════════════════════════════════════════════════╗
    ║ Looks like Playwright Test or Playwright was just installed or updated. ║
    ║ Please run the following command to download new browsers:              ║
    ║                                                                         ║
    ║     npx playwright install                                              ║
    ║                                                                         ║
    ║ <3 Playwright Team                                                      ║
    ╚═════════════════════════════════════════════════════════════════════════╝


[1A[2K[242/910] [firefox] › tests\e2e\branding.spec.ts:19:7 › Branding Settings › should navigate to branding settings page
[1A[2K[243/910] [firefox] › tests\e2e\branding.spec.ts:31:7 › Branding Settings › should display all branding form sections
[1A[2K  203) [firefox] › tests\e2e\branding.spec.ts:19:7 › Branding Settings › should navigate to branding settings page 

    Error: browserType.launch: Executable doesn't exist at C:\Users\imoud\AppData\Local\ms-playwright\firefox-1495\firefox\firefox.exe
    ╔═════════════════════════════════════════════════════════════════════════╗
    ║ Looks like Playwright Test or Playwright was just installed or updated. ║
    ║ Please run the following command to download new browsers:              ║
    ║                                                                         ║
    ║     npx playwright install                                              ║
    ║                                                                         ║
    ║ <3 Playwright Team                                                      ║
    ╚═════════════════════════════════════════════════════════════════════════╝


[1A[2K  204) [firefox] › tests\e2e\branding.spec.ts:31:7 › Branding Settings › should display all branding form sections 

    Error: browserType.launch: Executable doesn't exist at C:\Users\imoud\AppData\Local\ms-playwright\firefox-1495\firefox\firefox.exe
    ╔═════════════════════════════════════════════════════════════════════════╗
    ║ Looks like Playwright Test or Playwright was just installed or updated. ║
    ║ Please run the following command to download new browsers:              ║
    ║                                                                         ║
    ║     npx playwright install                                              ║
    ║                                                                         ║
    ║ <3 Playwright Team                                                      ║
    ╚═════════════════════════════════════════════════════════════════════════╝


[1A[2K[244/910] [firefox] › tests\e2e\branding.spec.ts:57:7 › Branding Settings › should update company name and see live preview
[1A[2K  205) [firefox] › tests\e2e\branding.spec.ts:57:7 › Branding Settings › should update company name and see live preview 

    Error: browserType.launch: Executable doesn't exist at C:\Users\imoud\AppData\Local\ms-playwright\firefox-1495\firefox\firefox.exe
    ╔═════════════════════════════════════════════════════════════════════════╗
    ║ Looks like Playwright Test or Playwright was just installed or updated. ║
    ║ Please run the following command to download new browsers:              ║
    ║                                                                         ║
    ║     npx playwright install                                              ║
    ║                                                                         ║
    ║ <3 Playwright Team                                                      ║
    ╚═════════════════════════════════════════════════════════════════════════╝


[1A[2K[245/910] [firefox] › tests\e2e\branding.spec.ts:70:7 › Branding Settings › should update primary color and see live preview
[1A[2K  206) [firefox] › tests\e2e\branding.spec.ts:70:7 › Branding Settings › should update primary color and see live preview 

    Error: browserType.launch: Executable doesn't exist at C:\Users\imoud\AppData\Local\ms-playwright\firefox-1495\firefox\firefox.exe
    ╔═════════════════════════════════════════════════════════════════════════╗
    ║ Looks like Playwright Test or Playwright was just installed or updated. ║
    ║ Please run the following command to download new browsers:              ║
    ║                                                                         ║
    ║     npx playwright install                                              ║
    ║                                                                         ║
    ║ <3 Playwright Team                                                      ║
    ╚═════════════════════════════════════════════════════════════════════════╝


[1A[2K[246/910] [firefox] › tests\e2e\branding.spec.ts:86:7 › Branding Settings › should update secondary color and see live preview
[1A[2K  207) [firefox] › tests\e2e\branding.spec.ts:86:7 › Branding Settings › should update secondary color and see live preview 

    Error: browserType.launch: Executable doesn't exist at C:\Users\imoud\AppData\Local\ms-playwright\firefox-1495\firefox\firefox.exe
    ╔═════════════════════════════════════════════════════════════════════════╗
    ║ Looks like Playwright Test or Playwright was just installed or updated. ║
    ║ Please run the following command to download new browsers:              ║
    ║                                                                         ║
    ║     npx playwright install                                              ║
    ║                                                                         ║
    ║ <3 Playwright Team                                                      ║
    ╚═════════════════════════════════════════════════════════════════════════╝


[1A[2K[247/910] [firefox] › tests\e2e\branding.spec.ts:102:7 › Branding Settings › should show DNS instructions modal
[1A[2K[248/910] [firefox] › tests\e2e\branding.spec.ts:121:7 › Branding Settings › should validate company name is required
[1A[2K[249/910] [firefox] › tests\e2e\branding.spec.ts:137:7 › Branding Settings › should display custom domain in preview
[1A[2K  208) [firefox] › tests\e2e\branding.spec.ts:121:7 › Branding Settings › should validate company name is required 

    Error: browserType.launch: Executable doesn't exist at C:\Users\imoud\AppData\Local\ms-playwright\firefox-1495\firefox\firefox.exe
    ╔═════════════════════════════════════════════════════════════════════════╗
    ║ Looks like Playwright Test or Playwright was just installed or updated. ║
    ║ Please run the following command to download new browsers:              ║
    ║                                                                         ║
    ║     npx playwright install                                              ║
    ║                                                                         ║
    ║ <3 Playwright Team                                                      ║
    ╚═════════════════════════════════════════════════════════════════════════╝


[1A[2K  209) [firefox] › tests\e2e\branding.spec.ts:102:7 › Branding Settings › should show DNS instructions modal 

    Error: browserType.launch: Executable doesn't exist at C:\Users\imoud\AppData\Local\ms-playwright\firefox-1495\firefox\firefox.exe
    ╔═════════════════════════════════════════════════════════════════════════╗
    ║ Looks like Playwright Test or Playwright was just installed or updated. ║
    ║ Please run the following command to download new browsers:              ║
    ║                                                                         ║
    ║     npx playwright install                                              ║
    ║                                                                         ║
    ║ <3 Playwright Team                                                      ║
    ╚═════════════════════════════════════════════════════════════════════════╝


[1A[2K  210) [firefox] › tests\e2e\branding.spec.ts:137:7 › Branding Settings › should display custom domain in preview 

    Error: browserType.launch: Executable doesn't exist at C:\Users\imoud\AppData\Local\ms-playwright\firefox-1495\firefox\firefox.exe
    ╔═════════════════════════════════════════════════════════════════════════╗
    ║ Looks like Playwright Test or Playwright was just installed or updated. ║
    ║ Please run the following command to download new browsers:              ║
    ║                                                                         ║
    ║     npx playwright install                                              ║
    ║                                                                         ║
    ║ <3 Playwright Team                                                      ║
    ╚═════════════════════════════════════════════════════════════════════════╝


[1A[2K[250/910] [firefox] › tests\e2e\branding.spec.ts:152:7 › Branding Settings › should show save button
[1A[2K[251/910] [firefox] › tests\e2e\branding.spec.ts:162:7 › Branding Settings › should have upload buttons for logo and favicon
[1A[2K  211) [firefox] › tests\e2e\branding.spec.ts:152:7 › Branding Settings › should show save button ──

    Error: browserType.launch: Executable doesn't exist at C:\Users\imoud\AppData\Local\ms-playwright\firefox-1495\firefox\firefox.exe
    ╔═════════════════════════════════════════════════════════════════════════╗
    ║ Looks like Playwright Test or Playwright was just installed or updated. ║
    ║ Please run the following command to download new browsers:              ║
    ║                                                                         ║
    ║     npx playwright install                                              ║
    ║                                                                         ║
    ║ <3 Playwright Team                                                      ║
    ╚═════════════════════════════════════════════════════════════════════════╝


[1A[2K  212) [firefox] › tests\e2e\branding.spec.ts:162:7 › Branding Settings › should have upload buttons for logo and favicon 

    Error: browserType.launch: Executable doesn't exist at C:\Users\imoud\AppData\Local\ms-playwright\firefox-1495\firefox\firefox.exe
    ╔═════════════════════════════════════════════════════════════════════════╗
    ║ Looks like Playwright Test or Playwright was just installed or updated. ║
    ║ Please run the following command to download new browsers:              ║
    ║                                                                         ║
    ║     npx playwright install                                              ║
    ║                                                                         ║
    ║ <3 Playwright Team                                                      ║
    ╚═════════════════════════════════════════════════════════════════════════╝


[1A[2K[252/910] [firefox] › tests\e2e\branding.spec.ts:175:7 › Branding Settings › should show live preview section with sample elements
[1A[2K  213) [firefox] › tests\e2e\branding.spec.ts:175:7 › Branding Settings › should show live preview section with sample elements 

    Error: browserType.launch: Executable doesn't exist at C:\Users\imoud\AppData\Local\ms-playwright\firefox-1495\firefox\firefox.exe
    ╔═════════════════════════════════════════════════════════════════════════╗
    ║ Looks like Playwright Test or Playwright was just installed or updated. ║
    ║ Please run the following command to download new browsers:              ║
    ║                                                                         ║
    ║     npx playwright install                                              ║
    ║                                                                         ║
    ║ <3 Playwright Team                                                      ║
    ╚═════════════════════════════════════════════════════════════════════════╝


[1A[2K[253/910] [firefox] › tests\e2e\chat.spec.ts:16:7 › Chat Interface › should display chat page with sidebar and empty state
[1A[2K  214) [firefox] › tests\e2e\chat.spec.ts:16:7 › Chat Interface › should display chat page with sidebar and empty state 

    Error: browserType.launch: Executable doesn't exist at C:\Users\imoud\AppData\Local\ms-playwright\firefox-1495\firefox\firefox.exe
    ╔═════════════════════════════════════════════════════════════════════════╗
    ║ Looks like Playwright Test or Playwright was just installed or updated. ║
    ║ Please run the following command to download new browsers:              ║
    ║                                                                         ║
    ║     npx playwright install                                              ║
    ║                                                                         ║
    ║ <3 Playwright Team                                                      ║
    ╚═════════════════════════════════════════════════════════════════════════╝


[1A[2K[254/910] [firefox] › tests\e2e\chat.spec.ts:31:7 › Chat Interface › should display existing chat messages
[1A[2K  215) [firefox] › tests\e2e\chat.spec.ts:31:7 › Chat Interface › should display existing chat messages 

    Error: browserType.launch: Executable doesn't exist at C:\Users\imoud\AppData\Local\ms-playwright\firefox-1495\firefox\firefox.exe
    ╔═════════════════════════════════════════════════════════════════════════╗
    ║ Looks like Playwright Test or Playwright was just installed or updated. ║
    ║ Please run the following command to download new browsers:              ║
    ║                                                                         ║
    ║     npx playwright install                                              ║
    ║                                                                         ║
    ║ <3 Playwright Team                                                      ║
    ╚═════════════════════════════════════════════════════════════════════════╝


[1A[2K[255/910] [firefox] › tests\e2e\chat.spec.ts:70:7 › Chat Interface › should create a new chat session
[1A[2K[256/910] [firefox] › tests\e2e\chat.spec.ts:44:7 › Chat Interface › should send a message and receive response
[1A[2K  216) [firefox] › tests\e2e\chat.spec.ts:70:7 › Chat Interface › should create a new chat session ─

    Error: browserType.launch: Executable doesn't exist at C:\Users\imoud\AppData\Local\ms-playwright\firefox-1495\firefox\firefox.exe
    ╔═════════════════════════════════════════════════════════════════════════╗
    ║ Looks like Playwright Test or Playwright was just installed or updated. ║
    ║ Please run the following command to download new browsers:              ║
    ║                                                                         ║
    ║     npx playwright install                                              ║
    ║                                                                         ║
    ║ <3 Playwright Team                                                      ║
    ╚═════════════════════════════════════════════════════════════════════════╝


[1A[2K[257/910] [firefox] › tests\e2e\chat.spec.ts:81:7 › Chat Interface › should switch between chat sessions
[1A[2K  217) [firefox] › tests\e2e\chat.spec.ts:44:7 › Chat Interface › should send a message and receive response 

    Error: browserType.launch: Executable doesn't exist at C:\Users\imoud\AppData\Local\ms-playwright\firefox-1495\firefox\firefox.exe
    ╔═════════════════════════════════════════════════════════════════════════╗
    ║ Looks like Playwright Test or Playwright was just installed or updated. ║
    ║ Please run the following command to download new browsers:              ║
    ║                                                                         ║
    ║     npx playwright install                                              ║
    ║                                                                         ║
    ║ <3 Playwright Team                                                      ║
    ╚═════════════════════════════════════════════════════════════════════════╝


[1A[2K  218) [firefox] › tests\e2e\chat.spec.ts:81:7 › Chat Interface › should switch between chat sessions 

    Error: browserType.launch: Executable doesn't exist at C:\Users\imoud\AppData\Local\ms-playwright\firefox-1495\firefox\firefox.exe
    ╔═════════════════════════════════════════════════════════════════════════╗
    ║ Looks like Playwright Test or Playwright was just installed or updated. ║
    ║ Please run the following command to download new browsers:              ║
    ║                                                                         ║
    ║     npx playwright install                                              ║
    ║                                                                         ║
    ║ <3 Playwright Team                                                      ║
    ╚═════════════════════════════════════════════════════════════════════════╝


[1A[2K[258/910] [firefox] › tests\e2e\chat.spec.ts:92:7 › Chat Interface › should display copy button on AI messages
[1A[2K[259/910] [firefox] › tests\e2e\chat.spec.ts:104:7 › Chat Interface › should display regenerate button on last AI message
[1A[2K  219) [firefox] › tests\e2e\chat.spec.ts:92:7 › Chat Interface › should display copy button on AI messages 

    Error: browserType.launch: Executable doesn't exist at C:\Users\imoud\AppData\Local\ms-playwright\firefox-1495\firefox\firefox.exe
    ╔═════════════════════════════════════════════════════════════════════════╗
    ║ Looks like Playwright Test or Playwright was just installed or updated. ║
    ║ Please run the following command to download new browsers:              ║
    ║                                                                         ║
    ║     npx playwright install                                              ║
    ║                                                                         ║
    ║ <3 Playwright Team                                                      ║
    ╚═════════════════════════════════════════════════════════════════════════╝


[1A[2K  220) [firefox] › tests\e2e\chat.spec.ts:104:7 › Chat Interface › should display regenerate button on last AI message 

    Error: browserType.launch: Executable doesn't exist at C:\Users\imoud\AppData\Local\ms-playwright\firefox-1495\firefox\firefox.exe
    ╔═════════════════════════════════════════════════════════════════════════╗
    ║ Looks like Playwright Test or Playwright was just installed or updated. ║
    ║ Please run the following command to download new browsers:              ║
    ║                                                                         ║
    ║     npx playwright install                                              ║
    ║                                                                         ║
    ║ <3 Playwright Team                                                      ║
    ╚═════════════════════════════════════════════════════════════════════════╝


[1A[2K[260/910] [firefox] › tests\e2e\chat.spec.ts:112:7 › Chat Interface › should show typing indicator when sending message
[1A[2K  221) [firefox] › tests\e2e\chat.spec.ts:112:7 › Chat Interface › should show typing indicator when sending message 

    Error: browserType.launch: Executable doesn't exist at C:\Users\imoud\AppData\Local\ms-playwright\firefox-1495\firefox\firefox.exe
    ╔═════════════════════════════════════════════════════════════════════════╗
    ║ Looks like Playwright Test or Playwright was just installed or updated. ║
    ║ Please run the following command to download new browsers:              ║
    ║                                                                         ║
    ║     npx playwright install                                              ║
    ║                                                                         ║
    ║ <3 Playwright Team                                                      ║
    ╚═════════════════════════════════════════════════════════════════════════╝


[1A[2K[261/910] [firefox] › tests\e2e\chat.spec.ts:129:7 › Chat Interface › should clear input field after sending message
[1A[2K  222) [firefox] › tests\e2e\chat.spec.ts:129:7 › Chat Interface › should clear input field after sending message 

    Error: browserType.launch: Executable doesn't exist at C:\Users\imoud\AppData\Local\ms-playwright\firefox-1495\firefox\firefox.exe
    ╔═════════════════════════════════════════════════════════════════════════╗
    ║ Looks like Playwright Test or Playwright was just installed or updated. ║
    ║ Please run the following command to download new browsers:              ║
    ║                                                                         ║
    ║     npx playwright install                                              ║
    ║                                                                         ║
    ║ <3 Playwright Team                                                      ║
    ╚═════════════════════════════════════════════════════════════════════════╝


[1A[2K[262/910] [firefox] › tests\e2e\chat.spec.ts:148:7 › Chat Interface › should display export buttons on active session
[1A[2K  223) [firefox] › tests\e2e\chat.spec.ts:148:7 › Chat Interface › should display export buttons on active session 

    Error: browserType.launch: Executable doesn't exist at C:\Users\imoud\AppData\Local\ms-playwright\firefox-1495\firefox\firefox.exe
    ╔═════════════════════════════════════════════════════════════════════════╗
    ║ Looks like Playwright Test or Playwright was just installed or updated. ║
    ║ Please run the following command to download new browsers:              ║
    ║                                                                         ║
    ║     npx playwright install                                              ║
    ║                                                                         ║
    ║ <3 Playwright Team                                                      ║
    ╚═════════════════════════════════════════════════════════════════════════╝


[1A[2K[263/910] [firefox] › tests\e2e\chat.spec.ts:157:7 › Chat Interface › should show chat header with model name
[1A[2K[264/910] [firefox] › tests\e2e\chat.spec.ts:163:7 › Chat Interface › should handle Enter key to send message
[1A[2K[265/910] [firefox] › tests\e2e\chat.spec.ts:176:7 › Chat Interface › should handle Shift+Enter for new line
[1A[2K  224) [firefox] › tests\e2e\chat.spec.ts:157:7 › Chat Interface › should show chat header with model name 

    Error: browserType.launch: Executable doesn't exist at C:\Users\imoud\AppData\Local\ms-playwright\firefox-1495\firefox\firefox.exe
    ╔═════════════════════════════════════════════════════════════════════════╗
    ║ Looks like Playwright Test or Playwright was just installed or updated. ║
    ║ Please run the following command to download new browsers:              ║
    ║                                                                         ║
    ║     npx playwright install                                              ║
    ║                                                                         ║
    ║ <3 Playwright Team                                                      ║
    ╚═════════════════════════════════════════════════════════════════════════╝


[1A[2K  225) [firefox] › tests\e2e\chat.spec.ts:163:7 › Chat Interface › should handle Enter key to send message 

    Error: browserType.launch: Executable doesn't exist at C:\Users\imoud\AppData\Local\ms-playwright\firefox-1495\firefox\firefox.exe
    ╔═════════════════════════════════════════════════════════════════════════╗
    ║ Looks like Playwright Test or Playwright was just installed or updated. ║
    ║ Please run the following command to download new browsers:              ║
    ║                                                                         ║
    ║     npx playwright install                                              ║
    ║                                                                         ║
    ║ <3 Playwright Team                                                      ║
    ╚═════════════════════════════════════════════════════════════════════════╝


[1A[2K  226) [firefox] › tests\e2e\chat.spec.ts:176:7 › Chat Interface › should handle Shift+Enter for new line 

    Error: browserType.launch: Executable doesn't exist at C:\Users\imoud\AppData\Local\ms-playwright\firefox-1495\firefox\firefox.exe
    ╔═════════════════════════════════════════════════════════════════════════╗
    ║ Looks like Playwright Test or Playwright was just installed or updated. ║
    ║ Please run the following command to download new browsers:              ║
    ║                                                                         ║
    ║     npx playwright install                                              ║
    ║                                                                         ║
    ║ <3 Playwright Team                                                      ║
    ╚═════════════════════════════════════════════════════════════════════════╝


[1A[2K[266/910] [firefox] › tests\e2e\dashboard-protected.spec.ts:101:9 › Dashboard and Protected Routes › Authenticated Dashboard Access › should display dashboard with user information
[1A[2K[267/910] [firefox] › tests\e2e\dashboard-protected.spec.ts:46:9 › Dashboard and Protected Routes › Unauthenticated Access › should redirect to login when accessing dashboard without auth
[1A[2K  227) [firefox] › tests\e2e\dashboard-protected.spec.ts:46:9 › Dashboard and Protected Routes › Unauthenticated Access › should redirect to login when accessing dashboard without auth 

    Error: browserType.launch: Executable doesn't exist at C:\Users\imoud\AppData\Local\ms-playwright\firefox-1495\firefox\firefox.exe
    ╔═════════════════════════════════════════════════════════════════════════╗
    ║ Looks like Playwright Test or Playwright was just installed or updated. ║
    ║ Please run the following command to download new browsers:              ║
    ║                                                                         ║
    ║     npx playwright install                                              ║
    ║                                                                         ║
    ║ <3 Playwright Team                                                      ║
    ╚═════════════════════════════════════════════════════════════════════════╝


[1A[2K[268/910] [firefox] › tests\e2e\dashboard-protected.spec.ts:56:9 › Dashboard and Protected Routes › Unauthenticated Access › should allow access to public pages
[1A[2K[269/910] [firefox] › tests\e2e\dashboard-protected.spec.ts:70:9 › Dashboard and Protected Routes › Unauthenticated Access › should preserve intended destination after login
[1A[2K  228) [firefox] › tests\e2e\dashboard-protected.spec.ts:101:9 › Dashboard and Protected Routes › Authenticated Dashboard Access › should display dashboard with user information 

    Error: browserType.launch: Executable doesn't exist at C:\Users\imoud\AppData\Local\ms-playwright\firefox-1495\firefox\firefox.exe
    ╔═════════════════════════════════════════════════════════════════════════╗
    ║ Looks like Playwright Test or Playwright was just installed or updated. ║
    ║ Please run the following command to download new browsers:              ║
    ║                                                                         ║
    ║     npx playwright install                                              ║
    ║                                                                         ║
    ║ <3 Playwright Team                                                      ║
    ╚═════════════════════════════════════════════════════════════════════════╝


[1A[2K[270/910] [firefox] › tests\e2e\dashboard-protected.spec.ts:112:9 › Dashboard and Protected Routes › Authenticated Dashboard Access › should display user account information
[1A[2K[271/910] [firefox] › tests\e2e\dashboard-protected.spec.ts:132:9 › Dashboard and Protected Routes › Authenticated Dashboard Access › should show user profile data correctly
[1A[2K[272/910] [firefox] › tests\e2e\dashboard-protected.spec.ts:145:9 › Dashboard and Protected Routes › Authenticated Dashboard Access › should display navigation menu
[1A[2K  229) [firefox] › tests\e2e\dashboard-protected.spec.ts:145:9 › Dashboard and Protected Routes › Authenticated Dashboard Access › should display navigation menu 

    Error: browserType.launch: Executable doesn't exist at C:\Users\imoud\AppData\Local\ms-playwright\firefox-1495\firefox\firefox.exe
    ╔═════════════════════════════════════════════════════════════════════════╗
    ║ Looks like Playwright Test or Playwright was just installed or updated. ║
    ║ Please run the following command to download new browsers:              ║
    ║                                                                         ║
    ║     npx playwright install                                              ║
    ║                                                                         ║
    ║ <3 Playwright Team                                                      ║
    ╚═════════════════════════════════════════════════════════════════════════╝


[1A[2K[273/910] [firefox] › tests\e2e\dashboard-protected.spec.ts:155:9 › Dashboard and Protected Routes › Authenticated Dashboard Access › should display subscription status
[1A[2K[274/910] [firefox] › tests\e2e\dashboard-protected.spec.ts:161:9 › Dashboard and Protected Routes › Authenticated Dashboard Access › should display account creation date
[1A[2K[275/910] [firefox] › tests\e2e\dashboard-protected.spec.ts:171:9 › Dashboard and Protected Routes › Authenticated Dashboard Access › should show phase completion status
[1A[2K  230) [firefox] › tests\e2e\dashboard-protected.spec.ts:171:9 › Dashboard and Protected Routes › Authenticated Dashboard Access › should show phase completion status 

    Error: browserType.launch: Executable doesn't exist at C:\Users\imoud\AppData\Local\ms-playwright\firefox-1495\firefox\firefox.exe
    ╔═════════════════════════════════════════════════════════════════════════╗
    ║ Looks like Playwright Test or Playwright was just installed or updated. ║
    ║ Please run the following command to download new browsers:              ║
    ║                                                                         ║
    ║     npx playwright install                                              ║
    ║                                                                         ║
    ║ <3 Playwright Team                                                      ║
    ╚═════════════════════════════════════════════════════════════════════════╝


[1A[2K[276/910] [firefox] › tests\e2e\dashboard-protected.spec.ts:176:9 › Dashboard and Protected Routes › Authenticated Dashboard Access › should have functional logout button
[1A[2K[277/910] [firefox] › tests\e2e\dashboard-protected.spec.ts:190:9 › Dashboard and Protected Routes › Authenticated Dashboard Access › should persist across page navigation
[1A[2K[278/910] [firefox] › tests\e2e\dashboard-protected.spec.ts:204:9 › Dashboard and Protected Routes › Authenticated Dashboard Access › should handle browser refresh correctly
[1A[2K  231) [firefox] › tests\e2e\dashboard-protected.spec.ts:204:9 › Dashboard and Protected Routes › Authenticated Dashboard Access › should handle browser refresh correctly 

    Error: browserType.launch: Executable doesn't exist at C:\Users\imoud\AppData\Local\ms-playwright\firefox-1495\firefox\firefox.exe
    ╔═════════════════════════════════════════════════════════════════════════╗
    ║ Looks like Playwright Test or Playwright was just installed or updated. ║
    ║ Please run the following command to download new browsers:              ║
    ║                                                                         ║
    ║     npx playwright install                                              ║
    ║                                                                         ║
    ║ <3 Playwright Team                                                      ║
    ╚═════════════════════════════════════════════════════════════════════════╝


[1A[2K[279/910] [firefox] › tests\e2e\dashboard-protected.spec.ts:215:9 › Dashboard and Protected Routes › Authenticated Dashboard Access › should be responsive on mobile viewport
[1A[2K[280/910] [firefox] › tests\e2e\dashboard-protected.spec.ts:226:9 › Dashboard and Protected Routes › Authenticated Dashboard Access › should display success message on dashboard
[1A[2K[281/910] [firefox] › tests\e2e\dashboard-protected.spec.ts:243:9 › Dashboard and Protected Routes › Session Management › should maintain session in new tab
[1A[2K[282/910] [firefox] › tests\e2e\dashboard.spec.ts:10:7 › Dashboard Tests › should login and verify dashboard layout
[1A[2K[283/910] [firefox] › tests\e2e\dashboard.spec.ts:54:7 › Dashboard Tests › should navigate to models page
[1A[2K  232) [firefox] › tests\e2e\dashboard-protected.spec.ts:243:9 › Dashboard and Protected Routes › Session Management › should maintain session in new tab 

    Error: browserType.launch: Executable doesn't exist at C:\Users\imoud\AppData\Local\ms-playwright\firefox-1495\firefox\firefox.exe
    ╔═════════════════════════════════════════════════════════════════════════╗
    ║ Looks like Playwright Test or Playwright was just installed or updated. ║
    ║ Please run the following command to download new browsers:              ║
    ║                                                                         ║
    ║     npx playwright install                                              ║
    ║                                                                         ║
    ║ <3 Playwright Team                                                      ║
    ╚═════════════════════════════════════════════════════════════════════════╝


[1A[2K[284/910] [firefox] › tests\e2e\dashboard-protected.spec.ts:262:9 › Dashboard and Protected Routes › Session Management › should logout from all tabs
[1A[2K  233) [firefox] › tests\e2e\dashboard.spec.ts:10:7 › Dashboard Tests › should login and verify dashboard layout 

    Error: browserType.launch: Executable doesn't exist at C:\Users\imoud\AppData\Local\ms-playwright\firefox-1495\firefox\firefox.exe
    ╔═════════════════════════════════════════════════════════════════════════╗
    ║ Looks like Playwright Test or Playwright was just installed or updated. ║
    ║ Please run the following command to download new browsers:              ║
    ║                                                                         ║
    ║     npx playwright install                                              ║
    ║                                                                         ║
    ║ <3 Playwright Team                                                      ║
    ╚═════════════════════════════════════════════════════════════════════════╝


[1A[2K  234) [firefox] › tests\e2e\dashboard.spec.ts:54:7 › Dashboard Tests › should navigate to models page 

    Error: browserType.launch: Executable doesn't exist at C:\Users\imoud\AppData\Local\ms-playwright\firefox-1495\firefox\firefox.exe
    ╔═════════════════════════════════════════════════════════════════════════╗
    ║ Looks like Playwright Test or Playwright was just installed or updated. ║
    ║ Please run the following command to download new browsers:              ║
    ║                                                                         ║
    ║     npx playwright install                                              ║
    ║                                                                         ║
    ║ <3 Playwright Team                                                      ║
    ╚═════════════════════════════════════════════════════════════════════════╝


[1A[2K[285/910] [firefox] › tests\e2e\dashboard.spec.ts:92:7 › Dashboard Tests › should have functional search bar in header
[1A[2K[286/910] [firefox] › tests\e2e\dashboard.spec.ts:113:7 › Dashboard Tests › should create a new model successfully
[1A[2K  235) [firefox] › tests\e2e\dashboard.spec.ts:92:7 › Dashboard Tests › should have functional search bar in header 

    Error: browserType.launch: Executable doesn't exist at C:\Users\imoud\AppData\Local\ms-playwright\firefox-1495\firefox\firefox.exe
    ╔═════════════════════════════════════════════════════════════════════════╗
    ║ Looks like Playwright Test or Playwright was just installed or updated. ║
    ║ Please run the following command to download new browsers:              ║
    ║                                                                         ║
    ║     npx playwright install                                              ║
    ║                                                                         ║
    ║ <3 Playwright Team                                                      ║
    ╚═════════════════════════════════════════════════════════════════════════╝


[1A[2K  236) [firefox] › tests\e2e\dashboard.spec.ts:113:7 › Dashboard Tests › should create a new model successfully 

    Error: browserType.launch: Executable doesn't exist at C:\Users\imoud\AppData\Local\ms-playwright\firefox-1495\firefox\firefox.exe
    ╔═════════════════════════════════════════════════════════════════════════╗
    ║ Looks like Playwright Test or Playwright was just installed or updated. ║
    ║ Please run the following command to download new browsers:              ║
    ║                                                                         ║
    ║     npx playwright install                                              ║
    ║                                                                         ║
    ║ <3 Playwright Team                                                      ║
    ╚═════════════════════════════════════════════════════════════════════════╝


[1A[2K[287/910] [firefox] › tests\e2e\docs.spec.ts:27:7 › Documentation Site › should load documentation page
[1A[2K  237) [firefox] › tests\e2e\docs.spec.ts:27:7 › Documentation Site › should load documentation page 

    Error: browserType.launch: Executable doesn't exist at C:\Users\imoud\AppData\Local\ms-playwright\firefox-1495\firefox\firefox.exe
    ╔═════════════════════════════════════════════════════════════════════════╗
    ║ Looks like Playwright Test or Playwright was just installed or updated. ║
    ║ Please run the following command to download new browsers:              ║
    ║                                                                         ║
    ║     npx playwright install                                              ║
    ║                                                                         ║
    ║ <3 Playwright Team                                                      ║
    ╚═════════════════════════════════════════════════════════════════════════╝


[1A[2K[288/910] [firefox] › tests\e2e\docs.spec.ts:41:7 › Documentation Site › should display search bar
[1A[2K  238) [firefox] › tests\e2e\docs.spec.ts:41:7 › Documentation Site › should display search bar ────

    Error: browserType.launch: Executable doesn't exist at C:\Users\imoud\AppData\Local\ms-playwright\firefox-1495\firefox\firefox.exe
    ╔═════════════════════════════════════════════════════════════════════════╗
    ║ Looks like Playwright Test or Playwright was just installed or updated. ║
    ║ Please run the following command to download new browsers:              ║
    ║                                                                         ║
    ║     npx playwright install                                              ║
    ║                                                                         ║
    ║ <3 Playwright Team                                                      ║
    ╚═════════════════════════════════════════════════════════════════════════╝


[1A[2K[289/910] [firefox] › tests\e2e\docs.spec.ts:48:7 › Documentation Site › should navigate between sections
[1A[2K  239) [firefox] › tests\e2e\docs.spec.ts:48:7 › Documentation Site › should navigate between sections 

    Error: browserType.launch: Executable doesn't exist at C:\Users\imoud\AppData\Local\ms-playwright\firefox-1495\firefox\firefox.exe
    ╔═════════════════════════════════════════════════════════════════════════╗
    ║ Looks like Playwright Test or Playwright was just installed or updated. ║
    ║ Please run the following command to download new browsers:              ║
    ║                                                                         ║
    ║     npx playwright install                                              ║
    ║                                                                         ║
    ║ <3 Playwright Team                                                      ║
    ╚═════════════════════════════════════════════════════════════════════════╝


[1A[2K[290/910] [firefox] › tests\e2e\docs.spec.ts:67:7 › Documentation Site › should show Getting Started content by default
[1A[2K[291/910] [firefox] › tests\e2e\docs.spec.ts:77:7 › Documentation Site › should display code blocks with copy button
[1A[2K[292/910] [firefox] › tests\e2e\docs.spec.ts:93:7 › Documentation Site › should copy code to clipboard
[1A[2K  240) [firefox] › tests\e2e\docs.spec.ts:67:7 › Documentation Site › should show Getting Started content by default 

    Error: browserType.launch: Executable doesn't exist at C:\Users\imoud\AppData\Local\ms-playwright\firefox-1495\firefox\firefox.exe
    ╔═════════════════════════════════════════════════════════════════════════╗
    ║ Looks like Playwright Test or Playwright was just installed or updated. ║
    ║ Please run the following command to download new browsers:              ║
    ║                                                                         ║
    ║     npx playwright install                                              ║
    ║                                                                         ║
    ║ <3 Playwright Team                                                      ║
    ╚═════════════════════════════════════════════════════════════════════════╝


[1A[2K  241) [firefox] › tests\e2e\docs.spec.ts:77:7 › Documentation Site › should display code blocks with copy button 

    Error: browserType.launch: Executable doesn't exist at C:\Users\imoud\AppData\Local\ms-playwright\firefox-1495\firefox\firefox.exe
    ╔═════════════════════════════════════════════════════════════════════════╗
    ║ Looks like Playwright Test or Playwright was just installed or updated. ║
    ║ Please run the following command to download new browsers:              ║
    ║                                                                         ║
    ║     npx playwright install                                              ║
    ║                                                                         ║
    ║ <3 Playwright Team                                                      ║
    ╚═════════════════════════════════════════════════════════════════════════╝


[1A[2K  242) [firefox] › tests\e2e\docs.spec.ts:93:7 › Documentation Site › should copy code to clipboard 

    Error: browserType.launch: Executable doesn't exist at C:\Users\imoud\AppData\Local\ms-playwright\firefox-1495\firefox\firefox.exe
    ╔═════════════════════════════════════════════════════════════════════════╗
    ║ Looks like Playwright Test or Playwright was just installed or updated. ║
    ║ Please run the following command to download new browsers:              ║
    ║                                                                         ║
    ║     npx playwright install                                              ║
    ║                                                                         ║
    ║ <3 Playwright Team                                                      ║
    ╚═════════════════════════════════════════════════════════════════════════╝


[1A[2K[293/910] [firefox] › tests\e2e\docs.spec.ts:109:7 › Documentation Site › should search documentation
[1A[2K[294/910] [firefox] › tests\e2e\docs.spec.ts:121:7 › Documentation Site › should filter sections based on search
[1A[2K  243) [firefox] › tests\e2e\docs.spec.ts:109:7 › Documentation Site › should search documentation ─

    Error: browserType.launch: Executable doesn't exist at C:\Users\imoud\AppData\Local\ms-playwright\firefox-1495\firefox\firefox.exe
    ╔═════════════════════════════════════════════════════════════════════════╗
    ║ Looks like Playwright Test or Playwright was just installed or updated. ║
    ║ Please run the following command to download new browsers:              ║
    ║                                                                         ║
    ║     npx playwright install                                              ║
    ║                                                                         ║
    ║ <3 Playwright Team                                                      ║
    ╚═════════════════════════════════════════════════════════════════════════╝


[1A[2K  244) [firefox] › tests\e2e\docs.spec.ts:121:7 › Documentation Site › should filter sections based on search 

    Error: browserType.launch: Executable doesn't exist at C:\Users\imoud\AppData\Local\ms-playwright\firefox-1495\firefox\firefox.exe
    ╔═════════════════════════════════════════════════════════════════════════╗
    ║ Looks like Playwright Test or Playwright was just installed or updated. ║
    ║ Please run the following command to download new browsers:              ║
    ║                                                                         ║
    ║     npx playwright install                                              ║
    ║                                                                         ║
    ║ <3 Playwright Team                                                      ║
    ╚═════════════════════════════════════════════════════════════════════════╝


[1A[2K[295/910] [firefox] › tests\e2e\docs.spec.ts:133:7 › Documentation Site › should show feedback buttons
[1A[2K  245) [firefox] › tests\e2e\docs.spec.ts:133:7 › Documentation Site › should show feedback buttons 

    Error: browserType.launch: Executable doesn't exist at C:\Users\imoud\AppData\Local\ms-playwright\firefox-1495\firefox\firefox.exe
    ╔═════════════════════════════════════════════════════════════════════════╗
    ║ Looks like Playwright Test or Playwright was just installed or updated. ║
    ║ Please run the following command to download new browsers:              ║
    ║                                                                         ║
    ║     npx playwright install                                              ║
    ║                                                                         ║
    ║ <3 Playwright Team                                                      ║
    ╚═════════════════════════════════════════════════════════════════════════╝


[1A[2K[296/910] [firefox] › tests\e2e\docs.spec.ts:146:7 › Documentation Site › should submit helpful feedback
[1A[2K  246) [firefox] › tests\e2e\docs.spec.ts:146:7 › Documentation Site › should submit helpful feedback 

    Error: browserType.launch: Executable doesn't exist at C:\Users\imoud\AppData\Local\ms-playwright\firefox-1495\firefox\firefox.exe
    ╔═════════════════════════════════════════════════════════════════════════╗
    ║ Looks like Playwright Test or Playwright was just installed or updated. ║
    ║ Please run the following command to download new browsers:              ║
    ║                                                                         ║
    ║     npx playwright install                                              ║
    ║                                                                         ║
    ║ <3 Playwright Team                                                      ║
    ╚═════════════════════════════════════════════════════════════════════════╝


[1A[2K[297/910] [firefox] › tests\e2e\docs.spec.ts:161:7 › Documentation Site › should submit not helpful feedback
[1A[2K  247) [firefox] › tests\e2e\docs.spec.ts:161:7 › Documentation Site › should submit not helpful feedback 

    Error: browserType.launch: Executable doesn't exist at C:\Users\imoud\AppData\Local\ms-playwright\firefox-1495\firefox\firefox.exe
    ╔═════════════════════════════════════════════════════════════════════════╗
    ║ Looks like Playwright Test or Playwright was just installed or updated. ║
    ║ Please run the following command to download new browsers:              ║
    ║                                                                         ║
    ║     npx playwright install                                              ║
    ║                                                                         ║
    ║ <3 Playwright Team                                                      ║
    ╚═════════════════════════════════════════════════════════════════════════╝


[1A[2K[298/910] [firefox] › tests\e2e\docs.spec.ts:187:7 › Documentation Site › should display all sections in sidebar
[1A[2K[299/910] [firefox] › tests\e2e\docs.spec.ts:176:7 › Documentation Site › should navigate back to dashboard
[1A[2K[300/910] [firefox] › tests\e2e\docs.spec.ts:204:7 › Documentation Site › should highlight active section
[1A[2K  248) [firefox] › tests\e2e\docs.spec.ts:187:7 › Documentation Site › should display all sections in sidebar 

    Error: browserType.launch: Executable doesn't exist at C:\Users\imoud\AppData\Local\ms-playwright\firefox-1495\firefox\firefox.exe
    ╔═════════════════════════════════════════════════════════════════════════╗
    ║ Looks like Playwright Test or Playwright was just installed or updated. ║
    ║ Please run the following command to download new browsers:              ║
    ║                                                                         ║
    ║     npx playwright install                                              ║
    ║                                                                         ║
    ║ <3 Playwright Team                                                      ║
    ╚═════════════════════════════════════════════════════════════════════════╝


[1A[2K  249) [firefox] › tests\e2e\docs.spec.ts:176:7 › Documentation Site › should navigate back to dashboard 

    Error: browserType.launch: Executable doesn't exist at C:\Users\imoud\AppData\Local\ms-playwright\firefox-1495\firefox\firefox.exe
    ╔═════════════════════════════════════════════════════════════════════════╗
    ║ Looks like Playwright Test or Playwright was just installed or updated. ║
    ║ Please run the following command to download new browsers:              ║
    ║                                                                         ║
    ║     npx playwright install                                              ║
    ║                                                                         ║
    ║ <3 Playwright Team                                                      ║
    ╚═════════════════════════════════════════════════════════════════════════╝


[1A[2K  250) [firefox] › tests\e2e\docs.spec.ts:204:7 › Documentation Site › should highlight active section 

    Error: browserType.launch: Executable doesn't exist at C:\Users\imoud\AppData\Local\ms-playwright\firefox-1495\firefox\firefox.exe
    ╔═════════════════════════════════════════════════════════════════════════╗
    ║ Looks like Playwright Test or Playwright was just installed or updated. ║
    ║ Please run the following command to download new browsers:              ║
    ║                                                                         ║
    ║     npx playwright install                                              ║
    ║                                                                         ║
    ║ <3 Playwright Team                                                      ║
    ╚═════════════════════════════════════════════════════════════════════════╝


[1A[2K[301/910] [firefox] › tests\e2e\docs.spec.ts:222:7 › Documentation Site › should display FAQs content
[1A[2K[302/910] [firefox] › tests\e2e\docs.spec.ts:236:7 › Documentation Site › should display self-hosting content
[1A[2K  251) [firefox] › tests\e2e\docs.spec.ts:222:7 › Documentation Site › should display FAQs content ─

    Error: browserType.launch: Executable doesn't exist at C:\Users\imoud\AppData\Local\ms-playwright\firefox-1495\firefox\firefox.exe
    ╔═════════════════════════════════════════════════════════════════════════╗
    ║ Looks like Playwright Test or Playwright was just installed or updated. ║
    ║ Please run the following command to download new browsers:              ║
    ║                                                                         ║
    ║     npx playwright install                                              ║
    ║                                                                         ║
    ║ <3 Playwright Team                                                      ║
    ╚═════════════════════════════════════════════════════════════════════════╝


[1A[2K  252) [firefox] › tests\e2e\docs.spec.ts:236:7 › Documentation Site › should display self-hosting content 

    Error: browserType.launch: Executable doesn't exist at C:\Users\imoud\AppData\Local\ms-playwright\firefox-1495\firefox\firefox.exe
    ╔═════════════════════════════════════════════════════════════════════════╗
    ║ Looks like Playwright Test or Playwright was just installed or updated. ║
    ║ Please run the following command to download new browsers:              ║
    ║                                                                         ║
    ║     npx playwright install                                              ║
    ║                                                                         ║
    ║ <3 Playwright Team                                                      ║
    ╚═════════════════════════════════════════════════════════════════════════╝


[1A[2K[303/910] [firefox] › tests\e2e\file-upload.spec.ts:55:7 › File Upload Tests › should navigate to training data page
[1A[2K  253) [firefox] › tests\e2e\file-upload.spec.ts:55:7 › File Upload Tests › should navigate to training data page 

    Error: browserType.launch: Executable doesn't exist at C:\Users\imoud\AppData\Local\ms-playwright\firefox-1495\firefox\firefox.exe
    ╔═════════════════════════════════════════════════════════════════════════╗
    ║ Looks like Playwright Test or Playwright was just installed or updated. ║
    ║ Please run the following command to download new browsers:              ║
    ║                                                                         ║
    ║     npx playwright install                                              ║
    ║                                                                         ║
    ║ <3 Playwright Team                                                      ║
    ╚═════════════════════════════════════════════════════════════════════════╝


[1A[2K[304/910] [firefox] › tests\e2e\file-upload.spec.ts:86:7 › File Upload Tests › should upload a text file
[1A[2K[305/910] [firefox] › tests\e2e\file-upload.spec.ts:71:7 › File Upload Tests › should display file upload interface
[1A[2K  254) [firefox] › tests\e2e\file-upload.spec.ts:71:7 › File Upload Tests › should display file upload interface 

    Error: browserType.launch: Executable doesn't exist at C:\Users\imoud\AppData\Local\ms-playwright\firefox-1495\firefox\firefox.exe
    ╔═════════════════════════════════════════════════════════════════════════╗
    ║ Looks like Playwright Test or Playwright was just installed or updated. ║
    ║ Please run the following command to download new browsers:              ║
    ║                                                                         ║
    ║     npx playwright install                                              ║
    ║                                                                         ║
    ║ <3 Playwright Team                                                      ║
    ╚═════════════════════════════════════════════════════════════════════════╝


[1A[2K  255) [firefox] › tests\e2e\file-upload.spec.ts:86:7 › File Upload Tests › should upload a text file 

    Error: browserType.launch: Executable doesn't exist at C:\Users\imoud\AppData\Local\ms-playwright\firefox-1495\firefox\firefox.exe
    ╔═════════════════════════════════════════════════════════════════════════╗
    ║ Looks like Playwright Test or Playwright was just installed or updated. ║
    ║ Please run the following command to download new browsers:              ║
    ║                                                                         ║
    ║     npx playwright install                                              ║
    ║                                                                         ║
    ║ <3 Playwright Team                                                      ║
    ╚═════════════════════════════════════════════════════════════════════════╝


[1A[2K[306/910] [firefox] › tests\e2e\file-upload.spec.ts:133:7 › File Upload Tests › should show validation error for large file
[1A[2K[307/910] [firefox] › tests\e2e\file-upload.spec.ts:165:7 › File Upload Tests › should display uploaded files in table
[1A[2K[308/910] [firefox] › tests\e2e\file-upload.spec.ts:198:7 › File Upload Tests › should have functional model selector
[1A[2K  256) [firefox] › tests\e2e\file-upload.spec.ts:133:7 › File Upload Tests › should show validation error for large file 

    Error: browserType.launch: Executable doesn't exist at C:\Users\imoud\AppData\Local\ms-playwright\firefox-1495\firefox\firefox.exe
    ╔═════════════════════════════════════════════════════════════════════════╗
    ║ Looks like Playwright Test or Playwright was just installed or updated. ║
    ║ Please run the following command to download new browsers:              ║
    ║                                                                         ║
    ║     npx playwright install                                              ║
    ║                                                                         ║
    ║ <3 Playwright Team                                                      ║
    ╚═════════════════════════════════════════════════════════════════════════╝


[1A[2K  257) [firefox] › tests\e2e\file-upload.spec.ts:165:7 › File Upload Tests › should display uploaded files in table 

    Error: browserType.launch: Executable doesn't exist at C:\Users\imoud\AppData\Local\ms-playwright\firefox-1495\firefox\firefox.exe
    ╔═════════════════════════════════════════════════════════════════════════╗
    ║ Looks like Playwright Test or Playwright was just installed or updated. ║
    ║ Please run the following command to download new browsers:              ║
    ║                                                                         ║
    ║     npx playwright install                                              ║
    ║                                                                         ║
    ║ <3 Playwright Team                                                      ║
    ╚═════════════════════════════════════════════════════════════════════════╝


[1A[2K  258) [firefox] › tests\e2e\file-upload.spec.ts:198:7 › File Upload Tests › should have functional model selector 

    Error: browserType.launch: Executable doesn't exist at C:\Users\imoud\AppData\Local\ms-playwright\firefox-1495\firefox\firefox.exe
    ╔═════════════════════════════════════════════════════════════════════════╗
    ║ Looks like Playwright Test or Playwright was just installed or updated. ║
    ║ Please run the following command to download new browsers:              ║
    ║                                                                         ║
    ║     npx playwright install                                              ║
    ║                                                                         ║
    ║ <3 Playwright Team                                                      ║
    ╚═════════════════════════════════════════════════════════════════════════╝


[1A[2K[309/910] [firefox] › tests\e2e\file-upload.spec.ts:220:7 › File Upload Tests › should show drag and drop zone with correct styling
[1A[2K[310/910] [firefox] › tests\e2e\file-upload.spec.ts:239:7 › File Upload Tests › should allow file removal before upload
[1A[2K  259) [firefox] › tests\e2e\file-upload.spec.ts:220:7 › File Upload Tests › should show drag and drop zone with correct styling 

    Error: browserType.launch: Executable doesn't exist at C:\Users\imoud\AppData\Local\ms-playwright\firefox-1495\firefox\firefox.exe
    ╔═════════════════════════════════════════════════════════════════════════╗
    ║ Looks like Playwright Test or Playwright was just installed or updated. ║
    ║ Please run the following command to download new browsers:              ║
    ║                                                                         ║
    ║     npx playwright install                                              ║
    ║                                                                         ║
    ║ <3 Playwright Team                                                      ║
    ╚═════════════════════════════════════════════════════════════════════════╝


[1A[2K  260) [firefox] › tests\e2e\file-upload.spec.ts:239:7 › File Upload Tests › should allow file removal before upload 

    Error: browserType.launch: Executable doesn't exist at C:\Users\imoud\AppData\Local\ms-playwright\firefox-1495\firefox\firefox.exe
    ╔═════════════════════════════════════════════════════════════════════════╗
    ║ Looks like Playwright Test or Playwright was just installed or updated. ║
    ║ Please run the following command to download new browsers:              ║
    ║                                                                         ║
    ║     npx playwright install                                              ║
    ║                                                                         ║
    ║ <3 Playwright Team                                                      ║
    ╚═════════════════════════════════════════════════════════════════════════╝


[1A[2K[311/910] [firefox] › tests\e2e\file-upload.spec.ts:276:7 › File Upload Tests › should handle multiple file selection
[1A[2K  261) [firefox] › tests\e2e\file-upload.spec.ts:276:7 › File Upload Tests › should handle multiple file selection 

    Error: browserType.launch: Executable doesn't exist at C:\Users\imoud\AppData\Local\ms-playwright\firefox-1495\firefox\firefox.exe
    ╔═════════════════════════════════════════════════════════════════════════╗
    ║ Looks like Playwright Test or Playwright was just installed or updated. ║
    ║ Please run the following command to download new browsers:              ║
    ║                                                                         ║
    ║     npx playwright install                                              ║
    ║                                                                         ║
    ║ <3 Playwright Team                                                      ║
    ╚═════════════════════════════════════════════════════════════════════════╝


[1A[2K[312/910] [firefox] › tests\e2e\landing-page.spec.ts:4:7 › Landing Page › should load and display all main sections
[1A[2K[313/910] [firefox] › tests\e2e\landing-page.spec.ts:23:7 › Landing Page › should display Features section with 3 key differentiators
[1A[2K  262) [firefox] › tests\e2e\landing-page.spec.ts:4:7 › Landing Page › should load and display all main sections 

    Error: browserType.launch: Executable doesn't exist at C:\Users\imoud\AppData\Local\ms-playwright\firefox-1495\firefox\firefox.exe
    ╔═════════════════════════════════════════════════════════════════════════╗
    ║ Looks like Playwright Test or Playwright was just installed or updated. ║
    ║ Please run the following command to download new browsers:              ║
    ║                                                                         ║
    ║     npx playwright install                                              ║
    ║                                                                         ║
    ║ <3 Playwright Team                                                      ║
    ╚═════════════════════════════════════════════════════════════════════════╝


[1A[2K  263) [firefox] › tests\e2e\landing-page.spec.ts:23:7 › Landing Page › should display Features section with 3 key differentiators 

    Error: browserType.launch: Executable doesn't exist at C:\Users\imoud\AppData\Local\ms-playwright\firefox-1495\firefox\firefox.exe
    ╔═════════════════════════════════════════════════════════════════════════╗
    ║ Looks like Playwright Test or Playwright was just installed or updated. ║
    ║ Please run the following command to download new browsers:              ║
    ║                                                                         ║
    ║     npx playwright install                                              ║
    ║                                                                         ║
    ║ <3 Playwright Team                                                      ║
    ╚═════════════════════════════════════════════════════════════════════════╝


[1A[2K[314/910] [firefox] › tests\e2e\landing-page.spec.ts:38:7 › Landing Page › should display How It Works section with 3 steps
[1A[2K  264) [firefox] › tests\e2e\landing-page.spec.ts:38:7 › Landing Page › should display How It Works section with 3 steps 

    Error: browserType.launch: Executable doesn't exist at C:\Users\imoud\AppData\Local\ms-playwright\firefox-1495\firefox\firefox.exe
    ╔═════════════════════════════════════════════════════════════════════════╗
    ║ Looks like Playwright Test or Playwright was just installed or updated. ║
    ║ Please run the following command to download new browsers:              ║
    ║                                                                         ║
    ║     npx playwright install                                              ║
    ║                                                                         ║
    ║ <3 Playwright Team                                                      ║
    ╚═════════════════════════════════════════════════════════════════════════╝


[1A[2K[315/910] [firefox] › tests\e2e\landing-page.spec.ts:50:7 › Landing Page › should display Audience Tabs and allow switching
[1A[2K[316/910] [firefox] › tests\e2e\landing-page.spec.ts:79:7 › Landing Page › should display and submit Waitlist Form
[1A[2K  265) [firefox] › tests\e2e\landing-page.spec.ts:50:7 › Landing Page › should display Audience Tabs and allow switching 

    Error: browserType.launch: Executable doesn't exist at C:\Users\imoud\AppData\Local\ms-playwright\firefox-1495\firefox\firefox.exe
    ╔═════════════════════════════════════════════════════════════════════════╗
    ║ Looks like Playwright Test or Playwright was just installed or updated. ║
    ║ Please run the following command to download new browsers:              ║
    ║                                                                         ║
    ║     npx playwright install                                              ║
    ║                                                                         ║
    ║ <3 Playwright Team                                                      ║
    ╚═════════════════════════════════════════════════════════════════════════╝


[1A[2K  266) [firefox] › tests\e2e\landing-page.spec.ts:79:7 › Landing Page › should display and submit Waitlist Form 

    Error: browserType.launch: Executable doesn't exist at C:\Users\imoud\AppData\Local\ms-playwright\firefox-1495\firefox\firefox.exe
    ╔═════════════════════════════════════════════════════════════════════════╗
    ║ Looks like Playwright Test or Playwright was just installed or updated. ║
    ║ Please run the following command to download new browsers:              ║
    ║                                                                         ║
    ║     npx playwright install                                              ║
    ║                                                                         ║
    ║ <3 Playwright Team                                                      ║
    ╚═════════════════════════════════════════════════════════════════════════╝


[1A[2K[317/910] [firefox] › tests\e2e\landing-page.spec.ts:104:7 › Landing Page › should display Footer with all sections
[1A[2K[318/910] [firefox] › tests\e2e\landing-page.spec.ts:123:7 › Landing Page › CTAs should navigate to correct pages
[1A[2K  267) [firefox] › tests\e2e\landing-page.spec.ts:104:7 › Landing Page › should display Footer with all sections 

    Error: browserType.launch: Executable doesn't exist at C:\Users\imoud\AppData\Local\ms-playwright\firefox-1495\firefox\firefox.exe
    ╔═════════════════════════════════════════════════════════════════════════╗
    ║ Looks like Playwright Test or Playwright was just installed or updated. ║
    ║ Please run the following command to download new browsers:              ║
    ║                                                                         ║
    ║     npx playwright install                                              ║
    ║                                                                         ║
    ║ <3 Playwright Team                                                      ║
    ╚═════════════════════════════════════════════════════════════════════════╝


[1A[2K  268) [firefox] › tests\e2e\landing-page.spec.ts:123:7 › Landing Page › CTAs should navigate to correct pages 

    Error: browserType.launch: Executable doesn't exist at C:\Users\imoud\AppData\Local\ms-playwright\firefox-1495\firefox\firefox.exe
    ╔═════════════════════════════════════════════════════════════════════════╗
    ║ Looks like Playwright Test or Playwright was just installed or updated. ║
    ║ Please run the following command to download new browsers:              ║
    ║                                                                         ║
    ║     npx playwright install                                              ║
    ║                                                                         ║
    ║ <3 Playwright Team                                                      ║
    ╚═════════════════════════════════════════════════════════════════════════╝


[1A[2K[319/910] [firefox] › tests\e2e\landing-page.spec.ts:135:7 › Landing Page › should be responsive on mobile
[1A[2K  269) [firefox] › tests\e2e\landing-page.spec.ts:135:7 › Landing Page › should be responsive on mobile 

    Error: browserType.launch: Executable doesn't exist at C:\Users\imoud\AppData\Local\ms-playwright\firefox-1495\firefox\firefox.exe
    ╔═════════════════════════════════════════════════════════════════════════╗
    ║ Looks like Playwright Test or Playwright was just installed or updated. ║
    ║ Please run the following command to download new browsers:              ║
    ║                                                                         ║
    ║     npx playwright install                                              ║
    ║                                                                         ║
    ║ <3 Playwright Team                                                      ║
    ╚═════════════════════════════════════════════════════════════════════════╝


[1A[2K[320/910] [firefox] › tests\e2e\login-simple.spec.ts:11:7 › Simple Login Test › should register and login immediately
[1A[2K[321/910] [firefox] › tests\e2e\notifications.spec.ts:22:7 › Notifications Settings Tests › should display notifications settings page
[1A[2K  270) [firefox] › tests\e2e\login-simple.spec.ts:11:7 › Simple Login Test › should register and login immediately 

    Error: browserType.launch: Executable doesn't exist at C:\Users\imoud\AppData\Local\ms-playwright\firefox-1495\firefox\firefox.exe
    ╔═════════════════════════════════════════════════════════════════════════╗
    ║ Looks like Playwright Test or Playwright was just installed or updated. ║
    ║ Please run the following command to download new browsers:              ║
    ║                                                                         ║
    ║     npx playwright install                                              ║
    ║                                                                         ║
    ║ <3 Playwright Team                                                      ║
    ╚═════════════════════════════════════════════════════════════════════════╝


[1A[2K  271) [firefox] › tests\e2e\notifications.spec.ts:22:7 › Notifications Settings Tests › should display notifications settings page 

    Error: browserType.launch: Executable doesn't exist at C:\Users\imoud\AppData\Local\ms-playwright\firefox-1495\firefox\firefox.exe
    ╔═════════════════════════════════════════════════════════════════════════╗
    ║ Looks like Playwright Test or Playwright was just installed or updated. ║
    ║ Please run the following command to download new browsers:              ║
    ║                                                                         ║
    ║     npx playwright install                                              ║
    ║                                                                         ║
    ║ <3 Playwright Team                                                      ║
    ╚═════════════════════════════════════════════════════════════════════════╝


[1A[2K[322/910] [firefox] › tests\e2e\notifications.spec.ts:41:7 › Notifications Settings Tests › should display all notification sections
[1A[2K  272) [firefox] › tests\e2e\notifications.spec.ts:41:7 › Notifications Settings Tests › should display all notification sections 

    Error: browserType.launch: Executable doesn't exist at C:\Users\imoud\AppData\Local\ms-playwright\firefox-1495\firefox\firefox.exe
    ╔═════════════════════════════════════════════════════════════════════════╗
    ║ Looks like Playwright Test or Playwright was just installed or updated. ║
    ║ Please run the following command to download new browsers:              ║
    ║                                                                         ║
    ║     npx playwright install                                              ║
    ║                                                                         ║
    ║ <3 Playwright Team                                                      ║
    ╚═════════════════════════════════════════════════════════════════════════╝


[1A[2K[323/910] [firefox] › tests\e2e\notifications.spec.ts:56:7 › Notifications Settings Tests › should display email notification toggles
[1A[2K[324/910] [firefox] › tests\e2e\notifications.spec.ts:71:7 › Notifications Settings Tests › should display in-app notification toggles
[1A[2K  273) [firefox] › tests\e2e\notifications.spec.ts:56:7 › Notifications Settings Tests › should display email notification toggles 

    Error: browserType.launch: Executable doesn't exist at C:\Users\imoud\AppData\Local\ms-playwright\firefox-1495\firefox\firefox.exe
    ╔═════════════════════════════════════════════════════════════════════════╗
    ║ Looks like Playwright Test or Playwright was just installed or updated. ║
    ║ Please run the following command to download new browsers:              ║
    ║                                                                         ║
    ║     npx playwright install                                              ║
    ║                                                                         ║
    ║ <3 Playwright Team                                                      ║
    ╚═════════════════════════════════════════════════════════════════════════╝


[1A[2K[325/910] [firefox] › tests\e2e\notifications.spec.ts:84:7 › Notifications Settings Tests › should display important alerts section
[1A[2K  274) [firefox] › tests\e2e\notifications.spec.ts:71:7 › Notifications Settings Tests › should display in-app notification toggles 

    Error: browserType.launch: Executable doesn't exist at C:\Users\imoud\AppData\Local\ms-playwright\firefox-1495\firefox\firefox.exe
    ╔═════════════════════════════════════════════════════════════════════════╗
    ║ Looks like Playwright Test or Playwright was just installed or updated. ║
    ║ Please run the following command to download new browsers:              ║
    ║                                                                         ║
    ║     npx playwright install                                              ║
    ║                                                                         ║
    ║ <3 Playwright Team                                                      ║
    ╚═════════════════════════════════════════════════════════════════════════╝


[1A[2K[326/910] [firefox] › tests\e2e\notifications.spec.ts:97:7 › Notifications Settings Tests › should toggle email notifications master switch
[1A[2K  275) [firefox] › tests\e2e\notifications.spec.ts:84:7 › Notifications Settings Tests › should display important alerts section 

    Error: browserType.launch: Executable doesn't exist at C:\Users\imoud\AppData\Local\ms-playwright\firefox-1495\firefox\firefox.exe
    ╔═════════════════════════════════════════════════════════════════════════╗
    ║ Looks like Playwright Test or Playwright was just installed or updated. ║
    ║ Please run the following command to download new browsers:              ║
    ║                                                                         ║
    ║     npx playwright install                                              ║
    ║                                                                         ║
    ║ <3 Playwright Team                                                      ║
    ╚═════════════════════════════════════════════════════════════════════════╝


[1A[2K  276) [firefox] › tests\e2e\notifications.spec.ts:97:7 › Notifications Settings Tests › should toggle email notifications master switch 

    Error: browserType.launch: Executable doesn't exist at C:\Users\imoud\AppData\Local\ms-playwright\firefox-1495\firefox\firefox.exe
    ╔═════════════════════════════════════════════════════════════════════════╗
    ║ Looks like Playwright Test or Playwright was just installed or updated. ║
    ║ Please run the following command to download new browsers:              ║
    ║                                                                         ║
    ║     npx playwright install                                              ║
    ║                                                                         ║
    ║ <3 Playwright Team                                                      ║
    ╚═════════════════════════════════════════════════════════════════════════╝


[1A[2K[327/910] [firefox] › tests\e2e\notifications.spec.ts:124:7 › Notifications Settings Tests › should toggle in-app notifications master switch
[1A[2K  277) [firefox] › tests\e2e\notifications.spec.ts:124:7 › Notifications Settings Tests › should toggle in-app notifications master switch 

    Error: browserType.launch: Executable doesn't exist at C:\Users\imoud\AppData\Local\ms-playwright\firefox-1495\firefox\firefox.exe
    ╔═════════════════════════════════════════════════════════════════════════╗
    ║ Looks like Playwright Test or Playwright was just installed or updated. ║
    ║ Please run the following command to download new browsers:              ║
    ║                                                                         ║
    ║     npx playwright install                                              ║
    ║                                                                         ║
    ║ <3 Playwright Team                                                      ║
    ╚═════════════════════════════════════════════════════════════════════════╝


[1A[2K[328/910] [firefox] › tests\e2e\notifications.spec.ts:178:7 › Notifications Settings Tests › should have save button
[1A[2K[329/910] [firefox] › tests\e2e\notifications.spec.ts:151:7 › Notifications Settings Tests › should toggle usage limit warnings
[1A[2K  278) [firefox] › tests\e2e\notifications.spec.ts:178:7 › Notifications Settings Tests › should have save button 

    Error: browserType.launch: Executable doesn't exist at C:\Users\imoud\AppData\Local\ms-playwright\firefox-1495\firefox\firefox.exe
    ╔═════════════════════════════════════════════════════════════════════════╗
    ║ Looks like Playwright Test or Playwright was just installed or updated. ║
    ║ Please run the following command to download new browsers:              ║
    ║                                                                         ║
    ║     npx playwright install                                              ║
    ║                                                                         ║
    ║ <3 Playwright Team                                                      ║
    ╚═════════════════════════════════════════════════════════════════════════╝


[1A[2K  279) [firefox] › tests\e2e\notifications.spec.ts:151:7 › Notifications Settings Tests › should toggle usage limit warnings 

    Error: browserType.launch: Executable doesn't exist at C:\Users\imoud\AppData\Local\ms-playwright\firefox-1495\firefox\firefox.exe
    ╔═════════════════════════════════════════════════════════════════════════╗
    ║ Looks like Playwright Test or Playwright was just installed or updated. ║
    ║ Please run the following command to download new browsers:              ║
    ║                                                                         ║
    ║     npx playwright install                                              ║
    ║                                                                         ║
    ║ <3 Playwright Team                                                      ║
    ╚═════════════════════════════════════════════════════════════════════════╝


[1A[2K[330/910] [firefox] › tests\e2e\notifications.spec.ts:190:7 › Notifications Settings Tests › should save notification settings
[1A[2K  280) [firefox] › tests\e2e\notifications.spec.ts:190:7 › Notifications Settings Tests › should save notification settings 

    Error: browserType.launch: Executable doesn't exist at C:\Users\imoud\AppData\Local\ms-playwright\firefox-1495\firefox\firefox.exe
    ╔═════════════════════════════════════════════════════════════════════════╗
    ║ Looks like Playwright Test or Playwright was just installed or updated. ║
    ║ Please run the following command to download new browsers:              ║
    ║                                                                         ║
    ║     npx playwright install                                              ║
    ║                                                                         ║
    ║ <3 Playwright Team                                                      ║
    ╚═════════════════════════════════════════════════════════════════════════╝


[1A[2K[331/910] [firefox] › tests\e2e\notifications.spec.ts:213:7 › Notifications Settings Tests › should have back button
[1A[2K  281) [firefox] › tests\e2e\notifications.spec.ts:213:7 › Notifications Settings Tests › should have back button 

    Error: browserType.launch: Executable doesn't exist at C:\Users\imoud\AppData\Local\ms-playwright\firefox-1495\firefox\firefox.exe
    ╔═════════════════════════════════════════════════════════════════════════╗
    ║ Looks like Playwright Test or Playwright was just installed or updated. ║
    ║ Please run the following command to download new browsers:              ║
    ║                                                                         ║
    ║     npx playwright install                                              ║
    ║                                                                         ║
    ║ <3 Playwright Team                                                      ║
    ╚═════════════════════════════════════════════════════════════════════════╝


[1A[2K[332/910] [firefox] › tests\e2e\onboarding.spec.ts:36:7 › Onboarding Flow › should show correct content for step 1
[1A[2K[333/910] [firefox] › tests\e2e\onboarding.spec.ts:24:7 › Onboarding Flow › should display onboarding modal for first-time users
[1A[2K  282) [firefox] › tests\e2e\onboarding.spec.ts:36:7 › Onboarding Flow › should show correct content for step 1 

    Error: browserType.launch: Executable doesn't exist at C:\Users\imoud\AppData\Local\ms-playwright\firefox-1495\firefox\firefox.exe
    ╔═════════════════════════════════════════════════════════════════════════╗
    ║ Looks like Playwright Test or Playwright was just installed or updated. ║
    ║ Please run the following command to download new browsers:              ║
    ║                                                                         ║
    ║     npx playwright install                                              ║
    ║                                                                         ║
    ║ <3 Playwright Team                                                      ║
    ╚═════════════════════════════════════════════════════════════════════════╝


[1A[2K  283) [firefox] › tests\e2e\onboarding.spec.ts:24:7 › Onboarding Flow › should display onboarding modal for first-time users 

    Error: browserType.launch: Executable doesn't exist at C:\Users\imoud\AppData\Local\ms-playwright\firefox-1495\firefox\firefox.exe
    ╔═════════════════════════════════════════════════════════════════════════╗
    ║ Looks like Playwright Test or Playwright was just installed or updated. ║
    ║ Please run the following command to download new browsers:              ║
    ║                                                                         ║
    ║     npx playwright install                                              ║
    ║                                                                         ║
    ║ <3 Playwright Team                                                      ║
    ╚═════════════════════════════════════════════════════════════════════════╝


[1A[2K[334/910] [firefox] › tests\e2e\onboarding.spec.ts:49:7 › Onboarding Flow › should navigate to next step
[1A[2K  284) [firefox] › tests\e2e\onboarding.spec.ts:49:7 › Onboarding Flow › should navigate to next step 

    Error: browserType.launch: Executable doesn't exist at C:\Users\imoud\AppData\Local\ms-playwright\firefox-1495\firefox\firefox.exe
    ╔═════════════════════════════════════════════════════════════════════════╗
    ║ Looks like Playwright Test or Playwright was just installed or updated. ║
    ║ Please run the following command to download new browsers:              ║
    ║                                                                         ║
    ║     npx playwright install                                              ║
    ║                                                                         ║
    ║ <3 Playwright Team                                                      ║
    ╚═════════════════════════════════════════════════════════════════════════╝


[1A[2K[335/910] [firefox] › tests\e2e\onboarding.spec.ts:64:7 › Onboarding Flow › should navigate to previous step
[1A[2K  285) [firefox] › tests\e2e\onboarding.spec.ts:64:7 › Onboarding Flow › should navigate to previous step 

    Error: browserType.launch: Executable doesn't exist at C:\Users\imoud\AppData\Local\ms-playwright\firefox-1495\firefox\firefox.exe
    ╔═════════════════════════════════════════════════════════════════════════╗
    ║ Looks like Playwright Test or Playwright was just installed or updated. ║
    ║ Please run the following command to download new browsers:              ║
    ║                                                                         ║
    ║     npx playwright install                                              ║
    ║                                                                         ║
    ║ <3 Playwright Team                                                      ║
    ╚═════════════════════════════════════════════════════════════════════════╝


[1A[2K[336/910] [firefox] › tests\e2e\onboarding.spec.ts:93:7 › Onboarding Flow › should show progress bar
[1A[2K[337/910] [firefox] › tests\e2e\onboarding.spec.ts:83:7 › Onboarding Flow › should disable previous button on first step
[1A[2K  286) [firefox] › tests\e2e\onboarding.spec.ts:93:7 › Onboarding Flow › should show progress bar ──

    Error: browserType.launch: Executable doesn't exist at C:\Users\imoud\AppData\Local\ms-playwright\firefox-1495\firefox\firefox.exe
    ╔═════════════════════════════════════════════════════════════════════════╗
    ║ Looks like Playwright Test or Playwright was just installed or updated. ║
    ║ Please run the following command to download new browsers:              ║
    ║                                                                         ║
    ║     npx playwright install                                              ║
    ║                                                                         ║
    ║ <3 Playwright Team                                                      ║
    ╚═════════════════════════════════════════════════════════════════════════╝


[1A[2K[338/910] [firefox] › tests\e2e\onboarding.spec.ts:110:7 › Onboarding Flow › should show step indicators
[1A[2K  287) [firefox] › tests\e2e\onboarding.spec.ts:83:7 › Onboarding Flow › should disable previous button on first step 

    Error: browserType.launch: Executable doesn't exist at C:\Users\imoud\AppData\Local\ms-playwright\firefox-1495\firefox\firefox.exe
    ╔═════════════════════════════════════════════════════════════════════════╗
    ║ Looks like Playwright Test or Playwright was just installed or updated. ║
    ║ Please run the following command to download new browsers:              ║
    ║                                                                         ║
    ║     npx playwright install                                              ║
    ║                                                                         ║
    ║ <3 Playwright Team                                                      ║
    ╚═════════════════════════════════════════════════════════════════════════╝


[1A[2K  288) [firefox] › tests\e2e\onboarding.spec.ts:110:7 › Onboarding Flow › should show step indicators 

    Error: browserType.launch: Executable doesn't exist at C:\Users\imoud\AppData\Local\ms-playwright\firefox-1495\firefox\firefox.exe
    ╔═════════════════════════════════════════════════════════════════════════╗
    ║ Looks like Playwright Test or Playwright was just installed or updated. ║
    ║ Please run the following command to download new browsers:              ║
    ║                                                                         ║
    ║     npx playwright install                                              ║
    ║                                                                         ║
    ║ <3 Playwright Team                                                      ║
    ╚═════════════════════════════════════════════════════════════════════════╝


[1A[2K[339/910] [firefox] › tests\e2e\onboarding.spec.ts:120:7 › Onboarding Flow › should allow clicking on step indicators
[1A[2K  289) [firefox] › tests\e2e\onboarding.spec.ts:120:7 › Onboarding Flow › should allow clicking on step indicators 

    Error: browserType.launch: Executable doesn't exist at C:\Users\imoud\AppData\Local\ms-playwright\firefox-1495\firefox\firefox.exe
    ╔═════════════════════════════════════════════════════════════════════════╗
    ║ Looks like Playwright Test or Playwright was just installed or updated. ║
    ║ Please run the following command to download new browsers:              ║
    ║                                                                         ║
    ║     npx playwright install                                              ║
    ║                                                                         ║
    ║ <3 Playwright Team                                                      ║
    ╚═════════════════════════════════════════════════════════════════════════╝


[1A[2K[340/910] [firefox] › tests\e2e\onboarding.spec.ts:134:7 › Onboarding Flow › should navigate through all steps
[1A[2K[341/910] [firefox] › tests\e2e\onboarding.spec.ts:163:7 › Onboarding Flow › should show complete button on last step
[1A[2K  290) [firefox] › tests\e2e\onboarding.spec.ts:134:7 › Onboarding Flow › should navigate through all steps 

    Error: browserType.launch: Executable doesn't exist at C:\Users\imoud\AppData\Local\ms-playwright\firefox-1495\firefox\firefox.exe
    ╔═════════════════════════════════════════════════════════════════════════╗
    ║ Looks like Playwright Test or Playwright was just installed or updated. ║
    ║ Please run the following command to download new browsers:              ║
    ║                                                                         ║
    ║     npx playwright install                                              ║
    ║                                                                         ║
    ║ <3 Playwright Team                                                      ║
    ╚═════════════════════════════════════════════════════════════════════════╝


[1A[2K  291) [firefox] › tests\e2e\onboarding.spec.ts:163:7 › Onboarding Flow › should show complete button on last step 

    Error: browserType.launch: Executable doesn't exist at C:\Users\imoud\AppData\Local\ms-playwright\firefox-1495\firefox\firefox.exe
    ╔═════════════════════════════════════════════════════════════════════════╗
    ║ Looks like Playwright Test or Playwright was just installed or updated. ║
    ║ Please run the following command to download new browsers:              ║
    ║                                                                         ║
    ║     npx playwright install                                              ║
    ║                                                                         ║
    ║ <3 Playwright Team                                                      ║
    ╚═════════════════════════════════════════════════════════════════════════╝


[1A[2K[342/910] [firefox] › tests\e2e\onboarding.spec.ts:176:7 › Onboarding Flow › should close modal on skip
[1A[2K  292) [firefox] › tests\e2e\onboarding.spec.ts:176:7 › Onboarding Flow › should close modal on skip 

    Error: browserType.launch: Executable doesn't exist at C:\Users\imoud\AppData\Local\ms-playwright\firefox-1495\firefox\firefox.exe
    ╔═════════════════════════════════════════════════════════════════════════╗
    ║ Looks like Playwright Test or Playwright was just installed or updated. ║
    ║ Please run the following command to download new browsers:              ║
    ║                                                                         ║
    ║     npx playwright install                                              ║
    ║                                                                         ║
    ║ <3 Playwright Team                                                      ║
    ╚═════════════════════════════════════════════════════════════════════════╝


[1A[2K[343/910] [firefox] › tests\e2e\onboarding.spec.ts:189:7 › Onboarding Flow › should close modal on X button click
[1A[2K  293) [firefox] › tests\e2e\onboarding.spec.ts:189:7 › Onboarding Flow › should close modal on X button click 

    Error: browserType.launch: Executable doesn't exist at C:\Users\imoud\AppData\Local\ms-playwright\firefox-1495\firefox\firefox.exe
    ╔═════════════════════════════════════════════════════════════════════════╗
    ║ Looks like Playwright Test or Playwright was just installed or updated. ║
    ║ Please run the following command to download new browsers:              ║
    ║                                                                         ║
    ║     npx playwright install                                              ║
    ║                                                                         ║
    ║ <3 Playwright Team                                                      ║
    ╚═════════════════════════════════════════════════════════════════════════╝


[1A[2K[344/910] [firefox] › tests\e2e\onboarding.spec.ts:202:7 › Onboarding Flow › should complete onboarding and close modal
[1A[2K[345/910] [firefox] › tests\e2e\onboarding.spec.ts:219:7 › Onboarding Flow › should not show onboarding on subsequent visits
[1A[2K[346/910] [firefox] › tests\e2e\onboarding.spec.ts:240:7 › Onboarding Flow › should display all 5 steps with correct titles
[1A[2K  294) [firefox] › tests\e2e\onboarding.spec.ts:202:7 › Onboarding Flow › should complete onboarding and close modal 

    Error: browserType.launch: Executable doesn't exist at C:\Users\imoud\AppData\Local\ms-playwright\firefox-1495\firefox\firefox.exe
    ╔═════════════════════════════════════════════════════════════════════════╗
    ║ Looks like Playwright Test or Playwright was just installed or updated. ║
    ║ Please run the following command to download new browsers:              ║
    ║                                                                         ║
    ║     npx playwright install                                              ║
    ║                                                                         ║
    ║ <3 Playwright Team                                                      ║
    ╚═════════════════════════════════════════════════════════════════════════╝


[1A[2K  295) [firefox] › tests\e2e\onboarding.spec.ts:219:7 › Onboarding Flow › should not show onboarding on subsequent visits 

    Error: browserType.launch: Executable doesn't exist at C:\Users\imoud\AppData\Local\ms-playwright\firefox-1495\firefox\firefox.exe
    ╔═════════════════════════════════════════════════════════════════════════╗
    ║ Looks like Playwright Test or Playwright was just installed or updated. ║
    ║ Please run the following command to download new browsers:              ║
    ║                                                                         ║
    ║     npx playwright install                                              ║
    ║                                                                         ║
    ║ <3 Playwright Team                                                      ║
    ╚═════════════════════════════════════════════════════════════════════════╝


[1A[2K  296) [firefox] › tests\e2e\onboarding.spec.ts:240:7 › Onboarding Flow › should display all 5 steps with correct titles 

    Error: browserType.launch: Executable doesn't exist at C:\Users\imoud\AppData\Local\ms-playwright\firefox-1495\firefox\firefox.exe
    ╔═════════════════════════════════════════════════════════════════════════╗
    ║ Looks like Playwright Test or Playwright was just installed or updated. ║
    ║ Please run the following command to download new browsers:              ║
    ║                                                                         ║
    ║     npx playwright install                                              ║
    ║                                                                         ║
    ║ <3 Playwright Team                                                      ║
    ╚═════════════════════════════════════════════════════════════════════════╝


[1A[2K[347/910] [firefox] › tests\e2e\onboarding.spec.ts:261:7 › Onboarding Flow › should show tips for each step
[1A[2K[348/910] [firefox] › tests\e2e\rag-file-upload.spec.ts:30:7 › RAG File Upload and Chat › should upload a text file and process it for RAG
[1A[2K  297) [firefox] › tests\e2e\onboarding.spec.ts:261:7 › Onboarding Flow › should show tips for each step 

    Error: browserType.launch: Executable doesn't exist at C:\Users\imoud\AppData\Local\ms-playwright\firefox-1495\firefox\firefox.exe
    ╔═════════════════════════════════════════════════════════════════════════╗
    ║ Looks like Playwright Test or Playwright was just installed or updated. ║
    ║ Please run the following command to download new browsers:              ║
    ║                                                                         ║
    ║     npx playwright install                                              ║
    ║                                                                         ║
    ║ <3 Playwright Team                                                      ║
    ╚═════════════════════════════════════════════════════════════════════════╝


[1A[2K[349/910] [firefox] › tests\e2e\rag-file-upload.spec.ts:124:7 › RAG File Upload and Chat › should chat with model using RAG context from uploaded file
[1A[2K  298) [firefox] › tests\e2e\rag-file-upload.spec.ts:30:7 › RAG File Upload and Chat › should upload a text file and process it for RAG 

    Error: browserType.launch: Executable doesn't exist at C:\Users\imoud\AppData\Local\ms-playwright\firefox-1495\firefox\firefox.exe
    ╔═════════════════════════════════════════════════════════════════════════╗
    ║ Looks like Playwright Test or Playwright was just installed or updated. ║
    ║ Please run the following command to download new browsers:              ║
    ║                                                                         ║
    ║     npx playwright install                                              ║
    ║                                                                         ║
    ║ <3 Playwright Team                                                      ║
    ╚═════════════════════════════════════════════════════════════════════════╝


[1A[2K  299) [firefox] › tests\e2e\rag-file-upload.spec.ts:124:7 › RAG File Upload and Chat › should chat with model using RAG context from uploaded file 

    Error: browserType.launch: Executable doesn't exist at C:\Users\imoud\AppData\Local\ms-playwright\firefox-1495\firefox\firefox.exe
    ╔═════════════════════════════════════════════════════════════════════════╗
    ║ Looks like Playwright Test or Playwright was just installed or updated. ║
    ║ Please run the following command to download new browsers:              ║
    ║                                                                         ║
    ║     npx playwright install                                              ║
    ║                                                                         ║
    ║ <3 Playwright Team                                                      ║
    ╚═════════════════════════════════════════════════════════════════════════╝


[1A[2K[350/910] [firefox] › tests\e2e\rag-file-upload.spec.ts:189:7 › RAG File Upload and Chat › complete RAG flow: upload → process → chat
[1A[2K  300) [firefox] › tests\e2e\rag-file-upload.spec.ts:189:7 › RAG File Upload and Chat › complete RAG flow: upload → process → chat 

    Error: browserType.launch: Executable doesn't exist at C:\Users\imoud\AppData\Local\ms-playwright\firefox-1495\firefox\firefox.exe
    ╔═════════════════════════════════════════════════════════════════════════╗
    ║ Looks like Playwright Test or Playwright was just installed or updated. ║
    ║ Please run the following command to download new browsers:              ║
    ║                                                                         ║
    ║     npx playwright install                                              ║
    ║                                                                         ║
    ║ <3 Playwright Team                                                      ║
    ╚═════════════════════════════════════════════════════════════════════════╝


[1A[2K[351/910] [firefox] › tests\e2e\settings.spec.ts:22:7 › Settings Tests › should display settings page with all options
[1A[2K  301) [firefox] › tests\e2e\settings.spec.ts:22:7 › Settings Tests › should display settings page with all options 

    Error: browserType.launch: Executable doesn't exist at C:\Users\imoud\AppData\Local\ms-playwright\firefox-1495\firefox\firefox.exe
    ╔═════════════════════════════════════════════════════════════════════════╗
    ║ Looks like Playwright Test or Playwright was just installed or updated. ║
    ║ Please run the following command to download new browsers:              ║
    ║                                                                         ║
    ║     npx playwright install                                              ║
    ║                                                                         ║
    ║ <3 Playwright Team                                                      ║
    ╚═════════════════════════════════════════════════════════════════════════╝


[1A[2K[352/910] [firefox] › tests\e2e\settings.spec.ts:41:7 › Settings Tests › should navigate to profile settings
[1A[2K[353/910] [firefox] › tests\e2e\settings.spec.ts:79:7 › Settings Tests › should update profile name
[1A[2K  302) [firefox] › tests\e2e\settings.spec.ts:41:7 › Settings Tests › should navigate to profile settings 

    Error: browserType.launch: Executable doesn't exist at C:\Users\imoud\AppData\Local\ms-playwright\firefox-1495\firefox\firefox.exe
    ╔═════════════════════════════════════════════════════════════════════════╗
    ║ Looks like Playwright Test or Playwright was just installed or updated. ║
    ║ Please run the following command to download new browsers:              ║
    ║                                                                         ║
    ║     npx playwright install                                              ║
    ║                                                                         ║
    ║ <3 Playwright Team                                                      ║
    ╚═════════════════════════════════════════════════════════════════════════╝


[1A[2K[354/910] [firefox] › tests\e2e\settings.spec.ts:60:7 › Settings Tests › should display profile form with user data
[1A[2K  303) [firefox] › tests\e2e\settings.spec.ts:60:7 › Settings Tests › should display profile form with user data 

    Error: browserType.launch: Executable doesn't exist at C:\Users\imoud\AppData\Local\ms-playwright\firefox-1495\firefox\firefox.exe
    ╔═════════════════════════════════════════════════════════════════════════╗
    ║ Looks like Playwright Test or Playwright was just installed or updated. ║
    ║ Please run the following command to download new browsers:              ║
    ║                                                                         ║
    ║     npx playwright install                                              ║
    ║                                                                         ║
    ║ <3 Playwright Team                                                      ║
    ╚═════════════════════════════════════════════════════════════════════════╝


[1A[2K  304) [firefox] › tests\e2e\settings.spec.ts:79:7 › Settings Tests › should update profile name ───

    Error: browserType.launch: Executable doesn't exist at C:\Users\imoud\AppData\Local\ms-playwright\firefox-1495\firefox\firefox.exe
    ╔═════════════════════════════════════════════════════════════════════════╗
    ║ Looks like Playwright Test or Playwright was just installed or updated. ║
    ║ Please run the following command to download new browsers:              ║
    ║                                                                         ║
    ║     npx playwright install                                              ║
    ║                                                                         ║
    ║ <3 Playwright Team                                                      ║
    ╚═════════════════════════════════════════════════════════════════════════╝


[1A[2K[355/910] [firefox] › tests\e2e\settings.spec.ts:102:7 › Settings Tests › should update profile niche
[1A[2K[356/910] [firefox] › tests\e2e\settings.spec.ts:124:7 › Settings Tests › should validate password change form
[1A[2K[357/910] [firefox] › tests\e2e\settings.spec.ts:145:7 › Settings Tests › should show error for mismatched passwords
[1A[2K  305) [firefox] › tests\e2e\settings.spec.ts:102:7 › Settings Tests › should update profile niche ─

    Error: browserType.launch: Executable doesn't exist at C:\Users\imoud\AppData\Local\ms-playwright\firefox-1495\firefox\firefox.exe
    ╔═════════════════════════════════════════════════════════════════════════╗
    ║ Looks like Playwright Test or Playwright was just installed or updated. ║
    ║ Please run the following command to download new browsers:              ║
    ║                                                                         ║
    ║     npx playwright install                                              ║
    ║                                                                         ║
    ║ <3 Playwright Team                                                      ║
    ╚═════════════════════════════════════════════════════════════════════════╝


[1A[2K  306) [firefox] › tests\e2e\settings.spec.ts:124:7 › Settings Tests › should validate password change form 

    Error: browserType.launch: Executable doesn't exist at C:\Users\imoud\AppData\Local\ms-playwright\firefox-1495\firefox\firefox.exe
    ╔═════════════════════════════════════════════════════════════════════════╗
    ║ Looks like Playwright Test or Playwright was just installed or updated. ║
    ║ Please run the following command to download new browsers:              ║
    ║                                                                         ║
    ║     npx playwright install                                              ║
    ║                                                                         ║
    ║ <3 Playwright Team                                                      ║
    ╚═════════════════════════════════════════════════════════════════════════╝


[1A[2K  307) [firefox] › tests\e2e\settings.spec.ts:145:7 › Settings Tests › should show error for mismatched passwords 

    Error: browserType.launch: Executable doesn't exist at C:\Users\imoud\AppData\Local\ms-playwright\firefox-1495\firefox\firefox.exe
    ╔═════════════════════════════════════════════════════════════════════════╗
    ║ Looks like Playwright Test or Playwright was just installed or updated. ║
    ║ Please run the following command to download new browsers:              ║
    ║                                                                         ║
    ║     npx playwright install                                              ║
    ║                                                                         ║
    ║ <3 Playwright Team                                                      ║
    ╚═════════════════════════════════════════════════════════════════════════╝


[1A[2K[358/910] [firefox] › tests\e2e\settings.spec.ts:165:7 › Settings Tests › should show error for short password
[1A[2K  308) [firefox] › tests\e2e\settings.spec.ts:165:7 › Settings Tests › should show error for short password 

    Error: browserType.launch: Executable doesn't exist at C:\Users\imoud\AppData\Local\ms-playwright\firefox-1495\firefox\firefox.exe
    ╔═════════════════════════════════════════════════════════════════════════╗
    ║ Looks like Playwright Test or Playwright was just installed or updated. ║
    ║ Please run the following command to download new browsers:              ║
    ║                                                                         ║
    ║     npx playwright install                                              ║
    ║                                                                         ║
    ║ <3 Playwright Team                                                      ║
    ╚═════════════════════════════════════════════════════════════════════════╝


[1A[2K[359/910] [firefox] › tests\e2e\settings.spec.ts:185:7 › Settings Tests › should display account actions section
[1A[2K  309) [firefox] › tests\e2e\settings.spec.ts:185:7 › Settings Tests › should display account actions section 

    Error: browserType.launch: Executable doesn't exist at C:\Users\imoud\AppData\Local\ms-playwright\firefox-1495\firefox\firefox.exe
    ╔═════════════════════════════════════════════════════════════════════════╗
    ║ Looks like Playwright Test or Playwright was just installed or updated. ║
    ║ Please run the following command to download new browsers:              ║
    ║                                                                         ║
    ║     npx playwright install                                              ║
    ║                                                                         ║
    ║ <3 Playwright Team                                                      ║
    ╚═════════════════════════════════════════════════════════════════════════╝


[1A[2K[360/910] [firefox] › tests\e2e\settings.spec.ts:200:7 › Settings Tests › should have back button on profile settings
[1A[2K[361/910] [firefox] › tests\e2e\xray-login.spec.ts:8:7 › Xray Login Test › should login using xray route with dsaq
[1A[2K[362/910] [firefox] › tests\e2e\xray-login.spec.ts:23:7 › Xray Login Test › should login and access dashboard
[1A[2K  310) [firefox] › tests\e2e\settings.spec.ts:200:7 › Settings Tests › should have back button on profile settings 

    Error: browserType.launch: Executable doesn't exist at C:\Users\imoud\AppData\Local\ms-playwright\firefox-1495\firefox\firefox.exe
    ╔═════════════════════════════════════════════════════════════════════════╗
    ║ Looks like Playwright Test or Playwright was just installed or updated. ║
    ║ Please run the following command to download new browsers:              ║
    ║                                                                         ║
    ║     npx playwright install                                              ║
    ║                                                                         ║
    ║ <3 Playwright Team                                                      ║
    ╚═════════════════════════════════════════════════════════════════════════╝


[1A[2K  311) [firefox] › tests\e2e\xray-login.spec.ts:8:7 › Xray Login Test › should login using xray route with dsaq 

    Error: browserType.launch: Executable doesn't exist at C:\Users\imoud\AppData\Local\ms-playwright\firefox-1495\firefox\firefox.exe
    ╔═════════════════════════════════════════════════════════════════════════╗
    ║ Looks like Playwright Test or Playwright was just installed or updated. ║
    ║ Please run the following command to download new browsers:              ║
    ║                                                                         ║
    ║     npx playwright install                                              ║
    ║                                                                         ║
    ║ <3 Playwright Team                                                      ║
    ╚═════════════════════════════════════════════════════════════════════════╝


[1A[2K  312) [firefox] › tests\e2e\xray-login.spec.ts:23:7 › Xray Login Test › should login and access dashboard 

    Error: browserType.launch: Executable doesn't exist at C:\Users\imoud\AppData\Local\ms-playwright\firefox-1495\firefox\firefox.exe
    ╔═════════════════════════════════════════════════════════════════════════╗
    ║ Looks like Playwright Test or Playwright was just installed or updated. ║
    ║ Please run the following command to download new browsers:              ║
    ║                                                                         ║
    ║     npx playwright install                                              ║
    ║                                                                         ║
    ║ <3 Playwright Team                                                      ║
    ╚═════════════════════════════════════════════════════════════════════════╝


[1A[2K[363/910] [firefox] › tests\e2e\xray-login.spec.ts:54:7 › Xray Login Test › should show user not found for invalid username
[1A[2K[364/910] [firefox] › tests\e2e\xray-login.spec.ts:65:7 › Xray Login Test › should work with different test users
[1A[2K  313) [firefox] › tests\e2e\xray-login.spec.ts:54:7 › Xray Login Test › should show user not found for invalid username 

    Error: browserType.launch: Executable doesn't exist at C:\Users\imoud\AppData\Local\ms-playwright\firefox-1495\firefox\firefox.exe
    ╔═════════════════════════════════════════════════════════════════════════╗
    ║ Looks like Playwright Test or Playwright was just installed or updated. ║
    ║ Please run the following command to download new browsers:              ║
    ║                                                                         ║
    ║     npx playwright install                                              ║
    ║                                                                         ║
    ║ <3 Playwright Team                                                      ║
    ╚═════════════════════════════════════════════════════════════════════════╝


[1A[2K  314) [firefox] › tests\e2e\xray-login.spec.ts:65:7 › Xray Login Test › should work with different test users 

    Error: browserType.launch: Executable doesn't exist at C:\Users\imoud\AppData\Local\ms-playwright\firefox-1495\firefox\firefox.exe
    ╔═════════════════════════════════════════════════════════════════════════╗
    ║ Looks like Playwright Test or Playwright was just installed or updated. ║
    ║ Please run the following command to download new browsers:              ║
    ║                                                                         ║
    ║     npx playwright install                                              ║
    ║                                                                         ║
    ║ <3 Playwright Team                                                      ║
    ╚═════════════════════════════════════════════════════════════════════════╝


[1A[2K[365/910] [webkit] › tests\e2e\analytics.spec.ts:71:7 › Analytics Dashboard Tests › should display analytics dashboard
[1A[2K  315) [webkit] › tests\e2e\analytics.spec.ts:71:7 › Analytics Dashboard Tests › should display analytics dashboard 

    Error: browserType.launch: Executable doesn't exist at C:\Users\imoud\AppData\Local\ms-playwright\webkit-2215\Playwright.exe
    ╔═════════════════════════════════════════════════════════════════════════╗
    ║ Looks like Playwright Test or Playwright was just installed or updated. ║
    ║ Please run the following command to download new browsers:              ║
    ║                                                                         ║
    ║     npx playwright install                                              ║
    ║                                                                         ║
    ║ <3 Playwright Team                                                      ║
    ╚═════════════════════════════════════════════════════════════════════════╝


[1A[2K[366/910] [webkit] › tests\e2e\analytics.spec.ts:105:7 › Analytics Dashboard Tests › should display analytics stats cards
[1A[2K  316) [webkit] › tests\e2e\analytics.spec.ts:105:7 › Analytics Dashboard Tests › should display analytics stats cards 

    Error: browserType.launch: Executable doesn't exist at C:\Users\imoud\AppData\Local\ms-playwright\webkit-2215\Playwright.exe
    ╔═════════════════════════════════════════════════════════════════════════╗
    ║ Looks like Playwright Test or Playwright was just installed or updated. ║
    ║ Please run the following command to download new browsers:              ║
    ║                                                                         ║
    ║     npx playwright install                                              ║
    ║                                                                         ║
    ║ <3 Playwright Team                                                      ║
    ╚═════════════════════════════════════════════════════════════════════════╝


[1A[2K[367/910] [webkit] › tests\e2e\analytics.spec.ts:135:7 › Analytics Dashboard Tests › should display usage overview section
[1A[2K  317) [webkit] › tests\e2e\analytics.spec.ts:135:7 › Analytics Dashboard Tests › should display usage overview section 

    Error: browserType.launch: Executable doesn't exist at C:\Users\imoud\AppData\Local\ms-playwright\webkit-2215\Playwright.exe
    ╔═════════════════════════════════════════════════════════════════════════╗
    ║ Looks like Playwright Test or Playwright was just installed or updated. ║
    ║ Please run the following command to download new browsers:              ║
    ║                                                                         ║
    ║     npx playwright install                                              ║
    ║                                                                         ║
    ║ <3 Playwright Team                                                      ║
    ╚═════════════════════════════════════════════════════════════════════════╝


[1A[2K[368/910] [webkit] › tests\e2e\analytics.spec.ts:163:7 › Analytics Dashboard Tests › should display performance metrics
[1A[2K[369/910] [webkit] › tests\e2e\analytics.spec.ts:194:7 › Analytics Dashboard Tests › should display training data info
[1A[2K  318) [webkit] › tests\e2e\analytics.spec.ts:163:7 › Analytics Dashboard Tests › should display performance metrics 

    Error: browserType.launch: Executable doesn't exist at C:\Users\imoud\AppData\Local\ms-playwright\webkit-2215\Playwright.exe
    ╔═════════════════════════════════════════════════════════════════════════╗
    ║ Looks like Playwright Test or Playwright was just installed or updated. ║
    ║ Please run the following command to download new browsers:              ║
    ║                                                                         ║
    ║     npx playwright install                                              ║
    ║                                                                         ║
    ║ <3 Playwright Team                                                      ║
    ╚═════════════════════════════════════════════════════════════════════════╝


[1A[2K[370/910] [webkit] › tests\e2e\analytics.spec.ts:225:7 › Analytics Dashboard Tests › should have date range selector
[1A[2K  319) [webkit] › tests\e2e\analytics.spec.ts:194:7 › Analytics Dashboard Tests › should display training data info 

    Error: browserType.launch: Executable doesn't exist at C:\Users\imoud\AppData\Local\ms-playwright\webkit-2215\Playwright.exe
    ╔═════════════════════════════════════════════════════════════════════════╗
    ║ Looks like Playwright Test or Playwright was just installed or updated. ║
    ║ Please run the following command to download new browsers:              ║
    ║                                                                         ║
    ║     npx playwright install                                              ║
    ║                                                                         ║
    ║ <3 Playwright Team                                                      ║
    ╚═════════════════════════════════════════════════════════════════════════╝


[1A[2K  320) [webkit] › tests\e2e\analytics.spec.ts:225:7 › Analytics Dashboard Tests › should have date range selector 

    Error: browserType.launch: Executable doesn't exist at C:\Users\imoud\AppData\Local\ms-playwright\webkit-2215\Playwright.exe
    ╔═════════════════════════════════════════════════════════════════════════╗
    ║ Looks like Playwright Test or Playwright was just installed or updated. ║
    ║ Please run the following command to download new browsers:              ║
    ║                                                                         ║
    ║     npx playwright install                                              ║
    ║                                                                         ║
    ║ <3 Playwright Team                                                      ║
    ╚═════════════════════════════════════════════════════════════════════════╝


[1A[2K[371/910] [webkit] › tests\e2e\analytics.spec.ts:257:7 › Analytics Dashboard Tests › should have export CSV button
[1A[2K[372/910] [webkit] › tests\e2e\analytics.spec.ts:284:7 › Analytics Dashboard Tests › should have back button
[1A[2K  321) [webkit] › tests\e2e\analytics.spec.ts:257:7 › Analytics Dashboard Tests › should have export CSV button 

    Error: browserType.launch: Executable doesn't exist at C:\Users\imoud\AppData\Local\ms-playwright\webkit-2215\Playwright.exe
    ╔═════════════════════════════════════════════════════════════════════════╗
    ║ Looks like Playwright Test or Playwright was just installed or updated. ║
    ║ Please run the following command to download new browsers:              ║
    ║                                                                         ║
    ║     npx playwright install                                              ║
    ║                                                                         ║
    ║ <3 Playwright Team                                                      ║
    ╚═════════════════════════════════════════════════════════════════════════╝


[1A[2K  322) [webkit] › tests\e2e\analytics.spec.ts:284:7 › Analytics Dashboard Tests › should have back button 

    Error: browserType.launch: Executable doesn't exist at C:\Users\imoud\AppData\Local\ms-playwright\webkit-2215\Playwright.exe
    ╔═════════════════════════════════════════════════════════════════════════╗
    ║ Looks like Playwright Test or Playwright was just installed or updated. ║
    ║ Please run the following command to download new browsers:              ║
    ║                                                                         ║
    ║     npx playwright install                                              ║
    ║                                                                         ║
    ║ <3 Playwright Team                                                      ║
    ╚═════════════════════════════════════════════════════════════════════════╝


[1A[2K[373/910] [webkit] › tests\e2e\analytics.spec.ts:309:7 › Analytics Dashboard Tests › should change date range and reload data
[1A[2K  323) [webkit] › tests\e2e\analytics.spec.ts:309:7 › Analytics Dashboard Tests › should change date range and reload data 

    Error: browserType.launch: Executable doesn't exist at C:\Users\imoud\AppData\Local\ms-playwright\webkit-2215\Playwright.exe
    ╔═════════════════════════════════════════════════════════════════════════╗
    ║ Looks like Playwright Test or Playwright was just installed or updated. ║
    ║ Please run the following command to download new browsers:              ║
    ║                                                                         ║
    ║     npx playwright install                                              ║
    ║                                                                         ║
    ║ <3 Playwright Team                                                      ║
    ╚═════════════════════════════════════════════════════════════════════════╝


[1A[2K[374/910] [webkit] › tests\e2e\analytics.spec.ts:341:7 › Analytics Dashboard Tests › should display message activity chart when data exists
[1A[2K  324) [webkit] › tests\e2e\analytics.spec.ts:341:7 › Analytics Dashboard Tests › should display message activity chart when data exists 

    Error: browserType.launch: Executable doesn't exist at C:\Users\imoud\AppData\Local\ms-playwright\webkit-2215\Playwright.exe
    ╔═════════════════════════════════════════════════════════════════════════╗
    ║ Looks like Playwright Test or Playwright was just installed or updated. ║
    ║ Please run the following command to download new browsers:              ║
    ║                                                                         ║
    ║     npx playwright install                                              ║
    ║                                                                         ║
    ║ <3 Playwright Team                                                      ║
    ╚═════════════════════════════════════════════════════════════════════════╝


[1A[2K[375/910] [webkit] › tests\e2e\api-keys.spec.ts:22:7 › API Keys Tests › should display API keys page
[1A[2K  325) [webkit] › tests\e2e\api-keys.spec.ts:22:7 › API Keys Tests › should display API keys page ──

    Error: browserType.launch: Executable doesn't exist at C:\Users\imoud\AppData\Local\ms-playwright\webkit-2215\Playwright.exe
    ╔═════════════════════════════════════════════════════════════════════════╗
    ║ Looks like Playwright Test or Playwright was just installed or updated. ║
    ║ Please run the following command to download new browsers:              ║
    ║                                                                         ║
    ║     npx playwright install                                              ║
    ║                                                                         ║
    ║ <3 Playwright Team                                                      ║
    ╚═════════════════════════════════════════════════════════════════════════╝


[1A[2K[376/910] [webkit] › tests\e2e\api-keys.spec.ts:41:7 › API Keys Tests › should display create API key button
[1A[2K[377/910] [webkit] › tests\e2e\api-keys.spec.ts:53:7 › API Keys Tests › should display empty state when no keys exist
[1A[2K  326) [webkit] › tests\e2e\api-keys.spec.ts:41:7 › API Keys Tests › should display create API key button 

    Error: browserType.launch: Executable doesn't exist at C:\Users\imoud\AppData\Local\ms-playwright\webkit-2215\Playwright.exe
    ╔═════════════════════════════════════════════════════════════════════════╗
    ║ Looks like Playwright Test or Playwright was just installed or updated. ║
    ║ Please run the following command to download new browsers:              ║
    ║                                                                         ║
    ║     npx playwright install                                              ║
    ║                                                                         ║
    ║ <3 Playwright Team                                                      ║
    ╚═════════════════════════════════════════════════════════════════════════╝


[1A[2K[378/910] [webkit] › tests\e2e\api-keys.spec.ts:71:7 › API Keys Tests › should open create modal when clicking create button
[1A[2K  327) [webkit] › tests\e2e\api-keys.spec.ts:53:7 › API Keys Tests › should display empty state when no keys exist 

    Error: browserType.launch: Executable doesn't exist at C:\Users\imoud\AppData\Local\ms-playwright\webkit-2215\Playwright.exe
    ╔═════════════════════════════════════════════════════════════════════════╗
    ║ Looks like Playwright Test or Playwright was just installed or updated. ║
    ║ Please run the following command to download new browsers:              ║
    ║                                                                         ║
    ║     npx playwright install                                              ║
    ║                                                                         ║
    ║ <3 Playwright Team                                                      ║
    ╚═════════════════════════════════════════════════════════════════════════╝


[1A[2K  328) [webkit] › tests\e2e\api-keys.spec.ts:71:7 › API Keys Tests › should open create modal when clicking create button 

    Error: browserType.launch: Executable doesn't exist at C:\Users\imoud\AppData\Local\ms-playwright\webkit-2215\Playwright.exe
    ╔═════════════════════════════════════════════════════════════════════════╗
    ║ Looks like Playwright Test or Playwright was just installed or updated. ║
    ║ Please run the following command to download new browsers:              ║
    ║                                                                         ║
    ║     npx playwright install                                              ║
    ║                                                                         ║
    ║ <3 Playwright Team                                                      ║
    ╚═════════════════════════════════════════════════════════════════════════╝


[1A[2K[379/910] [webkit] › tests\e2e\api-keys.spec.ts:88:7 › API Keys Tests › should close modal when clicking cancel
[1A[2K[380/910] [webkit] › tests\e2e\api-keys.spec.ts:108:7 › API Keys Tests › should validate key name input
[1A[2K  329) [webkit] › tests\e2e\api-keys.spec.ts:88:7 › API Keys Tests › should close modal when clicking cancel 

    Error: browserType.launch: Executable doesn't exist at C:\Users\imoud\AppData\Local\ms-playwright\webkit-2215\Playwright.exe
    ╔═════════════════════════════════════════════════════════════════════════╗
    ║ Looks like Playwright Test or Playwright was just installed or updated. ║
    ║ Please run the following command to download new browsers:              ║
    ║                                                                         ║
    ║     npx playwright install                                              ║
    ║                                                                         ║
    ║ <3 Playwright Team                                                      ║
    ╚═════════════════════════════════════════════════════════════════════════╝


[1A[2K  330) [webkit] › tests\e2e\api-keys.spec.ts:108:7 › API Keys Tests › should validate key name input 

    Error: browserType.launch: Executable doesn't exist at C:\Users\imoud\AppData\Local\ms-playwright\webkit-2215\Playwright.exe
    ╔═════════════════════════════════════════════════════════════════════════╗
    ║ Looks like Playwright Test or Playwright was just installed or updated. ║
    ║ Please run the following command to download new browsers:              ║
    ║                                                                         ║
    ║     npx playwright install                                              ║
    ║                                                                         ║
    ║ <3 Playwright Team                                                      ║
    ╚═════════════════════════════════════════════════════════════════════════╝


[1A[2K[381/910] [webkit] › tests\e2e\api-keys.spec.ts:125:7 › API Keys Tests › should create new API key
[1A[2K  331) [webkit] › tests\e2e\api-keys.spec.ts:125:7 › API Keys Tests › should create new API key ────

    Error: browserType.launch: Executable doesn't exist at C:\Users\imoud\AppData\Local\ms-playwright\webkit-2215\Playwright.exe
    ╔═════════════════════════════════════════════════════════════════════════╗
    ║ Looks like Playwright Test or Playwright was just installed or updated. ║
    ║ Please run the following command to download new browsers:              ║
    ║                                                                         ║
    ║     npx playwright install                                              ║
    ║                                                                         ║
    ║ <3 Playwright Team                                                      ║
    ╚═════════════════════════════════════════════════════════════════════════╝


[1A[2K[382/910] [webkit] › tests\e2e\api-keys.spec.ts:149:7 › API Keys Tests › should display newly created key only once
[1A[2K  332) [webkit] › tests\e2e\api-keys.spec.ts:149:7 › API Keys Tests › should display newly created key only once 

    Error: browserType.launch: Executable doesn't exist at C:\Users\imoud\AppData\Local\ms-playwright\webkit-2215\Playwright.exe
    ╔═════════════════════════════════════════════════════════════════════════╗
    ║ Looks like Playwright Test or Playwright was just installed or updated. ║
    ║ Please run the following command to download new browsers:              ║
    ║                                                                         ║
    ║     npx playwright install                                              ║
    ║                                                                         ║
    ║ <3 Playwright Team                                                      ║
    ╚═════════════════════════════════════════════════════════════════════════╝


[1A[2K[383/910] [webkit] › tests\e2e\api-keys.spec.ts:178:7 › API Keys Tests › should list existing API keys
[1A[2K  333) [webkit] › tests\e2e\api-keys.spec.ts:178:7 › API Keys Tests › should list existing API keys 

    Error: browserType.launch: Executable doesn't exist at C:\Users\imoud\AppData\Local\ms-playwright\webkit-2215\Playwright.exe
    ╔═════════════════════════════════════════════════════════════════════════╗
    ║ Looks like Playwright Test or Playwright was just installed or updated. ║
    ║ Please run the following command to download new browsers:              ║
    ║                                                                         ║
    ║     npx playwright install                                              ║
    ║                                                                         ║
    ║ <3 Playwright Team                                                      ║
    ╚═════════════════════════════════════════════════════════════════════════╝


[1A[2K[384/910] [webkit] › tests\e2e\api-keys.spec.ts:214:7 › API Keys Tests › should have back button
[1A[2K[385/910] [webkit] › tests\e2e\api-keys.spec.ts:201:7 › API Keys Tests › should display API documentation section
[1A[2K[386/910] [webkit] › tests\e2e\auth-login.spec.ts:45:7 › User Login › should display login form with all fields
[1A[2K  334) [webkit] › tests\e2e\api-keys.spec.ts:214:7 › API Keys Tests › should have back button ──────

    Error: browserType.launch: Executable doesn't exist at C:\Users\imoud\AppData\Local\ms-playwright\webkit-2215\Playwright.exe
    ╔═════════════════════════════════════════════════════════════════════════╗
    ║ Looks like Playwright Test or Playwright was just installed or updated. ║
    ║ Please run the following command to download new browsers:              ║
    ║                                                                         ║
    ║     npx playwright install                                              ║
    ║                                                                         ║
    ║ <3 Playwright Team                                                      ║
    ╚═════════════════════════════════════════════════════════════════════════╝


[1A[2K  335) [webkit] › tests\e2e\api-keys.spec.ts:201:7 › API Keys Tests › should display API documentation section 

    Error: browserType.launch: Executable doesn't exist at C:\Users\imoud\AppData\Local\ms-playwright\webkit-2215\Playwright.exe
    ╔═════════════════════════════════════════════════════════════════════════╗
    ║ Looks like Playwright Test or Playwright was just installed or updated. ║
    ║ Please run the following command to download new browsers:              ║
    ║                                                                         ║
    ║     npx playwright install                                              ║
    ║                                                                         ║
    ║ <3 Playwright Team                                                      ║
    ╚═════════════════════════════════════════════════════════════════════════╝


[1A[2K  336) [webkit] › tests\e2e\auth-login.spec.ts:45:7 › User Login › should display login form with all fields 

    Error: browserType.launch: Executable doesn't exist at C:\Users\imoud\AppData\Local\ms-playwright\webkit-2215\Playwright.exe
    ╔═════════════════════════════════════════════════════════════════════════╗
    ║ Looks like Playwright Test or Playwright was just installed or updated. ║
    ║ Please run the following command to download new browsers:              ║
    ║                                                                         ║
    ║     npx playwright install                                              ║
    ║                                                                         ║
    ║ <3 Playwright Team                                                      ║
    ╚═════════════════════════════════════════════════════════════════════════╝


[1A[2K[387/910] [webkit] › tests\e2e\auth-login.spec.ts:66:7 › User Login › should show validation errors for empty form
[1A[2K[388/910] [webkit] › tests\e2e\auth-login.spec.ts:75:7 › User Login › should show error for invalid email format
[1A[2K[389/910] [webkit] › tests\e2e\auth-login.spec.ts:106:7 › User Login › should show error for incorrect password
[1A[2K  337) [webkit] › tests\e2e\auth-login.spec.ts:75:7 › User Login › should show error for invalid email format 

    Error: browserType.launch: Executable doesn't exist at C:\Users\imoud\AppData\Local\ms-playwright\webkit-2215\Playwright.exe
    ╔═════════════════════════════════════════════════════════════════════════╗
    ║ Looks like Playwright Test or Playwright was just installed or updated. ║
    ║ Please run the following command to download new browsers:              ║
    ║                                                                         ║
    ║     npx playwright install                                              ║
    ║                                                                         ║
    ║ <3 Playwright Team                                                      ║
    ╚═════════════════════════════════════════════════════════════════════════╝


[1A[2K[390/910] [webkit] › tests\e2e\auth-login.spec.ts:91:7 › User Login › should show error for non-existent user
[1A[2K[391/910] [webkit] › tests\e2e\auth-login.spec.ts:145:7 › User Login › should persist session after page reload
[1A[2K  338) [webkit] › tests\e2e\auth-login.spec.ts:106:7 › User Login › should show error for incorrect password 

    Error: browserType.launch: Executable doesn't exist at C:\Users\imoud\AppData\Local\ms-playwright\webkit-2215\Playwright.exe
    ╔═════════════════════════════════════════════════════════════════════════╗
    ║ Looks like Playwright Test or Playwright was just installed or updated. ║
    ║ Please run the following command to download new browsers:              ║
    ║                                                                         ║
    ║     npx playwright install                                              ║
    ║                                                                         ║
    ║ <3 Playwright Team                                                      ║
    ╚═════════════════════════════════════════════════════════════════════════╝


[1A[2K[392/910] [webkit] › tests\e2e\auth-login.spec.ts:125:7 › User Login › should successfully login with valid credentials
[1A[2K  339) [webkit] › tests\e2e\auth-login.spec.ts:145:7 › User Login › should persist session after page reload 

    Error: browserType.launch: Executable doesn't exist at C:\Users\imoud\AppData\Local\ms-playwright\webkit-2215\Playwright.exe
    ╔═════════════════════════════════════════════════════════════════════════╗
    ║ Looks like Playwright Test or Playwright was just installed or updated. ║
    ║ Please run the following command to download new browsers:              ║
    ║                                                                         ║
    ║     npx playwright install                                              ║
    ║                                                                         ║
    ║ <3 Playwright Team                                                      ║
    ╚═════════════════════════════════════════════════════════════════════════╝


[1A[2K[393/910] [webkit] › tests\e2e\auth-login.spec.ts:168:7 › User Login › should successfully logout
[1A[2K[394/910] [webkit] › tests\e2e\auth-login.spec.ts:207:7 › User Login › should allow navigation to registration page
[1A[2K  340) [webkit] › tests\e2e\auth-login.spec.ts:207:7 › User Login › should allow navigation to registration page 

    Error: browserType.launch: Executable doesn't exist at C:\Users\imoud\AppData\Local\ms-playwright\webkit-2215\Playwright.exe
    ╔═════════════════════════════════════════════════════════════════════════╗
    ║ Looks like Playwright Test or Playwright was just installed or updated. ║
    ║ Please run the following command to download new browsers:              ║
    ║                                                                         ║
    ║     npx playwright install                                              ║
    ║                                                                         ║
    ║ <3 Playwright Team                                                      ║
    ╚═════════════════════════════════════════════════════════════════════════╝


[1A[2K[395/910] [webkit] › tests\e2e\auth-login.spec.ts:219:7 › User Login › should allow navigation to password reset page
[1A[2K[396/910] [webkit] › tests\e2e\auth-login.spec.ts:227:7 › User Login › should toggle password visibility
[1A[2K  341) [webkit] › tests\e2e\auth-login.spec.ts:227:7 › User Login › should toggle password visibility 

    Error: browserType.launch: Executable doesn't exist at C:\Users\imoud\AppData\Local\ms-playwright\webkit-2215\Playwright.exe
    ╔═════════════════════════════════════════════════════════════════════════╗
    ║ Looks like Playwright Test or Playwright was just installed or updated. ║
    ║ Please run the following command to download new browsers:              ║
    ║                                                                         ║
    ║     npx playwright install                                              ║
    ║                                                                         ║
    ║ <3 Playwright Team                                                      ║
    ╚═════════════════════════════════════════════════════════════════════════╝


[1A[2K[397/910] [webkit] › tests\e2e\auth-login.spec.ts:251:7 › User Login › should show loading state during login
[1A[2K[398/910] [webkit] › tests\e2e\auth-login.spec.ts:275:7 › User Login › should be responsive on mobile viewport
[1A[2K[399/910] [webkit] › tests\e2e\auth-password-reset.spec.ts:41:7 › Password Reset › should display password reset form
[1A[2K[400/910] [webkit] › tests\e2e\auth-password-reset.spec.ts:70:7 › Password Reset › should show error for invalid email format
[1A[2K  342) [webkit] › tests\e2e\auth-login.spec.ts:275:7 › User Login › should be responsive on mobile viewport 

    Error: browserType.launch: Executable doesn't exist at C:\Users\imoud\AppData\Local\ms-playwright\webkit-2215\Playwright.exe
    ╔═════════════════════════════════════════════════════════════════════════╗
    ║ Looks like Playwright Test or Playwright was just installed or updated. ║
    ║ Please run the following command to download new browsers:              ║
    ║                                                                         ║
    ║     npx playwright install                                              ║
    ║                                                                         ║
    ║ <3 Playwright Team                                                      ║
    ╚═════════════════════════════════════════════════════════════════════════╝


[1A[2K[401/910] [webkit] › tests\e2e\auth-login.spec.ts:287:7 › User Login › should handle magic link login option if available
[1A[2K  343) [webkit] › tests\e2e\auth-password-reset.spec.ts:41:7 › Password Reset › should display password reset form 

    Error: browserType.launch: Executable doesn't exist at C:\Users\imoud\AppData\Local\ms-playwright\webkit-2215\Playwright.exe
    ╔═════════════════════════════════════════════════════════════════════════╗
    ║ Looks like Playwright Test or Playwright was just installed or updated. ║
    ║ Please run the following command to download new browsers:              ║
    ║                                                                         ║
    ║     npx playwright install                                              ║
    ║                                                                         ║
    ║ <3 Playwright Team                                                      ║
    ╚═════════════════════════════════════════════════════════════════════════╝


[1A[2K[402/910] [webkit] › tests\e2e\auth-password-reset.spec.ts:61:7 › Password Reset › should show validation error for empty email
[1A[2K  344) [webkit] › tests\e2e\auth-password-reset.spec.ts:70:7 › Password Reset › should show error for invalid email format 

    Error: browserType.launch: Executable doesn't exist at C:\Users\imoud\AppData\Local\ms-playwright\webkit-2215\Playwright.exe
    ╔═════════════════════════════════════════════════════════════════════════╗
    ║ Looks like Playwright Test or Playwright was just installed or updated. ║
    ║ Please run the following command to download new browsers:              ║
    ║                                                                         ║
    ║     npx playwright install                                              ║
    ║                                                                         ║
    ║ <3 Playwright Team                                                      ║
    ╚═════════════════════════════════════════════════════════════════════════╝


[1A[2K[403/910] [webkit] › tests\e2e\auth-password-reset.spec.ts:85:7 › Password Reset › should accept password reset request for registered user
[1A[2K[404/910] [webkit] › tests\e2e\auth-password-reset.spec.ts:104:7 › Password Reset › should handle non-existent email gracefully
[1A[2K[405/910] [webkit] › tests\e2e\auth-password-reset.spec.ts:129:7 › Password Reset › should show loading state during submission
[1A[2K[406/910] [webkit] › tests\e2e\auth-password-reset.spec.ts:162:7 › Password Reset › should be accessible via forgot password link from login
[1A[2K  345) [webkit] › tests\e2e\auth-password-reset.spec.ts:104:7 › Password Reset › should handle non-existent email gracefully 

    Error: browserType.launch: Executable doesn't exist at C:\Users\imoud\AppData\Local\ms-playwright\webkit-2215\Playwright.exe
    ╔═════════════════════════════════════════════════════════════════════════╗
    ║ Looks like Playwright Test or Playwright was just installed or updated. ║
    ║ Please run the following command to download new browsers:              ║
    ║                                                                         ║
    ║     npx playwright install                                              ║
    ║                                                                         ║
    ║ <3 Playwright Team                                                      ║
    ╚═════════════════════════════════════════════════════════════════════════╝


[1A[2K[407/910] [webkit] › tests\e2e\auth-password-reset.spec.ts:120:7 › Password Reset › should allow navigation back to login
[1A[2K  346) [webkit] › tests\e2e\auth-password-reset.spec.ts:129:7 › Password Reset › should show loading state during submission 

    Error: browserType.launch: Executable doesn't exist at C:\Users\imoud\AppData\Local\ms-playwright\webkit-2215\Playwright.exe
    ╔═════════════════════════════════════════════════════════════════════════╗
    ║ Looks like Playwright Test or Playwright was just installed or updated. ║
    ║ Please run the following command to download new browsers:              ║
    ║                                                                         ║
    ║     npx playwright install                                              ║
    ║                                                                         ║
    ║ <3 Playwright Team                                                      ║
    ╚═════════════════════════════════════════════════════════════════════════╝


[1A[2K[408/910] [webkit] › tests\e2e\auth-password-reset.spec.ts:154:7 › Password Reset › should display helpful instructions
[1A[2K  347) [webkit] › tests\e2e\auth-password-reset.spec.ts:162:7 › Password Reset › should be accessible via forgot password link from login 

    Error: browserType.launch: Executable doesn't exist at C:\Users\imoud\AppData\Local\ms-playwright\webkit-2215\Playwright.exe
    ╔═════════════════════════════════════════════════════════════════════════╗
    ║ Looks like Playwright Test or Playwright was just installed or updated. ║
    ║ Please run the following command to download new browsers:              ║
    ║                                                                         ║
    ║     npx playwright install                                              ║
    ║                                                                         ║
    ║ <3 Playwright Team                                                      ║
    ╚═════════════════════════════════════════════════════════════════════════╝


[1A[2K[409/910] [webkit] › tests\e2e\auth-password-reset.spec.ts:178:7 › Password Reset › should prevent multiple rapid submissions
[1A[2K[410/910] [webkit] › tests\e2e\auth-password-reset.spec.ts:201:7 › Password Reset › should clear form after successful submission
[1A[2K  348) [webkit] › tests\e2e\auth-password-reset.spec.ts:201:7 › Password Reset › should clear form after successful submission 

    Error: browserType.launch: Executable doesn't exist at C:\Users\imoud\AppData\Local\ms-playwright\webkit-2215\Playwright.exe
    ╔═════════════════════════════════════════════════════════════════════════╗
    ║ Looks like Playwright Test or Playwright was just installed or updated. ║
    ║ Please run the following command to download new browsers:              ║
    ║                                                                         ║
    ║     npx playwright install                                              ║
    ║                                                                         ║
    ║ <3 Playwright Team                                                      ║
    ╚═════════════════════════════════════════════════════════════════════════╝


[1A[2K[411/910] [webkit] › tests\e2e\auth-password-reset.spec.ts:224:7 › Password Reset › should be responsive on mobile viewport
[1A[2K[412/910] [webkit] › tests\e2e\auth-password-reset.spec.ts:238:7 › Password Reset › should have proper page metadata
[1A[2K  349) [webkit] › tests\e2e\auth-password-reset.spec.ts:238:7 › Password Reset › should have proper page metadata 

    Error: browserType.launch: Executable doesn't exist at C:\Users\imoud\AppData\Local\ms-playwright\webkit-2215\Playwright.exe
    ╔═════════════════════════════════════════════════════════════════════════╗
    ║ Looks like Playwright Test or Playwright was just installed or updated. ║
    ║ Please run the following command to download new browsers:              ║
    ║                                                                         ║
    ║     npx playwright install                                              ║
    ║                                                                         ║
    ║ <3 Playwright Team                                                      ║
    ╚═════════════════════════════════════════════════════════════════════════╝


[1A[2K[413/910] [webkit] › tests\e2e\auth-password-reset.spec.ts:243:7 › Password Reset › should handle network errors gracefully
[1A[2K[414/910] [webkit] › tests\e2e\auth-registration.spec.ts:38:7 › User Registration › should show validation errors for empty form
[1A[2K[415/910] [webkit] › tests\e2e\auth-registration.spec.ts:20:7 › User Registration › should display registration form with all fields
[1A[2K  350) [webkit] › tests\e2e\auth-registration.spec.ts:38:7 › User Registration › should show validation errors for empty form 

    Error: browserType.launch: Executable doesn't exist at C:\Users\imoud\AppData\Local\ms-playwright\webkit-2215\Playwright.exe
    ╔═════════════════════════════════════════════════════════════════════════╗
    ║ Looks like Playwright Test or Playwright was just installed or updated. ║
    ║ Please run the following command to download new browsers:              ║
    ║                                                                         ║
    ║     npx playwright install                                              ║
    ║                                                                         ║
    ║ <3 Playwright Team                                                      ║
    ╚═════════════════════════════════════════════════════════════════════════╝


[1A[2K  351) [webkit] › tests\e2e\auth-registration.spec.ts:20:7 › User Registration › should display registration form with all fields 

    Error: browserType.launch: Executable doesn't exist at C:\Users\imoud\AppData\Local\ms-playwright\webkit-2215\Playwright.exe
    ╔═════════════════════════════════════════════════════════════════════════╗
    ║ Looks like Playwright Test or Playwright was just installed or updated. ║
    ║ Please run the following command to download new browsers:              ║
    ║                                                                         ║
    ║     npx playwright install                                              ║
    ║                                                                         ║
    ║ <3 Playwright Team                                                      ║
    ╚═════════════════════════════════════════════════════════════════════════╝


[1A[2K[416/910] [webkit] › tests\e2e\auth-registration.spec.ts:49:7 › User Registration › should show error for invalid email format
[1A[2K[417/910] [webkit] › tests\e2e\auth-registration.spec.ts:69:7 › User Registration › should show error for weak password
[1A[2K[418/910] [webkit] › tests\e2e\auth-registration.spec.ts:89:7 › User Registration › should successfully register a new user
[1A[2K  352) [webkit] › tests\e2e\auth-registration.spec.ts:49:7 › User Registration › should show error for invalid email format 

    Error: browserType.launch: Executable doesn't exist at C:\Users\imoud\AppData\Local\ms-playwright\webkit-2215\Playwright.exe
    ╔═════════════════════════════════════════════════════════════════════════╗
    ║ Looks like Playwright Test or Playwright was just installed or updated. ║
    ║ Please run the following command to download new browsers:              ║
    ║                                                                         ║
    ║     npx playwright install                                              ║
    ║                                                                         ║
    ║ <3 Playwright Team                                                      ║
    ╚═════════════════════════════════════════════════════════════════════════╝


[1A[2K  353) [webkit] › tests\e2e\auth-registration.spec.ts:69:7 › User Registration › should show error for weak password 

    Error: browserType.launch: Executable doesn't exist at C:\Users\imoud\AppData\Local\ms-playwright\webkit-2215\Playwright.exe
    ╔═════════════════════════════════════════════════════════════════════════╗
    ║ Looks like Playwright Test or Playwright was just installed or updated. ║
    ║ Please run the following command to download new browsers:              ║
    ║                                                                         ║
    ║     npx playwright install                                              ║
    ║                                                                         ║
    ║ <3 Playwright Team                                                      ║
    ╚═════════════════════════════════════════════════════════════════════════╝


[1A[2K[419/910] [webkit] › tests\e2e\auth-registration.spec.ts:119:7 › User Registration › should show error when registering with existing email
[1A[2K  354) [webkit] › tests\e2e\auth-registration.spec.ts:89:7 › User Registration › should successfully register a new user 

    Error: browserType.launch: Executable doesn't exist at C:\Users\imoud\AppData\Local\ms-playwright\webkit-2215\Playwright.exe
    ╔═════════════════════════════════════════════════════════════════════════╗
    ║ Looks like Playwright Test or Playwright was just installed or updated. ║
    ║ Please run the following command to download new browsers:              ║
    ║                                                                         ║
    ║     npx playwright install                                              ║
    ║                                                                         ║
    ║ <3 Playwright Team                                                      ║
    ╚═════════════════════════════════════════════════════════════════════════╝


[1A[2K  355) [webkit] › tests\e2e\auth-registration.spec.ts:119:7 › User Registration › should show error when registering with existing email 

    Error: browserType.launch: Executable doesn't exist at C:\Users\imoud\AppData\Local\ms-playwright\webkit-2215\Playwright.exe
    ╔═════════════════════════════════════════════════════════════════════════╗
    ║ Looks like Playwright Test or Playwright was just installed or updated. ║
    ║ Please run the following command to download new browsers:              ║
    ║                                                                         ║
    ║     npx playwright install                                              ║
    ║                                                                         ║
    ║ <3 Playwright Team                                                      ║
    ╚═════════════════════════════════════════════════════════════════════════╝


[1A[2K[420/910] [webkit] › tests\e2e\auth-registration.spec.ts:156:7 › User Registration › should allow navigation to login page
[1A[2K  356) [webkit] › tests\e2e\auth-registration.spec.ts:156:7 › User Registration › should allow navigation to login page 

    Error: browserType.launch: Executable doesn't exist at C:\Users\imoud\AppData\Local\ms-playwright\webkit-2215\Playwright.exe
    ╔═════════════════════════════════════════════════════════════════════════╗
    ║ Looks like Playwright Test or Playwright was just installed or updated. ║
    ║ Please run the following command to download new browsers:              ║
    ║                                                                         ║
    ║     npx playwright install                                              ║
    ║                                                                         ║
    ║ <3 Playwright Team                                                      ║
    ╚═════════════════════════════════════════════════════════════════════════╝


[1A[2K[421/910] [webkit] › tests\e2e\auth-registration.spec.ts:166:7 › User Registration › should toggle password visibility
[1A[2K  357) [webkit] › tests\e2e\auth-registration.spec.ts:166:7 › User Registration › should toggle password visibility 

    Error: browserType.launch: Executable doesn't exist at C:\Users\imoud\AppData\Local\ms-playwright\webkit-2215\Playwright.exe
    ╔═════════════════════════════════════════════════════════════════════════╗
    ║ Looks like Playwright Test or Playwright was just installed or updated. ║
    ║ Please run the following command to download new browsers:              ║
    ║                                                                         ║
    ║     npx playwright install                                              ║
    ║                                                                         ║
    ║ <3 Playwright Team                                                      ║
    ╚═════════════════════════════════════════════════════════════════════════╝


[1A[2K[422/910] [webkit] › tests\e2e\auth-registration.spec.ts:188:7 › User Registration › should have all industry options available
[1A[2K[423/910] [webkit] › tests\e2e\auth-registration.spec.ts:200:7 › User Registration › should be responsive on mobile viewport
[1A[2K  358) [webkit] › tests\e2e\auth-registration.spec.ts:188:7 › User Registration › should have all industry options available 

    Error: browserType.launch: Executable doesn't exist at C:\Users\imoud\AppData\Local\ms-playwright\webkit-2215\Playwright.exe
    ╔═════════════════════════════════════════════════════════════════════════╗
    ║ Looks like Playwright Test or Playwright was just installed or updated. ║
    ║ Please run the following command to download new browsers:              ║
    ║                                                                         ║
    ║     npx playwright install                                              ║
    ║                                                                         ║
    ║ <3 Playwright Team                                                      ║
    ╚═════════════════════════════════════════════════════════════════════════╝


[1A[2K[424/910] [webkit] › tests\e2e\branding.spec.ts:19:7 › Branding Settings › should navigate to branding settings page
[1A[2K  359) [webkit] › tests\e2e\auth-registration.spec.ts:200:7 › User Registration › should be responsive on mobile viewport 

    Error: browserType.launch: Executable doesn't exist at C:\Users\imoud\AppData\Local\ms-playwright\webkit-2215\Playwright.exe
    ╔═════════════════════════════════════════════════════════════════════════╗
    ║ Looks like Playwright Test or Playwright was just installed or updated. ║
    ║ Please run the following command to download new browsers:              ║
    ║                                                                         ║
    ║     npx playwright install                                              ║
    ║                                                                         ║
    ║ <3 Playwright Team                                                      ║
    ╚═════════════════════════════════════════════════════════════════════════╝


[1A[2K[425/910] [webkit] › tests\e2e\branding.spec.ts:31:7 › Branding Settings › should display all branding form sections
[1A[2K  360) [webkit] › tests\e2e\branding.spec.ts:19:7 › Branding Settings › should navigate to branding settings page 

    Error: browserType.launch: Executable doesn't exist at C:\Users\imoud\AppData\Local\ms-playwright\webkit-2215\Playwright.exe
    ╔═════════════════════════════════════════════════════════════════════════╗
    ║ Looks like Playwright Test or Playwright was just installed or updated. ║
    ║ Please run the following command to download new browsers:              ║
    ║                                                                         ║
    ║     npx playwright install                                              ║
    ║                                                                         ║
    ║ <3 Playwright Team                                                      ║
    ╚═════════════════════════════════════════════════════════════════════════╝


[1A[2K[426/910] [webkit] › tests\e2e\branding.spec.ts:57:7 › Branding Settings › should update company name and see live preview
[1A[2K  361) [webkit] › tests\e2e\branding.spec.ts:31:7 › Branding Settings › should display all branding form sections 

    Error: browserType.launch: Executable doesn't exist at C:\Users\imoud\AppData\Local\ms-playwright\webkit-2215\Playwright.exe
    ╔═════════════════════════════════════════════════════════════════════════╗
    ║ Looks like Playwright Test or Playwright was just installed or updated. ║
    ║ Please run the following command to download new browsers:              ║
    ║                                                                         ║
    ║     npx playwright install                                              ║
    ║                                                                         ║
    ║ <3 Playwright Team                                                      ║
    ╚═════════════════════════════════════════════════════════════════════════╝


[1A[2K[427/910] [webkit] › tests\e2e\branding.spec.ts:70:7 › Branding Settings › should update primary color and see live preview
[1A[2K  362) [webkit] › tests\e2e\branding.spec.ts:57:7 › Branding Settings › should update company name and see live preview 

    Error: browserType.launch: Executable doesn't exist at C:\Users\imoud\AppData\Local\ms-playwright\webkit-2215\Playwright.exe
    ╔═════════════════════════════════════════════════════════════════════════╗
    ║ Looks like Playwright Test or Playwright was just installed or updated. ║
    ║ Please run the following command to download new browsers:              ║
    ║                                                                         ║
    ║     npx playwright install                                              ║
    ║                                                                         ║
    ║ <3 Playwright Team                                                      ║
    ╚═════════════════════════════════════════════════════════════════════════╝


[1A[2K  363) [webkit] › tests\e2e\branding.spec.ts:70:7 › Branding Settings › should update primary color and see live preview 

    Error: browserType.launch: Executable doesn't exist at C:\Users\imoud\AppData\Local\ms-playwright\webkit-2215\Playwright.exe
    ╔═════════════════════════════════════════════════════════════════════════╗
    ║ Looks like Playwright Test or Playwright was just installed or updated. ║
    ║ Please run the following command to download new browsers:              ║
    ║                                                                         ║
    ║     npx playwright install                                              ║
    ║                                                                         ║
    ║ <3 Playwright Team                                                      ║
    ╚═════════════════════════════════════════════════════════════════════════╝


[1A[2K[428/910] [webkit] › tests\e2e\branding.spec.ts:86:7 › Branding Settings › should update secondary color and see live preview
[1A[2K  364) [webkit] › tests\e2e\branding.spec.ts:86:7 › Branding Settings › should update secondary color and see live preview 

    Error: browserType.launch: Executable doesn't exist at C:\Users\imoud\AppData\Local\ms-playwright\webkit-2215\Playwright.exe
    ╔═════════════════════════════════════════════════════════════════════════╗
    ║ Looks like Playwright Test or Playwright was just installed or updated. ║
    ║ Please run the following command to download new browsers:              ║
    ║                                                                         ║
    ║     npx playwright install                                              ║
    ║                                                                         ║
    ║ <3 Playwright Team                                                      ║
    ╚═════════════════════════════════════════════════════════════════════════╝


[1A[2K[429/910] [webkit] › tests\e2e\branding.spec.ts:102:7 › Branding Settings › should show DNS instructions modal
[1A[2K  365) [webkit] › tests\e2e\branding.spec.ts:102:7 › Branding Settings › should show DNS instructions modal 

    Error: browserType.launch: Executable doesn't exist at C:\Users\imoud\AppData\Local\ms-playwright\webkit-2215\Playwright.exe
    ╔═════════════════════════════════════════════════════════════════════════╗
    ║ Looks like Playwright Test or Playwright was just installed or updated. ║
    ║ Please run the following command to download new browsers:              ║
    ║                                                                         ║
    ║     npx playwright install                                              ║
    ║                                                                         ║
    ║ <3 Playwright Team                                                      ║
    ╚═════════════════════════════════════════════════════════════════════════╝


[1A[2K[430/910] [webkit] › tests\e2e\branding.spec.ts:121:7 › Branding Settings › should validate company name is required
[1A[2K[431/910] [webkit] › tests\e2e\branding.spec.ts:137:7 › Branding Settings › should display custom domain in preview
[1A[2K  366) [webkit] › tests\e2e\branding.spec.ts:121:7 › Branding Settings › should validate company name is required 

    Error: browserType.launch: Executable doesn't exist at C:\Users\imoud\AppData\Local\ms-playwright\webkit-2215\Playwright.exe
    ╔═════════════════════════════════════════════════════════════════════════╗
    ║ Looks like Playwright Test or Playwright was just installed or updated. ║
    ║ Please run the following command to download new browsers:              ║
    ║                                                                         ║
    ║     npx playwright install                                              ║
    ║                                                                         ║
    ║ <3 Playwright Team                                                      ║
    ╚═════════════════════════════════════════════════════════════════════════╝


[1A[2K[432/910] [webkit] › tests\e2e\branding.spec.ts:152:7 › Branding Settings › should show save button
[1A[2K  367) [webkit] › tests\e2e\branding.spec.ts:137:7 › Branding Settings › should display custom domain in preview 

    Error: browserType.launch: Executable doesn't exist at C:\Users\imoud\AppData\Local\ms-playwright\webkit-2215\Playwright.exe
    ╔═════════════════════════════════════════════════════════════════════════╗
    ║ Looks like Playwright Test or Playwright was just installed or updated. ║
    ║ Please run the following command to download new browsers:              ║
    ║                                                                         ║
    ║     npx playwright install                                              ║
    ║                                                                         ║
    ║ <3 Playwright Team                                                      ║
    ╚═════════════════════════════════════════════════════════════════════════╝


[1A[2K[433/910] [webkit] › tests\e2e\branding.spec.ts:162:7 › Branding Settings › should have upload buttons for logo and favicon
[1A[2K  368) [webkit] › tests\e2e\branding.spec.ts:152:7 › Branding Settings › should show save button ───

    Error: browserType.launch: Executable doesn't exist at C:\Users\imoud\AppData\Local\ms-playwright\webkit-2215\Playwright.exe
    ╔═════════════════════════════════════════════════════════════════════════╗
    ║ Looks like Playwright Test or Playwright was just installed or updated. ║
    ║ Please run the following command to download new browsers:              ║
    ║                                                                         ║
    ║     npx playwright install                                              ║
    ║                                                                         ║
    ║ <3 Playwright Team                                                      ║
    ╚═════════════════════════════════════════════════════════════════════════╝


[1A[2K[434/910] [webkit] › tests\e2e\chat.spec.ts:16:7 › Chat Interface › should display chat page with sidebar and empty state
[1A[2K[435/910] [webkit] › tests\e2e\branding.spec.ts:175:7 › Branding Settings › should show live preview section with sample elements
[1A[2K  369) [webkit] › tests\e2e\branding.spec.ts:162:7 › Branding Settings › should have upload buttons for logo and favicon 

    Error: browserType.launch: Executable doesn't exist at C:\Users\imoud\AppData\Local\ms-playwright\webkit-2215\Playwright.exe
    ╔═════════════════════════════════════════════════════════════════════════╗
    ║ Looks like Playwright Test or Playwright was just installed or updated. ║
    ║ Please run the following command to download new browsers:              ║
    ║                                                                         ║
    ║     npx playwright install                                              ║
    ║                                                                         ║
    ║ <3 Playwright Team                                                      ║
    ╚═════════════════════════════════════════════════════════════════════════╝


[1A[2K  370) [webkit] › tests\e2e\chat.spec.ts:16:7 › Chat Interface › should display chat page with sidebar and empty state 

    Error: browserType.launch: Executable doesn't exist at C:\Users\imoud\AppData\Local\ms-playwright\webkit-2215\Playwright.exe
    ╔═════════════════════════════════════════════════════════════════════════╗
    ║ Looks like Playwright Test or Playwright was just installed or updated. ║
    ║ Please run the following command to download new browsers:              ║
    ║                                                                         ║
    ║     npx playwright install                                              ║
    ║                                                                         ║
    ║ <3 Playwright Team                                                      ║
    ╚═════════════════════════════════════════════════════════════════════════╝


[1A[2K  371) [webkit] › tests\e2e\branding.spec.ts:175:7 › Branding Settings › should show live preview section with sample elements 

    Error: browserType.launch: Executable doesn't exist at C:\Users\imoud\AppData\Local\ms-playwright\webkit-2215\Playwright.exe
    ╔═════════════════════════════════════════════════════════════════════════╗
    ║ Looks like Playwright Test or Playwright was just installed or updated. ║
    ║ Please run the following command to download new browsers:              ║
    ║                                                                         ║
    ║     npx playwright install                                              ║
    ║                                                                         ║
    ║ <3 Playwright Team                                                      ║
    ╚═════════════════════════════════════════════════════════════════════════╝


[1A[2K[436/910] [webkit] › tests\e2e\chat.spec.ts:31:7 › Chat Interface › should display existing chat messages
[1A[2K[437/910] [webkit] › tests\e2e\chat.spec.ts:44:7 › Chat Interface › should send a message and receive response
[1A[2K  372) [webkit] › tests\e2e\chat.spec.ts:31:7 › Chat Interface › should display existing chat messages 

    Error: browserType.launch: Executable doesn't exist at C:\Users\imoud\AppData\Local\ms-playwright\webkit-2215\Playwright.exe
    ╔═════════════════════════════════════════════════════════════════════════╗
    ║ Looks like Playwright Test or Playwright was just installed or updated. ║
    ║ Please run the following command to download new browsers:              ║
    ║                                                                         ║
    ║     npx playwright install                                              ║
    ║                                                                         ║
    ║ <3 Playwright Team                                                      ║
    ╚═════════════════════════════════════════════════════════════════════════╝


[1A[2K  373) [webkit] › tests\e2e\chat.spec.ts:44:7 › Chat Interface › should send a message and receive response 

    Error: browserType.launch: Executable doesn't exist at C:\Users\imoud\AppData\Local\ms-playwright\webkit-2215\Playwright.exe
    ╔═════════════════════════════════════════════════════════════════════════╗
    ║ Looks like Playwright Test or Playwright was just installed or updated. ║
    ║ Please run the following command to download new browsers:              ║
    ║                                                                         ║
    ║     npx playwright install                                              ║
    ║                                                                         ║
    ║ <3 Playwright Team                                                      ║
    ╚═════════════════════════════════════════════════════════════════════════╝


[1A[2K[438/910] [webkit] › tests\e2e\chat.spec.ts:70:7 › Chat Interface › should create a new chat session
[1A[2K[439/910] [webkit] › tests\e2e\chat.spec.ts:81:7 › Chat Interface › should switch between chat sessions
[1A[2K  374) [webkit] › tests\e2e\chat.spec.ts:70:7 › Chat Interface › should create a new chat session ──

    Error: browserType.launch: Executable doesn't exist at C:\Users\imoud\AppData\Local\ms-playwright\webkit-2215\Playwright.exe
    ╔═════════════════════════════════════════════════════════════════════════╗
    ║ Looks like Playwright Test or Playwright was just installed or updated. ║
    ║ Please run the following command to download new browsers:              ║
    ║                                                                         ║
    ║     npx playwright install                                              ║
    ║                                                                         ║
    ║ <3 Playwright Team                                                      ║
    ╚═════════════════════════════════════════════════════════════════════════╝


[1A[2K[440/910] [webkit] › tests\e2e\chat.spec.ts:92:7 › Chat Interface › should display copy button on AI messages
[1A[2K  375) [webkit] › tests\e2e\chat.spec.ts:81:7 › Chat Interface › should switch between chat sessions 

    Error: browserType.launch: Executable doesn't exist at C:\Users\imoud\AppData\Local\ms-playwright\webkit-2215\Playwright.exe
    ╔═════════════════════════════════════════════════════════════════════════╗
    ║ Looks like Playwright Test or Playwright was just installed or updated. ║
    ║ Please run the following command to download new browsers:              ║
    ║                                                                         ║
    ║     npx playwright install                                              ║
    ║                                                                         ║
    ║ <3 Playwright Team                                                      ║
    ╚═════════════════════════════════════════════════════════════════════════╝


[1A[2K  376) [webkit] › tests\e2e\chat.spec.ts:92:7 › Chat Interface › should display copy button on AI messages 

    Error: browserType.launch: Executable doesn't exist at C:\Users\imoud\AppData\Local\ms-playwright\webkit-2215\Playwright.exe
    ╔═════════════════════════════════════════════════════════════════════════╗
    ║ Looks like Playwright Test or Playwright was just installed or updated. ║
    ║ Please run the following command to download new browsers:              ║
    ║                                                                         ║
    ║     npx playwright install                                              ║
    ║                                                                         ║
    ║ <3 Playwright Team                                                      ║
    ╚═════════════════════════════════════════════════════════════════════════╝


[1A[2K[441/910] [webkit] › tests\e2e\chat.spec.ts:112:7 › Chat Interface › should show typing indicator when sending message
[1A[2K[442/910] [webkit] › tests\e2e\chat.spec.ts:104:7 › Chat Interface › should display regenerate button on last AI message
[1A[2K[443/910] [webkit] › tests\e2e\chat.spec.ts:129:7 › Chat Interface › should clear input field after sending message
[1A[2K  377) [webkit] › tests\e2e\chat.spec.ts:112:7 › Chat Interface › should show typing indicator when sending message 

    Error: browserType.launch: Executable doesn't exist at C:\Users\imoud\AppData\Local\ms-playwright\webkit-2215\Playwright.exe
    ╔═════════════════════════════════════════════════════════════════════════╗
    ║ Looks like Playwright Test or Playwright was just installed or updated. ║
    ║ Please run the following command to download new browsers:              ║
    ║                                                                         ║
    ║     npx playwright install                                              ║
    ║                                                                         ║
    ║ <3 Playwright Team                                                      ║
    ╚═════════════════════════════════════════════════════════════════════════╝


[1A[2K  378) [webkit] › tests\e2e\chat.spec.ts:129:7 › Chat Interface › should clear input field after sending message 

    Error: browserType.launch: Executable doesn't exist at C:\Users\imoud\AppData\Local\ms-playwright\webkit-2215\Playwright.exe
    ╔═════════════════════════════════════════════════════════════════════════╗
    ║ Looks like Playwright Test or Playwright was just installed or updated. ║
    ║ Please run the following command to download new browsers:              ║
    ║                                                                         ║
    ║     npx playwright install                                              ║
    ║                                                                         ║
    ║ <3 Playwright Team                                                      ║
    ╚═════════════════════════════════════════════════════════════════════════╝


[1A[2K  379) [webkit] › tests\e2e\chat.spec.ts:104:7 › Chat Interface › should display regenerate button on last AI message 

    Error: browserType.launch: Executable doesn't exist at C:\Users\imoud\AppData\Local\ms-playwright\webkit-2215\Playwright.exe
    ╔═════════════════════════════════════════════════════════════════════════╗
    ║ Looks like Playwright Test or Playwright was just installed or updated. ║
    ║ Please run the following command to download new browsers:              ║
    ║                                                                         ║
    ║     npx playwright install                                              ║
    ║                                                                         ║
    ║ <3 Playwright Team                                                      ║
    ╚═════════════════════════════════════════════════════════════════════════╝


[1A[2K[444/910] [webkit] › tests\e2e\chat.spec.ts:148:7 › Chat Interface › should display export buttons on active session
[1A[2K[445/910] [webkit] › tests\e2e\chat.spec.ts:157:7 › Chat Interface › should show chat header with model name
[1A[2K  380) [webkit] › tests\e2e\chat.spec.ts:148:7 › Chat Interface › should display export buttons on active session 

    Error: browserType.launch: Executable doesn't exist at C:\Users\imoud\AppData\Local\ms-playwright\webkit-2215\Playwright.exe
    ╔═════════════════════════════════════════════════════════════════════════╗
    ║ Looks like Playwright Test or Playwright was just installed or updated. ║
    ║ Please run the following command to download new browsers:              ║
    ║                                                                         ║
    ║     npx playwright install                                              ║
    ║                                                                         ║
    ║ <3 Playwright Team                                                      ║
    ╚═════════════════════════════════════════════════════════════════════════╝


[1A[2K  381) [webkit] › tests\e2e\chat.spec.ts:157:7 › Chat Interface › should show chat header with model name 

    Error: browserType.launch: Executable doesn't exist at C:\Users\imoud\AppData\Local\ms-playwright\webkit-2215\Playwright.exe
    ╔═════════════════════════════════════════════════════════════════════════╗
    ║ Looks like Playwright Test or Playwright was just installed or updated. ║
    ║ Please run the following command to download new browsers:              ║
    ║                                                                         ║
    ║     npx playwright install                                              ║
    ║                                                                         ║
    ║ <3 Playwright Team                                                      ║
    ╚═════════════════════════════════════════════════════════════════════════╝


[1A[2K[446/910] [webkit] › tests\e2e\chat.spec.ts:163:7 › Chat Interface › should handle Enter key to send message
[1A[2K[447/910] [webkit] › tests\e2e\dashboard-protected.spec.ts:46:9 › Dashboard and Protected Routes › Unauthenticated Access › should redirect to login when accessing dashboard without auth
[1A[2K[448/910] [webkit] › tests\e2e\chat.spec.ts:176:7 › Chat Interface › should handle Shift+Enter for new line
[1A[2K  382) [webkit] › tests\e2e\chat.spec.ts:163:7 › Chat Interface › should handle Enter key to send message 

    Error: browserType.launch: Executable doesn't exist at C:\Users\imoud\AppData\Local\ms-playwright\webkit-2215\Playwright.exe
    ╔═════════════════════════════════════════════════════════════════════════╗
    ║ Looks like Playwright Test or Playwright was just installed or updated. ║
    ║ Please run the following command to download new browsers:              ║
    ║                                                                         ║
    ║     npx playwright install                                              ║
    ║                                                                         ║
    ║ <3 Playwright Team                                                      ║
    ╚═════════════════════════════════════════════════════════════════════════╝


[1A[2K  383) [webkit] › tests\e2e\dashboard-protected.spec.ts:46:9 › Dashboard and Protected Routes › Unauthenticated Access › should redirect to login when accessing dashboard without auth 

    Error: browserType.launch: Executable doesn't exist at C:\Users\imoud\AppData\Local\ms-playwright\webkit-2215\Playwright.exe
    ╔═════════════════════════════════════════════════════════════════════════╗
    ║ Looks like Playwright Test or Playwright was just installed or updated. ║
    ║ Please run the following command to download new browsers:              ║
    ║                                                                         ║
    ║     npx playwright install                                              ║
    ║                                                                         ║
    ║ <3 Playwright Team                                                      ║
    ╚═════════════════════════════════════════════════════════════════════════╝


[1A[2K[449/910] [webkit] › tests\e2e\dashboard-protected.spec.ts:56:9 › Dashboard and Protected Routes › Unauthenticated Access › should allow access to public pages
[1A[2K[450/910] [webkit] › tests\e2e\dashboard-protected.spec.ts:70:9 › Dashboard and Protected Routes › Unauthenticated Access › should preserve intended destination after login
[1A[2K  384) [webkit] › tests\e2e\chat.spec.ts:176:7 › Chat Interface › should handle Shift+Enter for new line 

    Error: browserType.launch: Executable doesn't exist at C:\Users\imoud\AppData\Local\ms-playwright\webkit-2215\Playwright.exe
    ╔═════════════════════════════════════════════════════════════════════════╗
    ║ Looks like Playwright Test or Playwright was just installed or updated. ║
    ║ Please run the following command to download new browsers:              ║
    ║                                                                         ║
    ║     npx playwright install                                              ║
    ║                                                                         ║
    ║ <3 Playwright Team                                                      ║
    ╚═════════════════════════════════════════════════════════════════════════╝


[1A[2K[451/910] [webkit] › tests\e2e\dashboard-protected.spec.ts:101:9 › Dashboard and Protected Routes › Authenticated Dashboard Access › should display dashboard with user information
[1A[2K[452/910] [webkit] › tests\e2e\dashboard-protected.spec.ts:171:9 › Dashboard and Protected Routes › Authenticated Dashboard Access › should show phase completion status
[1A[2K[453/910] [webkit] › tests\e2e\dashboard-protected.spec.ts:145:9 › Dashboard and Protected Routes › Authenticated Dashboard Access › should display navigation menu
[1A[2K  385) [webkit] › tests\e2e\dashboard-protected.spec.ts:101:9 › Dashboard and Protected Routes › Authenticated Dashboard Access › should display dashboard with user information 

    Error: browserType.launch: Executable doesn't exist at C:\Users\imoud\AppData\Local\ms-playwright\webkit-2215\Playwright.exe
    ╔═════════════════════════════════════════════════════════════════════════╗
    ║ Looks like Playwright Test or Playwright was just installed or updated. ║
    ║ Please run the following command to download new browsers:              ║
    ║                                                                         ║
    ║     npx playwright install                                              ║
    ║                                                                         ║
    ║ <3 Playwright Team                                                      ║
    ╚═════════════════════════════════════════════════════════════════════════╝


[1A[2K[454/910] [webkit] › tests\e2e\dashboard-protected.spec.ts:112:9 › Dashboard and Protected Routes › Authenticated Dashboard Access › should display user account information
[1A[2K[455/910] [webkit] › tests\e2e\dashboard-protected.spec.ts:132:9 › Dashboard and Protected Routes › Authenticated Dashboard Access › should show user profile data correctly
[1A[2K  386) [webkit] › tests\e2e\dashboard-protected.spec.ts:171:9 › Dashboard and Protected Routes › Authenticated Dashboard Access › should show phase completion status 

    Error: browserType.launch: Executable doesn't exist at C:\Users\imoud\AppData\Local\ms-playwright\webkit-2215\Playwright.exe
    ╔═════════════════════════════════════════════════════════════════════════╗
    ║ Looks like Playwright Test or Playwright was just installed or updated. ║
    ║ Please run the following command to download new browsers:              ║
    ║                                                                         ║
    ║     npx playwright install                                              ║
    ║                                                                         ║
    ║ <3 Playwright Team                                                      ║
    ╚═════════════════════════════════════════════════════════════════════════╝


[1A[2K[456/910] [webkit] › tests\e2e\dashboard-protected.spec.ts:176:9 › Dashboard and Protected Routes › Authenticated Dashboard Access › should have functional logout button
[1A[2K[457/910] [webkit] › tests\e2e\dashboard-protected.spec.ts:190:9 › Dashboard and Protected Routes › Authenticated Dashboard Access › should persist across page navigation
[1A[2K  387) [webkit] › tests\e2e\dashboard-protected.spec.ts:145:9 › Dashboard and Protected Routes › Authenticated Dashboard Access › should display navigation menu 

    Error: browserType.launch: Executable doesn't exist at C:\Users\imoud\AppData\Local\ms-playwright\webkit-2215\Playwright.exe
    ╔═════════════════════════════════════════════════════════════════════════╗
    ║ Looks like Playwright Test or Playwright was just installed or updated. ║
    ║ Please run the following command to download new browsers:              ║
    ║                                                                         ║
    ║     npx playwright install                                              ║
    ║                                                                         ║
    ║ <3 Playwright Team                                                      ║
    ╚═════════════════════════════════════════════════════════════════════════╝


[1A[2K[458/910] [webkit] › tests\e2e\dashboard-protected.spec.ts:155:9 › Dashboard and Protected Routes › Authenticated Dashboard Access › should display subscription status
[1A[2K[459/910] [webkit] › tests\e2e\dashboard-protected.spec.ts:161:9 › Dashboard and Protected Routes › Authenticated Dashboard Access › should display account creation date
[1A[2K[460/910] [webkit] › tests\e2e\dashboard-protected.spec.ts:204:9 › Dashboard and Protected Routes › Authenticated Dashboard Access › should handle browser refresh correctly
[1A[2K  388) [webkit] › tests\e2e\dashboard-protected.spec.ts:204:9 › Dashboard and Protected Routes › Authenticated Dashboard Access › should handle browser refresh correctly 

    Error: browserType.launch: Executable doesn't exist at C:\Users\imoud\AppData\Local\ms-playwright\webkit-2215\Playwright.exe
    ╔═════════════════════════════════════════════════════════════════════════╗
    ║ Looks like Playwright Test or Playwright was just installed or updated. ║
    ║ Please run the following command to download new browsers:              ║
    ║                                                                         ║
    ║     npx playwright install                                              ║
    ║                                                                         ║
    ║ <3 Playwright Team                                                      ║
    ╚═════════════════════════════════════════════════════════════════════════╝


[1A[2K[461/910] [webkit] › tests\e2e\dashboard-protected.spec.ts:215:9 › Dashboard and Protected Routes › Authenticated Dashboard Access › should be responsive on mobile viewport
[1A[2K[462/910] [webkit] › tests\e2e\dashboard-protected.spec.ts:226:9 › Dashboard and Protected Routes › Authenticated Dashboard Access › should display success message on dashboard
[1A[2K[463/910] [webkit] › tests\e2e\dashboard-protected.spec.ts:243:9 › Dashboard and Protected Routes › Session Management › should maintain session in new tab
[1A[2K  389) [webkit] › tests\e2e\dashboard-protected.spec.ts:243:9 › Dashboard and Protected Routes › Session Management › should maintain session in new tab 

    Error: browserType.launch: Executable doesn't exist at C:\Users\imoud\AppData\Local\ms-playwright\webkit-2215\Playwright.exe
    ╔═════════════════════════════════════════════════════════════════════════╗
    ║ Looks like Playwright Test or Playwright was just installed or updated. ║
    ║ Please run the following command to download new browsers:              ║
    ║                                                                         ║
    ║     npx playwright install                                              ║
    ║                                                                         ║
    ║ <3 Playwright Team                                                      ║
    ╚═════════════════════════════════════════════════════════════════════════╝


[1A[2K[464/910] [webkit] › tests\e2e\dashboard-protected.spec.ts:262:9 › Dashboard and Protected Routes › Session Management › should logout from all tabs
[1A[2K[465/910] [webkit] › tests\e2e\dashboard.spec.ts:10:7 › Dashboard Tests › should login and verify dashboard layout
[1A[2K[466/910] [webkit] › tests\e2e\dashboard.spec.ts:92:7 › Dashboard Tests › should have functional search bar in header
[1A[2K  390) [webkit] › tests\e2e\dashboard.spec.ts:10:7 › Dashboard Tests › should login and verify dashboard layout 

    Error: browserType.launch: Executable doesn't exist at C:\Users\imoud\AppData\Local\ms-playwright\webkit-2215\Playwright.exe
    ╔═════════════════════════════════════════════════════════════════════════╗
    ║ Looks like Playwright Test or Playwright was just installed or updated. ║
    ║ Please run the following command to download new browsers:              ║
    ║                                                                         ║
    ║     npx playwright install                                              ║
    ║                                                                         ║
    ║ <3 Playwright Team                                                      ║
    ╚═════════════════════════════════════════════════════════════════════════╝


[1A[2K[467/910] [webkit] › tests\e2e\dashboard.spec.ts:54:7 › Dashboard Tests › should navigate to models page
[1A[2K  391) [webkit] › tests\e2e\dashboard.spec.ts:92:7 › Dashboard Tests › should have functional search bar in header 

    Error: browserType.launch: Executable doesn't exist at C:\Users\imoud\AppData\Local\ms-playwright\webkit-2215\Playwright.exe
    ╔═════════════════════════════════════════════════════════════════════════╗
    ║ Looks like Playwright Test or Playwright was just installed or updated. ║
    ║ Please run the following command to download new browsers:              ║
    ║                                                                         ║
    ║     npx playwright install                                              ║
    ║                                                                         ║
    ║ <3 Playwright Team                                                      ║
    ╚═════════════════════════════════════════════════════════════════════════╝


[1A[2K[468/910] [webkit] › tests\e2e\dashboard.spec.ts:113:7 › Dashboard Tests › should create a new model successfully
[1A[2K[469/910] [webkit] › tests\e2e\docs.spec.ts:27:7 › Documentation Site › should load documentation page
[1A[2K  392) [webkit] › tests\e2e\dashboard.spec.ts:54:7 › Dashboard Tests › should navigate to models page 

    Error: browserType.launch: Executable doesn't exist at C:\Users\imoud\AppData\Local\ms-playwright\webkit-2215\Playwright.exe
    ╔═════════════════════════════════════════════════════════════════════════╗
    ║ Looks like Playwright Test or Playwright was just installed or updated. ║
    ║ Please run the following command to download new browsers:              ║
    ║                                                                         ║
    ║     npx playwright install                                              ║
    ║                                                                         ║
    ║ <3 Playwright Team                                                      ║
    ╚═════════════════════════════════════════════════════════════════════════╝


[1A[2K  393) [webkit] › tests\e2e\dashboard.spec.ts:113:7 › Dashboard Tests › should create a new model successfully 

    Error: browserType.launch: Executable doesn't exist at C:\Users\imoud\AppData\Local\ms-playwright\webkit-2215\Playwright.exe
    ╔═════════════════════════════════════════════════════════════════════════╗
    ║ Looks like Playwright Test or Playwright was just installed or updated. ║
    ║ Please run the following command to download new browsers:              ║
    ║                                                                         ║
    ║     npx playwright install                                              ║
    ║                                                                         ║
    ║ <3 Playwright Team                                                      ║
    ╚═════════════════════════════════════════════════════════════════════════╝


[1A[2K  394) [webkit] › tests\e2e\docs.spec.ts:27:7 › Documentation Site › should load documentation page 

    Error: browserType.launch: Executable doesn't exist at C:\Users\imoud\AppData\Local\ms-playwright\webkit-2215\Playwright.exe
    ╔═════════════════════════════════════════════════════════════════════════╗
    ║ Looks like Playwright Test or Playwright was just installed or updated. ║
    ║ Please run the following command to download new browsers:              ║
    ║                                                                         ║
    ║     npx playwright install                                              ║
    ║                                                                         ║
    ║ <3 Playwright Team                                                      ║
    ╚═════════════════════════════════════════════════════════════════════════╝


[1A[2K[470/910] [webkit] › tests\e2e\docs.spec.ts:41:7 › Documentation Site › should display search bar
[1A[2K  395) [webkit] › tests\e2e\docs.spec.ts:41:7 › Documentation Site › should display search bar ─────

    Error: browserType.launch: Executable doesn't exist at C:\Users\imoud\AppData\Local\ms-playwright\webkit-2215\Playwright.exe
    ╔═════════════════════════════════════════════════════════════════════════╗
    ║ Looks like Playwright Test or Playwright was just installed or updated. ║
    ║ Please run the following command to download new browsers:              ║
    ║                                                                         ║
    ║     npx playwright install                                              ║
    ║                                                                         ║
    ║ <3 Playwright Team                                                      ║
    ╚═════════════════════════════════════════════════════════════════════════╝


[1A[2K[471/910] [webkit] › tests\e2e\docs.spec.ts:48:7 › Documentation Site › should navigate between sections
[1A[2K  396) [webkit] › tests\e2e\docs.spec.ts:48:7 › Documentation Site › should navigate between sections 

    Error: browserType.launch: Executable doesn't exist at C:\Users\imoud\AppData\Local\ms-playwright\webkit-2215\Playwright.exe
    ╔═════════════════════════════════════════════════════════════════════════╗
    ║ Looks like Playwright Test or Playwright was just installed or updated. ║
    ║ Please run the following command to download new browsers:              ║
    ║                                                                         ║
    ║     npx playwright install                                              ║
    ║                                                                         ║
    ║ <3 Playwright Team                                                      ║
    ╚═════════════════════════════════════════════════════════════════════════╝


[1A[2K[472/910] [webkit] › tests\e2e\docs.spec.ts:67:7 › Documentation Site › should show Getting Started content by default
[1A[2K  397) [webkit] › tests\e2e\docs.spec.ts:67:7 › Documentation Site › should show Getting Started content by default 

    Error: browserType.launch: Executable doesn't exist at C:\Users\imoud\AppData\Local\ms-playwright\webkit-2215\Playwright.exe
    ╔═════════════════════════════════════════════════════════════════════════╗
    ║ Looks like Playwright Test or Playwright was just installed or updated. ║
    ║ Please run the following command to download new browsers:              ║
    ║                                                                         ║
    ║     npx playwright install                                              ║
    ║                                                                         ║
    ║ <3 Playwright Team                                                      ║
    ╚═════════════════════════════════════════════════════════════════════════╝


[1A[2K[473/910] [webkit] › tests\e2e\docs.spec.ts:77:7 › Documentation Site › should display code blocks with copy button
[1A[2K  398) [webkit] › tests\e2e\docs.spec.ts:77:7 › Documentation Site › should display code blocks with copy button 

    Error: browserType.launch: Executable doesn't exist at C:\Users\imoud\AppData\Local\ms-playwright\webkit-2215\Playwright.exe
    ╔═════════════════════════════════════════════════════════════════════════╗
    ║ Looks like Playwright Test or Playwright was just installed or updated. ║
    ║ Please run the following command to download new browsers:              ║
    ║                                                                         ║
    ║     npx playwright install                                              ║
    ║                                                                         ║
    ║ <3 Playwright Team                                                      ║
    ╚═════════════════════════════════════════════════════════════════════════╝


[1A[2K[474/910] [webkit] › tests\e2e\docs.spec.ts:93:7 › Documentation Site › should copy code to clipboard
[1A[2K[475/910] [webkit] › tests\e2e\docs.spec.ts:109:7 › Documentation Site › should search documentation
[1A[2K  399) [webkit] › tests\e2e\docs.spec.ts:93:7 › Documentation Site › should copy code to clipboard ─

    Error: browserType.launch: Executable doesn't exist at C:\Users\imoud\AppData\Local\ms-playwright\webkit-2215\Playwright.exe
    ╔═════════════════════════════════════════════════════════════════════════╗
    ║ Looks like Playwright Test or Playwright was just installed or updated. ║
    ║ Please run the following command to download new browsers:              ║
    ║                                                                         ║
    ║     npx playwright install                                              ║
    ║                                                                         ║
    ║ <3 Playwright Team                                                      ║
    ╚═════════════════════════════════════════════════════════════════════════╝


[1A[2K[476/910] [webkit] › tests\e2e\docs.spec.ts:121:7 › Documentation Site › should filter sections based on search
[1A[2K  400) [webkit] › tests\e2e\docs.spec.ts:109:7 › Documentation Site › should search documentation ──

    Error: browserType.launch: Executable doesn't exist at C:\Users\imoud\AppData\Local\ms-playwright\webkit-2215\Playwright.exe
    ╔═════════════════════════════════════════════════════════════════════════╗
    ║ Looks like Playwright Test or Playwright was just installed or updated. ║
    ║ Please run the following command to download new browsers:              ║
    ║                                                                         ║
    ║     npx playwright install                                              ║
    ║                                                                         ║
    ║ <3 Playwright Team                                                      ║
    ╚═════════════════════════════════════════════════════════════════════════╝


[1A[2K[477/910] [webkit] › tests\e2e\docs.spec.ts:133:7 › Documentation Site › should show feedback buttons
[1A[2K[478/910] [webkit] › tests\e2e\docs.spec.ts:146:7 › Documentation Site › should submit helpful feedback
[1A[2K  401) [webkit] › tests\e2e\docs.spec.ts:121:7 › Documentation Site › should filter sections based on search 

    Error: browserType.launch: Executable doesn't exist at C:\Users\imoud\AppData\Local\ms-playwright\webkit-2215\Playwright.exe
    ╔═════════════════════════════════════════════════════════════════════════╗
    ║ Looks like Playwright Test or Playwright was just installed or updated. ║
    ║ Please run the following command to download new browsers:              ║
    ║                                                                         ║
    ║     npx playwright install                                              ║
    ║                                                                         ║
    ║ <3 Playwright Team                                                      ║
    ╚═════════════════════════════════════════════════════════════════════════╝


[1A[2K  402) [webkit] › tests\e2e\docs.spec.ts:133:7 › Documentation Site › should show feedback buttons ─

    Error: browserType.launch: Executable doesn't exist at C:\Users\imoud\AppData\Local\ms-playwright\webkit-2215\Playwright.exe
    ╔═════════════════════════════════════════════════════════════════════════╗
    ║ Looks like Playwright Test or Playwright was just installed or updated. ║
    ║ Please run the following command to download new browsers:              ║
    ║                                                                         ║
    ║     npx playwright install                                              ║
    ║                                                                         ║
    ║ <3 Playwright Team                                                      ║
    ╚═════════════════════════════════════════════════════════════════════════╝


[1A[2K  403) [webkit] › tests\e2e\docs.spec.ts:146:7 › Documentation Site › should submit helpful feedback 

    Error: browserType.launch: Executable doesn't exist at C:\Users\imoud\AppData\Local\ms-playwright\webkit-2215\Playwright.exe
    ╔═════════════════════════════════════════════════════════════════════════╗
    ║ Looks like Playwright Test or Playwright was just installed or updated. ║
    ║ Please run the following command to download new browsers:              ║
    ║                                                                         ║
    ║     npx playwright install                                              ║
    ║                                                                         ║
    ║ <3 Playwright Team                                                      ║
    ╚═════════════════════════════════════════════════════════════════════════╝


[1A[2K[479/910] [webkit] › tests\e2e\docs.spec.ts:161:7 › Documentation Site › should submit not helpful feedback
[1A[2K[480/910] [webkit] › tests\e2e\docs.spec.ts:176:7 › Documentation Site › should navigate back to dashboard
[1A[2K  404) [webkit] › tests\e2e\docs.spec.ts:161:7 › Documentation Site › should submit not helpful feedback 

    Error: browserType.launch: Executable doesn't exist at C:\Users\imoud\AppData\Local\ms-playwright\webkit-2215\Playwright.exe
    ╔═════════════════════════════════════════════════════════════════════════╗
    ║ Looks like Playwright Test or Playwright was just installed or updated. ║
    ║ Please run the following command to download new browsers:              ║
    ║                                                                         ║
    ║     npx playwright install                                              ║
    ║                                                                         ║
    ║ <3 Playwright Team                                                      ║
    ╚═════════════════════════════════════════════════════════════════════════╝


[1A[2K  405) [webkit] › tests\e2e\docs.spec.ts:176:7 › Documentation Site › should navigate back to dashboard 

    Error: browserType.launch: Executable doesn't exist at C:\Users\imoud\AppData\Local\ms-playwright\webkit-2215\Playwright.exe
    ╔═════════════════════════════════════════════════════════════════════════╗
    ║ Looks like Playwright Test or Playwright was just installed or updated. ║
    ║ Please run the following command to download new browsers:              ║
    ║                                                                         ║
    ║     npx playwright install                                              ║
    ║                                                                         ║
    ║ <3 Playwright Team                                                      ║
    ╚═════════════════════════════════════════════════════════════════════════╝


[1A[2K[481/910] [webkit] › tests\e2e\docs.spec.ts:187:7 › Documentation Site › should display all sections in sidebar
[1A[2K  406) [webkit] › tests\e2e\docs.spec.ts:187:7 › Documentation Site › should display all sections in sidebar 

    Error: browserType.launch: Executable doesn't exist at C:\Users\imoud\AppData\Local\ms-playwright\webkit-2215\Playwright.exe
    ╔═════════════════════════════════════════════════════════════════════════╗
    ║ Looks like Playwright Test or Playwright was just installed or updated. ║
    ║ Please run the following command to download new browsers:              ║
    ║                                                                         ║
    ║     npx playwright install                                              ║
    ║                                                                         ║
    ║ <3 Playwright Team                                                      ║
    ╚═════════════════════════════════════════════════════════════════════════╝


[1A[2K[482/910] [webkit] › tests\e2e\docs.spec.ts:204:7 › Documentation Site › should highlight active section
[1A[2K[483/910] [webkit] › tests\e2e\docs.spec.ts:222:7 › Documentation Site › should display FAQs content
[1A[2K  407) [webkit] › tests\e2e\docs.spec.ts:204:7 › Documentation Site › should highlight active section 

    Error: browserType.launch: Executable doesn't exist at C:\Users\imoud\AppData\Local\ms-playwright\webkit-2215\Playwright.exe
    ╔═════════════════════════════════════════════════════════════════════════╗
    ║ Looks like Playwright Test or Playwright was just installed or updated. ║
    ║ Please run the following command to download new browsers:              ║
    ║                                                                         ║
    ║     npx playwright install                                              ║
    ║                                                                         ║
    ║ <3 Playwright Team                                                      ║
    ╚═════════════════════════════════════════════════════════════════════════╝


[1A[2K[484/910] [webkit] › tests\e2e\docs.spec.ts:236:7 › Documentation Site › should display self-hosting content
[1A[2K[485/910] [webkit] › tests\e2e\file-upload.spec.ts:55:7 › File Upload Tests › should navigate to training data page
[1A[2K  408) [webkit] › tests\e2e\docs.spec.ts:222:7 › Documentation Site › should display FAQs content ──

    Error: browserType.launch: Executable doesn't exist at C:\Users\imoud\AppData\Local\ms-playwright\webkit-2215\Playwright.exe
    ╔═════════════════════════════════════════════════════════════════════════╗
    ║ Looks like Playwright Test or Playwright was just installed or updated. ║
    ║ Please run the following command to download new browsers:              ║
    ║                                                                         ║
    ║     npx playwright install                                              ║
    ║                                                                         ║
    ║ <3 Playwright Team                                                      ║
    ╚═════════════════════════════════════════════════════════════════════════╝


[1A[2K[486/910] [webkit] › tests\e2e\file-upload.spec.ts:71:7 › File Upload Tests › should display file upload interface
[1A[2K  409) [webkit] › tests\e2e\docs.spec.ts:236:7 › Documentation Site › should display self-hosting content 

    Error: browserType.launch: Executable doesn't exist at C:\Users\imoud\AppData\Local\ms-playwright\webkit-2215\Playwright.exe
    ╔═════════════════════════════════════════════════════════════════════════╗
    ║ Looks like Playwright Test or Playwright was just installed or updated. ║
    ║ Please run the following command to download new browsers:              ║
    ║                                                                         ║
    ║     npx playwright install                                              ║
    ║                                                                         ║
    ║ <3 Playwright Team                                                      ║
    ╚═════════════════════════════════════════════════════════════════════════╝


[1A[2K  410) [webkit] › tests\e2e\file-upload.spec.ts:55:7 › File Upload Tests › should navigate to training data page 

    Error: browserType.launch: Executable doesn't exist at C:\Users\imoud\AppData\Local\ms-playwright\webkit-2215\Playwright.exe
    ╔═════════════════════════════════════════════════════════════════════════╗
    ║ Looks like Playwright Test or Playwright was just installed or updated. ║
    ║ Please run the following command to download new browsers:              ║
    ║                                                                         ║
    ║     npx playwright install                                              ║
    ║                                                                         ║
    ║ <3 Playwright Team                                                      ║
    ╚═════════════════════════════════════════════════════════════════════════╝


[1A[2K  411) [webkit] › tests\e2e\file-upload.spec.ts:71:7 › File Upload Tests › should display file upload interface 

    Error: browserType.launch: Executable doesn't exist at C:\Users\imoud\AppData\Local\ms-playwright\webkit-2215\Playwright.exe
    ╔═════════════════════════════════════════════════════════════════════════╗
    ║ Looks like Playwright Test or Playwright was just installed or updated. ║
    ║ Please run the following command to download new browsers:              ║
    ║                                                                         ║
    ║     npx playwright install                                              ║
    ║                                                                         ║
    ║ <3 Playwright Team                                                      ║
    ╚═════════════════════════════════════════════════════════════════════════╝


[1A[2K[487/910] [webkit] › tests\e2e\file-upload.spec.ts:86:7 › File Upload Tests › should upload a text file
[1A[2K[488/910] [webkit] › tests\e2e\file-upload.spec.ts:133:7 › File Upload Tests › should show validation error for large file
[1A[2K  412) [webkit] › tests\e2e\file-upload.spec.ts:86:7 › File Upload Tests › should upload a text file 

    Error: browserType.launch: Executable doesn't exist at C:\Users\imoud\AppData\Local\ms-playwright\webkit-2215\Playwright.exe
    ╔═════════════════════════════════════════════════════════════════════════╗
    ║ Looks like Playwright Test or Playwright was just installed or updated. ║
    ║ Please run the following command to download new browsers:              ║
    ║                                                                         ║
    ║     npx playwright install                                              ║
    ║                                                                         ║
    ║ <3 Playwright Team                                                      ║
    ╚═════════════════════════════════════════════════════════════════════════╝


[1A[2K  413) [webkit] › tests\e2e\file-upload.spec.ts:133:7 › File Upload Tests › should show validation error for large file 

    Error: browserType.launch: Executable doesn't exist at C:\Users\imoud\AppData\Local\ms-playwright\webkit-2215\Playwright.exe
    ╔═════════════════════════════════════════════════════════════════════════╗
    ║ Looks like Playwright Test or Playwright was just installed or updated. ║
    ║ Please run the following command to download new browsers:              ║
    ║                                                                         ║
    ║     npx playwright install                                              ║
    ║                                                                         ║
    ║ <3 Playwright Team                                                      ║
    ╚═════════════════════════════════════════════════════════════════════════╝


[1A[2K[489/910] [webkit] › tests\e2e\file-upload.spec.ts:165:7 › File Upload Tests › should display uploaded files in table
[1A[2K  414) [webkit] › tests\e2e\file-upload.spec.ts:165:7 › File Upload Tests › should display uploaded files in table 

    Error: browserType.launch: Executable doesn't exist at C:\Users\imoud\AppData\Local\ms-playwright\webkit-2215\Playwright.exe
    ╔═════════════════════════════════════════════════════════════════════════╗
    ║ Looks like Playwright Test or Playwright was just installed or updated. ║
    ║ Please run the following command to download new browsers:              ║
    ║                                                                         ║
    ║     npx playwright install                                              ║
    ║                                                                         ║
    ║ <3 Playwright Team                                                      ║
    ╚═════════════════════════════════════════════════════════════════════════╝


[1A[2K[490/910] [webkit] › tests\e2e\file-upload.spec.ts:198:7 › File Upload Tests › should have functional model selector
[1A[2K[491/910] [webkit] › tests\e2e\file-upload.spec.ts:220:7 › File Upload Tests › should show drag and drop zone with correct styling
[1A[2K  415) [webkit] › tests\e2e\file-upload.spec.ts:198:7 › File Upload Tests › should have functional model selector 

    Error: browserType.launch: Executable doesn't exist at C:\Users\imoud\AppData\Local\ms-playwright\webkit-2215\Playwright.exe
    ╔═════════════════════════════════════════════════════════════════════════╗
    ║ Looks like Playwright Test or Playwright was just installed or updated. ║
    ║ Please run the following command to download new browsers:              ║
    ║                                                                         ║
    ║     npx playwright install                                              ║
    ║                                                                         ║
    ║ <3 Playwright Team                                                      ║
    ╚═════════════════════════════════════════════════════════════════════════╝


[1A[2K  416) [webkit] › tests\e2e\file-upload.spec.ts:220:7 › File Upload Tests › should show drag and drop zone with correct styling 

    Error: browserType.launch: Executable doesn't exist at C:\Users\imoud\AppData\Local\ms-playwright\webkit-2215\Playwright.exe
    ╔═════════════════════════════════════════════════════════════════════════╗
    ║ Looks like Playwright Test or Playwright was just installed or updated. ║
    ║ Please run the following command to download new browsers:              ║
    ║                                                                         ║
    ║     npx playwright install                                              ║
    ║                                                                         ║
    ║ <3 Playwright Team                                                      ║
    ╚═════════════════════════════════════════════════════════════════════════╝


[1A[2K[492/910] [webkit] › tests\e2e\file-upload.spec.ts:239:7 › File Upload Tests › should allow file removal before upload
[1A[2K[493/910] [webkit] › tests\e2e\landing-page.spec.ts:4:7 › Landing Page › should load and display all main sections
[1A[2K[494/910] [webkit] › tests\e2e\file-upload.spec.ts:276:7 › File Upload Tests › should handle multiple file selection
[1A[2K  417) [webkit] › tests\e2e\file-upload.spec.ts:239:7 › File Upload Tests › should allow file removal before upload 

    Error: browserType.launch: Executable doesn't exist at C:\Users\imoud\AppData\Local\ms-playwright\webkit-2215\Playwright.exe
    ╔═════════════════════════════════════════════════════════════════════════╗
    ║ Looks like Playwright Test or Playwright was just installed or updated. ║
    ║ Please run the following command to download new browsers:              ║
    ║                                                                         ║
    ║     npx playwright install                                              ║
    ║                                                                         ║
    ║ <3 Playwright Team                                                      ║
    ╚═════════════════════════════════════════════════════════════════════════╝


[1A[2K  418) [webkit] › tests\e2e\landing-page.spec.ts:4:7 › Landing Page › should load and display all main sections 

    Error: browserType.launch: Executable doesn't exist at C:\Users\imoud\AppData\Local\ms-playwright\webkit-2215\Playwright.exe
    ╔═════════════════════════════════════════════════════════════════════════╗
    ║ Looks like Playwright Test or Playwright was just installed or updated. ║
    ║ Please run the following command to download new browsers:              ║
    ║                                                                         ║
    ║     npx playwright install                                              ║
    ║                                                                         ║
    ║ <3 Playwright Team                                                      ║
    ╚═════════════════════════════════════════════════════════════════════════╝


[1A[2K  419) [webkit] › tests\e2e\file-upload.spec.ts:276:7 › File Upload Tests › should handle multiple file selection 

    Error: browserType.launch: Executable doesn't exist at C:\Users\imoud\AppData\Local\ms-playwright\webkit-2215\Playwright.exe
    ╔═════════════════════════════════════════════════════════════════════════╗
    ║ Looks like Playwright Test or Playwright was just installed or updated. ║
    ║ Please run the following command to download new browsers:              ║
    ║                                                                         ║
    ║     npx playwright install                                              ║
    ║                                                                         ║
    ║ <3 Playwright Team                                                      ║
    ╚═════════════════════════════════════════════════════════════════════════╝


[1A[2K[495/910] [webkit] › tests\e2e\landing-page.spec.ts:23:7 › Landing Page › should display Features section with 3 key differentiators
[1A[2K  420) [webkit] › tests\e2e\landing-page.spec.ts:23:7 › Landing Page › should display Features section with 3 key differentiators 

    Error: browserType.launch: Executable doesn't exist at C:\Users\imoud\AppData\Local\ms-playwright\webkit-2215\Playwright.exe
    ╔═════════════════════════════════════════════════════════════════════════╗
    ║ Looks like Playwright Test or Playwright was just installed or updated. ║
    ║ Please run the following command to download new browsers:              ║
    ║                                                                         ║
    ║     npx playwright install                                              ║
    ║                                                                         ║
    ║ <3 Playwright Team                                                      ║
    ╚═════════════════════════════════════════════════════════════════════════╝


[1A[2K[496/910] [webkit] › tests\e2e\landing-page.spec.ts:38:7 › Landing Page › should display How It Works section with 3 steps
[1A[2K  421) [webkit] › tests\e2e\landing-page.spec.ts:38:7 › Landing Page › should display How It Works section with 3 steps 

    Error: browserType.launch: Executable doesn't exist at C:\Users\imoud\AppData\Local\ms-playwright\webkit-2215\Playwright.exe
    ╔═════════════════════════════════════════════════════════════════════════╗
    ║ Looks like Playwright Test or Playwright was just installed or updated. ║
    ║ Please run the following command to download new browsers:              ║
    ║                                                                         ║
    ║     npx playwright install                                              ║
    ║                                                                         ║
    ║ <3 Playwright Team                                                      ║
    ╚═════════════════════════════════════════════════════════════════════════╝


[1A[2K[497/910] [webkit] › tests\e2e\landing-page.spec.ts:50:7 › Landing Page › should display Audience Tabs and allow switching
[1A[2K  422) [webkit] › tests\e2e\landing-page.spec.ts:50:7 › Landing Page › should display Audience Tabs and allow switching 

    Error: browserType.launch: Executable doesn't exist at C:\Users\imoud\AppData\Local\ms-playwright\webkit-2215\Playwright.exe
    ╔═════════════════════════════════════════════════════════════════════════╗
    ║ Looks like Playwright Test or Playwright was just installed or updated. ║
    ║ Please run the following command to download new browsers:              ║
    ║                                                                         ║
    ║     npx playwright install                                              ║
    ║                                                                         ║
    ║ <3 Playwright Team                                                      ║
    ╚═════════════════════════════════════════════════════════════════════════╝


[1A[2K[498/910] [webkit] › tests\e2e\landing-page.spec.ts:79:7 › Landing Page › should display and submit Waitlist Form
[1A[2K[499/910] [webkit] › tests\e2e\landing-page.spec.ts:104:7 › Landing Page › should display Footer with all sections
[1A[2K[500/910] [webkit] › tests\e2e\landing-page.spec.ts:123:7 › Landing Page › CTAs should navigate to correct pages
[1A[2K  423) [webkit] › tests\e2e\landing-page.spec.ts:79:7 › Landing Page › should display and submit Waitlist Form 

    Error: browserType.launch: Executable doesn't exist at C:\Users\imoud\AppData\Local\ms-playwright\webkit-2215\Playwright.exe
    ╔═════════════════════════════════════════════════════════════════════════╗
    ║ Looks like Playwright Test or Playwright was just installed or updated. ║
    ║ Please run the following command to download new browsers:              ║
    ║                                                                         ║
    ║     npx playwright install                                              ║
    ║                                                                         ║
    ║ <3 Playwright Team                                                      ║
    ╚═════════════════════════════════════════════════════════════════════════╝


[1A[2K[501/910] [webkit] › tests\e2e\login-simple.spec.ts:11:7 › Simple Login Test › should register and login immediately
[1A[2K  424) [webkit] › tests\e2e\landing-page.spec.ts:104:7 › Landing Page › should display Footer with all sections 

    Error: browserType.launch: Executable doesn't exist at C:\Users\imoud\AppData\Local\ms-playwright\webkit-2215\Playwright.exe
    ╔═════════════════════════════════════════════════════════════════════════╗
    ║ Looks like Playwright Test or Playwright was just installed or updated. ║
    ║ Please run the following command to download new browsers:              ║
    ║                                                                         ║
    ║     npx playwright install                                              ║
    ║                                                                         ║
    ║ <3 Playwright Team                                                      ║
    ╚═════════════════════════════════════════════════════════════════════════╝


[1A[2K  425) [webkit] › tests\e2e\landing-page.spec.ts:123:7 › Landing Page › CTAs should navigate to correct pages 

    Error: browserType.launch: Executable doesn't exist at C:\Users\imoud\AppData\Local\ms-playwright\webkit-2215\Playwright.exe
    ╔═════════════════════════════════════════════════════════════════════════╗
    ║ Looks like Playwright Test or Playwright was just installed or updated. ║
    ║ Please run the following command to download new browsers:              ║
    ║                                                                         ║
    ║     npx playwright install                                              ║
    ║                                                                         ║
    ║ <3 Playwright Team                                                      ║
    ╚═════════════════════════════════════════════════════════════════════════╝


[1A[2K[502/910] [webkit] › tests\e2e\landing-page.spec.ts:135:7 › Landing Page › should be responsive on mobile
[1A[2K  426) [webkit] › tests\e2e\login-simple.spec.ts:11:7 › Simple Login Test › should register and login immediately 

    Error: browserType.launch: Executable doesn't exist at C:\Users\imoud\AppData\Local\ms-playwright\webkit-2215\Playwright.exe
    ╔═════════════════════════════════════════════════════════════════════════╗
    ║ Looks like Playwright Test or Playwright was just installed or updated. ║
    ║ Please run the following command to download new browsers:              ║
    ║                                                                         ║
    ║     npx playwright install                                              ║
    ║                                                                         ║
    ║ <3 Playwright Team                                                      ║
    ╚═════════════════════════════════════════════════════════════════════════╝


[1A[2K  427) [webkit] › tests\e2e\landing-page.spec.ts:135:7 › Landing Page › should be responsive on mobile 

    Error: browserType.launch: Executable doesn't exist at C:\Users\imoud\AppData\Local\ms-playwright\webkit-2215\Playwright.exe
    ╔═════════════════════════════════════════════════════════════════════════╗
    ║ Looks like Playwright Test or Playwright was just installed or updated. ║
    ║ Please run the following command to download new browsers:              ║
    ║                                                                         ║
    ║     npx playwright install                                              ║
    ║                                                                         ║
    ║ <3 Playwright Team                                                      ║
    ╚═════════════════════════════════════════════════════════════════════════╝


[1A[2K[503/910] [webkit] › tests\e2e\notifications.spec.ts:22:7 › Notifications Settings Tests › should display notifications settings page
[1A[2K[504/910] [webkit] › tests\e2e\notifications.spec.ts:41:7 › Notifications Settings Tests › should display all notification sections
[1A[2K  428) [webkit] › tests\e2e\notifications.spec.ts:22:7 › Notifications Settings Tests › should display notifications settings page 

    Error: browserType.launch: Executable doesn't exist at C:\Users\imoud\AppData\Local\ms-playwright\webkit-2215\Playwright.exe
    ╔═════════════════════════════════════════════════════════════════════════╗
    ║ Looks like Playwright Test or Playwright was just installed or updated. ║
    ║ Please run the following command to download new browsers:              ║
    ║                                                                         ║
    ║     npx playwright install                                              ║
    ║                                                                         ║
    ║ <3 Playwright Team                                                      ║
    ╚═════════════════════════════════════════════════════════════════════════╝


[1A[2K  429) [webkit] › tests\e2e\notifications.spec.ts:41:7 › Notifications Settings Tests › should display all notification sections 

    Error: browserType.launch: Executable doesn't exist at C:\Users\imoud\AppData\Local\ms-playwright\webkit-2215\Playwright.exe
    ╔═════════════════════════════════════════════════════════════════════════╗
    ║ Looks like Playwright Test or Playwright was just installed or updated. ║
    ║ Please run the following command to download new browsers:              ║
    ║                                                                         ║
    ║     npx playwright install                                              ║
    ║                                                                         ║
    ║ <3 Playwright Team                                                      ║
    ╚═════════════════════════════════════════════════════════════════════════╝


[1A[2K[505/910] [webkit] › tests\e2e\notifications.spec.ts:56:7 › Notifications Settings Tests › should display email notification toggles
[1A[2K  430) [webkit] › tests\e2e\notifications.spec.ts:56:7 › Notifications Settings Tests › should display email notification toggles 

    Error: browserType.launch: Executable doesn't exist at C:\Users\imoud\AppData\Local\ms-playwright\webkit-2215\Playwright.exe
    ╔═════════════════════════════════════════════════════════════════════════╗
    ║ Looks like Playwright Test or Playwright was just installed or updated. ║
    ║ Please run the following command to download new browsers:              ║
    ║                                                                         ║
    ║     npx playwright install                                              ║
    ║                                                                         ║
    ║ <3 Playwright Team                                                      ║
    ╚═════════════════════════════════════════════════════════════════════════╝


[1A[2K[506/910] [webkit] › tests\e2e\notifications.spec.ts:84:7 › Notifications Settings Tests › should display important alerts section
[1A[2K[507/910] [webkit] › tests\e2e\notifications.spec.ts:124:7 › Notifications Settings Tests › should toggle in-app notifications master switch
[1A[2K[508/910] [webkit] › tests\e2e\notifications.spec.ts:71:7 › Notifications Settings Tests › should display in-app notification toggles
[1A[2K  431) [webkit] › tests\e2e\notifications.spec.ts:84:7 › Notifications Settings Tests › should display important alerts section 

    Error: browserType.launch: Executable doesn't exist at C:\Users\imoud\AppData\Local\ms-playwright\webkit-2215\Playwright.exe
    ╔═════════════════════════════════════════════════════════════════════════╗
    ║ Looks like Playwright Test or Playwright was just installed or updated. ║
    ║ Please run the following command to download new browsers:              ║
    ║                                                                         ║
    ║     npx playwright install                                              ║
    ║                                                                         ║
    ║ <3 Playwright Team                                                      ║
    ╚═════════════════════════════════════════════════════════════════════════╝


[1A[2K[509/910] [webkit] › tests\e2e\notifications.spec.ts:97:7 › Notifications Settings Tests › should toggle email notifications master switch
[1A[2K[510/910] [webkit] › tests\e2e\notifications.spec.ts:151:7 › Notifications Settings Tests › should toggle usage limit warnings
[1A[2K  432) [webkit] › tests\e2e\notifications.spec.ts:124:7 › Notifications Settings Tests › should toggle in-app notifications master switch 

    Error: browserType.launch: Executable doesn't exist at C:\Users\imoud\AppData\Local\ms-playwright\webkit-2215\Playwright.exe
    ╔═════════════════════════════════════════════════════════════════════════╗
    ║ Looks like Playwright Test or Playwright was just installed or updated. ║
    ║ Please run the following command to download new browsers:              ║
    ║                                                                         ║
    ║     npx playwright install                                              ║
    ║                                                                         ║
    ║ <3 Playwright Team                                                      ║
    ╚═════════════════════════════════════════════════════════════════════════╝


[1A[2K  433) [webkit] › tests\e2e\notifications.spec.ts:71:7 › Notifications Settings Tests › should display in-app notification toggles 

    Error: browserType.launch: Executable doesn't exist at C:\Users\imoud\AppData\Local\ms-playwright\webkit-2215\Playwright.exe
    ╔═════════════════════════════════════════════════════════════════════════╗
    ║ Looks like Playwright Test or Playwright was just installed or updated. ║
    ║ Please run the following command to download new browsers:              ║
    ║                                                                         ║
    ║     npx playwright install                                              ║
    ║                                                                         ║
    ║ <3 Playwright Team                                                      ║
    ╚═════════════════════════════════════════════════════════════════════════╝


[1A[2K  434) [webkit] › tests\e2e\notifications.spec.ts:97:7 › Notifications Settings Tests › should toggle email notifications master switch 

    Error: browserType.launch: Executable doesn't exist at C:\Users\imoud\AppData\Local\ms-playwright\webkit-2215\Playwright.exe
    ╔═════════════════════════════════════════════════════════════════════════╗
    ║ Looks like Playwright Test or Playwright was just installed or updated. ║
    ║ Please run the following command to download new browsers:              ║
    ║                                                                         ║
    ║     npx playwright install                                              ║
    ║                                                                         ║
    ║ <3 Playwright Team                                                      ║
    ╚═════════════════════════════════════════════════════════════════════════╝


[1A[2K  435) [webkit] › tests\e2e\notifications.spec.ts:151:7 › Notifications Settings Tests › should toggle usage limit warnings 

    Error: browserType.launch: Executable doesn't exist at C:\Users\imoud\AppData\Local\ms-playwright\webkit-2215\Playwright.exe
    ╔═════════════════════════════════════════════════════════════════════════╗
    ║ Looks like Playwright Test or Playwright was just installed or updated. ║
    ║ Please run the following command to download new browsers:              ║
    ║                                                                         ║
    ║     npx playwright install                                              ║
    ║                                                                         ║
    ║ <3 Playwright Team                                                      ║
    ╚═════════════════════════════════════════════════════════════════════════╝


[1A[2K[511/910] [webkit] › tests\e2e\notifications.spec.ts:190:7 › Notifications Settings Tests › should save notification settings
[1A[2K[512/910] [webkit] › tests\e2e\notifications.spec.ts:178:7 › Notifications Settings Tests › should have save button
[1A[2K  436) [webkit] › tests\e2e\notifications.spec.ts:178:7 › Notifications Settings Tests › should have save button 

    Error: browserType.launch: Executable doesn't exist at C:\Users\imoud\AppData\Local\ms-playwright\webkit-2215\Playwright.exe
    ╔═════════════════════════════════════════════════════════════════════════╗
    ║ Looks like Playwright Test or Playwright was just installed or updated. ║
    ║ Please run the following command to download new browsers:              ║
    ║                                                                         ║
    ║     npx playwright install                                              ║
    ║                                                                         ║
    ║ <3 Playwright Team                                                      ║
    ╚═════════════════════════════════════════════════════════════════════════╝


[1A[2K  437) [webkit] › tests\e2e\notifications.spec.ts:190:7 › Notifications Settings Tests › should save notification settings 

    Error: browserType.launch: Executable doesn't exist at C:\Users\imoud\AppData\Local\ms-playwright\webkit-2215\Playwright.exe
    ╔═════════════════════════════════════════════════════════════════════════╗
    ║ Looks like Playwright Test or Playwright was just installed or updated. ║
    ║ Please run the following command to download new browsers:              ║
    ║                                                                         ║
    ║     npx playwright install                                              ║
    ║                                                                         ║
    ║ <3 Playwright Team                                                      ║
    ╚═════════════════════════════════════════════════════════════════════════╝


[1A[2K[513/910] [webkit] › tests\e2e\notifications.spec.ts:213:7 › Notifications Settings Tests › should have back button
[1A[2K  438) [webkit] › tests\e2e\notifications.spec.ts:213:7 › Notifications Settings Tests › should have back button 

    Error: browserType.launch: Executable doesn't exist at C:\Users\imoud\AppData\Local\ms-playwright\webkit-2215\Playwright.exe
    ╔═════════════════════════════════════════════════════════════════════════╗
    ║ Looks like Playwright Test or Playwright was just installed or updated. ║
    ║ Please run the following command to download new browsers:              ║
    ║                                                                         ║
    ║     npx playwright install                                              ║
    ║                                                                         ║
    ║ <3 Playwright Team                                                      ║
    ╚═════════════════════════════════════════════════════════════════════════╝


[1A[2K[514/910] [webkit] › tests\e2e\onboarding.spec.ts:24:7 › Onboarding Flow › should display onboarding modal for first-time users
[1A[2K[515/910] [webkit] › tests\e2e\onboarding.spec.ts:36:7 › Onboarding Flow › should show correct content for step 1
[1A[2K[516/910] [webkit] › tests\e2e\onboarding.spec.ts:49:7 › Onboarding Flow › should navigate to next step
[1A[2K[517/910] [webkit] › tests\e2e\onboarding.spec.ts:83:7 › Onboarding Flow › should disable previous button on first step
[1A[2K[518/910] [webkit] › tests\e2e\onboarding.spec.ts:64:7 › Onboarding Flow › should navigate to previous step
[1A[2K  439) [webkit] › tests\e2e\onboarding.spec.ts:24:7 › Onboarding Flow › should display onboarding modal for first-time users 

    Error: browserType.launch: Executable doesn't exist at C:\Users\imoud\AppData\Local\ms-playwright\webkit-2215\Playwright.exe
    ╔═════════════════════════════════════════════════════════════════════════╗
    ║ Looks like Playwright Test or Playwright was just installed or updated. ║
    ║ Please run the following command to download new browsers:              ║
    ║                                                                         ║
    ║     npx playwright install                                              ║
    ║                                                                         ║
    ║ <3 Playwright Team                                                      ║
    ╚═════════════════════════════════════════════════════════════════════════╝


[1A[2K  440) [webkit] › tests\e2e\onboarding.spec.ts:36:7 › Onboarding Flow › should show correct content for step 1 

    Error: browserType.launch: Executable doesn't exist at C:\Users\imoud\AppData\Local\ms-playwright\webkit-2215\Playwright.exe
    ╔═════════════════════════════════════════════════════════════════════════╗
    ║ Looks like Playwright Test or Playwright was just installed or updated. ║
    ║ Please run the following command to download new browsers:              ║
    ║                                                                         ║
    ║     npx playwright install                                              ║
    ║                                                                         ║
    ║ <3 Playwright Team                                                      ║
    ╚═════════════════════════════════════════════════════════════════════════╝


[1A[2K  441) [webkit] › tests\e2e\onboarding.spec.ts:49:7 › Onboarding Flow › should navigate to next step 

    Error: browserType.launch: Executable doesn't exist at C:\Users\imoud\AppData\Local\ms-playwright\webkit-2215\Playwright.exe
    ╔═════════════════════════════════════════════════════════════════════════╗
    ║ Looks like Playwright Test or Playwright was just installed or updated. ║
    ║ Please run the following command to download new browsers:              ║
    ║                                                                         ║
    ║     npx playwright install                                              ║
    ║                                                                         ║
    ║ <3 Playwright Team                                                      ║
    ╚═════════════════════════════════════════════════════════════════════════╝


[1A[2K  442) [webkit] › tests\e2e\onboarding.spec.ts:83:7 › Onboarding Flow › should disable previous button on first step 

    Error: browserType.launch: Executable doesn't exist at C:\Users\imoud\AppData\Local\ms-playwright\webkit-2215\Playwright.exe
    ╔═════════════════════════════════════════════════════════════════════════╗
    ║ Looks like Playwright Test or Playwright was just installed or updated. ║
    ║ Please run the following command to download new browsers:              ║
    ║                                                                         ║
    ║     npx playwright install                                              ║
    ║                                                                         ║
    ║ <3 Playwright Team                                                      ║
    ╚═════════════════════════════════════════════════════════════════════════╝


[1A[2K  443) [webkit] › tests\e2e\onboarding.spec.ts:64:7 › Onboarding Flow › should navigate to previous step 

    Error: browserType.launch: Executable doesn't exist at C:\Users\imoud\AppData\Local\ms-playwright\webkit-2215\Playwright.exe
    ╔═════════════════════════════════════════════════════════════════════════╗
    ║ Looks like Playwright Test or Playwright was just installed or updated. ║
    ║ Please run the following command to download new browsers:              ║
    ║                                                                         ║
    ║     npx playwright install                                              ║
    ║                                                                         ║
    ║ <3 Playwright Team                                                      ║
    ╚═════════════════════════════════════════════════════════════════════════╝


[1A[2K[519/910] [webkit] › tests\e2e\onboarding.spec.ts:110:7 › Onboarding Flow › should show step indicators
[1A[2K[520/910] [webkit] › tests\e2e\onboarding.spec.ts:93:7 › Onboarding Flow › should show progress bar
[1A[2K  444) [webkit] › tests\e2e\onboarding.spec.ts:110:7 › Onboarding Flow › should show step indicators 

    Error: browserType.launch: Executable doesn't exist at C:\Users\imoud\AppData\Local\ms-playwright\webkit-2215\Playwright.exe
    ╔═════════════════════════════════════════════════════════════════════════╗
    ║ Looks like Playwright Test or Playwright was just installed or updated. ║
    ║ Please run the following command to download new browsers:              ║
    ║                                                                         ║
    ║     npx playwright install                                              ║
    ║                                                                         ║
    ║ <3 Playwright Team                                                      ║
    ╚═════════════════════════════════════════════════════════════════════════╝


[1A[2K  445) [webkit] › tests\e2e\onboarding.spec.ts:93:7 › Onboarding Flow › should show progress bar ───

    Error: browserType.launch: Executable doesn't exist at C:\Users\imoud\AppData\Local\ms-playwright\webkit-2215\Playwright.exe
    ╔═════════════════════════════════════════════════════════════════════════╗
    ║ Looks like Playwright Test or Playwright was just installed or updated. ║
    ║ Please run the following command to download new browsers:              ║
    ║                                                                         ║
    ║     npx playwright install                                              ║
    ║                                                                         ║
    ║ <3 Playwright Team                                                      ║
    ╚═════════════════════════════════════════════════════════════════════════╝


[1A[2K[521/910] [webkit] › tests\e2e\onboarding.spec.ts:120:7 › Onboarding Flow › should allow clicking on step indicators
[1A[2K  446) [webkit] › tests\e2e\onboarding.spec.ts:120:7 › Onboarding Flow › should allow clicking on step indicators 

    Error: browserType.launch: Executable doesn't exist at C:\Users\imoud\AppData\Local\ms-playwright\webkit-2215\Playwright.exe
    ╔═════════════════════════════════════════════════════════════════════════╗
    ║ Looks like Playwright Test or Playwright was just installed or updated. ║
    ║ Please run the following command to download new browsers:              ║
    ║                                                                         ║
    ║     npx playwright install                                              ║
    ║                                                                         ║
    ║ <3 Playwright Team                                                      ║
    ╚═════════════════════════════════════════════════════════════════════════╝


[1A[2K[522/910] [webkit] › tests\e2e\onboarding.spec.ts:189:7 › Onboarding Flow › should close modal on X button click
[1A[2K[523/910] [webkit] › tests\e2e\onboarding.spec.ts:176:7 › Onboarding Flow › should close modal on skip
[1A[2K[524/910] [webkit] › tests\e2e\onboarding.spec.ts:134:7 › Onboarding Flow › should navigate through all steps
[1A[2K[525/910] [webkit] › tests\e2e\onboarding.spec.ts:163:7 › Onboarding Flow › should show complete button on last step
[1A[2K[526/910] [webkit] › tests\e2e\onboarding.spec.ts:202:7 › Onboarding Flow › should complete onboarding and close modal
[1A[2K  447) [webkit] › tests\e2e\onboarding.spec.ts:189:7 › Onboarding Flow › should close modal on X button click 

    Error: browserType.launch: Executable doesn't exist at C:\Users\imoud\AppData\Local\ms-playwright\webkit-2215\Playwright.exe
    ╔═════════════════════════════════════════════════════════════════════════╗
    ║ Looks like Playwright Test or Playwright was just installed or updated. ║
    ║ Please run the following command to download new browsers:              ║
    ║                                                                         ║
    ║     npx playwright install                                              ║
    ║                                                                         ║
    ║ <3 Playwright Team                                                      ║
    ╚═════════════════════════════════════════════════════════════════════════╝


[1A[2K  448) [webkit] › tests\e2e\onboarding.spec.ts:176:7 › Onboarding Flow › should close modal on skip 

    Error: browserType.launch: Executable doesn't exist at C:\Users\imoud\AppData\Local\ms-playwright\webkit-2215\Playwright.exe
    ╔═════════════════════════════════════════════════════════════════════════╗
    ║ Looks like Playwright Test or Playwright was just installed or updated. ║
    ║ Please run the following command to download new browsers:              ║
    ║                                                                         ║
    ║     npx playwright install                                              ║
    ║                                                                         ║
    ║ <3 Playwright Team                                                      ║
    ╚═════════════════════════════════════════════════════════════════════════╝


[1A[2K  449) [webkit] › tests\e2e\onboarding.spec.ts:134:7 › Onboarding Flow › should navigate through all steps 

    Error: browserType.launch: Executable doesn't exist at C:\Users\imoud\AppData\Local\ms-playwright\webkit-2215\Playwright.exe
    ╔═════════════════════════════════════════════════════════════════════════╗
    ║ Looks like Playwright Test or Playwright was just installed or updated. ║
    ║ Please run the following command to download new browsers:              ║
    ║                                                                         ║
    ║     npx playwright install                                              ║
    ║                                                                         ║
    ║ <3 Playwright Team                                                      ║
    ╚═════════════════════════════════════════════════════════════════════════╝


[1A[2K  450) [webkit] › tests\e2e\onboarding.spec.ts:202:7 › Onboarding Flow › should complete onboarding and close modal 

    Error: browserType.launch: Executable doesn't exist at C:\Users\imoud\AppData\Local\ms-playwright\webkit-2215\Playwright.exe
    ╔═════════════════════════════════════════════════════════════════════════╗
    ║ Looks like Playwright Test or Playwright was just installed or updated. ║
    ║ Please run the following command to download new browsers:              ║
    ║                                                                         ║
    ║     npx playwright install                                              ║
    ║                                                                         ║
    ║ <3 Playwright Team                                                      ║
    ╚═════════════════════════════════════════════════════════════════════════╝


[1A[2K  451) [webkit] › tests\e2e\onboarding.spec.ts:163:7 › Onboarding Flow › should show complete button on last step 

    Error: browserType.launch: Executable doesn't exist at C:\Users\imoud\AppData\Local\ms-playwright\webkit-2215\Playwright.exe
    ╔═════════════════════════════════════════════════════════════════════════╗
    ║ Looks like Playwright Test or Playwright was just installed or updated. ║
    ║ Please run the following command to download new browsers:              ║
    ║                                                                         ║
    ║     npx playwright install                                              ║
    ║                                                                         ║
    ║ <3 Playwright Team                                                      ║
    ╚═════════════════════════════════════════════════════════════════════════╝


[1A[2K[527/910] [webkit] › tests\e2e\onboarding.spec.ts:219:7 › Onboarding Flow › should not show onboarding on subsequent visits
[1A[2K[528/910] [webkit] › tests\e2e\onboarding.spec.ts:240:7 › Onboarding Flow › should display all 5 steps with correct titles
[1A[2K  452) [webkit] › tests\e2e\onboarding.spec.ts:219:7 › Onboarding Flow › should not show onboarding on subsequent visits 

    Error: browserType.launch: Executable doesn't exist at C:\Users\imoud\AppData\Local\ms-playwright\webkit-2215\Playwright.exe
    ╔═════════════════════════════════════════════════════════════════════════╗
    ║ Looks like Playwright Test or Playwright was just installed or updated. ║
    ║ Please run the following command to download new browsers:              ║
    ║                                                                         ║
    ║     npx playwright install                                              ║
    ║                                                                         ║
    ║ <3 Playwright Team                                                      ║
    ╚═════════════════════════════════════════════════════════════════════════╝


[1A[2K  453) [webkit] › tests\e2e\onboarding.spec.ts:240:7 › Onboarding Flow › should display all 5 steps with correct titles 

    Error: browserType.launch: Executable doesn't exist at C:\Users\imoud\AppData\Local\ms-playwright\webkit-2215\Playwright.exe
    ╔═════════════════════════════════════════════════════════════════════════╗
    ║ Looks like Playwright Test or Playwright was just installed or updated. ║
    ║ Please run the following command to download new browsers:              ║
    ║                                                                         ║
    ║     npx playwright install                                              ║
    ║                                                                         ║
    ║ <3 Playwright Team                                                      ║
    ╚═════════════════════════════════════════════════════════════════════════╝


[1A[2K[529/910] [webkit] › tests\e2e\onboarding.spec.ts:261:7 › Onboarding Flow › should show tips for each step
[1A[2K  454) [webkit] › tests\e2e\onboarding.spec.ts:261:7 › Onboarding Flow › should show tips for each step 

    Error: browserType.launch: Executable doesn't exist at C:\Users\imoud\AppData\Local\ms-playwright\webkit-2215\Playwright.exe
    ╔═════════════════════════════════════════════════════════════════════════╗
    ║ Looks like Playwright Test or Playwright was just installed or updated. ║
    ║ Please run the following command to download new browsers:              ║
    ║                                                                         ║
    ║     npx playwright install                                              ║
    ║                                                                         ║
    ║ <3 Playwright Team                                                      ║
    ╚═════════════════════════════════════════════════════════════════════════╝


[1A[2K[530/910] [webkit] › tests\e2e\rag-file-upload.spec.ts:30:7 › RAG File Upload and Chat › should upload a text file and process it for RAG
[1A[2K[531/910] [webkit] › tests\e2e\rag-file-upload.spec.ts:189:7 › RAG File Upload and Chat › complete RAG flow: upload → process → chat
[1A[2K[532/910] [webkit] › tests\e2e\settings.spec.ts:22:7 › Settings Tests › should display settings page with all options
[1A[2K[533/910] [webkit] › tests\e2e\rag-file-upload.spec.ts:124:7 › RAG File Upload and Chat › should chat with model using RAG context from uploaded file
[1A[2K  455) [webkit] › tests\e2e\rag-file-upload.spec.ts:30:7 › RAG File Upload and Chat › should upload a text file and process it for RAG 

    Error: browserType.launch: Executable doesn't exist at C:\Users\imoud\AppData\Local\ms-playwright\webkit-2215\Playwright.exe
    ╔═════════════════════════════════════════════════════════════════════════╗
    ║ Looks like Playwright Test or Playwright was just installed or updated. ║
    ║ Please run the following command to download new browsers:              ║
    ║                                                                         ║
    ║     npx playwright install                                              ║
    ║                                                                         ║
    ║ <3 Playwright Team                                                      ║
    ╚═════════════════════════════════════════════════════════════════════════╝


[1A[2K  456) [webkit] › tests\e2e\rag-file-upload.spec.ts:189:7 › RAG File Upload and Chat › complete RAG flow: upload → process → chat 

    Error: browserType.launch: Executable doesn't exist at C:\Users\imoud\AppData\Local\ms-playwright\webkit-2215\Playwright.exe
    ╔═════════════════════════════════════════════════════════════════════════╗
    ║ Looks like Playwright Test or Playwright was just installed or updated. ║
    ║ Please run the following command to download new browsers:              ║
    ║                                                                         ║
    ║     npx playwright install                                              ║
    ║                                                                         ║
    ║ <3 Playwright Team                                                      ║
    ╚═════════════════════════════════════════════════════════════════════════╝


[1A[2K[534/910] [webkit] › tests\e2e\settings.spec.ts:41:7 › Settings Tests › should navigate to profile settings
[1A[2K  457) [webkit] › tests\e2e\settings.spec.ts:22:7 › Settings Tests › should display settings page with all options 

    Error: browserType.launch: Executable doesn't exist at C:\Users\imoud\AppData\Local\ms-playwright\webkit-2215\Playwright.exe
    ╔═════════════════════════════════════════════════════════════════════════╗
    ║ Looks like Playwright Test or Playwright was just installed or updated. ║
    ║ Please run the following command to download new browsers:              ║
    ║                                                                         ║
    ║     npx playwright install                                              ║
    ║                                                                         ║
    ║ <3 Playwright Team                                                      ║
    ╚═════════════════════════════════════════════════════════════════════════╝


[1A[2K  458) [webkit] › tests\e2e\rag-file-upload.spec.ts:124:7 › RAG File Upload and Chat › should chat with model using RAG context from uploaded file 

    Error: browserType.launch: Executable doesn't exist at C:\Users\imoud\AppData\Local\ms-playwright\webkit-2215\Playwright.exe
    ╔═════════════════════════════════════════════════════════════════════════╗
    ║ Looks like Playwright Test or Playwright was just installed or updated. ║
    ║ Please run the following command to download new browsers:              ║
    ║                                                                         ║
    ║     npx playwright install                                              ║
    ║                                                                         ║
    ║ <3 Playwright Team                                                      ║
    ╚═════════════════════════════════════════════════════════════════════════╝


[1A[2K  459) [webkit] › tests\e2e\settings.spec.ts:41:7 › Settings Tests › should navigate to profile settings 

    Error: browserType.launch: Executable doesn't exist at C:\Users\imoud\AppData\Local\ms-playwright\webkit-2215\Playwright.exe
    ╔═════════════════════════════════════════════════════════════════════════╗
    ║ Looks like Playwright Test or Playwright was just installed or updated. ║
    ║ Please run the following command to download new browsers:              ║
    ║                                                                         ║
    ║     npx playwright install                                              ║
    ║                                                                         ║
    ║ <3 Playwright Team                                                      ║
    ╚═════════════════════════════════════════════════════════════════════════╝


[1A[2K[535/910] [webkit] › tests\e2e\settings.spec.ts:60:7 › Settings Tests › should display profile form with user data
[1A[2K[536/910] [webkit] › tests\e2e\settings.spec.ts:79:7 › Settings Tests › should update profile name
[1A[2K  460) [webkit] › tests\e2e\settings.spec.ts:60:7 › Settings Tests › should display profile form with user data 

    Error: browserType.launch: Executable doesn't exist at C:\Users\imoud\AppData\Local\ms-playwright\webkit-2215\Playwright.exe
    ╔═════════════════════════════════════════════════════════════════════════╗
    ║ Looks like Playwright Test or Playwright was just installed or updated. ║
    ║ Please run the following command to download new browsers:              ║
    ║                                                                         ║
    ║     npx playwright install                                              ║
    ║                                                                         ║
    ║ <3 Playwright Team                                                      ║
    ╚═════════════════════════════════════════════════════════════════════════╝


[1A[2K  461) [webkit] › tests\e2e\settings.spec.ts:79:7 › Settings Tests › should update profile name ────

    Error: browserType.launch: Executable doesn't exist at C:\Users\imoud\AppData\Local\ms-playwright\webkit-2215\Playwright.exe
    ╔═════════════════════════════════════════════════════════════════════════╗
    ║ Looks like Playwright Test or Playwright was just installed or updated. ║
    ║ Please run the following command to download new browsers:              ║
    ║                                                                         ║
    ║     npx playwright install                                              ║
    ║                                                                         ║
    ║ <3 Playwright Team                                                      ║
    ╚═════════════════════════════════════════════════════════════════════════╝


[1A[2K[537/910] [webkit] › tests\e2e\settings.spec.ts:102:7 › Settings Tests › should update profile niche
[1A[2K  462) [webkit] › tests\e2e\settings.spec.ts:102:7 › Settings Tests › should update profile niche ──

    Error: browserType.launch: Executable doesn't exist at C:\Users\imoud\AppData\Local\ms-playwright\webkit-2215\Playwright.exe
    ╔═════════════════════════════════════════════════════════════════════════╗
    ║ Looks like Playwright Test or Playwright was just installed or updated. ║
    ║ Please run the following command to download new browsers:              ║
    ║                                                                         ║
    ║     npx playwright install                                              ║
    ║                                                                         ║
    ║ <3 Playwright Team                                                      ║
    ╚═════════════════════════════════════════════════════════════════════════╝


[1A[2K[538/910] [webkit] › tests\e2e\settings.spec.ts:145:7 › Settings Tests › should show error for mismatched passwords
[1A[2K[539/910] [webkit] › tests\e2e\settings.spec.ts:124:7 › Settings Tests › should validate password change form
[1A[2K[540/910] [webkit] › tests\e2e\settings.spec.ts:165:7 › Settings Tests › should show error for short password
[1A[2K  463) [webkit] › tests\e2e\settings.spec.ts:145:7 › Settings Tests › should show error for mismatched passwords 

    Error: browserType.launch: Executable doesn't exist at C:\Users\imoud\AppData\Local\ms-playwright\webkit-2215\Playwright.exe
    ╔═════════════════════════════════════════════════════════════════════════╗
    ║ Looks like Playwright Test or Playwright was just installed or updated. ║
    ║ Please run the following command to download new browsers:              ║
    ║                                                                         ║
    ║     npx playwright install                                              ║
    ║                                                                         ║
    ║ <3 Playwright Team                                                      ║
    ╚═════════════════════════════════════════════════════════════════════════╝


[1A[2K[541/910] [webkit] › tests\e2e\settings.spec.ts:185:7 › Settings Tests › should display account actions section
[1A[2K  464) [webkit] › tests\e2e\settings.spec.ts:124:7 › Settings Tests › should validate password change form 

    Error: browserType.launch: Executable doesn't exist at C:\Users\imoud\AppData\Local\ms-playwright\webkit-2215\Playwright.exe
    ╔═════════════════════════════════════════════════════════════════════════╗
    ║ Looks like Playwright Test or Playwright was just installed or updated. ║
    ║ Please run the following command to download new browsers:              ║
    ║                                                                         ║
    ║     npx playwright install                                              ║
    ║                                                                         ║
    ║ <3 Playwright Team                                                      ║
    ╚═════════════════════════════════════════════════════════════════════════╝


[1A[2K  465) [webkit] › tests\e2e\settings.spec.ts:165:7 › Settings Tests › should show error for short password 

    Error: browserType.launch: Executable doesn't exist at C:\Users\imoud\AppData\Local\ms-playwright\webkit-2215\Playwright.exe
    ╔═════════════════════════════════════════════════════════════════════════╗
    ║ Looks like Playwright Test or Playwright was just installed or updated. ║
    ║ Please run the following command to download new browsers:              ║
    ║                                                                         ║
    ║     npx playwright install                                              ║
    ║                                                                         ║
    ║ <3 Playwright Team                                                      ║
    ╚═════════════════════════════════════════════════════════════════════════╝


[1A[2K[542/910] [webkit] › tests\e2e\settings.spec.ts:200:7 › Settings Tests › should have back button on profile settings
[1A[2K  466) [webkit] › tests\e2e\settings.spec.ts:185:7 › Settings Tests › should display account actions section 

    Error: browserType.launch: Executable doesn't exist at C:\Users\imoud\AppData\Local\ms-playwright\webkit-2215\Playwright.exe
    ╔═════════════════════════════════════════════════════════════════════════╗
    ║ Looks like Playwright Test or Playwright was just installed or updated. ║
    ║ Please run the following command to download new browsers:              ║
    ║                                                                         ║
    ║     npx playwright install                                              ║
    ║                                                                         ║
    ║ <3 Playwright Team                                                      ║
    ╚═════════════════════════════════════════════════════════════════════════╝


[1A[2K  467) [webkit] › tests\e2e\settings.spec.ts:200:7 › Settings Tests › should have back button on profile settings 

    Error: browserType.launch: Executable doesn't exist at C:\Users\imoud\AppData\Local\ms-playwright\webkit-2215\Playwright.exe
    ╔═════════════════════════════════════════════════════════════════════════╗
    ║ Looks like Playwright Test or Playwright was just installed or updated. ║
    ║ Please run the following command to download new browsers:              ║
    ║                                                                         ║
    ║     npx playwright install                                              ║
    ║                                                                         ║
    ║ <3 Playwright Team                                                      ║
    ╚═════════════════════════════════════════════════════════════════════════╝


[1A[2K[543/910] [webkit] › tests\e2e\xray-login.spec.ts:8:7 › Xray Login Test › should login using xray route with dsaq
[1A[2K[544/910] [webkit] › tests\e2e\xray-login.spec.ts:23:7 › Xray Login Test › should login and access dashboard
[1A[2K  468) [webkit] › tests\e2e\xray-login.spec.ts:8:7 › Xray Login Test › should login using xray route with dsaq 

    Error: browserType.launch: Executable doesn't exist at C:\Users\imoud\AppData\Local\ms-playwright\webkit-2215\Playwright.exe
    ╔═════════════════════════════════════════════════════════════════════════╗
    ║ Looks like Playwright Test or Playwright was just installed or updated. ║
    ║ Please run the following command to download new browsers:              ║
    ║                                                                         ║
    ║     npx playwright install                                              ║
    ║                                                                         ║
    ║ <3 Playwright Team                                                      ║
    ╚═════════════════════════════════════════════════════════════════════════╝


[1A[2K  469) [webkit] › tests\e2e\xray-login.spec.ts:23:7 › Xray Login Test › should login and access dashboard 

    Error: browserType.launch: Executable doesn't exist at C:\Users\imoud\AppData\Local\ms-playwright\webkit-2215\Playwright.exe
    ╔═════════════════════════════════════════════════════════════════════════╗
    ║ Looks like Playwright Test or Playwright was just installed or updated. ║
    ║ Please run the following command to download new browsers:              ║
    ║                                                                         ║
    ║     npx playwright install                                              ║
    ║                                                                         ║
    ║ <3 Playwright Team                                                      ║
    ╚═════════════════════════════════════════════════════════════════════════╝


[1A[2K[545/910] [webkit] › tests\e2e\xray-login.spec.ts:54:7 › Xray Login Test › should show user not found for invalid username
[1A[2K  470) [webkit] › tests\e2e\xray-login.spec.ts:54:7 › Xray Login Test › should show user not found for invalid username 

    Error: browserType.launch: Executable doesn't exist at C:\Users\imoud\AppData\Local\ms-playwright\webkit-2215\Playwright.exe
    ╔═════════════════════════════════════════════════════════════════════════╗
    ║ Looks like Playwright Test or Playwright was just installed or updated. ║
    ║ Please run the following command to download new browsers:              ║
    ║                                                                         ║
    ║     npx playwright install                                              ║
    ║                                                                         ║
    ║ <3 Playwright Team                                                      ║
    ╚═════════════════════════════════════════════════════════════════════════╝


[1A[2K[546/910] [webkit] › tests\e2e\xray-login.spec.ts:65:7 › Xray Login Test › should work with different test users
[1A[2K[547/910] [Mobile Chrome] › tests\e2e\analytics.spec.ts:71:7 › Analytics Dashboard Tests › should display analytics dashboard
[1A[2K  471) [webkit] › tests\e2e\xray-login.spec.ts:65:7 › Xray Login Test › should work with different test users 

    Error: browserType.launch: Executable doesn't exist at C:\Users\imoud\AppData\Local\ms-playwright\webkit-2215\Playwright.exe
    ╔═════════════════════════════════════════════════════════════════════════╗
    ║ Looks like Playwright Test or Playwright was just installed or updated. ║
    ║ Please run the following command to download new browsers:              ║
    ║                                                                         ║
    ║     npx playwright install                                              ║
    ║                                                                         ║
    ║ <3 Playwright Team                                                      ║
    ╚═════════════════════════════════════════════════════════════════════════╝


[1A[2K[548/910] [Mobile Chrome] › tests\e2e\analytics.spec.ts:105:7 › Analytics Dashboard Tests › should display analytics stats cards
[1A[2K[549/910] [Mobile Chrome] › tests\e2e\analytics.spec.ts:135:7 › Analytics Dashboard Tests › should display usage overview section
[1A[2K[550/910] [Mobile Chrome] › tests\e2e\analytics.spec.ts:163:7 › Analytics Dashboard Tests › should display performance metrics
[1A[2K[551/910] [Mobile Chrome] › tests\e2e\analytics.spec.ts:194:7 › Analytics Dashboard Tests › should display training data info
[1A[2K[552/910] [Mobile Chrome] › tests\e2e\analytics.spec.ts:225:7 › Analytics Dashboard Tests › should have date range selector
[1A[2K[553/910] [Mobile Chrome] › tests\e2e\analytics.spec.ts:257:7 › Analytics Dashboard Tests › should have export CSV button
[1A[2K[554/910] [Mobile Chrome] › tests\e2e\analytics.spec.ts:284:7 › Analytics Dashboard Tests › should have back button
[1A[2K  472) [Mobile Chrome] › tests\e2e\analytics.spec.ts:71:7 › Analytics Dashboard Tests › should display analytics dashboard 

    Error: page.goto: net::ERR_CONNECTION_REFUSED at http://localhost:4000/login
    Call log:
    [2m  - navigating to "http://localhost:4000/login", waiting until "load"[22m


      12 |   test.beforeEach(async ({ page }) => {
      13 |     // Login first using test credentials
    > 14 |     await page.goto('http://localhost:4000/login')
         |                ^
      15 |     await page.getByLabel(/email/i).fill('demo@testmail.app')
      16 |     await page.getByLabel(/password/i).fill('Demo123456!')
      17 |
        at C:\Users\imoud\OneDrive\Documents\MyDistinctAi\tests\e2e\analytics.spec.ts:14:16

    attachment #1: screenshot (image/png) ──────────────────────────────────────────────────────────
    test-results\analytics-Analytics-Dashbo-6f5a5-display-analytics-dashboard-Mobile-Chrome\test-failed-1.png
    ────────────────────────────────────────────────────────────────────────────────────────────────

    attachment #2: video (video/webm) ──────────────────────────────────────────────────────────────
    test-results\analytics-Analytics-Dashbo-6f5a5-display-analytics-dashboard-Mobile-Chrome\video.webm
    ────────────────────────────────────────────────────────────────────────────────────────────────


[1A[2K  473) [Mobile Chrome] › tests\e2e\analytics.spec.ts:135:7 › Analytics Dashboard Tests › should display usage overview section 

    Error: page.goto: net::ERR_CONNECTION_REFUSED at http://localhost:4000/login
    Call log:
    [2m  - navigating to "http://localhost:4000/login", waiting until "load"[22m


      12 |   test.beforeEach(async ({ page }) => {
      13 |     // Login first using test credentials
    > 14 |     await page.goto('http://localhost:4000/login')
         |                ^
      15 |     await page.getByLabel(/email/i).fill('demo@testmail.app')
      16 |     await page.getByLabel(/password/i).fill('Demo123456!')
      17 |
        at C:\Users\imoud\OneDrive\Documents\MyDistinctAi\tests\e2e\analytics.spec.ts:14:16

    attachment #1: screenshot (image/png) ──────────────────────────────────────────────────────────
    test-results\analytics-Analytics-Dashbo-d7175-play-usage-overview-section-Mobile-Chrome\test-failed-1.png
    ────────────────────────────────────────────────────────────────────────────────────────────────

    attachment #2: video (video/webm) ──────────────────────────────────────────────────────────────
    test-results\analytics-Analytics-Dashbo-d7175-play-usage-overview-section-Mobile-Chrome\video.webm
    ────────────────────────────────────────────────────────────────────────────────────────────────


[1A[2K  474) [Mobile Chrome] › tests\e2e\analytics.spec.ts:105:7 › Analytics Dashboard Tests › should display analytics stats cards 

    Error: page.goto: net::ERR_CONNECTION_REFUSED at http://localhost:4000/login
    Call log:
    [2m  - navigating to "http://localhost:4000/login", waiting until "load"[22m


      12 |   test.beforeEach(async ({ page }) => {
      13 |     // Login first using test credentials
    > 14 |     await page.goto('http://localhost:4000/login')
         |                ^
      15 |     await page.getByLabel(/email/i).fill('demo@testmail.app')
      16 |     await page.getByLabel(/password/i).fill('Demo123456!')
      17 |
        at C:\Users\imoud\OneDrive\Documents\MyDistinctAi\tests\e2e\analytics.spec.ts:14:16

    attachment #1: screenshot (image/png) ──────────────────────────────────────────────────────────
    test-results\analytics-Analytics-Dashbo-d08b9-splay-analytics-stats-cards-Mobile-Chrome\test-failed-1.png
    ────────────────────────────────────────────────────────────────────────────────────────────────

    attachment #2: video (video/webm) ──────────────────────────────────────────────────────────────
    test-results\analytics-Analytics-Dashbo-d08b9-splay-analytics-stats-cards-Mobile-Chrome\video.webm
    ────────────────────────────────────────────────────────────────────────────────────────────────


[1A[2K  475) [Mobile Chrome] › tests\e2e\analytics.spec.ts:163:7 › Analytics Dashboard Tests › should display performance metrics 

    Error: page.goto: net::ERR_CONNECTION_REFUSED at http://localhost:4000/login
    Call log:
    [2m  - navigating to "http://localhost:4000/login", waiting until "load"[22m


      12 |   test.beforeEach(async ({ page }) => {
      13 |     // Login first using test credentials
    > 14 |     await page.goto('http://localhost:4000/login')
         |                ^
      15 |     await page.getByLabel(/email/i).fill('demo@testmail.app')
      16 |     await page.getByLabel(/password/i).fill('Demo123456!')
      17 |
        at C:\Users\imoud\OneDrive\Documents\MyDistinctAi\tests\e2e\analytics.spec.ts:14:16

    attachment #1: screenshot (image/png) ──────────────────────────────────────────────────────────
    test-results\analytics-Analytics-Dashbo-5263e-display-performance-metrics-Mobile-Chrome\test-failed-1.png
    ────────────────────────────────────────────────────────────────────────────────────────────────

    attachment #2: video (video/webm) ──────────────────────────────────────────────────────────────
    test-results\analytics-Analytics-Dashbo-5263e-display-performance-metrics-Mobile-Chrome\video.webm
    ────────────────────────────────────────────────────────────────────────────────────────────────


[1A[2K  476) [Mobile Chrome] › tests\e2e\analytics.spec.ts:194:7 › Analytics Dashboard Tests › should display training data info 

    Error: page.goto: net::ERR_CONNECTION_REFUSED at http://localhost:4000/login
    Call log:
    [2m  - navigating to "http://localhost:4000/login", waiting until "load"[22m


      12 |   test.beforeEach(async ({ page }) => {
      13 |     // Login first using test credentials
    > 14 |     await page.goto('http://localhost:4000/login')
         |                ^
      15 |     await page.getByLabel(/email/i).fill('demo@testmail.app')
      16 |     await page.getByLabel(/password/i).fill('Demo123456!')
      17 |
        at C:\Users\imoud\OneDrive\Documents\MyDistinctAi\tests\e2e\analytics.spec.ts:14:16

    attachment #1: screenshot (image/png) ──────────────────────────────────────────────────────────
    test-results\analytics-Analytics-Dashbo-503e5--display-training-data-info-Mobile-Chrome\test-failed-1.png
    ────────────────────────────────────────────────────────────────────────────────────────────────

    attachment #2: video (video/webm) ──────────────────────────────────────────────────────────────
    test-results\analytics-Analytics-Dashbo-503e5--display-training-data-info-Mobile-Chrome\video.webm
    ────────────────────────────────────────────────────────────────────────────────────────────────


[1A[2K  477) [Mobile Chrome] › tests\e2e\analytics.spec.ts:225:7 › Analytics Dashboard Tests › should have date range selector 

    Error: page.goto: net::ERR_CONNECTION_REFUSED at http://localhost:4000/login
    Call log:
    [2m  - navigating to "http://localhost:4000/login", waiting until "load"[22m


      12 |   test.beforeEach(async ({ page }) => {
      13 |     // Login first using test credentials
    > 14 |     await page.goto('http://localhost:4000/login')
         |                ^
      15 |     await page.getByLabel(/email/i).fill('demo@testmail.app')
      16 |     await page.getByLabel(/password/i).fill('Demo123456!')
      17 |
        at C:\Users\imoud\OneDrive\Documents\MyDistinctAi\tests\e2e\analytics.spec.ts:14:16

    attachment #1: screenshot (image/png) ──────────────────────────────────────────────────────────
    test-results\analytics-Analytics-Dashbo-06a01-ld-have-date-range-selector-Mobile-Chrome\test-failed-1.png
    ────────────────────────────────────────────────────────────────────────────────────────────────

    attachment #2: video (video/webm) ──────────────────────────────────────────────────────────────
    test-results\analytics-Analytics-Dashbo-06a01-ld-have-date-range-selector-Mobile-Chrome\video.webm
    ────────────────────────────────────────────────────────────────────────────────────────────────


[1A[2K[555/910] [Mobile Chrome] › tests\e2e\analytics.spec.ts:309:7 › Analytics Dashboard Tests › should change date range and reload data
[1A[2K  478) [Mobile Chrome] › tests\e2e\analytics.spec.ts:284:7 › Analytics Dashboard Tests › should have back button 

    Error: page.goto: net::ERR_CONNECTION_REFUSED at http://localhost:4000/login
    Call log:
    [2m  - navigating to "http://localhost:4000/login", waiting until "load"[22m


      12 |   test.beforeEach(async ({ page }) => {
      13 |     // Login first using test credentials
    > 14 |     await page.goto('http://localhost:4000/login')
         |                ^
      15 |     await page.getByLabel(/email/i).fill('demo@testmail.app')
      16 |     await page.getByLabel(/password/i).fill('Demo123456!')
      17 |
        at C:\Users\imoud\OneDrive\Documents\MyDistinctAi\tests\e2e\analytics.spec.ts:14:16

    attachment #1: screenshot (image/png) ──────────────────────────────────────────────────────────
    test-results\analytics-Analytics-Dashboard-Tests-should-have-back-button-Mobile-Chrome\test-failed-1.png
    ────────────────────────────────────────────────────────────────────────────────────────────────

    attachment #2: video (video/webm) ──────────────────────────────────────────────────────────────
    test-results\analytics-Analytics-Dashboard-Tests-should-have-back-button-Mobile-Chrome\video.webm
    ────────────────────────────────────────────────────────────────────────────────────────────────


[1A[2K  479) [Mobile Chrome] › tests\e2e\analytics.spec.ts:257:7 › Analytics Dashboard Tests › should have export CSV button 

    Error: page.goto: net::ERR_CONNECTION_REFUSED at http://localhost:4000/login
    Call log:
    [2m  - navigating to "http://localhost:4000/login", waiting until "load"[22m


      12 |   test.beforeEach(async ({ page }) => {
      13 |     // Login first using test credentials
    > 14 |     await page.goto('http://localhost:4000/login')
         |                ^
      15 |     await page.getByLabel(/email/i).fill('demo@testmail.app')
      16 |     await page.getByLabel(/password/i).fill('Demo123456!')
      17 |
        at C:\Users\imoud\OneDrive\Documents\MyDistinctAi\tests\e2e\analytics.spec.ts:14:16

    attachment #1: screenshot (image/png) ──────────────────────────────────────────────────────────
    test-results\analytics-Analytics-Dashbo-51579-ould-have-export-CSV-button-Mobile-Chrome\test-failed-1.png
    ────────────────────────────────────────────────────────────────────────────────────────────────

    attachment #2: video (video/webm) ──────────────────────────────────────────────────────────────
    test-results\analytics-Analytics-Dashbo-51579-ould-have-export-CSV-button-Mobile-Chrome\video.webm
    ────────────────────────────────────────────────────────────────────────────────────────────────


[1A[2K[556/910] [Mobile Chrome] › tests\e2e\api-keys.spec.ts:22:7 › API Keys Tests › should display API keys page
[1A[2K[557/910] [Mobile Chrome] › tests\e2e\analytics.spec.ts:341:7 › Analytics Dashboard Tests › should display message activity chart when data exists
[1A[2K[558/910] [Mobile Chrome] › tests\e2e\api-keys.spec.ts:41:7 › API Keys Tests › should display create API key button
[1A[2K[559/910] [Mobile Chrome] › tests\e2e\api-keys.spec.ts:53:7 › API Keys Tests › should display empty state when no keys exist
[1A[2K[560/910] [Mobile Chrome] › tests\e2e\api-keys.spec.ts:71:7 › API Keys Tests › should open create modal when clicking create button
[1A[2K[561/910] [Mobile Chrome] › tests\e2e\api-keys.spec.ts:88:7 › API Keys Tests › should close modal when clicking cancel
[1A[2K[562/910] [Mobile Chrome] › tests\e2e\api-keys.spec.ts:108:7 › API Keys Tests › should validate key name input
[1A[2K  480) [Mobile Chrome] › tests\e2e\analytics.spec.ts:309:7 › Analytics Dashboard Tests › should change date range and reload data 

    Error: page.goto: net::ERR_CONNECTION_REFUSED at http://localhost:4000/login
    Call log:
    [2m  - navigating to "http://localhost:4000/login", waiting until "load"[22m


      12 |   test.beforeEach(async ({ page }) => {
      13 |     // Login first using test credentials
    > 14 |     await page.goto('http://localhost:4000/login')
         |                ^
      15 |     await page.getByLabel(/email/i).fill('demo@testmail.app')
      16 |     await page.getByLabel(/password/i).fill('Demo123456!')
      17 |
        at C:\Users\imoud\OneDrive\Documents\MyDistinctAi\tests\e2e\analytics.spec.ts:14:16

    attachment #1: screenshot (image/png) ──────────────────────────────────────────────────────────
    test-results\analytics-Analytics-Dashbo-36228--date-range-and-reload-data-Mobile-Chrome\test-failed-1.png
    ────────────────────────────────────────────────────────────────────────────────────────────────

    attachment #2: video (video/webm) ──────────────────────────────────────────────────────────────
    test-results\analytics-Analytics-Dashbo-36228--date-range-and-reload-data-Mobile-Chrome\video.webm
    ────────────────────────────────────────────────────────────────────────────────────────────────


[1A[2K  481) [Mobile Chrome] › tests\e2e\api-keys.spec.ts:22:7 › API Keys Tests › should display API keys page 

    Error: page.goto: net::ERR_CONNECTION_REFUSED at http://localhost:4000/login
    Call log:
    [2m  - navigating to "http://localhost:4000/login", waiting until "load"[22m


      10 |   test.beforeEach(async ({ page }) => {
      11 |     // Login first using test credentials
    > 12 |     await page.goto('http://localhost:4000/login')
         |                ^
      13 |     await page.getByLabel(/email/i).fill('demo@testmail.app')
      14 |     await page.getByLabel(/password/i).fill('Demo123456!')
      15 |
        at C:\Users\imoud\OneDrive\Documents\MyDistinctAi\tests\e2e\api-keys.spec.ts:12:16

    attachment #1: screenshot (image/png) ──────────────────────────────────────────────────────────
    test-results\api-keys-API-Keys-Tests-should-display-API-keys-page-Mobile-Chrome\test-failed-1.png
    ────────────────────────────────────────────────────────────────────────────────────────────────

    attachment #2: video (video/webm) ──────────────────────────────────────────────────────────────
    test-results\api-keys-API-Keys-Tests-should-display-API-keys-page-Mobile-Chrome\video.webm
    ────────────────────────────────────────────────────────────────────────────────────────────────


[1A[2K  482) [Mobile Chrome] › tests\e2e\analytics.spec.ts:341:7 › Analytics Dashboard Tests › should display message activity chart when data exists 

    Error: page.goto: net::ERR_CONNECTION_REFUSED at http://localhost:4000/login
    Call log:
    [2m  - navigating to "http://localhost:4000/login", waiting until "load"[22m


      12 |   test.beforeEach(async ({ page }) => {
      13 |     // Login first using test credentials
    > 14 |     await page.goto('http://localhost:4000/login')
         |                ^
      15 |     await page.getByLabel(/email/i).fill('demo@testmail.app')
      16 |     await page.getByLabel(/password/i).fill('Demo123456!')
      17 |
        at C:\Users\imoud\OneDrive\Documents\MyDistinctAi\tests\e2e\analytics.spec.ts:14:16

    attachment #1: screenshot (image/png) ──────────────────────────────────────────────────────────
    test-results\analytics-Analytics-Dashbo-71397-vity-chart-when-data-exists-Mobile-Chrome\test-failed-1.png
    ────────────────────────────────────────────────────────────────────────────────────────────────

    attachment #2: video (video/webm) ──────────────────────────────────────────────────────────────
    test-results\analytics-Analytics-Dashbo-71397-vity-chart-when-data-exists-Mobile-Chrome\video.webm
    ────────────────────────────────────────────────────────────────────────────────────────────────


[1A[2K  483) [Mobile Chrome] › tests\e2e\api-keys.spec.ts:41:7 › API Keys Tests › should display create API key button 

    Error: page.goto: net::ERR_CONNECTION_REFUSED at http://localhost:4000/login
    Call log:
    [2m  - navigating to "http://localhost:4000/login", waiting until "load"[22m


      10 |   test.beforeEach(async ({ page }) => {
      11 |     // Login first using test credentials
    > 12 |     await page.goto('http://localhost:4000/login')
         |                ^
      13 |     await page.getByLabel(/email/i).fill('demo@testmail.app')
      14 |     await page.getByLabel(/password/i).fill('Demo123456!')
      15 |
        at C:\Users\imoud\OneDrive\Documents\MyDistinctAi\tests\e2e\api-keys.spec.ts:12:16

    attachment #1: screenshot (image/png) ──────────────────────────────────────────────────────────
    test-results\api-keys-API-Keys-Tests-should-display-create-API-key-button-Mobile-Chrome\test-failed-1.png
    ────────────────────────────────────────────────────────────────────────────────────────────────

    attachment #2: video (video/webm) ──────────────────────────────────────────────────────────────
    test-results\api-keys-API-Keys-Tests-should-display-create-API-key-button-Mobile-Chrome\video.webm
    ────────────────────────────────────────────────────────────────────────────────────────────────


[1A[2K  484) [Mobile Chrome] › tests\e2e\api-keys.spec.ts:53:7 › API Keys Tests › should display empty state when no keys exist 

    Error: page.goto: net::ERR_CONNECTION_REFUSED at http://localhost:4000/login
    Call log:
    [2m  - navigating to "http://localhost:4000/login", waiting until "load"[22m


      10 |   test.beforeEach(async ({ page }) => {
      11 |     // Login first using test credentials
    > 12 |     await page.goto('http://localhost:4000/login')
         |                ^
      13 |     await page.getByLabel(/email/i).fill('demo@testmail.app')
      14 |     await page.getByLabel(/password/i).fill('Demo123456!')
      15 |
        at C:\Users\imoud\OneDrive\Documents\MyDistinctAi\tests\e2e\api-keys.spec.ts:12:16

    attachment #1: screenshot (image/png) ──────────────────────────────────────────────────────────
    test-results\api-keys-API-Keys-Tests-sh-d0692-ty-state-when-no-keys-exist-Mobile-Chrome\test-failed-1.png
    ────────────────────────────────────────────────────────────────────────────────────────────────

    attachment #2: video (video/webm) ──────────────────────────────────────────────────────────────
    test-results\api-keys-API-Keys-Tests-sh-d0692-ty-state-when-no-keys-exist-Mobile-Chrome\video.webm
    ────────────────────────────────────────────────────────────────────────────────────────────────


[1A[2K  485) [Mobile Chrome] › tests\e2e\api-keys.spec.ts:71:7 › API Keys Tests › should open create modal when clicking create button 

    Error: page.goto: net::ERR_CONNECTION_REFUSED at http://localhost:4000/login
    Call log:
    [2m  - navigating to "http://localhost:4000/login", waiting until "load"[22m


      10 |   test.beforeEach(async ({ page }) => {
      11 |     // Login first using test credentials
    > 12 |     await page.goto('http://localhost:4000/login')
         |                ^
      13 |     await page.getByLabel(/email/i).fill('demo@testmail.app')
      14 |     await page.getByLabel(/password/i).fill('Demo123456!')
      15 |
        at C:\Users\imoud\OneDrive\Documents\MyDistinctAi\tests\e2e\api-keys.spec.ts:12:16

    attachment #1: screenshot (image/png) ──────────────────────────────────────────────────────────
    test-results\api-keys-API-Keys-Tests-sh-3c7ff-when-clicking-create-button-Mobile-Chrome\test-failed-1.png
    ────────────────────────────────────────────────────────────────────────────────────────────────

    attachment #2: video (video/webm) ──────────────────────────────────────────────────────────────
    test-results\api-keys-API-Keys-Tests-sh-3c7ff-when-clicking-create-button-Mobile-Chrome\video.webm
    ────────────────────────────────────────────────────────────────────────────────────────────────


[1A[2K[563/910] [Mobile Chrome] › tests\e2e\api-keys.spec.ts:125:7 › API Keys Tests › should create new API key
[1A[2K  486) [Mobile Chrome] › tests\e2e\api-keys.spec.ts:88:7 › API Keys Tests › should close modal when clicking cancel 

    Error: page.goto: net::ERR_CONNECTION_REFUSED at http://localhost:4000/login
    Call log:
    [2m  - navigating to "http://localhost:4000/login", waiting until "load"[22m


      10 |   test.beforeEach(async ({ page }) => {
      11 |     // Login first using test credentials
    > 12 |     await page.goto('http://localhost:4000/login')
         |                ^
      13 |     await page.getByLabel(/email/i).fill('demo@testmail.app')
      14 |     await page.getByLabel(/password/i).fill('Demo123456!')
      15 |
        at C:\Users\imoud\OneDrive\Documents\MyDistinctAi\tests\e2e\api-keys.spec.ts:12:16

    attachment #1: screenshot (image/png) ──────────────────────────────────────────────────────────
    test-results\api-keys-API-Keys-Tests-sh-fbded--modal-when-clicking-cancel-Mobile-Chrome\test-failed-1.png
    ────────────────────────────────────────────────────────────────────────────────────────────────

    attachment #2: video (video/webm) ──────────────────────────────────────────────────────────────
    test-results\api-keys-API-Keys-Tests-sh-fbded--modal-when-clicking-cancel-Mobile-Chrome\video.webm
    ────────────────────────────────────────────────────────────────────────────────────────────────


[1A[2K  487) [Mobile Chrome] › tests\e2e\api-keys.spec.ts:108:7 › API Keys Tests › should validate key name input 

    Error: page.goto: net::ERR_CONNECTION_REFUSED at http://localhost:4000/login
    Call log:
    [2m  - navigating to "http://localhost:4000/login", waiting until "load"[22m


      10 |   test.beforeEach(async ({ page }) => {
      11 |     // Login first using test credentials
    > 12 |     await page.goto('http://localhost:4000/login')
         |                ^
      13 |     await page.getByLabel(/email/i).fill('demo@testmail.app')
      14 |     await page.getByLabel(/password/i).fill('Demo123456!')
      15 |
        at C:\Users\imoud\OneDrive\Documents\MyDistinctAi\tests\e2e\api-keys.spec.ts:12:16

    attachment #1: screenshot (image/png) ──────────────────────────────────────────────────────────
    test-results\api-keys-API-Keys-Tests-should-validate-key-name-input-Mobile-Chrome\test-failed-1.png
    ────────────────────────────────────────────────────────────────────────────────────────────────

    attachment #2: video (video/webm) ──────────────────────────────────────────────────────────────
    test-results\api-keys-API-Keys-Tests-should-validate-key-name-input-Mobile-Chrome\video.webm
    ────────────────────────────────────────────────────────────────────────────────────────────────


[1A[2K[564/910] [Mobile Chrome] › tests\e2e\api-keys.spec.ts:149:7 › API Keys Tests › should display newly created key only once
[1A[2K[565/910] [Mobile Chrome] › tests\e2e\api-keys.spec.ts:178:7 › API Keys Tests › should list existing API keys
[1A[2K[566/910] [Mobile Chrome] › tests\e2e\api-keys.spec.ts:201:7 › API Keys Tests › should display API documentation section
[1A[2K[567/910] [Mobile Chrome] › tests\e2e\api-keys.spec.ts:214:7 › API Keys Tests › should have back button
[1A[2K[568/910] [Mobile Chrome] › tests\e2e\auth-login.spec.ts:45:7 › User Login › should display login form with all fields
[1A[2K[569/910] [Mobile Chrome] › tests\e2e\auth-login.spec.ts:75:7 › User Login › should show error for invalid email format
[1A[2K[570/910] [Mobile Chrome] › tests\e2e\auth-login.spec.ts:106:7 › User Login › should show error for incorrect password
[1A[2K  488) [Mobile Chrome] › tests\e2e\api-keys.spec.ts:125:7 › API Keys Tests › should create new API key 

    Error: page.goto: net::ERR_CONNECTION_REFUSED at http://localhost:4000/login
    Call log:
    [2m  - navigating to "http://localhost:4000/login", waiting until "load"[22m


      10 |   test.beforeEach(async ({ page }) => {
      11 |     // Login first using test credentials
    > 12 |     await page.goto('http://localhost:4000/login')
         |                ^
      13 |     await page.getByLabel(/email/i).fill('demo@testmail.app')
      14 |     await page.getByLabel(/password/i).fill('Demo123456!')
      15 |
        at C:\Users\imoud\OneDrive\Documents\MyDistinctAi\tests\e2e\api-keys.spec.ts:12:16

    attachment #1: screenshot (image/png) ──────────────────────────────────────────────────────────
    test-results\api-keys-API-Keys-Tests-should-create-new-API-key-Mobile-Chrome\test-failed-1.png
    ────────────────────────────────────────────────────────────────────────────────────────────────

    attachment #2: video (video/webm) ──────────────────────────────────────────────────────────────
    test-results\api-keys-API-Keys-Tests-should-create-new-API-key-Mobile-Chrome\video.webm
    ────────────────────────────────────────────────────────────────────────────────────────────────


[1A[2K  489) [Mobile Chrome] › tests\e2e\api-keys.spec.ts:149:7 › API Keys Tests › should display newly created key only once 

    Error: page.goto: net::ERR_CONNECTION_REFUSED at http://localhost:4000/login
    Call log:
    [2m  - navigating to "http://localhost:4000/login", waiting until "load"[22m


      10 |   test.beforeEach(async ({ page }) => {
      11 |     // Login first using test credentials
    > 12 |     await page.goto('http://localhost:4000/login')
         |                ^
      13 |     await page.getByLabel(/email/i).fill('demo@testmail.app')
      14 |     await page.getByLabel(/password/i).fill('Demo123456!')
      15 |
        at C:\Users\imoud\OneDrive\Documents\MyDistinctAi\tests\e2e\api-keys.spec.ts:12:16

    attachment #1: screenshot (image/png) ──────────────────────────────────────────────────────────
    test-results\api-keys-API-Keys-Tests-sh-d93ce-newly-created-key-only-once-Mobile-Chrome\test-failed-1.png
    ────────────────────────────────────────────────────────────────────────────────────────────────

    attachment #2: video (video/webm) ──────────────────────────────────────────────────────────────
    test-results\api-keys-API-Keys-Tests-sh-d93ce-newly-created-key-only-once-Mobile-Chrome\video.webm
    ────────────────────────────────────────────────────────────────────────────────────────────────


[1A[2K  490) [Mobile Chrome] › tests\e2e\api-keys.spec.ts:178:7 › API Keys Tests › should list existing API keys 

    Error: page.goto: net::ERR_CONNECTION_REFUSED at http://localhost:4000/login
    Call log:
    [2m  - navigating to "http://localhost:4000/login", waiting until "load"[22m


      10 |   test.beforeEach(async ({ page }) => {
      11 |     // Login first using test credentials
    > 12 |     await page.goto('http://localhost:4000/login')
         |                ^
      13 |     await page.getByLabel(/email/i).fill('demo@testmail.app')
      14 |     await page.getByLabel(/password/i).fill('Demo123456!')
      15 |
        at C:\Users\imoud\OneDrive\Documents\MyDistinctAi\tests\e2e\api-keys.spec.ts:12:16

    attachment #1: screenshot (image/png) ──────────────────────────────────────────────────────────
    test-results\api-keys-API-Keys-Tests-should-list-existing-API-keys-Mobile-Chrome\test-failed-1.png
    ────────────────────────────────────────────────────────────────────────────────────────────────

    attachment #2: video (video/webm) ──────────────────────────────────────────────────────────────
    test-results\api-keys-API-Keys-Tests-should-list-existing-API-keys-Mobile-Chrome\video.webm
    ────────────────────────────────────────────────────────────────────────────────────────────────


[1A[2K  491) [Mobile Chrome] › tests\e2e\api-keys.spec.ts:201:7 › API Keys Tests › should display API documentation section 

    Error: page.goto: net::ERR_CONNECTION_REFUSED at http://localhost:4000/login
    Call log:
    [2m  - navigating to "http://localhost:4000/login", waiting until "load"[22m


      10 |   test.beforeEach(async ({ page }) => {
      11 |     // Login first using test credentials
    > 12 |     await page.goto('http://localhost:4000/login')
         |                ^
      13 |     await page.getByLabel(/email/i).fill('demo@testmail.app')
      14 |     await page.getByLabel(/password/i).fill('Demo123456!')
      15 |
        at C:\Users\imoud\OneDrive\Documents\MyDistinctAi\tests\e2e\api-keys.spec.ts:12:16

    attachment #1: screenshot (image/png) ──────────────────────────────────────────────────────────
    test-results\api-keys-API-Keys-Tests-sh-19142-y-API-documentation-section-Mobile-Chrome\test-failed-1.png
    ────────────────────────────────────────────────────────────────────────────────────────────────

    attachment #2: video (video/webm) ──────────────────────────────────────────────────────────────
    test-results\api-keys-API-Keys-Tests-sh-19142-y-API-documentation-section-Mobile-Chrome\video.webm
    ────────────────────────────────────────────────────────────────────────────────────────────────


[1A[2KInternal error: step id not found: fixture@32

[1A[2K  492) [Mobile Chrome] › tests\e2e\api-keys.spec.ts:214:7 › API Keys Tests › should have back button 

    Error: page.goto: net::ERR_CONNECTION_REFUSED at http://localhost:4000/login
    Call log:
    [2m  - navigating to "http://localhost:4000/login", waiting until "load"[22m


      10 |   test.beforeEach(async ({ page }) => {
      11 |     // Login first using test credentials
    > 12 |     await page.goto('http://localhost:4000/login')
         |                ^
      13 |     await page.getByLabel(/email/i).fill('demo@testmail.app')
      14 |     await page.getByLabel(/password/i).fill('Demo123456!')
      15 |
        at C:\Users\imoud\OneDrive\Documents\MyDistinctAi\tests\e2e\api-keys.spec.ts:12:16

    attachment #1: screenshot (image/png) ──────────────────────────────────────────────────────────
    test-results\api-keys-API-Keys-Tests-should-have-back-button-Mobile-Chrome\test-failed-1.png
    ────────────────────────────────────────────────────────────────────────────────────────────────

    attachment #2: video (video/webm) ──────────────────────────────────────────────────────────────
    test-results\api-keys-API-Keys-Tests-should-have-back-button-Mobile-Chrome\video.webm
    ────────────────────────────────────────────────────────────────────────────────────────────────


[1A[2K  493) [Mobile Chrome] › tests\e2e\auth-login.spec.ts:45:7 › User Login › should display login form with all fields 

    Error: page.goto: net::ERR_CONNECTION_REFUSED at http://localhost:4000/register
    Call log:
    [2m  - navigating to "http://localhost:4000/register", waiting until "load"[22m


      21 |     // Register a test user before running login tests
      22 |     const page = await browser.newPage()
    > 23 |     await page.goto('/register')
         |                ^
      24 |
      25 |     await page.getByLabel(/name/i).fill(testUser.name)
      26 |     await page.getByLabel(/email/i).fill(testUser.email)
        at C:\Users\imoud\OneDrive\Documents\MyDistinctAi\tests\e2e\auth-login.spec.ts:23:16

    attachment #1: screenshot (image/png) ──────────────────────────────────────────────────────────
    test-results\auth-login-User-Login-shou-7d52a--login-form-with-all-fields-Mobile-Chrome\test-failed-1.png
    ────────────────────────────────────────────────────────────────────────────────────────────────


[1A[2K[571/910] [Mobile Chrome] › tests\e2e\auth-login.spec.ts:66:7 › User Login › should show validation errors for empty form
[1A[2K[572/910] [Mobile Chrome] › tests\e2e\auth-login.spec.ts:145:7 › User Login › should persist session after page reload
[1A[2KInternal error: step id not found: fixture@32

[1A[2KInternal error: step id not found: fixture@32

[1A[2K  494) [Mobile Chrome] › tests\e2e\auth-login.spec.ts:75:7 › User Login › should show error for invalid email format 

    Error: page.goto: net::ERR_CONNECTION_REFUSED at http://localhost:4000/register
    Call log:
    [2m  - navigating to "http://localhost:4000/register", waiting until "load"[22m


      21 |     // Register a test user before running login tests
      22 |     const page = await browser.newPage()
    > 23 |     await page.goto('/register')
         |                ^
      24 |
      25 |     await page.getByLabel(/name/i).fill(testUser.name)
      26 |     await page.getByLabel(/email/i).fill(testUser.email)
        at C:\Users\imoud\OneDrive\Documents\MyDistinctAi\tests\e2e\auth-login.spec.ts:23:16

    attachment #1: screenshot (image/png) ──────────────────────────────────────────────────────────
    test-results\auth-login-User-Login-shou-04999-or-for-invalid-email-format-Mobile-Chrome\test-failed-1.png
    ────────────────────────────────────────────────────────────────────────────────────────────────


[1A[2K[573/910] [Mobile Chrome] › tests\e2e\auth-login.spec.ts:91:7 › User Login › should show error for non-existent user
[1A[2K  495) [Mobile Chrome] › tests\e2e\auth-login.spec.ts:106:7 › User Login › should show error for incorrect password 

    Error: page.goto: net::ERR_CONNECTION_REFUSED at http://localhost:4000/register
    Call log:
    [2m  - navigating to "http://localhost:4000/register", waiting until "load"[22m


      21 |     // Register a test user before running login tests
      22 |     const page = await browser.newPage()
    > 23 |     await page.goto('/register')
         |                ^
      24 |
      25 |     await page.getByLabel(/name/i).fill(testUser.name)
      26 |     await page.getByLabel(/email/i).fill(testUser.email)
        at C:\Users\imoud\OneDrive\Documents\MyDistinctAi\tests\e2e\auth-login.spec.ts:23:16

    attachment #1: screenshot (image/png) ──────────────────────────────────────────────────────────
    test-results\auth-login-User-Login-shou-27faf-rror-for-incorrect-password-Mobile-Chrome\test-failed-1.png
    ────────────────────────────────────────────────────────────────────────────────────────────────


[1A[2K[574/910] [Mobile Chrome] › tests\e2e\auth-login.spec.ts:125:7 › User Login › should successfully login with valid credentials
[1A[2K[575/910] [Mobile Chrome] › tests\e2e\auth-login.spec.ts:207:7 › User Login › should allow navigation to registration page
[1A[2K[576/910] [Mobile Chrome] › tests\e2e\auth-login.spec.ts:227:7 › User Login › should toggle password visibility
[1A[2K[577/910] [Mobile Chrome] › tests\e2e\auth-login.spec.ts:275:7 › User Login › should be responsive on mobile viewport
[1A[2K[578/910] [Mobile Chrome] › tests\e2e\auth-password-reset.spec.ts:41:7 › Password Reset › should display password reset form
[1A[2K[579/910] [Mobile Chrome] › tests\e2e\auth-password-reset.spec.ts:70:7 › Password Reset › should show error for invalid email format
[1A[2K[580/910] [Mobile Chrome] › tests\e2e\auth-password-reset.spec.ts:104:7 › Password Reset › should handle non-existent email gracefully
[1A[2K[581/910] [Mobile Chrome] › tests\e2e\auth-password-reset.spec.ts:129:7 › Password Reset › should show loading state during submission
[1A[2KInternal error: step id not found: fixture@32

[1A[2K  496) [Mobile Chrome] › tests\e2e\auth-login.spec.ts:145:7 › User Login › should persist session after page reload 

    Error: page.goto: net::ERR_CONNECTION_REFUSED at http://localhost:4000/register
    Call log:
    [2m  - navigating to "http://localhost:4000/register", waiting until "load"[22m


      21 |     // Register a test user before running login tests
      22 |     const page = await browser.newPage()
    > 23 |     await page.goto('/register')
         |                ^
      24 |
      25 |     await page.getByLabel(/name/i).fill(testUser.name)
      26 |     await page.getByLabel(/email/i).fill(testUser.email)
        at C:\Users\imoud\OneDrive\Documents\MyDistinctAi\tests\e2e\auth-login.spec.ts:23:16

    attachment #1: screenshot (image/png) ──────────────────────────────────────────────────────────
    test-results\auth-login-User-Login-shou-17929-t-session-after-page-reload-Mobile-Chrome\test-failed-1.png
    ────────────────────────────────────────────────────────────────────────────────────────────────


[1A[2K[582/910] [Mobile Chrome] › tests\e2e\auth-login.spec.ts:168:7 › User Login › should successfully logout
[1A[2KInternal error: step id not found: fixture@32

[1A[2K  497) [Mobile Chrome] › tests\e2e\auth-login.spec.ts:207:7 › User Login › should allow navigation to registration page 

    Error: page.goto: net::ERR_CONNECTION_REFUSED at http://localhost:4000/register
    Call log:
    [2m  - navigating to "http://localhost:4000/register", waiting until "load"[22m


      21 |     // Register a test user before running login tests
      22 |     const page = await browser.newPage()
    > 23 |     await page.goto('/register')
         |                ^
      24 |
      25 |     await page.getByLabel(/name/i).fill(testUser.name)
      26 |     await page.getByLabel(/email/i).fill(testUser.email)
        at C:\Users\imoud\OneDrive\Documents\MyDistinctAi\tests\e2e\auth-login.spec.ts:23:16

    attachment #1: screenshot (image/png) ──────────────────────────────────────────────────────────
    test-results\auth-login-User-Login-shou-c16f2-gation-to-registration-page-Mobile-Chrome\test-failed-1.png
    ────────────────────────────────────────────────────────────────────────────────────────────────


[1A[2K[583/910] [Mobile Chrome] › tests\e2e\auth-login.spec.ts:219:7 › User Login › should allow navigation to password reset page
[1A[2KInternal error: step id not found: fixture@32

[1A[2K  498) [Mobile Chrome] › tests\e2e\auth-login.spec.ts:227:7 › User Login › should toggle password visibility 

    Error: page.goto: net::ERR_CONNECTION_REFUSED at http://localhost:4000/register
    Call log:
    [2m  - navigating to "http://localhost:4000/register", waiting until "load"[22m


      21 |     // Register a test user before running login tests
      22 |     const page = await browser.newPage()
    > 23 |     await page.goto('/register')
         |                ^
      24 |
      25 |     await page.getByLabel(/name/i).fill(testUser.name)
      26 |     await page.getByLabel(/email/i).fill(testUser.email)
        at C:\Users\imoud\OneDrive\Documents\MyDistinctAi\tests\e2e\auth-login.spec.ts:23:16

    attachment #1: screenshot (image/png) ──────────────────────────────────────────────────────────
    test-results\auth-login-User-Login-should-toggle-password-visibility-Mobile-Chrome\test-failed-1.png
    ────────────────────────────────────────────────────────────────────────────────────────────────


[1A[2K[584/910] [Mobile Chrome] › tests\e2e\auth-login.spec.ts:251:7 › User Login › should show loading state during login
[1A[2KInternal error: step id not found: fixture@32

[1A[2K[585/910] [Mobile Chrome] › tests\e2e\auth-password-reset.spec.ts:162:7 › Password Reset › should be accessible via forgot password link from login
[1A[2K  499) [Mobile Chrome] › tests\e2e\auth-login.spec.ts:275:7 › User Login › should be responsive on mobile viewport 

    Error: page.goto: net::ERR_CONNECTION_REFUSED at http://localhost:4000/register
    Call log:
    [2m  - navigating to "http://localhost:4000/register", waiting until "load"[22m


      21 |     // Register a test user before running login tests
      22 |     const page = await browser.newPage()
    > 23 |     await page.goto('/register')
         |                ^
      24 |
      25 |     await page.getByLabel(/name/i).fill(testUser.name)
      26 |     await page.getByLabel(/email/i).fill(testUser.email)
        at C:\Users\imoud\OneDrive\Documents\MyDistinctAi\tests\e2e\auth-login.spec.ts:23:16

    attachment #1: screenshot (image/png) ──────────────────────────────────────────────────────────
    test-results\auth-login-User-Login-shou-1d69e-sponsive-on-mobile-viewport-Mobile-Chrome\test-failed-1.png
    ────────────────────────────────────────────────────────────────────────────────────────────────


[1A[2K[586/910] [Mobile Chrome] › tests\e2e\auth-login.spec.ts:287:7 › User Login › should handle magic link login option if available
[1A[2KInternal error: step id not found: fixture@32

[1A[2KInternal error: step id not found: fixture@32

[1A[2K  500) [Mobile Chrome] › tests\e2e\auth-password-reset.spec.ts:41:7 › Password Reset › should display password reset form 

    Error: page.goto: net::ERR_CONNECTION_REFUSED at http://localhost:4000/register
    Call log:
    [2m  - navigating to "http://localhost:4000/register", waiting until "load"[22m


      19 |     // Register a test user for password reset tests
      20 |     const page = await browser.newPage()
    > 21 |     await page.goto('/register')
         |                ^
      22 |
      23 |     await page.getByLabel(/name/i).fill(testUser.name)
      24 |     await page.getByLabel(/email/i).fill(testUser.email)
        at C:\Users\imoud\OneDrive\Documents\MyDistinctAi\tests\e2e\auth-password-reset.spec.ts:21:16

    attachment #1: screenshot (image/png) ──────────────────────────────────────────────────────────
    test-results\auth-password-reset-Passwo-b22cd-display-password-reset-form-Mobile-Chrome\test-failed-1.png
    ────────────────────────────────────────────────────────────────────────────────────────────────


[1A[2K[587/910] [Mobile Chrome] › tests\e2e\auth-password-reset.spec.ts:61:7 › Password Reset › should show validation error for empty email
[1A[2K  501) [Mobile Chrome] › tests\e2e\auth-password-reset.spec.ts:70:7 › Password Reset › should show error for invalid email format 

    Error: page.goto: net::ERR_CONNECTION_REFUSED at http://localhost:4000/register
    Call log:
    [2m  - navigating to "http://localhost:4000/register", waiting until "load"[22m


      19 |     // Register a test user for password reset tests
      20 |     const page = await browser.newPage()
    > 21 |     await page.goto('/register')
         |                ^
      22 |
      23 |     await page.getByLabel(/name/i).fill(testUser.name)
      24 |     await page.getByLabel(/email/i).fill(testUser.email)
        at C:\Users\imoud\OneDrive\Documents\MyDistinctAi\tests\e2e\auth-password-reset.spec.ts:21:16

    attachment #1: screenshot (image/png) ──────────────────────────────────────────────────────────
    test-results\auth-password-reset-Passwo-9eb4c-or-for-invalid-email-format-Mobile-Chrome\test-failed-1.png
    ────────────────────────────────────────────────────────────────────────────────────────────────


[1A[2K[588/910] [Mobile Chrome] › tests\e2e\auth-password-reset.spec.ts:85:7 › Password Reset › should accept password reset request for registered user
[1A[2KInternal error: step id not found: fixture@32

[1A[2KInternal error: step id not found: fixture@32

[1A[2K  502) [Mobile Chrome] › tests\e2e\auth-password-reset.spec.ts:104:7 › Password Reset › should handle non-existent email gracefully 

    Error: page.goto: net::ERR_CONNECTION_REFUSED at http://localhost:4000/register
    Call log:
    [2m  - navigating to "http://localhost:4000/register", waiting until "load"[22m


      19 |     // Register a test user for password reset tests
      20 |     const page = await browser.newPage()
    > 21 |     await page.goto('/register')
         |                ^
      22 |
      23 |     await page.getByLabel(/name/i).fill(testUser.name)
      24 |     await page.getByLabel(/email/i).fill(testUser.email)
        at C:\Users\imoud\OneDrive\Documents\MyDistinctAi\tests\e2e\auth-password-reset.spec.ts:21:16

    attachment #1: screenshot (image/png) ──────────────────────────────────────────────────────────
    test-results\auth-password-reset-Passwo-e9e0e-n-existent-email-gracefully-Mobile-Chrome\test-failed-1.png
    ────────────────────────────────────────────────────────────────────────────────────────────────


[1A[2K[589/910] [Mobile Chrome] › tests\e2e\auth-password-reset.spec.ts:120:7 › Password Reset › should allow navigation back to login
[1A[2K  503) [Mobile Chrome] › tests\e2e\auth-password-reset.spec.ts:129:7 › Password Reset › should show loading state during submission 

    Error: page.goto: net::ERR_CONNECTION_REFUSED at http://localhost:4000/register
    Call log:
    [2m  - navigating to "http://localhost:4000/register", waiting until "load"[22m


      19 |     // Register a test user for password reset tests
      20 |     const page = await browser.newPage()
    > 21 |     await page.goto('/register')
         |                ^
      22 |
      23 |     await page.getByLabel(/name/i).fill(testUser.name)
      24 |     await page.getByLabel(/email/i).fill(testUser.email)
        at C:\Users\imoud\OneDrive\Documents\MyDistinctAi\tests\e2e\auth-password-reset.spec.ts:21:16

    attachment #1: screenshot (image/png) ──────────────────────────────────────────────────────────
    test-results\auth-password-reset-Passwo-587bf-ing-state-during-submission-Mobile-Chrome\test-failed-1.png
    ────────────────────────────────────────────────────────────────────────────────────────────────


[1A[2K[590/910] [Mobile Chrome] › tests\e2e\auth-password-reset.spec.ts:154:7 › Password Reset › should display helpful instructions
[1A[2K[591/910] [Mobile Chrome] › tests\e2e\auth-password-reset.spec.ts:201:7 › Password Reset › should clear form after successful submission
[1A[2K[592/910] [Mobile Chrome] › tests\e2e\auth-password-reset.spec.ts:238:7 › Password Reset › should have proper page metadata
[1A[2K[593/910] [Mobile Chrome] › tests\e2e\auth-registration.spec.ts:20:7 › User Registration › should display registration form with all fields
[1A[2K[594/910] [Mobile Chrome] › tests\e2e\auth-registration.spec.ts:38:7 › User Registration › should show validation errors for empty form
[1A[2K[595/910] [Mobile Chrome] › tests\e2e\auth-registration.spec.ts:49:7 › User Registration › should show error for invalid email format
[1A[2K[596/910] [Mobile Chrome] › tests\e2e\auth-registration.spec.ts:69:7 › User Registration › should show error for weak password
[1A[2K[597/910] [Mobile Chrome] › tests\e2e\auth-registration.spec.ts:89:7 › User Registration › should successfully register a new user
[1A[2KInternal error: step id not found: fixture@32

[1A[2K  504) [Mobile Chrome] › tests\e2e\auth-password-reset.spec.ts:162:7 › Password Reset › should be accessible via forgot password link from login 

    Error: page.goto: net::ERR_CONNECTION_REFUSED at http://localhost:4000/register
    Call log:
    [2m  - navigating to "http://localhost:4000/register", waiting until "load"[22m


      19 |     // Register a test user for password reset tests
      20 |     const page = await browser.newPage()
    > 21 |     await page.goto('/register')
         |                ^
      22 |
      23 |     await page.getByLabel(/name/i).fill(testUser.name)
      24 |     await page.getByLabel(/email/i).fill(testUser.email)
        at C:\Users\imoud\OneDrive\Documents\MyDistinctAi\tests\e2e\auth-password-reset.spec.ts:21:16

    attachment #1: screenshot (image/png) ──────────────────────────────────────────────────────────
    test-results\auth-password-reset-Passwo-03947-ot-password-link-from-login-Mobile-Chrome\test-failed-1.png
    ────────────────────────────────────────────────────────────────────────────────────────────────


[1A[2K[598/910] [Mobile Chrome] › tests\e2e\auth-password-reset.spec.ts:178:7 › Password Reset › should prevent multiple rapid submissions
[1A[2K[599/910] [Mobile Chrome] › tests\e2e\auth-registration.spec.ts:119:7 › User Registration › should show error when registering with existing email
[1A[2KInternal error: step id not found: fixture@32

[1A[2K  505) [Mobile Chrome] › tests\e2e\auth-password-reset.spec.ts:201:7 › Password Reset › should clear form after successful submission 

    Error: page.goto: net::ERR_CONNECTION_REFUSED at http://localhost:4000/register
    Call log:
    [2m  - navigating to "http://localhost:4000/register", waiting until "load"[22m


      19 |     // Register a test user for password reset tests
      20 |     const page = await browser.newPage()
    > 21 |     await page.goto('/register')
         |                ^
      22 |
      23 |     await page.getByLabel(/name/i).fill(testUser.name)
      24 |     await page.getByLabel(/email/i).fill(testUser.email)
        at C:\Users\imoud\OneDrive\Documents\MyDistinctAi\tests\e2e\auth-password-reset.spec.ts:21:16

    attachment #1: screenshot (image/png) ──────────────────────────────────────────────────────────
    test-results\auth-password-reset-Passwo-3d6de-after-successful-submission-Mobile-Chrome\test-failed-1.png
    ────────────────────────────────────────────────────────────────────────────────────────────────


[1A[2K[600/910] [Mobile Chrome] › tests\e2e\auth-password-reset.spec.ts:224:7 › Password Reset › should be responsive on mobile viewport
[1A[2KInternal error: step id not found: fixture@32

[1A[2K  506) [Mobile Chrome] › tests\e2e\auth-password-reset.spec.ts:238:7 › Password Reset › should have proper page metadata 

    Error: page.goto: net::ERR_CONNECTION_REFUSED at http://localhost:4000/register
    Call log:
    [2m  - navigating to "http://localhost:4000/register", waiting until "load"[22m


      19 |     // Register a test user for password reset tests
      20 |     const page = await browser.newPage()
    > 21 |     await page.goto('/register')
         |                ^
      22 |
      23 |     await page.getByLabel(/name/i).fill(testUser.name)
      24 |     await page.getByLabel(/email/i).fill(testUser.email)
        at C:\Users\imoud\OneDrive\Documents\MyDistinctAi\tests\e2e\auth-password-reset.spec.ts:21:16

    attachment #1: screenshot (image/png) ──────────────────────────────────────────────────────────
    test-results\auth-password-reset-Passwo-2f9e2-d-have-proper-page-metadata-Mobile-Chrome\test-failed-1.png
    ────────────────────────────────────────────────────────────────────────────────────────────────


[1A[2K[601/910] [Mobile Chrome] › tests\e2e\auth-password-reset.spec.ts:243:7 › Password Reset › should handle network errors gracefully
[1A[2K  507) [Mobile Chrome] › tests\e2e\auth-registration.spec.ts:20:7 › User Registration › should display registration form with all fields 

    Error: page.goto: net::ERR_CONNECTION_REFUSED at http://localhost:4000/register
    Call log:
    [2m  - navigating to "http://localhost:4000/register", waiting until "load"[22m


      15 |   test.beforeEach(async ({ page }) => {
      16 |     // Navigate to registration page before each test
    > 17 |     await page.goto('/register')
         |                ^
      18 |   })
      19 |
      20 |   test('should display registration form with all fields', async ({ page }) => {
        at C:\Users\imoud\OneDrive\Documents\MyDistinctAi\tests\e2e\auth-registration.spec.ts:17:16

    attachment #1: screenshot (image/png) ──────────────────────────────────────────────────────────
    test-results\auth-registration-User-Reg-54455-ration-form-with-all-fields-Mobile-Chrome\test-failed-1.png
    ────────────────────────────────────────────────────────────────────────────────────────────────

    attachment #2: video (video/webm) ──────────────────────────────────────────────────────────────
    test-results\auth-registration-User-Reg-54455-ration-form-with-all-fields-Mobile-Chrome\video.webm
    ────────────────────────────────────────────────────────────────────────────────────────────────


[1A[2K  508) [Mobile Chrome] › tests\e2e\auth-registration.spec.ts:38:7 › User Registration › should show validation errors for empty form 

    Error: page.goto: net::ERR_CONNECTION_REFUSED at http://localhost:4000/register
    Call log:
    [2m  - navigating to "http://localhost:4000/register", waiting until "load"[22m


      15 |   test.beforeEach(async ({ page }) => {
      16 |     // Navigate to registration page before each test
    > 17 |     await page.goto('/register')
         |                ^
      18 |   })
      19 |
      20 |   test('should display registration form with all fields', async ({ page }) => {
        at C:\Users\imoud\OneDrive\Documents\MyDistinctAi\tests\e2e\auth-registration.spec.ts:17:16

    attachment #1: screenshot (image/png) ──────────────────────────────────────────────────────────
    test-results\auth-registration-User-Reg-1a31e-ation-errors-for-empty-form-Mobile-Chrome\test-failed-1.png
    ────────────────────────────────────────────────────────────────────────────────────────────────

    attachment #2: video (video/webm) ──────────────────────────────────────────────────────────────
    test-results\auth-registration-User-Reg-1a31e-ation-errors-for-empty-form-Mobile-Chrome\video.webm
    ────────────────────────────────────────────────────────────────────────────────────────────────


[1A[2K  509) [Mobile Chrome] › tests\e2e\auth-registration.spec.ts:49:7 › User Registration › should show error for invalid email format 

    Error: page.goto: net::ERR_CONNECTION_REFUSED at http://localhost:4000/register
    Call log:
    [2m  - navigating to "http://localhost:4000/register", waiting until "load"[22m


      15 |   test.beforeEach(async ({ page }) => {
      16 |     // Navigate to registration page before each test
    > 17 |     await page.goto('/register')
         |                ^
      18 |   })
      19 |
      20 |   test('should display registration form with all fields', async ({ page }) => {
        at C:\Users\imoud\OneDrive\Documents\MyDistinctAi\tests\e2e\auth-registration.spec.ts:17:16

    attachment #1: screenshot (image/png) ──────────────────────────────────────────────────────────
    test-results\auth-registration-User-Reg-c0812-or-for-invalid-email-format-Mobile-Chrome\test-failed-1.png
    ────────────────────────────────────────────────────────────────────────────────────────────────

    attachment #2: video (video/webm) ──────────────────────────────────────────────────────────────
    test-results\auth-registration-User-Reg-c0812-or-for-invalid-email-format-Mobile-Chrome\video.webm
    ────────────────────────────────────────────────────────────────────────────────────────────────


[1A[2K  510) [Mobile Chrome] › tests\e2e\auth-registration.spec.ts:69:7 › User Registration › should show error for weak password 

    Error: page.goto: net::ERR_CONNECTION_REFUSED at http://localhost:4000/register
    Call log:
    [2m  - navigating to "http://localhost:4000/register", waiting until "load"[22m


      15 |   test.beforeEach(async ({ page }) => {
      16 |     // Navigate to registration page before each test
    > 17 |     await page.goto('/register')
         |                ^
      18 |   })
      19 |
      20 |   test('should display registration form with all fields', async ({ page }) => {
        at C:\Users\imoud\OneDrive\Documents\MyDistinctAi\tests\e2e\auth-registration.spec.ts:17:16

    attachment #1: screenshot (image/png) ──────────────────────────────────────────────────────────
    test-results\auth-registration-User-Reg-41bff-how-error-for-weak-password-Mobile-Chrome\test-failed-1.png
    ────────────────────────────────────────────────────────────────────────────────────────────────

    attachment #2: video (video/webm) ──────────────────────────────────────────────────────────────
    test-results\auth-registration-User-Reg-41bff-how-error-for-weak-password-Mobile-Chrome\video.webm
    ────────────────────────────────────────────────────────────────────────────────────────────────


[1A[2K  511) [Mobile Chrome] › tests\e2e\auth-registration.spec.ts:89:7 › User Registration › should successfully register a new user 

    Error: page.goto: net::ERR_CONNECTION_REFUSED at http://localhost:4000/register
    Call log:
    [2m  - navigating to "http://localhost:4000/register", waiting until "load"[22m


      15 |   test.beforeEach(async ({ page }) => {
      16 |     // Navigate to registration page before each test
    > 17 |     await page.goto('/register')
         |                ^
      18 |   })
      19 |
      20 |   test('should display registration form with all fields', async ({ page }) => {
        at C:\Users\imoud\OneDrive\Documents\MyDistinctAi\tests\e2e\auth-registration.spec.ts:17:16

    attachment #1: screenshot (image/png) ──────────────────────────────────────────────────────────
    test-results\auth-registration-User-Reg-35fce-ssfully-register-a-new-user-Mobile-Chrome\test-failed-1.png
    ────────────────────────────────────────────────────────────────────────────────────────────────

    attachment #2: video (video/webm) ──────────────────────────────────────────────────────────────
    test-results\auth-registration-User-Reg-35fce-ssfully-register-a-new-user-Mobile-Chrome\video.webm
    ────────────────────────────────────────────────────────────────────────────────────────────────


[1A[2K[602/910] [Mobile Chrome] › tests\e2e\auth-registration.spec.ts:156:7 › User Registration › should allow navigation to login page
[1A[2K[603/910] [Mobile Chrome] › tests\e2e\auth-registration.spec.ts:166:7 › User Registration › should toggle password visibility
[1A[2K[604/910] [Mobile Chrome] › tests\e2e\auth-registration.spec.ts:188:7 › User Registration › should have all industry options available
[1A[2K[605/910] [Mobile Chrome] › tests\e2e\auth-registration.spec.ts:200:7 › User Registration › should be responsive on mobile viewport
[1A[2K[606/910] [Mobile Chrome] › tests\e2e\branding.spec.ts:19:7 › Branding Settings › should navigate to branding settings page
[1A[2K[607/910] [Mobile Chrome] › tests\e2e\branding.spec.ts:31:7 › Branding Settings › should display all branding form sections
[1A[2K[608/910] [Mobile Chrome] › tests\e2e\branding.spec.ts:57:7 › Branding Settings › should update company name and see live preview
[1A[2K  512) [Mobile Chrome] › tests\e2e\auth-registration.spec.ts:119:7 › User Registration › should show error when registering with existing email 

    Error: page.goto: net::ERR_CONNECTION_REFUSED at http://localhost:4000/register
    Call log:
    [2m  - navigating to "http://localhost:4000/register", waiting until "load"[22m


      15 |   test.beforeEach(async ({ page }) => {
      16 |     // Navigate to registration page before each test
    > 17 |     await page.goto('/register')
         |                ^
      18 |   })
      19 |
      20 |   test('should display registration form with all fields', async ({ page }) => {
        at C:\Users\imoud\OneDrive\Documents\MyDistinctAi\tests\e2e\auth-registration.spec.ts:17:16

    attachment #1: screenshot (image/png) ──────────────────────────────────────────────────────────
    test-results\auth-registration-User-Reg-6335f-stering-with-existing-email-Mobile-Chrome\test-failed-1.png
    ────────────────────────────────────────────────────────────────────────────────────────────────

    attachment #2: video (video/webm) ──────────────────────────────────────────────────────────────
    test-results\auth-registration-User-Reg-6335f-stering-with-existing-email-Mobile-Chrome\video.webm
    ────────────────────────────────────────────────────────────────────────────────────────────────


[1A[2K[609/910] [Mobile Chrome] › tests\e2e\branding.spec.ts:70:7 › Branding Settings › should update primary color and see live preview
[1A[2K  513) [Mobile Chrome] › tests\e2e\auth-registration.spec.ts:156:7 › User Registration › should allow navigation to login page 

    Error: page.goto: net::ERR_CONNECTION_REFUSED at http://localhost:4000/register
    Call log:
    [2m  - navigating to "http://localhost:4000/register", waiting until "load"[22m


      15 |   test.beforeEach(async ({ page }) => {
      16 |     // Navigate to registration page before each test
    > 17 |     await page.goto('/register')
         |                ^
      18 |   })
      19 |
      20 |   test('should display registration form with all fields', async ({ page }) => {
        at C:\Users\imoud\OneDrive\Documents\MyDistinctAi\tests\e2e\auth-registration.spec.ts:17:16

    attachment #1: screenshot (image/png) ──────────────────────────────────────────────────────────
    test-results\auth-registration-User-Reg-dc42f-ow-navigation-to-login-page-Mobile-Chrome\test-failed-1.png
    ────────────────────────────────────────────────────────────────────────────────────────────────

    attachment #2: video (video/webm) ──────────────────────────────────────────────────────────────
    test-results\auth-registration-User-Reg-dc42f-ow-navigation-to-login-page-Mobile-Chrome\video.webm
    ────────────────────────────────────────────────────────────────────────────────────────────────


[1A[2K  514) [Mobile Chrome] › tests\e2e\auth-registration.spec.ts:166:7 › User Registration › should toggle password visibility 

    Error: page.goto: net::ERR_CONNECTION_REFUSED at http://localhost:4000/register
    Call log:
    [2m  - navigating to "http://localhost:4000/register", waiting until "load"[22m


      15 |   test.beforeEach(async ({ page }) => {
      16 |     // Navigate to registration page before each test
    > 17 |     await page.goto('/register')
         |                ^
      18 |   })
      19 |
      20 |   test('should display registration form with all fields', async ({ page }) => {
        at C:\Users\imoud\OneDrive\Documents\MyDistinctAi\tests\e2e\auth-registration.spec.ts:17:16

    attachment #1: screenshot (image/png) ──────────────────────────────────────────────────────────
    test-results\auth-registration-User-Reg-ac1fb--toggle-password-visibility-Mobile-Chrome\test-failed-1.png
    ────────────────────────────────────────────────────────────────────────────────────────────────

    attachment #2: video (video/webm) ──────────────────────────────────────────────────────────────
    test-results\auth-registration-User-Reg-ac1fb--toggle-password-visibility-Mobile-Chrome\video.webm
    ────────────────────────────────────────────────────────────────────────────────────────────────


[1A[2K  515) [Mobile Chrome] › tests\e2e\auth-registration.spec.ts:188:7 › User Registration › should have all industry options available 

    Error: page.goto: net::ERR_CONNECTION_REFUSED at http://localhost:4000/register
    Call log:
    [2m  - navigating to "http://localhost:4000/register", waiting until "load"[22m


      15 |   test.beforeEach(async ({ page }) => {
      16 |     // Navigate to registration page before each test
    > 17 |     await page.goto('/register')
         |                ^
      18 |   })
      19 |
      20 |   test('should display registration form with all fields', async ({ page }) => {
        at C:\Users\imoud\OneDrive\Documents\MyDistinctAi\tests\e2e\auth-registration.spec.ts:17:16

    attachment #1: screenshot (image/png) ──────────────────────────────────────────────────────────
    test-results\auth-registration-User-Reg-bc4f3--industry-options-available-Mobile-Chrome\test-failed-1.png
    ────────────────────────────────────────────────────────────────────────────────────────────────

    attachment #2: video (video/webm) ──────────────────────────────────────────────────────────────
    test-results\auth-registration-User-Reg-bc4f3--industry-options-available-Mobile-Chrome\video.webm
    ────────────────────────────────────────────────────────────────────────────────────────────────


[1A[2K[610/910] [Mobile Chrome] › tests\e2e\branding.spec.ts:86:7 › Branding Settings › should update secondary color and see live preview
[1A[2K  516) [Mobile Chrome] › tests\e2e\auth-registration.spec.ts:200:7 › User Registration › should be responsive on mobile viewport 

    Error: page.goto: net::ERR_CONNECTION_REFUSED at http://localhost:4000/register
    Call log:
    [2m  - navigating to "http://localhost:4000/register", waiting until "load"[22m


      15 |   test.beforeEach(async ({ page }) => {
      16 |     // Navigate to registration page before each test
    > 17 |     await page.goto('/register')
         |                ^
      18 |   })
      19 |
      20 |   test('should display registration form with all fields', async ({ page }) => {
        at C:\Users\imoud\OneDrive\Documents\MyDistinctAi\tests\e2e\auth-registration.spec.ts:17:16

    attachment #1: screenshot (image/png) ──────────────────────────────────────────────────────────
    test-results\auth-registration-User-Reg-546df-sponsive-on-mobile-viewport-Mobile-Chrome\test-failed-1.png
    ────────────────────────────────────────────────────────────────────────────────────────────────

    attachment #2: video (video/webm) ──────────────────────────────────────────────────────────────
    test-results\auth-registration-User-Reg-546df-sponsive-on-mobile-viewport-Mobile-Chrome\video.webm
    ────────────────────────────────────────────────────────────────────────────────────────────────


[1A[2K  517) [Mobile Chrome] › tests\e2e\branding.spec.ts:19:7 › Branding Settings › should navigate to branding settings page 

    Error: page.goto: net::ERR_CONNECTION_REFUSED at http://localhost:4000/login
    Call log:
    [2m  - navigating to "http://localhost:4000/login", waiting until "load"[22m


      4 |   test.beforeEach(async ({ page }) => {
      5 |     // Navigate to login page
    > 6 |     await page.goto('http://localhost:4000/login')
        |                ^
      7 |
      8 |     // Login with existing test credentials
      9 |     await page.getByLabel(/email/i).fill('mytest@testmail.app')
        at C:\Users\imoud\OneDrive\Documents\MyDistinctAi\tests\e2e\branding.spec.ts:6:16

    attachment #1: screenshot (image/png) ──────────────────────────────────────────────────────────
    test-results\branding-Branding-Settings-b5f9a-e-to-branding-settings-page-Mobile-Chrome\test-failed-1.png
    ────────────────────────────────────────────────────────────────────────────────────────────────

    attachment #2: video (video/webm) ──────────────────────────────────────────────────────────────
    test-results\branding-Branding-Settings-b5f9a-e-to-branding-settings-page-Mobile-Chrome\video.webm
    ────────────────────────────────────────────────────────────────────────────────────────────────


[1A[2K  518) [Mobile Chrome] › tests\e2e\branding.spec.ts:31:7 › Branding Settings › should display all branding form sections 

    Error: page.goto: net::ERR_CONNECTION_REFUSED at http://localhost:4000/login
    Call log:
    [2m  - navigating to "http://localhost:4000/login", waiting until "load"[22m


      4 |   test.beforeEach(async ({ page }) => {
      5 |     // Navigate to login page
    > 6 |     await page.goto('http://localhost:4000/login')
        |                ^
      7 |
      8 |     // Login with existing test credentials
      9 |     await page.getByLabel(/email/i).fill('mytest@testmail.app')
        at C:\Users\imoud\OneDrive\Documents\MyDistinctAi\tests\e2e\branding.spec.ts:6:16

    attachment #1: screenshot (image/png) ──────────────────────────────────────────────────────────
    test-results\branding-Branding-Settings-11cb2--all-branding-form-sections-Mobile-Chrome\test-failed-1.png
    ────────────────────────────────────────────────────────────────────────────────────────────────

    attachment #2: video (video/webm) ──────────────────────────────────────────────────────────────
    test-results\branding-Branding-Settings-11cb2--all-branding-form-sections-Mobile-Chrome\video.webm
    ────────────────────────────────────────────────────────────────────────────────────────────────


[1A[2K  519) [Mobile Chrome] › tests\e2e\branding.spec.ts:57:7 › Branding Settings › should update company name and see live preview 

    Error: page.goto: net::ERR_CONNECTION_REFUSED at http://localhost:4000/login
    Call log:
    [2m  - navigating to "http://localhost:4000/login", waiting until "load"[22m


      4 |   test.beforeEach(async ({ page }) => {
      5 |     // Navigate to login page
    > 6 |     await page.goto('http://localhost:4000/login')
        |                ^
      7 |
      8 |     // Login with existing test credentials
      9 |     await page.getByLabel(/email/i).fill('mytest@testmail.app')
        at C:\Users\imoud\OneDrive\Documents\MyDistinctAi\tests\e2e\branding.spec.ts:6:16

    attachment #1: screenshot (image/png) ──────────────────────────────────────────────────────────
    test-results\branding-Branding-Settings-6d285-y-name-and-see-live-preview-Mobile-Chrome\test-failed-1.png
    ────────────────────────────────────────────────────────────────────────────────────────────────

    attachment #2: video (video/webm) ──────────────────────────────────────────────────────────────
    test-results\branding-Branding-Settings-6d285-y-name-and-see-live-preview-Mobile-Chrome\video.webm
    ────────────────────────────────────────────────────────────────────────────────────────────────


[1A[2K[611/910] [Mobile Chrome] › tests\e2e\branding.spec.ts:102:7 › Branding Settings › should show DNS instructions modal
[1A[2K[612/910] [Mobile Chrome] › tests\e2e\branding.spec.ts:121:7 › Branding Settings › should validate company name is required
[1A[2K[613/910] [Mobile Chrome] › tests\e2e\branding.spec.ts:137:7 › Branding Settings › should display custom domain in preview
[1A[2K[614/910] [Mobile Chrome] › tests\e2e\branding.spec.ts:152:7 › Branding Settings › should show save button
[1A[2K[615/910] [Mobile Chrome] › tests\e2e\branding.spec.ts:162:7 › Branding Settings › should have upload buttons for logo and favicon
[1A[2K[616/910] [Mobile Chrome] › tests\e2e\branding.spec.ts:175:7 › Branding Settings › should show live preview section with sample elements
[1A[2K  520) [Mobile Chrome] › tests\e2e\branding.spec.ts:70:7 › Branding Settings › should update primary color and see live preview 

    Error: page.goto: net::ERR_CONNECTION_REFUSED at http://localhost:4000/login
    Call log:
    [2m  - navigating to "http://localhost:4000/login", waiting until "load"[22m


      4 |   test.beforeEach(async ({ page }) => {
      5 |     // Navigate to login page
    > 6 |     await page.goto('http://localhost:4000/login')
        |                ^
      7 |
      8 |     // Login with existing test credentials
      9 |     await page.getByLabel(/email/i).fill('mytest@testmail.app')
        at C:\Users\imoud\OneDrive\Documents\MyDistinctAi\tests\e2e\branding.spec.ts:6:16

    attachment #1: screenshot (image/png) ──────────────────────────────────────────────────────────
    test-results\branding-Branding-Settings-b2877--color-and-see-live-preview-Mobile-Chrome\test-failed-1.png
    ────────────────────────────────────────────────────────────────────────────────────────────────

    attachment #2: video (video/webm) ──────────────────────────────────────────────────────────────
    test-results\branding-Branding-Settings-b2877--color-and-see-live-preview-Mobile-Chrome\video.webm
    ────────────────────────────────────────────────────────────────────────────────────────────────


[1A[2K[617/910] [Mobile Chrome] › tests\e2e\chat.spec.ts:16:7 › Chat Interface › should display chat page with sidebar and empty state
[1A[2K  521) [Mobile Chrome] › tests\e2e\branding.spec.ts:86:7 › Branding Settings › should update secondary color and see live preview 

    Error: page.goto: net::ERR_CONNECTION_REFUSED at http://localhost:4000/login
    Call log:
    [2m  - navigating to "http://localhost:4000/login", waiting until "load"[22m


      4 |   test.beforeEach(async ({ page }) => {
      5 |     // Navigate to login page
    > 6 |     await page.goto('http://localhost:4000/login')
        |                ^
      7 |
      8 |     // Login with existing test credentials
      9 |     await page.getByLabel(/email/i).fill('mytest@testmail.app')
        at C:\Users\imoud\OneDrive\Documents\MyDistinctAi\tests\e2e\branding.spec.ts:6:16

    attachment #1: screenshot (image/png) ──────────────────────────────────────────────────────────
    test-results\branding-Branding-Settings-26d31--color-and-see-live-preview-Mobile-Chrome\test-failed-1.png
    ────────────────────────────────────────────────────────────────────────────────────────────────

    attachment #2: video (video/webm) ──────────────────────────────────────────────────────────────
    test-results\branding-Branding-Settings-26d31--color-and-see-live-preview-Mobile-Chrome\video.webm
    ────────────────────────────────────────────────────────────────────────────────────────────────


[1A[2K  522) [Mobile Chrome] › tests\e2e\branding.spec.ts:102:7 › Branding Settings › should show DNS instructions modal 

    Error: page.goto: net::ERR_CONNECTION_REFUSED at http://localhost:4000/login
    Call log:
    [2m  - navigating to "http://localhost:4000/login", waiting until "load"[22m


      4 |   test.beforeEach(async ({ page }) => {
      5 |     // Navigate to login page
    > 6 |     await page.goto('http://localhost:4000/login')
        |                ^
      7 |
      8 |     // Login with existing test credentials
      9 |     await page.getByLabel(/email/i).fill('mytest@testmail.app')
        at C:\Users\imoud\OneDrive\Documents\MyDistinctAi\tests\e2e\branding.spec.ts:6:16

    attachment #1: screenshot (image/png) ──────────────────────────────────────────────────────────
    test-results\branding-Branding-Settings-647f1-show-DNS-instructions-modal-Mobile-Chrome\test-failed-1.png
    ────────────────────────────────────────────────────────────────────────────────────────────────

    attachment #2: video (video/webm) ──────────────────────────────────────────────────────────────
    test-results\branding-Branding-Settings-647f1-show-DNS-instructions-modal-Mobile-Chrome\video.webm
    ────────────────────────────────────────────────────────────────────────────────────────────────


[1A[2K  523) [Mobile Chrome] › tests\e2e\branding.spec.ts:121:7 › Branding Settings › should validate company name is required 

    Error: page.goto: net::ERR_CONNECTION_REFUSED at http://localhost:4000/login
    Call log:
    [2m  - navigating to "http://localhost:4000/login", waiting until "load"[22m


      4 |   test.beforeEach(async ({ page }) => {
      5 |     // Navigate to login page
    > 6 |     await page.goto('http://localhost:4000/login')
        |                ^
      7 |
      8 |     // Login with existing test credentials
      9 |     await page.getByLabel(/email/i).fill('mytest@testmail.app')
        at C:\Users\imoud\OneDrive\Documents\MyDistinctAi\tests\e2e\branding.spec.ts:6:16

    attachment #1: screenshot (image/png) ──────────────────────────────────────────────────────────
    test-results\branding-Branding-Settings-99740-te-company-name-is-required-Mobile-Chrome\test-failed-1.png
    ────────────────────────────────────────────────────────────────────────────────────────────────

    attachment #2: video (video/webm) ──────────────────────────────────────────────────────────────
    test-results\branding-Branding-Settings-99740-te-company-name-is-required-Mobile-Chrome\video.webm
    ────────────────────────────────────────────────────────────────────────────────────────────────


[1A[2K[618/910] [Mobile Chrome] › tests\e2e\chat.spec.ts:31:7 › Chat Interface › should display existing chat messages
[1A[2K  524) [Mobile Chrome] › tests\e2e\branding.spec.ts:137:7 › Branding Settings › should display custom domain in preview 

    Error: page.goto: net::ERR_CONNECTION_REFUSED at http://localhost:4000/login
    Call log:
    [2m  - navigating to "http://localhost:4000/login", waiting until "load"[22m


      4 |   test.beforeEach(async ({ page }) => {
      5 |     // Navigate to login page
    > 6 |     await page.goto('http://localhost:4000/login')
        |                ^
      7 |
      8 |     // Login with existing test credentials
      9 |     await page.getByLabel(/email/i).fill('mytest@testmail.app')
        at C:\Users\imoud\OneDrive\Documents\MyDistinctAi\tests\e2e\branding.spec.ts:6:16

    attachment #1: screenshot (image/png) ──────────────────────────────────────────────────────────
    test-results\branding-Branding-Settings-a4bfe-ay-custom-domain-in-preview-Mobile-Chrome\test-failed-1.png
    ────────────────────────────────────────────────────────────────────────────────────────────────

    attachment #2: video (video/webm) ──────────────────────────────────────────────────────────────
    test-results\branding-Branding-Settings-a4bfe-ay-custom-domain-in-preview-Mobile-Chrome\video.webm
    ────────────────────────────────────────────────────────────────────────────────────────────────


[1A[2K[619/910] [Mobile Chrome] › tests\e2e\chat.spec.ts:44:7 › Chat Interface › should send a message and receive response
[1A[2K  525) [Mobile Chrome] › tests\e2e\branding.spec.ts:152:7 › Branding Settings › should show save button 

    Error: page.goto: net::ERR_CONNECTION_REFUSED at http://localhost:4000/login
    Call log:
    [2m  - navigating to "http://localhost:4000/login", waiting until "load"[22m


      4 |   test.beforeEach(async ({ page }) => {
      5 |     // Navigate to login page
    > 6 |     await page.goto('http://localhost:4000/login')
        |                ^
      7 |
      8 |     // Login with existing test credentials
      9 |     await page.getByLabel(/email/i).fill('mytest@testmail.app')
        at C:\Users\imoud\OneDrive\Documents\MyDistinctAi\tests\e2e\branding.spec.ts:6:16

    attachment #1: screenshot (image/png) ──────────────────────────────────────────────────────────
    test-results\branding-Branding-Settings-should-show-save-button-Mobile-Chrome\test-failed-1.png
    ────────────────────────────────────────────────────────────────────────────────────────────────

    attachment #2: video (video/webm) ──────────────────────────────────────────────────────────────
    test-results\branding-Branding-Settings-should-show-save-button-Mobile-Chrome\video.webm
    ────────────────────────────────────────────────────────────────────────────────────────────────


[1A[2K  526) [Mobile Chrome] › tests\e2e\branding.spec.ts:162:7 › Branding Settings › should have upload buttons for logo and favicon 

    Error: page.goto: net::ERR_CONNECTION_REFUSED at http://localhost:4000/login
    Call log:
    [2m  - navigating to "http://localhost:4000/login", waiting until "load"[22m


      4 |   test.beforeEach(async ({ page }) => {
      5 |     // Navigate to login page
    > 6 |     await page.goto('http://localhost:4000/login')
        |                ^
      7 |
      8 |     // Login with existing test credentials
      9 |     await page.getByLabel(/email/i).fill('mytest@testmail.app')
        at C:\Users\imoud\OneDrive\Documents\MyDistinctAi\tests\e2e\branding.spec.ts:6:16

    attachment #1: screenshot (image/png) ──────────────────────────────────────────────────────────
    test-results\branding-Branding-Settings-f3cc6-uttons-for-logo-and-favicon-Mobile-Chrome\test-failed-1.png
    ────────────────────────────────────────────────────────────────────────────────────────────────

    attachment #2: video (video/webm) ──────────────────────────────────────────────────────────────
    test-results\branding-Branding-Settings-f3cc6-uttons-for-logo-and-favicon-Mobile-Chrome\video.webm
    ────────────────────────────────────────────────────────────────────────────────────────────────


[1A[2K  527) [Mobile Chrome] › tests\e2e\branding.spec.ts:175:7 › Branding Settings › should show live preview section with sample elements 

    Error: page.goto: net::ERR_CONNECTION_REFUSED at http://localhost:4000/login
    Call log:
    [2m  - navigating to "http://localhost:4000/login", waiting until "load"[22m


      4 |   test.beforeEach(async ({ page }) => {
      5 |     // Navigate to login page
    > 6 |     await page.goto('http://localhost:4000/login')
        |                ^
      7 |
      8 |     // Login with existing test credentials
      9 |     await page.getByLabel(/email/i).fill('mytest@testmail.app')
        at C:\Users\imoud\OneDrive\Documents\MyDistinctAi\tests\e2e\branding.spec.ts:6:16

    attachment #1: screenshot (image/png) ──────────────────────────────────────────────────────────
    test-results\branding-Branding-Settings-8e509-ection-with-sample-elements-Mobile-Chrome\test-failed-1.png
    ────────────────────────────────────────────────────────────────────────────────────────────────

    attachment #2: video (video/webm) ──────────────────────────────────────────────────────────────
    test-results\branding-Branding-Settings-8e509-ection-with-sample-elements-Mobile-Chrome\video.webm
    ────────────────────────────────────────────────────────────────────────────────────────────────


[1A[2K[620/910] [Mobile Chrome] › tests\e2e\chat.spec.ts:70:7 › Chat Interface › should create a new chat session
[1A[2K[621/910] [Mobile Chrome] › tests\e2e\chat.spec.ts:81:7 › Chat Interface › should switch between chat sessions
[1A[2K  528) [Mobile Chrome] › tests\e2e\chat.spec.ts:16:7 › Chat Interface › should display chat page with sidebar and empty state 

    Error: page.goto: net::ERR_CONNECTION_REFUSED at http://localhost:4000/chat/test-model-123
    Call log:
    [2m  - navigating to "http://localhost:4000/chat/test-model-123", waiting until "load"[22m


      10 |   test.beforeEach(async ({ page }) => {
      11 |     // Navigate directly to chat page for testing (outside dashboard for now)
    > 12 |     await page.goto('http://localhost:4000/chat/test-model-123')
         |                ^
      13 |     await page.waitForLoadState('networkidle')
      14 |   })
      15 |
        at C:\Users\imoud\OneDrive\Documents\MyDistinctAi\tests\e2e\chat.spec.ts:12:16

    attachment #1: screenshot (image/png) ──────────────────────────────────────────────────────────
    test-results\chat-Chat-Interface-should-8a04b-ith-sidebar-and-empty-state-Mobile-Chrome\test-failed-1.png
    ────────────────────────────────────────────────────────────────────────────────────────────────

    attachment #2: video (video/webm) ──────────────────────────────────────────────────────────────
    test-results\chat-Chat-Interface-should-8a04b-ith-sidebar-and-empty-state-Mobile-Chrome\video.webm
    ────────────────────────────────────────────────────────────────────────────────────────────────


[1A[2K[622/910] [Mobile Chrome] › tests\e2e\chat.spec.ts:92:7 › Chat Interface › should display copy button on AI messages
[1A[2K[623/910] [Mobile Chrome] › tests\e2e\chat.spec.ts:104:7 › Chat Interface › should display regenerate button on last AI message
[1A[2K[624/910] [Mobile Chrome] › tests\e2e\chat.spec.ts:112:7 › Chat Interface › should show typing indicator when sending message
[1A[2K[625/910] [Mobile Chrome] › tests\e2e\chat.spec.ts:129:7 › Chat Interface › should clear input field after sending message
[1A[2K  529) [Mobile Chrome] › tests\e2e\chat.spec.ts:31:7 › Chat Interface › should display existing chat messages 

    Error: page.goto: net::ERR_CONNECTION_REFUSED at http://localhost:4000/chat/test-model-123
    Call log:
    [2m  - navigating to "http://localhost:4000/chat/test-model-123", waiting until "load"[22m


      10 |   test.beforeEach(async ({ page }) => {
      11 |     // Navigate directly to chat page for testing (outside dashboard for now)
    > 12 |     await page.goto('http://localhost:4000/chat/test-model-123')
         |                ^
      13 |     await page.waitForLoadState('networkidle')
      14 |   })
      15 |
        at C:\Users\imoud\OneDrive\Documents\MyDistinctAi\tests\e2e\chat.spec.ts:12:16

    attachment #1: screenshot (image/png) ──────────────────────────────────────────────────────────
    test-results\chat-Chat-Interface-should-display-existing-chat-messages-Mobile-Chrome\test-failed-1.png
    ────────────────────────────────────────────────────────────────────────────────────────────────

    attachment #2: video (video/webm) ──────────────────────────────────────────────────────────────
    test-results\chat-Chat-Interface-should-display-existing-chat-messages-Mobile-Chrome\video.webm
    ────────────────────────────────────────────────────────────────────────────────────────────────


[1A[2K  530) [Mobile Chrome] › tests\e2e\chat.spec.ts:44:7 › Chat Interface › should send a message and receive response 

    Error: page.goto: net::ERR_CONNECTION_REFUSED at http://localhost:4000/chat/test-model-123
    Call log:
    [2m  - navigating to "http://localhost:4000/chat/test-model-123", waiting until "load"[22m


      10 |   test.beforeEach(async ({ page }) => {
      11 |     // Navigate directly to chat page for testing (outside dashboard for now)
    > 12 |     await page.goto('http://localhost:4000/chat/test-model-123')
         |                ^
      13 |     await page.waitForLoadState('networkidle')
      14 |   })
      15 |
        at C:\Users\imoud\OneDrive\Documents\MyDistinctAi\tests\e2e\chat.spec.ts:12:16

    attachment #1: screenshot (image/png) ──────────────────────────────────────────────────────────
    test-results\chat-Chat-Interface-should-bc8e7-essage-and-receive-response-Mobile-Chrome\test-failed-1.png
    ────────────────────────────────────────────────────────────────────────────────────────────────

    attachment #2: video (video/webm) ──────────────────────────────────────────────────────────────
    test-results\chat-Chat-Interface-should-bc8e7-essage-and-receive-response-Mobile-Chrome\video.webm
    ────────────────────────────────────────────────────────────────────────────────────────────────


[1A[2K[626/910] [Mobile Chrome] › tests\e2e\chat.spec.ts:148:7 › Chat Interface › should display export buttons on active session
[1A[2K  531) [Mobile Chrome] › tests\e2e\chat.spec.ts:70:7 › Chat Interface › should create a new chat session 

    Error: page.goto: net::ERR_CONNECTION_REFUSED at http://localhost:4000/chat/test-model-123
    Call log:
    [2m  - navigating to "http://localhost:4000/chat/test-model-123", waiting until "load"[22m


      10 |   test.beforeEach(async ({ page }) => {
      11 |     // Navigate directly to chat page for testing (outside dashboard for now)
    > 12 |     await page.goto('http://localhost:4000/chat/test-model-123')
         |                ^
      13 |     await page.waitForLoadState('networkidle')
      14 |   })
      15 |
        at C:\Users\imoud\OneDrive\Documents\MyDistinctAi\tests\e2e\chat.spec.ts:12:16

    attachment #1: screenshot (image/png) ──────────────────────────────────────────────────────────
    test-results\chat-Chat-Interface-should-create-a-new-chat-session-Mobile-Chrome\test-failed-1.png
    ────────────────────────────────────────────────────────────────────────────────────────────────

    attachment #2: video (video/webm) ──────────────────────────────────────────────────────────────
    test-results\chat-Chat-Interface-should-create-a-new-chat-session-Mobile-Chrome\video.webm
    ────────────────────────────────────────────────────────────────────────────────────────────────


[1A[2K[627/910] [Mobile Chrome] › tests\e2e\chat.spec.ts:157:7 › Chat Interface › should show chat header with model name
[1A[2K  532) [Mobile Chrome] › tests\e2e\chat.spec.ts:81:7 › Chat Interface › should switch between chat sessions 

    Error: page.goto: net::ERR_CONNECTION_REFUSED at http://localhost:4000/chat/test-model-123
    Call log:
    [2m  - navigating to "http://localhost:4000/chat/test-model-123", waiting until "load"[22m


      10 |   test.beforeEach(async ({ page }) => {
      11 |     // Navigate directly to chat page for testing (outside dashboard for now)
    > 12 |     await page.goto('http://localhost:4000/chat/test-model-123')
         |                ^
      13 |     await page.waitForLoadState('networkidle')
      14 |   })
      15 |
        at C:\Users\imoud\OneDrive\Documents\MyDistinctAi\tests\e2e\chat.spec.ts:12:16

    attachment #1: screenshot (image/png) ──────────────────────────────────────────────────────────
    test-results\chat-Chat-Interface-should-switch-between-chat-sessions-Mobile-Chrome\test-failed-1.png
    ────────────────────────────────────────────────────────────────────────────────────────────────

    attachment #2: video (video/webm) ──────────────────────────────────────────────────────────────
    test-results\chat-Chat-Interface-should-switch-between-chat-sessions-Mobile-Chrome\video.webm
    ────────────────────────────────────────────────────────────────────────────────────────────────


[1A[2K  533) [Mobile Chrome] › tests\e2e\chat.spec.ts:92:7 › Chat Interface › should display copy button on AI messages 

    Error: page.goto: net::ERR_CONNECTION_REFUSED at http://localhost:4000/chat/test-model-123
    Call log:
    [2m  - navigating to "http://localhost:4000/chat/test-model-123", waiting until "load"[22m


      10 |   test.beforeEach(async ({ page }) => {
      11 |     // Navigate directly to chat page for testing (outside dashboard for now)
    > 12 |     await page.goto('http://localhost:4000/chat/test-model-123')
         |                ^
      13 |     await page.waitForLoadState('networkidle')
      14 |   })
      15 |
        at C:\Users\imoud\OneDrive\Documents\MyDistinctAi\tests\e2e\chat.spec.ts:12:16

    attachment #1: screenshot (image/png) ──────────────────────────────────────────────────────────
    test-results\chat-Chat-Interface-should-e01e0--copy-button-on-AI-messages-Mobile-Chrome\test-failed-1.png
    ────────────────────────────────────────────────────────────────────────────────────────────────

    attachment #2: video (video/webm) ──────────────────────────────────────────────────────────────
    test-results\chat-Chat-Interface-should-e01e0--copy-button-on-AI-messages-Mobile-Chrome\video.webm
    ────────────────────────────────────────────────────────────────────────────────────────────────


[1A[2K  534) [Mobile Chrome] › tests\e2e\chat.spec.ts:104:7 › Chat Interface › should display regenerate button on last AI message 

    Error: page.goto: net::ERR_CONNECTION_REFUSED at http://localhost:4000/chat/test-model-123
    Call log:
    [2m  - navigating to "http://localhost:4000/chat/test-model-123", waiting until "load"[22m


      10 |   test.beforeEach(async ({ page }) => {
      11 |     // Navigate directly to chat page for testing (outside dashboard for now)
    > 12 |     await page.goto('http://localhost:4000/chat/test-model-123')
         |                ^
      13 |     await page.waitForLoadState('networkidle')
      14 |   })
      15 |
        at C:\Users\imoud\OneDrive\Documents\MyDistinctAi\tests\e2e\chat.spec.ts:12:16

    attachment #1: screenshot (image/png) ──────────────────────────────────────────────────────────
    test-results\chat-Chat-Interface-should-258a4-e-button-on-last-AI-message-Mobile-Chrome\test-failed-1.png
    ────────────────────────────────────────────────────────────────────────────────────────────────

    attachment #2: video (video/webm) ──────────────────────────────────────────────────────────────
    test-results\chat-Chat-Interface-should-258a4-e-button-on-last-AI-message-Mobile-Chrome\video.webm
    ────────────────────────────────────────────────────────────────────────────────────────────────


[1A[2K  535) [Mobile Chrome] › tests\e2e\chat.spec.ts:112:7 › Chat Interface › should show typing indicator when sending message 

    Error: page.goto: net::ERR_CONNECTION_REFUSED at http://localhost:4000/chat/test-model-123
    Call log:
    [2m  - navigating to "http://localhost:4000/chat/test-model-123", waiting until "load"[22m


      10 |   test.beforeEach(async ({ page }) => {
      11 |     // Navigate directly to chat page for testing (outside dashboard for now)
    > 12 |     await page.goto('http://localhost:4000/chat/test-model-123')
         |                ^
      13 |     await page.waitForLoadState('networkidle')
      14 |   })
      15 |
        at C:\Users\imoud\OneDrive\Documents\MyDistinctAi\tests\e2e\chat.spec.ts:12:16

    attachment #1: screenshot (image/png) ──────────────────────────────────────────────────────────
    test-results\chat-Chat-Interface-should-13646-icator-when-sending-message-Mobile-Chrome\test-failed-1.png
    ────────────────────────────────────────────────────────────────────────────────────────────────

    attachment #2: video (video/webm) ──────────────────────────────────────────────────────────────
    test-results\chat-Chat-Interface-should-13646-icator-when-sending-message-Mobile-Chrome\video.webm
    ────────────────────────────────────────────────────────────────────────────────────────────────


[1A[2K[628/910] [Mobile Chrome] › tests\e2e\chat.spec.ts:163:7 › Chat Interface › should handle Enter key to send message
[1A[2K  536) [Mobile Chrome] › tests\e2e\chat.spec.ts:129:7 › Chat Interface › should clear input field after sending message 

    Error: page.goto: net::ERR_CONNECTION_REFUSED at http://localhost:4000/chat/test-model-123
    Call log:
    [2m  - navigating to "http://localhost:4000/chat/test-model-123", waiting until "load"[22m


      10 |   test.beforeEach(async ({ page }) => {
      11 |     // Navigate directly to chat page for testing (outside dashboard for now)
    > 12 |     await page.goto('http://localhost:4000/chat/test-model-123')
         |                ^
      13 |     await page.waitForLoadState('networkidle')
      14 |   })
      15 |
        at C:\Users\imoud\OneDrive\Documents\MyDistinctAi\tests\e2e\chat.spec.ts:12:16

    attachment #1: screenshot (image/png) ──────────────────────────────────────────────────────────
    test-results\chat-Chat-Interface-should-2cdb7-field-after-sending-message-Mobile-Chrome\test-failed-1.png
    ────────────────────────────────────────────────────────────────────────────────────────────────

    attachment #2: video (video/webm) ──────────────────────────────────────────────────────────────
    test-results\chat-Chat-Interface-should-2cdb7-field-after-sending-message-Mobile-Chrome\video.webm
    ────────────────────────────────────────────────────────────────────────────────────────────────


[1A[2K[629/910] [Mobile Chrome] › tests\e2e\chat.spec.ts:176:7 › Chat Interface › should handle Shift+Enter for new line
[1A[2K[630/910] [Mobile Chrome] › tests\e2e\dashboard-protected.spec.ts:101:9 › Dashboard and Protected Routes › Authenticated Dashboard Access › should display dashboard with user information
[1A[2K[631/910] [Mobile Chrome] › tests\e2e\dashboard-protected.spec.ts:46:9 › Dashboard and Protected Routes › Unauthenticated Access › should redirect to login when accessing dashboard without auth
[1A[2K[632/910] [Mobile Chrome] › tests\e2e\dashboard-protected.spec.ts:145:9 › Dashboard and Protected Routes › Authenticated Dashboard Access › should display navigation menu
[1A[2K[633/910] [Mobile Chrome] › tests\e2e\dashboard-protected.spec.ts:171:9 › Dashboard and Protected Routes › Authenticated Dashboard Access › should show phase completion status
[1A[2K  537) [Mobile Chrome] › tests\e2e\chat.spec.ts:148:7 › Chat Interface › should display export buttons on active session 

    Error: page.goto: net::ERR_CONNECTION_REFUSED at http://localhost:4000/chat/test-model-123
    Call log:
    [2m  - navigating to "http://localhost:4000/chat/test-model-123", waiting until "load"[22m


      10 |   test.beforeEach(async ({ page }) => {
      11 |     // Navigate directly to chat page for testing (outside dashboard for now)
    > 12 |     await page.goto('http://localhost:4000/chat/test-model-123')
         |                ^
      13 |     await page.waitForLoadState('networkidle')
      14 |   })
      15 |
        at C:\Users\imoud\OneDrive\Documents\MyDistinctAi\tests\e2e\chat.spec.ts:12:16

    attachment #1: screenshot (image/png) ──────────────────────────────────────────────────────────
    test-results\chat-Chat-Interface-should-8e1ae-t-buttons-on-active-session-Mobile-Chrome\test-failed-1.png
    ────────────────────────────────────────────────────────────────────────────────────────────────

    attachment #2: video (video/webm) ──────────────────────────────────────────────────────────────
    test-results\chat-Chat-Interface-should-8e1ae-t-buttons-on-active-session-Mobile-Chrome\video.webm
    ────────────────────────────────────────────────────────────────────────────────────────────────


[1A[2K  538) [Mobile Chrome] › tests\e2e\chat.spec.ts:157:7 › Chat Interface › should show chat header with model name 

    Error: page.goto: net::ERR_CONNECTION_REFUSED at http://localhost:4000/chat/test-model-123
    Call log:
    [2m  - navigating to "http://localhost:4000/chat/test-model-123", waiting until "load"[22m


      10 |   test.beforeEach(async ({ page }) => {
      11 |     // Navigate directly to chat page for testing (outside dashboard for now)
    > 12 |     await page.goto('http://localhost:4000/chat/test-model-123')
         |                ^
      13 |     await page.waitForLoadState('networkidle')
      14 |   })
      15 |
        at C:\Users\imoud\OneDrive\Documents\MyDistinctAi\tests\e2e\chat.spec.ts:12:16

    attachment #1: screenshot (image/png) ──────────────────────────────────────────────────────────
    test-results\chat-Chat-Interface-should-show-chat-header-with-model-name-Mobile-Chrome\test-failed-1.png
    ────────────────────────────────────────────────────────────────────────────────────────────────

    attachment #2: video (video/webm) ──────────────────────────────────────────────────────────────
    test-results\chat-Chat-Interface-should-show-chat-header-with-model-name-Mobile-Chrome\video.webm
    ────────────────────────────────────────────────────────────────────────────────────────────────


[1A[2K[634/910] [Mobile Chrome] › tests\e2e\dashboard-protected.spec.ts:204:9 › Dashboard and Protected Routes › Authenticated Dashboard Access › should handle browser refresh correctly
[1A[2K  539) [Mobile Chrome] › tests\e2e\chat.spec.ts:163:7 › Chat Interface › should handle Enter key to send message 

    Error: page.goto: net::ERR_CONNECTION_REFUSED at http://localhost:4000/chat/test-model-123
    Call log:
    [2m  - navigating to "http://localhost:4000/chat/test-model-123", waiting until "load"[22m


      10 |   test.beforeEach(async ({ page }) => {
      11 |     // Navigate directly to chat page for testing (outside dashboard for now)
    > 12 |     await page.goto('http://localhost:4000/chat/test-model-123')
         |                ^
      13 |     await page.waitForLoadState('networkidle')
      14 |   })
      15 |
        at C:\Users\imoud\OneDrive\Documents\MyDistinctAi\tests\e2e\chat.spec.ts:12:16

    attachment #1: screenshot (image/png) ──────────────────────────────────────────────────────────
    test-results\chat-Chat-Interface-should-handle-Enter-key-to-send-message-Mobile-Chrome\test-failed-1.png
    ────────────────────────────────────────────────────────────────────────────────────────────────

    attachment #2: video (video/webm) ──────────────────────────────────────────────────────────────
    test-results\chat-Chat-Interface-should-handle-Enter-key-to-send-message-Mobile-Chrome\video.webm
    ────────────────────────────────────────────────────────────────────────────────────────────────


[1A[2K[635/910] [Mobile Chrome] › tests\e2e\dashboard-protected.spec.ts:243:9 › Dashboard and Protected Routes › Session Management › should maintain session in new tab
[1A[2KInternal error: step id not found: fixture@32

[1A[2K  540) [Mobile Chrome] › tests\e2e\chat.spec.ts:176:7 › Chat Interface › should handle Shift+Enter for new line 

    Error: page.goto: net::ERR_CONNECTION_REFUSED at http://localhost:4000/chat/test-model-123
    Call log:
    [2m  - navigating to "http://localhost:4000/chat/test-model-123", waiting until "load"[22m


      10 |   test.beforeEach(async ({ page }) => {
      11 |     // Navigate directly to chat page for testing (outside dashboard for now)
    > 12 |     await page.goto('http://localhost:4000/chat/test-model-123')
         |                ^
      13 |     await page.waitForLoadState('networkidle')
      14 |   })
      15 |
        at C:\Users\imoud\OneDrive\Documents\MyDistinctAi\tests\e2e\chat.spec.ts:12:16

    attachment #1: screenshot (image/png) ──────────────────────────────────────────────────────────
    test-results\chat-Chat-Interface-should-handle-Shift-Enter-for-new-line-Mobile-Chrome\test-failed-1.png
    ────────────────────────────────────────────────────────────────────────────────────────────────

    attachment #2: video (video/webm) ──────────────────────────────────────────────────────────────
    test-results\chat-Chat-Interface-should-handle-Shift-Enter-for-new-line-Mobile-Chrome\video.webm
    ────────────────────────────────────────────────────────────────────────────────────────────────


[1A[2KInternal error: step id not found: fixture@32

[1A[2K  541) [Mobile Chrome] › tests\e2e\dashboard-protected.spec.ts:101:9 › Dashboard and Protected Routes › Authenticated Dashboard Access › should display dashboard with user information 

    Error: page.goto: net::ERR_CONNECTION_REFUSED at http://localhost:4000/register
    Call log:
    [2m  - navigating to "http://localhost:4000/register", waiting until "load"[22m


      21 |
      22 |     // Register
    > 23 |     await page.goto('/register')
         |                ^
      24 |     await page.getByLabel(/name/i).fill(testUser.name)
      25 |     await page.getByLabel(/email/i).fill(testUser.email)
      26 |     await page.getByLabel(/password/i).fill(testUser.password)
        at C:\Users\imoud\OneDrive\Documents\MyDistinctAi\tests\e2e\dashboard-protected.spec.ts:23:16

    attachment #1: screenshot (image/png) ──────────────────────────────────────────────────────────
    test-results\dashboard-protected-Dashbo-60a73-board-with-user-information-Mobile-Chrome\test-failed-1.png
    ────────────────────────────────────────────────────────────────────────────────────────────────


[1A[2K[636/910] [Mobile Chrome] › tests\e2e\dashboard-protected.spec.ts:112:9 › Dashboard and Protected Routes › Authenticated Dashboard Access › should display user account information
[1A[2K[637/910] [Mobile Chrome] › tests\e2e\dashboard-protected.spec.ts:132:9 › Dashboard and Protected Routes › Authenticated Dashboard Access › should show user profile data correctly
[1A[2KInternal error: step id not found: fixture@32

[1A[2K  542) [Mobile Chrome] › tests\e2e\dashboard-protected.spec.ts:46:9 › Dashboard and Protected Routes › Unauthenticated Access › should redirect to login when accessing dashboard without auth 

    Error: page.goto: net::ERR_CONNECTION_REFUSED at http://localhost:4000/register
    Call log:
    [2m  - navigating to "http://localhost:4000/register", waiting until "load"[22m


      21 |
      22 |     // Register
    > 23 |     await page.goto('/register')
         |                ^
      24 |     await page.getByLabel(/name/i).fill(testUser.name)
      25 |     await page.getByLabel(/email/i).fill(testUser.email)
      26 |     await page.getByLabel(/password/i).fill(testUser.password)
        at C:\Users\imoud\OneDrive\Documents\MyDistinctAi\tests\e2e\dashboard-protected.spec.ts:23:16

    attachment #1: screenshot (image/png) ──────────────────────────────────────────────────────────
    test-results\dashboard-protected-Dashbo-d1a6d-sing-dashboard-without-auth-Mobile-Chrome\test-failed-1.png
    ────────────────────────────────────────────────────────────────────────────────────────────────


[1A[2K[638/910] [Mobile Chrome] › tests\e2e\dashboard-protected.spec.ts:56:9 › Dashboard and Protected Routes › Unauthenticated Access › should allow access to public pages
[1A[2K[639/910] [Mobile Chrome] › tests\e2e\dashboard-protected.spec.ts:70:9 › Dashboard and Protected Routes › Unauthenticated Access › should preserve intended destination after login
[1A[2K  543) [Mobile Chrome] › tests\e2e\dashboard-protected.spec.ts:145:9 › Dashboard and Protected Routes › Authenticated Dashboard Access › should display navigation menu 

    Error: page.goto: net::ERR_CONNECTION_REFUSED at http://localhost:4000/register
    Call log:
    [2m  - navigating to "http://localhost:4000/register", waiting until "load"[22m


      21 |
      22 |     // Register
    > 23 |     await page.goto('/register')
         |                ^
      24 |     await page.getByLabel(/name/i).fill(testUser.name)
      25 |     await page.getByLabel(/email/i).fill(testUser.email)
      26 |     await page.getByLabel(/password/i).fill(testUser.password)
        at C:\Users\imoud\OneDrive\Documents\MyDistinctAi\tests\e2e\dashboard-protected.spec.ts:23:16

    attachment #1: screenshot (image/png) ──────────────────────────────────────────────────────────
    test-results\dashboard-protected-Dashbo-91e7d-uld-display-navigation-menu-Mobile-Chrome\test-failed-1.png
    ────────────────────────────────────────────────────────────────────────────────────────────────


[1A[2K[640/910] [Mobile Chrome] › tests\e2e\dashboard-protected.spec.ts:155:9 › Dashboard and Protected Routes › Authenticated Dashboard Access › should display subscription status
[1A[2K[641/910] [Mobile Chrome] › tests\e2e\dashboard-protected.spec.ts:161:9 › Dashboard and Protected Routes › Authenticated Dashboard Access › should display account creation date
[1A[2K[642/910] [Mobile Chrome] › tests\e2e\dashboard.spec.ts:10:7 › Dashboard Tests › should login and verify dashboard layout
[1A[2KInternal error: step id not found: fixture@32

[1A[2K  544) [Mobile Chrome] › tests\e2e\dashboard-protected.spec.ts:171:9 › Dashboard and Protected Routes › Authenticated Dashboard Access › should show phase completion status 

    Error: page.goto: net::ERR_CONNECTION_REFUSED at http://localhost:4000/register
    Call log:
    [2m  - navigating to "http://localhost:4000/register", waiting until "load"[22m


      21 |
      22 |     // Register
    > 23 |     await page.goto('/register')
         |                ^
      24 |     await page.getByLabel(/name/i).fill(testUser.name)
      25 |     await page.getByLabel(/email/i).fill(testUser.email)
      26 |     await page.getByLabel(/password/i).fill(testUser.password)
        at C:\Users\imoud\OneDrive\Documents\MyDistinctAi\tests\e2e\dashboard-protected.spec.ts:23:16

    attachment #1: screenshot (image/png) ──────────────────────────────────────────────────────────
    test-results\dashboard-protected-Dashbo-a41dc-how-phase-completion-status-Mobile-Chrome\test-failed-1.png
    ────────────────────────────────────────────────────────────────────────────────────────────────


[1A[2K[643/910] [Mobile Chrome] › tests\e2e\dashboard-protected.spec.ts:176:9 › Dashboard and Protected Routes › Authenticated Dashboard Access › should have functional logout button
[1A[2K[644/910] [Mobile Chrome] › tests\e2e\dashboard-protected.spec.ts:190:9 › Dashboard and Protected Routes › Authenticated Dashboard Access › should persist across page navigation
[1A[2K[645/910] [Mobile Chrome] › tests\e2e\dashboard.spec.ts:54:7 › Dashboard Tests › should navigate to models page
[1A[2K[646/910] [Mobile Chrome] › tests\e2e\dashboard.spec.ts:92:7 › Dashboard Tests › should have functional search bar in header
[1A[2K[647/910] [Mobile Chrome] › tests\e2e\dashboard.spec.ts:113:7 › Dashboard Tests › should create a new model successfully
[1A[2K[648/910] [Mobile Chrome] › tests\e2e\docs.spec.ts:27:7 › Documentation Site › should load documentation page
[1A[2KInternal error: step id not found: fixture@32

[1A[2K[649/910] [Mobile Chrome] › tests\e2e\docs.spec.ts:41:7 › Documentation Site › should display search bar
[1A[2K  545) [Mobile Chrome] › tests\e2e\dashboard-protected.spec.ts:204:9 › Dashboard and Protected Routes › Authenticated Dashboard Access › should handle browser refresh correctly 

    Error: page.goto: net::ERR_CONNECTION_REFUSED at http://localhost:4000/register
    Call log:
    [2m  - navigating to "http://localhost:4000/register", waiting until "load"[22m


      21 |
      22 |     // Register
    > 23 |     await page.goto('/register')
         |                ^
      24 |     await page.getByLabel(/name/i).fill(testUser.name)
      25 |     await page.getByLabel(/email/i).fill(testUser.email)
      26 |     await page.getByLabel(/password/i).fill(testUser.password)
        at C:\Users\imoud\OneDrive\Documents\MyDistinctAi\tests\e2e\dashboard-protected.spec.ts:23:16

    attachment #1: screenshot (image/png) ──────────────────────────────────────────────────────────
    test-results\dashboard-protected-Dashbo-c233e-e-browser-refresh-correctly-Mobile-Chrome\test-failed-1.png
    ────────────────────────────────────────────────────────────────────────────────────────────────


[1A[2K[650/910] [Mobile Chrome] › tests\e2e\dashboard-protected.spec.ts:215:9 › Dashboard and Protected Routes › Authenticated Dashboard Access › should be responsive on mobile viewport
[1A[2K[651/910] [Mobile Chrome] › tests\e2e\dashboard-protected.spec.ts:226:9 › Dashboard and Protected Routes › Authenticated Dashboard Access › should display success message on dashboard
[1A[2KInternal error: step id not found: fixture@32

[1A[2K  546) [Mobile Chrome] › tests\e2e\dashboard-protected.spec.ts:243:9 › Dashboard and Protected Routes › Session Management › should maintain session in new tab 

    Error: page.goto: net::ERR_CONNECTION_REFUSED at http://localhost:4000/register
    Call log:
    [2m  - navigating to "http://localhost:4000/register", waiting until "load"[22m


      21 |
      22 |     // Register
    > 23 |     await page.goto('/register')
         |                ^
      24 |     await page.getByLabel(/name/i).fill(testUser.name)
      25 |     await page.getByLabel(/email/i).fill(testUser.email)
      26 |     await page.getByLabel(/password/i).fill(testUser.password)
        at C:\Users\imoud\OneDrive\Documents\MyDistinctAi\tests\e2e\dashboard-protected.spec.ts:23:16

    attachment #1: screenshot (image/png) ──────────────────────────────────────────────────────────
    test-results\dashboard-protected-Dashbo-4264b-maintain-session-in-new-tab-Mobile-Chrome\test-failed-1.png
    ────────────────────────────────────────────────────────────────────────────────────────────────


[1A[2K[652/910] [Mobile Chrome] › tests\e2e\dashboard-protected.spec.ts:262:9 › Dashboard and Protected Routes › Session Management › should logout from all tabs
[1A[2K[653/910] [Mobile Chrome] › tests\e2e\docs.spec.ts:48:7 › Documentation Site › should navigate between sections
[1A[2K  547) [Mobile Chrome] › tests\e2e\dashboard.spec.ts:10:7 › Dashboard Tests › should login and verify dashboard layout 

    Error: page.goto: net::ERR_CONNECTION_REFUSED at http://localhost:4000/login
    Call log:
    [2m  - navigating to "http://localhost:4000/login", waiting until "load"[22m


      10 |   test('should login and verify dashboard layout', async ({ page }) => {
      11 |     // Login
    > 12 |     await page.goto('http://localhost:4000/login')
         |                ^
      13 |
      14 |     await page.getByLabel(/email/i).fill('demo@testmail.app')
      15 |     await page.getByLabel(/password/i).fill('Demo123456!')
        at C:\Users\imoud\OneDrive\Documents\MyDistinctAi\tests\e2e\dashboard.spec.ts:12:16

    attachment #1: screenshot (image/png) ──────────────────────────────────────────────────────────
    test-results\dashboard-Dashboard-Tests--6b1cf-and-verify-dashboard-layout-Mobile-Chrome\test-failed-1.png
    ────────────────────────────────────────────────────────────────────────────────────────────────

    attachment #2: video (video/webm) ──────────────────────────────────────────────────────────────
    test-results\dashboard-Dashboard-Tests--6b1cf-and-verify-dashboard-layout-Mobile-Chrome\video.webm
    ────────────────────────────────────────────────────────────────────────────────────────────────


[1A[2K[654/910] [Mobile Chrome] › tests\e2e\docs.spec.ts:67:7 › Documentation Site › should show Getting Started content by default
[1A[2K  548) [Mobile Chrome] › tests\e2e\dashboard.spec.ts:54:7 › Dashboard Tests › should navigate to models page 

    Error: page.goto: net::ERR_CONNECTION_REFUSED at http://localhost:4000/login
    Call log:
    [2m  - navigating to "http://localhost:4000/login", waiting until "load"[22m


      54 |   test('should navigate to models page', async ({ page }) => {
      55 |     // Login first
    > 56 |     await page.goto('http://localhost:4000/login')
         |                ^
      57 |     await page.getByLabel(/email/i).fill('demo@testmail.app')
      58 |     await page.getByLabel(/password/i).fill('Demo123456!')
      59 |
        at C:\Users\imoud\OneDrive\Documents\MyDistinctAi\tests\e2e\dashboard.spec.ts:56:16

    attachment #1: screenshot (image/png) ──────────────────────────────────────────────────────────
    test-results\dashboard-Dashboard-Tests-should-navigate-to-models-page-Mobile-Chrome\test-failed-1.png
    ────────────────────────────────────────────────────────────────────────────────────────────────

    attachment #2: video (video/webm) ──────────────────────────────────────────────────────────────
    test-results\dashboard-Dashboard-Tests-should-navigate-to-models-page-Mobile-Chrome\video.webm
    ────────────────────────────────────────────────────────────────────────────────────────────────


[1A[2K  549) [Mobile Chrome] › tests\e2e\dashboard.spec.ts:92:7 › Dashboard Tests › should have functional search bar in header 

    Error: page.goto: net::ERR_CONNECTION_REFUSED at http://localhost:4000/login
    Call log:
    [2m  - navigating to "http://localhost:4000/login", waiting until "load"[22m


      92 |   test('should have functional search bar in header', async ({ page }) => {
      93 |     // Login
    > 94 |     await page.goto('http://localhost:4000/login')
         |                ^
      95 |     await page.getByLabel(/email/i).fill('demo@testmail.app')
      96 |     await page.getByLabel(/password/i).fill('Demo123456!')
      97 |
        at C:\Users\imoud\OneDrive\Documents\MyDistinctAi\tests\e2e\dashboard.spec.ts:94:16

    attachment #1: screenshot (image/png) ──────────────────────────────────────────────────────────
    test-results\dashboard-Dashboard-Tests--f7805-tional-search-bar-in-header-Mobile-Chrome\test-failed-1.png
    ────────────────────────────────────────────────────────────────────────────────────────────────

    attachment #2: video (video/webm) ──────────────────────────────────────────────────────────────
    test-results\dashboard-Dashboard-Tests--f7805-tional-search-bar-in-header-Mobile-Chrome\video.webm
    ────────────────────────────────────────────────────────────────────────────────────────────────


[1A[2K  550) [Mobile Chrome] › tests\e2e\dashboard.spec.ts:113:7 › Dashboard Tests › should create a new model successfully 

    Error: page.goto: net::ERR_CONNECTION_REFUSED at http://localhost:4000/login
    Call log:
    [2m  - navigating to "http://localhost:4000/login", waiting until "load"[22m


      113 |   test('should create a new model successfully', async ({ page }) => {
      114 |     // Login first
    > 115 |     await page.goto('http://localhost:4000/login')
          |                ^
      116 |     await page.getByLabel(/email/i).fill('demo@testmail.app')
      117 |     await page.getByLabel(/password/i).fill('Demo123456!')
      118 |
        at C:\Users\imoud\OneDrive\Documents\MyDistinctAi\tests\e2e\dashboard.spec.ts:115:16

    attachment #1: screenshot (image/png) ──────────────────────────────────────────────────────────
    test-results\dashboard-Dashboard-Tests--a4c5a-te-a-new-model-successfully-Mobile-Chrome\test-failed-1.png
    ────────────────────────────────────────────────────────────────────────────────────────────────

    attachment #2: video (video/webm) ──────────────────────────────────────────────────────────────
    test-results\dashboard-Dashboard-Tests--a4c5a-te-a-new-model-successfully-Mobile-Chrome\video.webm
    ────────────────────────────────────────────────────────────────────────────────────────────────


[1A[2K[655/910] [Mobile Chrome] › tests\e2e\docs.spec.ts:77:7 › Documentation Site › should display code blocks with copy button
[1A[2K  551) [Mobile Chrome] › tests\e2e\docs.spec.ts:27:7 › Documentation Site › should load documentation page 

    Error: page.goto: net::ERR_CONNECTION_REFUSED at http://localhost:4000/api/test-auth/johndoe
    Call log:
    [2m  - navigating to "http://localhost:4000/api/test-auth/johndoe", waiting until "load"[22m


       7 | test.beforeEach(async ({ page }) => {
       8 |   // Login using test auth API
    >  9 |   await page.goto('http://localhost:4000/api/test-auth/johndoe')
         |              ^
      10 |   await page.waitForLoadState('networkidle')
      11 |
      12 |   // Navigate to docs page
        at C:\Users\imoud\OneDrive\Documents\MyDistinctAi\tests\e2e\docs.spec.ts:9:14

    attachment #1: screenshot (image/png) ──────────────────────────────────────────────────────────
    test-results\docs-Documentation-Site-should-load-documentation-page-Mobile-Chrome\test-failed-1.png
    ────────────────────────────────────────────────────────────────────────────────────────────────

    attachment #2: video (video/webm) ──────────────────────────────────────────────────────────────
    test-results\docs-Documentation-Site-should-load-documentation-page-Mobile-Chrome\video.webm
    ────────────────────────────────────────────────────────────────────────────────────────────────


[1A[2K  552) [Mobile Chrome] › tests\e2e\docs.spec.ts:41:7 › Documentation Site › should display search bar 

    Error: page.goto: net::ERR_CONNECTION_REFUSED at http://localhost:4000/api/test-auth/johndoe
    Call log:
    [2m  - navigating to "http://localhost:4000/api/test-auth/johndoe", waiting until "load"[22m


       7 | test.beforeEach(async ({ page }) => {
       8 |   // Login using test auth API
    >  9 |   await page.goto('http://localhost:4000/api/test-auth/johndoe')
         |              ^
      10 |   await page.waitForLoadState('networkidle')
      11 |
      12 |   // Navigate to docs page
        at C:\Users\imoud\OneDrive\Documents\MyDistinctAi\tests\e2e\docs.spec.ts:9:14

    attachment #1: screenshot (image/png) ──────────────────────────────────────────────────────────
    test-results\docs-Documentation-Site-should-display-search-bar-Mobile-Chrome\test-failed-1.png
    ────────────────────────────────────────────────────────────────────────────────────────────────

    attachment #2: video (video/webm) ──────────────────────────────────────────────────────────────
    test-results\docs-Documentation-Site-should-display-search-bar-Mobile-Chrome\video.webm
    ────────────────────────────────────────────────────────────────────────────────────────────────


[1A[2K[656/910] [Mobile Chrome] › tests\e2e\docs.spec.ts:93:7 › Documentation Site › should copy code to clipboard
[1A[2K[657/910] [Mobile Chrome] › tests\e2e\docs.spec.ts:109:7 › Documentation Site › should search documentation
[1A[2K[658/910] [Mobile Chrome] › tests\e2e\docs.spec.ts:121:7 › Documentation Site › should filter sections based on search
[1A[2K[659/910] [Mobile Chrome] › tests\e2e\docs.spec.ts:133:7 › Documentation Site › should show feedback buttons
[1A[2K  553) [Mobile Chrome] › tests\e2e\docs.spec.ts:48:7 › Documentation Site › should navigate between sections 

    Error: page.goto: net::ERR_CONNECTION_REFUSED at http://localhost:4000/api/test-auth/johndoe
    Call log:
    [2m  - navigating to "http://localhost:4000/api/test-auth/johndoe", waiting until "load"[22m


       7 | test.beforeEach(async ({ page }) => {
       8 |   // Login using test auth API
    >  9 |   await page.goto('http://localhost:4000/api/test-auth/johndoe')
         |              ^
      10 |   await page.waitForLoadState('networkidle')
      11 |
      12 |   // Navigate to docs page
        at C:\Users\imoud\OneDrive\Documents\MyDistinctAi\tests\e2e\docs.spec.ts:9:14

    attachment #1: screenshot (image/png) ──────────────────────────────────────────────────────────
    test-results\docs-Documentation-Site-should-navigate-between-sections-Mobile-Chrome\test-failed-1.png
    ────────────────────────────────────────────────────────────────────────────────────────────────

    attachment #2: video (video/webm) ──────────────────────────────────────────────────────────────
    test-results\docs-Documentation-Site-should-navigate-between-sections-Mobile-Chrome\video.webm
    ────────────────────────────────────────────────────────────────────────────────────────────────


[1A[2K[660/910] [Mobile Chrome] › tests\e2e\docs.spec.ts:146:7 › Documentation Site › should submit helpful feedback
[1A[2K  554) [Mobile Chrome] › tests\e2e\docs.spec.ts:67:7 › Documentation Site › should show Getting Started content by default 

    Error: page.goto: net::ERR_CONNECTION_REFUSED at http://localhost:4000/api/test-auth/johndoe
    Call log:
    [2m  - navigating to "http://localhost:4000/api/test-auth/johndoe", waiting until "load"[22m


       7 | test.beforeEach(async ({ page }) => {
       8 |   // Login using test auth API
    >  9 |   await page.goto('http://localhost:4000/api/test-auth/johndoe')
         |              ^
      10 |   await page.waitForLoadState('networkidle')
      11 |
      12 |   // Navigate to docs page
        at C:\Users\imoud\OneDrive\Documents\MyDistinctAi\tests\e2e\docs.spec.ts:9:14

    attachment #1: screenshot (image/png) ──────────────────────────────────────────────────────────
    test-results\docs-Documentation-Site-sh-ebad3--Started-content-by-default-Mobile-Chrome\test-failed-1.png
    ────────────────────────────────────────────────────────────────────────────────────────────────

    attachment #2: video (video/webm) ──────────────────────────────────────────────────────────────
    test-results\docs-Documentation-Site-sh-ebad3--Started-content-by-default-Mobile-Chrome\video.webm
    ────────────────────────────────────────────────────────────────────────────────────────────────


[1A[2K[661/910] [Mobile Chrome] › tests\e2e\docs.spec.ts:161:7 › Documentation Site › should submit not helpful feedback
[1A[2K[662/910] [Mobile Chrome] › tests\e2e\docs.spec.ts:176:7 › Documentation Site › should navigate back to dashboard
[1A[2K  555) [Mobile Chrome] › tests\e2e\docs.spec.ts:77:7 › Documentation Site › should display code blocks with copy button 

    Error: page.goto: net::ERR_CONNECTION_REFUSED at http://localhost:4000/api/test-auth/johndoe
    Call log:
    [2m  - navigating to "http://localhost:4000/api/test-auth/johndoe", waiting until "load"[22m


       7 | test.beforeEach(async ({ page }) => {
       8 |   // Login using test auth API
    >  9 |   await page.goto('http://localhost:4000/api/test-auth/johndoe')
         |              ^
      10 |   await page.waitForLoadState('networkidle')
      11 |
      12 |   // Navigate to docs page
        at C:\Users\imoud\OneDrive\Documents\MyDistinctAi\tests\e2e\docs.spec.ts:9:14

    attachment #1: screenshot (image/png) ──────────────────────────────────────────────────────────
    test-results\docs-Documentation-Site-sh-8f04f-ode-blocks-with-copy-button-Mobile-Chrome\test-failed-1.png
    ────────────────────────────────────────────────────────────────────────────────────────────────

    attachment #2: video (video/webm) ──────────────────────────────────────────────────────────────
    test-results\docs-Documentation-Site-sh-8f04f-ode-blocks-with-copy-button-Mobile-Chrome\video.webm
    ────────────────────────────────────────────────────────────────────────────────────────────────


[1A[2K[663/910] [Mobile Chrome] › tests\e2e\docs.spec.ts:187:7 › Documentation Site › should display all sections in sidebar
[1A[2K  556) [Mobile Chrome] › tests\e2e\docs.spec.ts:109:7 › Documentation Site › should search documentation 

    Error: page.goto: net::ERR_CONNECTION_REFUSED at http://localhost:4000/api/test-auth/johndoe
    Call log:
    [2m  - navigating to "http://localhost:4000/api/test-auth/johndoe", waiting until "load"[22m


       7 | test.beforeEach(async ({ page }) => {
       8 |   // Login using test auth API
    >  9 |   await page.goto('http://localhost:4000/api/test-auth/johndoe')
         |              ^
      10 |   await page.waitForLoadState('networkidle')
      11 |
      12 |   // Navigate to docs page
        at C:\Users\imoud\OneDrive\Documents\MyDistinctAi\tests\e2e\docs.spec.ts:9:14

    attachment #1: screenshot (image/png) ──────────────────────────────────────────────────────────
    test-results\docs-Documentation-Site-should-search-documentation-Mobile-Chrome\test-failed-1.png
    ────────────────────────────────────────────────────────────────────────────────────────────────

    attachment #2: video (video/webm) ──────────────────────────────────────────────────────────────
    test-results\docs-Documentation-Site-should-search-documentation-Mobile-Chrome\video.webm
    ────────────────────────────────────────────────────────────────────────────────────────────────


[1A[2K  557) [Mobile Chrome] › tests\e2e\docs.spec.ts:93:7 › Documentation Site › should copy code to clipboard 

    Error: page.goto: net::ERR_CONNECTION_REFUSED at http://localhost:4000/api/test-auth/johndoe
    Call log:
    [2m  - navigating to "http://localhost:4000/api/test-auth/johndoe", waiting until "load"[22m


       7 | test.beforeEach(async ({ page }) => {
       8 |   // Login using test auth API
    >  9 |   await page.goto('http://localhost:4000/api/test-auth/johndoe')
         |              ^
      10 |   await page.waitForLoadState('networkidle')
      11 |
      12 |   // Navigate to docs page
        at C:\Users\imoud\OneDrive\Documents\MyDistinctAi\tests\e2e\docs.spec.ts:9:14

    attachment #1: screenshot (image/png) ──────────────────────────────────────────────────────────
    test-results\docs-Documentation-Site-should-copy-code-to-clipboard-Mobile-Chrome\test-failed-1.png
    ────────────────────────────────────────────────────────────────────────────────────────────────

    attachment #2: video (video/webm) ──────────────────────────────────────────────────────────────
    test-results\docs-Documentation-Site-should-copy-code-to-clipboard-Mobile-Chrome\video.webm
    ────────────────────────────────────────────────────────────────────────────────────────────────


[1A[2K  558) [Mobile Chrome] › tests\e2e\docs.spec.ts:121:7 › Documentation Site › should filter sections based on search 

    Error: page.goto: net::ERR_CONNECTION_REFUSED at http://localhost:4000/api/test-auth/johndoe
    Call log:
    [2m  - navigating to "http://localhost:4000/api/test-auth/johndoe", waiting until "load"[22m


       7 | test.beforeEach(async ({ page }) => {
       8 |   // Login using test auth API
    >  9 |   await page.goto('http://localhost:4000/api/test-auth/johndoe')
         |              ^
      10 |   await page.waitForLoadState('networkidle')
      11 |
      12 |   // Navigate to docs page
        at C:\Users\imoud\OneDrive\Documents\MyDistinctAi\tests\e2e\docs.spec.ts:9:14

    attachment #1: screenshot (image/png) ──────────────────────────────────────────────────────────
    test-results\docs-Documentation-Site-sh-9f856-er-sections-based-on-search-Mobile-Chrome\test-failed-1.png
    ────────────────────────────────────────────────────────────────────────────────────────────────

    attachment #2: video (video/webm) ──────────────────────────────────────────────────────────────
    test-results\docs-Documentation-Site-sh-9f856-er-sections-based-on-search-Mobile-Chrome\video.webm
    ────────────────────────────────────────────────────────────────────────────────────────────────


[1A[2K  559) [Mobile Chrome] › tests\e2e\docs.spec.ts:133:7 › Documentation Site › should show feedback buttons 

    Error: page.goto: net::ERR_CONNECTION_REFUSED at http://localhost:4000/api/test-auth/johndoe
    Call log:
    [2m  - navigating to "http://localhost:4000/api/test-auth/johndoe", waiting until "load"[22m


       7 | test.beforeEach(async ({ page }) => {
       8 |   // Login using test auth API
    >  9 |   await page.goto('http://localhost:4000/api/test-auth/johndoe')
         |              ^
      10 |   await page.waitForLoadState('networkidle')
      11 |
      12 |   // Navigate to docs page
        at C:\Users\imoud\OneDrive\Documents\MyDistinctAi\tests\e2e\docs.spec.ts:9:14

    attachment #1: screenshot (image/png) ──────────────────────────────────────────────────────────
    test-results\docs-Documentation-Site-should-show-feedback-buttons-Mobile-Chrome\test-failed-1.png
    ────────────────────────────────────────────────────────────────────────────────────────────────

    attachment #2: video (video/webm) ──────────────────────────────────────────────────────────────
    test-results\docs-Documentation-Site-should-show-feedback-buttons-Mobile-Chrome\video.webm
    ────────────────────────────────────────────────────────────────────────────────────────────────


[1A[2K  560) [Mobile Chrome] › tests\e2e\docs.spec.ts:146:7 › Documentation Site › should submit helpful feedback 

    Error: page.goto: net::ERR_CONNECTION_REFUSED at http://localhost:4000/api/test-auth/johndoe
    Call log:
    [2m  - navigating to "http://localhost:4000/api/test-auth/johndoe", waiting until "load"[22m


       7 | test.beforeEach(async ({ page }) => {
       8 |   // Login using test auth API
    >  9 |   await page.goto('http://localhost:4000/api/test-auth/johndoe')
         |              ^
      10 |   await page.waitForLoadState('networkidle')
      11 |
      12 |   // Navigate to docs page
        at C:\Users\imoud\OneDrive\Documents\MyDistinctAi\tests\e2e\docs.spec.ts:9:14

    attachment #1: screenshot (image/png) ──────────────────────────────────────────────────────────
    test-results\docs-Documentation-Site-should-submit-helpful-feedback-Mobile-Chrome\test-failed-1.png
    ────────────────────────────────────────────────────────────────────────────────────────────────

    attachment #2: video (video/webm) ──────────────────────────────────────────────────────────────
    test-results\docs-Documentation-Site-should-submit-helpful-feedback-Mobile-Chrome\video.webm
    ────────────────────────────────────────────────────────────────────────────────────────────────


[1A[2K[664/910] [Mobile Chrome] › tests\e2e\docs.spec.ts:222:7 › Documentation Site › should display FAQs content
[1A[2K[665/910] [Mobile Chrome] › tests\e2e\docs.spec.ts:204:7 › Documentation Site › should highlight active section
[1A[2K[666/910] [Mobile Chrome] › tests\e2e\docs.spec.ts:236:7 › Documentation Site › should display self-hosting content
[1A[2K[667/910] [Mobile Chrome] › tests\e2e\file-upload.spec.ts:55:7 › File Upload Tests › should navigate to training data page
[1A[2K  561) [Mobile Chrome] › tests\e2e\docs.spec.ts:161:7 › Documentation Site › should submit not helpful feedback 

    Error: page.goto: net::ERR_CONNECTION_REFUSED at http://localhost:4000/api/test-auth/johndoe
    Call log:
    [2m  - navigating to "http://localhost:4000/api/test-auth/johndoe", waiting until "load"[22m


       7 | test.beforeEach(async ({ page }) => {
       8 |   // Login using test auth API
    >  9 |   await page.goto('http://localhost:4000/api/test-auth/johndoe')
         |              ^
      10 |   await page.waitForLoadState('networkidle')
      11 |
      12 |   // Navigate to docs page
        at C:\Users\imoud\OneDrive\Documents\MyDistinctAi\tests\e2e\docs.spec.ts:9:14

    attachment #1: screenshot (image/png) ──────────────────────────────────────────────────────────
    test-results\docs-Documentation-Site-should-submit-not-helpful-feedback-Mobile-Chrome\test-failed-1.png
    ────────────────────────────────────────────────────────────────────────────────────────────────

    attachment #2: video (video/webm) ──────────────────────────────────────────────────────────────
    test-results\docs-Documentation-Site-should-submit-not-helpful-feedback-Mobile-Chrome\video.webm
    ────────────────────────────────────────────────────────────────────────────────────────────────


[1A[2K[668/910] [Mobile Chrome] › tests\e2e\file-upload.spec.ts:71:7 › File Upload Tests › should display file upload interface
[1A[2K  562) [Mobile Chrome] › tests\e2e\docs.spec.ts:176:7 › Documentation Site › should navigate back to dashboard 

    Error: page.goto: net::ERR_CONNECTION_REFUSED at http://localhost:4000/api/test-auth/johndoe
    Call log:
    [2m  - navigating to "http://localhost:4000/api/test-auth/johndoe", waiting until "load"[22m


       7 | test.beforeEach(async ({ page }) => {
       8 |   // Login using test auth API
    >  9 |   await page.goto('http://localhost:4000/api/test-auth/johndoe')
         |              ^
      10 |   await page.waitForLoadState('networkidle')
      11 |
      12 |   // Navigate to docs page
        at C:\Users\imoud\OneDrive\Documents\MyDistinctAi\tests\e2e\docs.spec.ts:9:14

    attachment #1: screenshot (image/png) ──────────────────────────────────────────────────────────
    test-results\docs-Documentation-Site-should-navigate-back-to-dashboard-Mobile-Chrome\test-failed-1.png
    ────────────────────────────────────────────────────────────────────────────────────────────────

    attachment #2: video (video/webm) ──────────────────────────────────────────────────────────────
    test-results\docs-Documentation-Site-should-navigate-back-to-dashboard-Mobile-Chrome\video.webm
    ────────────────────────────────────────────────────────────────────────────────────────────────


[1A[2K[669/910] [Mobile Chrome] › tests\e2e\file-upload.spec.ts:86:7 › File Upload Tests › should upload a text file
[1A[2K[670/910] [Mobile Chrome] › tests\e2e\file-upload.spec.ts:133:7 › File Upload Tests › should show validation error for large file
[1A[2K  563) [Mobile Chrome] › tests\e2e\docs.spec.ts:187:7 › Documentation Site › should display all sections in sidebar 

    Error: page.goto: net::ERR_CONNECTION_REFUSED at http://localhost:4000/api/test-auth/johndoe
    Call log:
    [2m  - navigating to "http://localhost:4000/api/test-auth/johndoe", waiting until "load"[22m


       7 | test.beforeEach(async ({ page }) => {
       8 |   // Login using test auth API
    >  9 |   await page.goto('http://localhost:4000/api/test-auth/johndoe')
         |              ^
      10 |   await page.waitForLoadState('networkidle')
      11 |
      12 |   // Navigate to docs page
        at C:\Users\imoud\OneDrive\Documents\MyDistinctAi\tests\e2e\docs.spec.ts:9:14

    attachment #1: screenshot (image/png) ──────────────────────────────────────────────────────────
    test-results\docs-Documentation-Site-sh-a4781-lay-all-sections-in-sidebar-Mobile-Chrome\test-failed-1.png
    ────────────────────────────────────────────────────────────────────────────────────────────────

    attachment #2: video (video/webm) ──────────────────────────────────────────────────────────────
    test-results\docs-Documentation-Site-sh-a4781-lay-all-sections-in-sidebar-Mobile-Chrome\video.webm
    ────────────────────────────────────────────────────────────────────────────────────────────────


[1A[2K[671/910] [Mobile Chrome] › tests\e2e\file-upload.spec.ts:165:7 › File Upload Tests › should display uploaded files in table
[1A[2K  564) [Mobile Chrome] › tests\e2e\docs.spec.ts:222:7 › Documentation Site › should display FAQs content 

    Error: page.goto: net::ERR_CONNECTION_REFUSED at http://localhost:4000/api/test-auth/johndoe
    Call log:
    [2m  - navigating to "http://localhost:4000/api/test-auth/johndoe", waiting until "load"[22m


       7 | test.beforeEach(async ({ page }) => {
       8 |   // Login using test auth API
    >  9 |   await page.goto('http://localhost:4000/api/test-auth/johndoe')
         |              ^
      10 |   await page.waitForLoadState('networkidle')
      11 |
      12 |   // Navigate to docs page
        at C:\Users\imoud\OneDrive\Documents\MyDistinctAi\tests\e2e\docs.spec.ts:9:14

    attachment #1: screenshot (image/png) ──────────────────────────────────────────────────────────
    test-results\docs-Documentation-Site-should-display-FAQs-content-Mobile-Chrome\test-failed-1.png
    ────────────────────────────────────────────────────────────────────────────────────────────────

    attachment #2: video (video/webm) ──────────────────────────────────────────────────────────────
    test-results\docs-Documentation-Site-should-display-FAQs-content-Mobile-Chrome\video.webm
    ────────────────────────────────────────────────────────────────────────────────────────────────


[1A[2K  565) [Mobile Chrome] › tests\e2e\docs.spec.ts:204:7 › Documentation Site › should highlight active section 

    Error: page.goto: net::ERR_CONNECTION_REFUSED at http://localhost:4000/api/test-auth/johndoe
    Call log:
    [2m  - navigating to "http://localhost:4000/api/test-auth/johndoe", waiting until "load"[22m


       7 | test.beforeEach(async ({ page }) => {
       8 |   // Login using test auth API
    >  9 |   await page.goto('http://localhost:4000/api/test-auth/johndoe')
         |              ^
      10 |   await page.waitForLoadState('networkidle')
      11 |
      12 |   // Navigate to docs page
        at C:\Users\imoud\OneDrive\Documents\MyDistinctAi\tests\e2e\docs.spec.ts:9:14

    attachment #1: screenshot (image/png) ──────────────────────────────────────────────────────────
    test-results\docs-Documentation-Site-should-highlight-active-section-Mobile-Chrome\test-failed-1.png
    ────────────────────────────────────────────────────────────────────────────────────────────────

    attachment #2: video (video/webm) ──────────────────────────────────────────────────────────────
    test-results\docs-Documentation-Site-should-highlight-active-section-Mobile-Chrome\video.webm
    ────────────────────────────────────────────────────────────────────────────────────────────────


[1A[2K  566) [Mobile Chrome] › tests\e2e\docs.spec.ts:236:7 › Documentation Site › should display self-hosting content 

    Error: page.goto: net::ERR_CONNECTION_REFUSED at http://localhost:4000/api/test-auth/johndoe
    Call log:
    [2m  - navigating to "http://localhost:4000/api/test-auth/johndoe", waiting until "load"[22m


       7 | test.beforeEach(async ({ page }) => {
       8 |   // Login using test auth API
    >  9 |   await page.goto('http://localhost:4000/api/test-auth/johndoe')
         |              ^
      10 |   await page.waitForLoadState('networkidle')
      11 |
      12 |   // Navigate to docs page
        at C:\Users\imoud\OneDrive\Documents\MyDistinctAi\tests\e2e\docs.spec.ts:9:14

    attachment #1: screenshot (image/png) ──────────────────────────────────────────────────────────
    test-results\docs-Documentation-Site-should-display-self-hosting-content-Mobile-Chrome\test-failed-1.png
    ────────────────────────────────────────────────────────────────────────────────────────────────

    attachment #2: video (video/webm) ──────────────────────────────────────────────────────────────
    test-results\docs-Documentation-Site-should-display-self-hosting-content-Mobile-Chrome\video.webm
    ────────────────────────────────────────────────────────────────────────────────────────────────


[1A[2K  567) [Mobile Chrome] › tests\e2e\file-upload.spec.ts:55:7 › File Upload Tests › should navigate to training data page 

    Error: page.goto: net::ERR_CONNECTION_REFUSED at http://localhost:4000/login
    Call log:
    [2m  - navigating to "http://localhost:4000/login", waiting until "load"[22m


      12 |   test.beforeEach(async ({ page }) => {
      13 |     // Login first
    > 14 |     await page.goto('http://localhost:4000/login')
         |                ^
      15 |     await page.getByLabel(/email/i).fill('demo@testmail.app')
      16 |     await page.getByLabel(/password/i).fill('Demo123456!')
      17 |
        at C:\Users\imoud\OneDrive\Documents\MyDistinctAi\tests\e2e\file-upload.spec.ts:14:16

    attachment #1: screenshot (image/png) ──────────────────────────────────────────────────────────
    test-results\file-upload-File-Upload-Te-1c04a-igate-to-training-data-page-Mobile-Chrome\test-failed-1.png
    ────────────────────────────────────────────────────────────────────────────────────────────────

    attachment #2: video (video/webm) ──────────────────────────────────────────────────────────────
    test-results\file-upload-File-Upload-Te-1c04a-igate-to-training-data-page-Mobile-Chrome\video.webm
    ────────────────────────────────────────────────────────────────────────────────────────────────


[1A[2K  568) [Mobile Chrome] › tests\e2e\file-upload.spec.ts:71:7 › File Upload Tests › should display file upload interface 

    Error: page.goto: net::ERR_CONNECTION_REFUSED at http://localhost:4000/login
    Call log:
    [2m  - navigating to "http://localhost:4000/login", waiting until "load"[22m


      12 |   test.beforeEach(async ({ page }) => {
      13 |     // Login first
    > 14 |     await page.goto('http://localhost:4000/login')
         |                ^
      15 |     await page.getByLabel(/email/i).fill('demo@testmail.app')
      16 |     await page.getByLabel(/password/i).fill('Demo123456!')
      17 |
        at C:\Users\imoud\OneDrive\Documents\MyDistinctAi\tests\e2e\file-upload.spec.ts:14:16

    attachment #1: screenshot (image/png) ──────────────────────────────────────────────────────────
    test-results\file-upload-File-Upload-Te-0748e-splay-file-upload-interface-Mobile-Chrome\test-failed-1.png
    ────────────────────────────────────────────────────────────────────────────────────────────────

    attachment #2: video (video/webm) ──────────────────────────────────────────────────────────────
    test-results\file-upload-File-Upload-Te-0748e-splay-file-upload-interface-Mobile-Chrome\video.webm
    ────────────────────────────────────────────────────────────────────────────────────────────────


[1A[2K[672/910] [Mobile Chrome] › tests\e2e\file-upload.spec.ts:198:7 › File Upload Tests › should have functional model selector
[1A[2K[673/910] [Mobile Chrome] › tests\e2e\file-upload.spec.ts:220:7 › File Upload Tests › should show drag and drop zone with correct styling
[1A[2K[674/910] [Mobile Chrome] › tests\e2e\file-upload.spec.ts:239:7 › File Upload Tests › should allow file removal before upload
[1A[2K  569) [Mobile Chrome] › tests\e2e\file-upload.spec.ts:86:7 › File Upload Tests › should upload a text file 

    Error: page.goto: net::ERR_CONNECTION_REFUSED at http://localhost:4000/login
    Call log:
    [2m  - navigating to "http://localhost:4000/login", waiting until "load"[22m


      12 |   test.beforeEach(async ({ page }) => {
      13 |     // Login first
    > 14 |     await page.goto('http://localhost:4000/login')
         |                ^
      15 |     await page.getByLabel(/email/i).fill('demo@testmail.app')
      16 |     await page.getByLabel(/password/i).fill('Demo123456!')
      17 |
        at C:\Users\imoud\OneDrive\Documents\MyDistinctAi\tests\e2e\file-upload.spec.ts:14:16

    attachment #1: screenshot (image/png) ──────────────────────────────────────────────────────────
    test-results\file-upload-File-Upload-Tests-should-upload-a-text-file-Mobile-Chrome\test-failed-1.png
    ────────────────────────────────────────────────────────────────────────────────────────────────

    attachment #2: video (video/webm) ──────────────────────────────────────────────────────────────
    test-results\file-upload-File-Upload-Tests-should-upload-a-text-file-Mobile-Chrome\video.webm
    ────────────────────────────────────────────────────────────────────────────────────────────────


[1A[2K[675/910] [Mobile Chrome] › tests\e2e\file-upload.spec.ts:276:7 › File Upload Tests › should handle multiple file selection
[1A[2K[676/910] [Mobile Chrome] › tests\e2e\landing-page.spec.ts:4:7 › Landing Page › should load and display all main sections
[1A[2K  570) [Mobile Chrome] › tests\e2e\file-upload.spec.ts:133:7 › File Upload Tests › should show validation error for large file 

    Error: page.goto: net::ERR_CONNECTION_REFUSED at http://localhost:4000/login
    Call log:
    [2m  - navigating to "http://localhost:4000/login", waiting until "load"[22m


      12 |   test.beforeEach(async ({ page }) => {
      13 |     // Login first
    > 14 |     await page.goto('http://localhost:4000/login')
         |                ^
      15 |     await page.getByLabel(/email/i).fill('demo@testmail.app')
      16 |     await page.getByLabel(/password/i).fill('Demo123456!')
      17 |
        at C:\Users\imoud\OneDrive\Documents\MyDistinctAi\tests\e2e\file-upload.spec.ts:14:16

    attachment #1: screenshot (image/png) ──────────────────────────────────────────────────────────
    test-results\file-upload-File-Upload-Te-c6a8b-dation-error-for-large-file-Mobile-Chrome\test-failed-1.png
    ────────────────────────────────────────────────────────────────────────────────────────────────

    attachment #2: video (video/webm) ──────────────────────────────────────────────────────────────
    test-results\file-upload-File-Upload-Te-c6a8b-dation-error-for-large-file-Mobile-Chrome\video.webm
    ────────────────────────────────────────────────────────────────────────────────────────────────


[1A[2K[677/910] [Mobile Chrome] › tests\e2e\landing-page.spec.ts:23:7 › Landing Page › should display Features section with 3 key differentiators
[1A[2K[678/910] [Mobile Chrome] › tests\e2e\landing-page.spec.ts:38:7 › Landing Page › should display How It Works section with 3 steps
[1A[2K  571) [Mobile Chrome] › tests\e2e\file-upload.spec.ts:165:7 › File Upload Tests › should display uploaded files in table 

    Error: page.goto: net::ERR_CONNECTION_REFUSED at http://localhost:4000/login
    Call log:
    [2m  - navigating to "http://localhost:4000/login", waiting until "load"[22m


      12 |   test.beforeEach(async ({ page }) => {
      13 |     // Login first
    > 14 |     await page.goto('http://localhost:4000/login')
         |                ^
      15 |     await page.getByLabel(/email/i).fill('demo@testmail.app')
      16 |     await page.getByLabel(/password/i).fill('Demo123456!')
      17 |
        at C:\Users\imoud\OneDrive\Documents\MyDistinctAi\tests\e2e\file-upload.spec.ts:14:16

    attachment #1: screenshot (image/png) ──────────────────────────────────────────────────────────
    test-results\file-upload-File-Upload-Te-80789-lay-uploaded-files-in-table-Mobile-Chrome\test-failed-1.png
    ────────────────────────────────────────────────────────────────────────────────────────────────

    attachment #2: video (video/webm) ──────────────────────────────────────────────────────────────
    test-results\file-upload-File-Upload-Te-80789-lay-uploaded-files-in-table-Mobile-Chrome\video.webm
    ────────────────────────────────────────────────────────────────────────────────────────────────


[1A[2K[679/910] [Mobile Chrome] › tests\e2e\landing-page.spec.ts:50:7 › Landing Page › should display Audience Tabs and allow switching
[1A[2K  572) [Mobile Chrome] › tests\e2e\file-upload.spec.ts:198:7 › File Upload Tests › should have functional model selector 

    Error: page.goto: net::ERR_CONNECTION_REFUSED at http://localhost:4000/login
    Call log:
    [2m  - navigating to "http://localhost:4000/login", waiting until "load"[22m


      12 |   test.beforeEach(async ({ page }) => {
      13 |     // Login first
    > 14 |     await page.goto('http://localhost:4000/login')
         |                ^
      15 |     await page.getByLabel(/email/i).fill('demo@testmail.app')
      16 |     await page.getByLabel(/password/i).fill('Demo123456!')
      17 |
        at C:\Users\imoud\OneDrive\Documents\MyDistinctAi\tests\e2e\file-upload.spec.ts:14:16

    attachment #1: screenshot (image/png) ──────────────────────────────────────────────────────────
    test-results\file-upload-File-Upload-Te-0b0d5-e-functional-model-selector-Mobile-Chrome\test-failed-1.png
    ────────────────────────────────────────────────────────────────────────────────────────────────

    attachment #2: video (video/webm) ──────────────────────────────────────────────────────────────
    test-results\file-upload-File-Upload-Te-0b0d5-e-functional-model-selector-Mobile-Chrome\video.webm
    ────────────────────────────────────────────────────────────────────────────────────────────────


[1A[2K  573) [Mobile Chrome] › tests\e2e\file-upload.spec.ts:220:7 › File Upload Tests › should show drag and drop zone with correct styling 

    Error: page.goto: net::ERR_CONNECTION_REFUSED at http://localhost:4000/login
    Call log:
    [2m  - navigating to "http://localhost:4000/login", waiting until "load"[22m


      12 |   test.beforeEach(async ({ page }) => {
      13 |     // Login first
    > 14 |     await page.goto('http://localhost:4000/login')
         |                ^
      15 |     await page.getByLabel(/email/i).fill('demo@testmail.app')
      16 |     await page.getByLabel(/password/i).fill('Demo123456!')
      17 |
        at C:\Users\imoud\OneDrive\Documents\MyDistinctAi\tests\e2e\file-upload.spec.ts:14:16

    attachment #1: screenshot (image/png) ──────────────────────────────────────────────────────────
    test-results\file-upload-File-Upload-Te-21002-p-zone-with-correct-styling-Mobile-Chrome\test-failed-1.png
    ────────────────────────────────────────────────────────────────────────────────────────────────

    attachment #2: video (video/webm) ──────────────────────────────────────────────────────────────
    test-results\file-upload-File-Upload-Te-21002-p-zone-with-correct-styling-Mobile-Chrome\video.webm
    ────────────────────────────────────────────────────────────────────────────────────────────────


[1A[2K  574) [Mobile Chrome] › tests\e2e\file-upload.spec.ts:239:7 › File Upload Tests › should allow file removal before upload 

    Error: page.goto: net::ERR_CONNECTION_REFUSED at http://localhost:4000/login
    Call log:
    [2m  - navigating to "http://localhost:4000/login", waiting until "load"[22m


      12 |   test.beforeEach(async ({ page }) => {
      13 |     // Login first
    > 14 |     await page.goto('http://localhost:4000/login')
         |                ^
      15 |     await page.getByLabel(/email/i).fill('demo@testmail.app')
      16 |     await page.getByLabel(/password/i).fill('Demo123456!')
      17 |
        at C:\Users\imoud\OneDrive\Documents\MyDistinctAi\tests\e2e\file-upload.spec.ts:14:16

    attachment #1: screenshot (image/png) ──────────────────────────────────────────────────────────
    test-results\file-upload-File-Upload-Te-0caa3--file-removal-before-upload-Mobile-Chrome\test-failed-1.png
    ────────────────────────────────────────────────────────────────────────────────────────────────

    attachment #2: video (video/webm) ──────────────────────────────────────────────────────────────
    test-results\file-upload-File-Upload-Te-0caa3--file-removal-before-upload-Mobile-Chrome\video.webm
    ────────────────────────────────────────────────────────────────────────────────────────────────


[1A[2K  575) [Mobile Chrome] › tests\e2e\file-upload.spec.ts:276:7 › File Upload Tests › should handle multiple file selection 

    Error: page.goto: net::ERR_CONNECTION_REFUSED at http://localhost:4000/login
    Call log:
    [2m  - navigating to "http://localhost:4000/login", waiting until "load"[22m


      12 |   test.beforeEach(async ({ page }) => {
      13 |     // Login first
    > 14 |     await page.goto('http://localhost:4000/login')
         |                ^
      15 |     await page.getByLabel(/email/i).fill('demo@testmail.app')
      16 |     await page.getByLabel(/password/i).fill('Demo123456!')
      17 |
        at C:\Users\imoud\OneDrive\Documents\MyDistinctAi\tests\e2e\file-upload.spec.ts:14:16

    attachment #1: screenshot (image/png) ──────────────────────────────────────────────────────────
    test-results\file-upload-File-Upload-Te-896fd-dle-multiple-file-selection-Mobile-Chrome\test-failed-1.png
    ────────────────────────────────────────────────────────────────────────────────────────────────

    attachment #2: video (video/webm) ──────────────────────────────────────────────────────────────
    test-results\file-upload-File-Upload-Te-896fd-dle-multiple-file-selection-Mobile-Chrome\video.webm
    ────────────────────────────────────────────────────────────────────────────────────────────────


[1A[2K  576) [Mobile Chrome] › tests\e2e\landing-page.spec.ts:4:7 › Landing Page › should load and display all main sections 

    Error: page.goto: net::ERR_CONNECTION_REFUSED at http://localhost:4000/
    Call log:
    [2m  - navigating to "http://localhost:4000/", waiting until "load"[22m


      3 | test.describe('Landing Page', () => {
      4 |   test('should load and display all main sections', async ({ page }) => {
    > 5 |     await page.goto('/')
        |                ^
      6 |
      7 |     // Check Hero section
      8 |     await expect(page.getByRole('heading', { name: /Build your own GPT/i })).toBeVisible()
        at C:\Users\imoud\OneDrive\Documents\MyDistinctAi\tests\e2e\landing-page.spec.ts:5:16

    attachment #1: screenshot (image/png) ──────────────────────────────────────────────────────────
    test-results\landing-page-Landing-Page--5f73c-d-display-all-main-sections-Mobile-Chrome\test-failed-1.png
    ────────────────────────────────────────────────────────────────────────────────────────────────

    attachment #2: video (video/webm) ──────────────────────────────────────────────────────────────
    test-results\landing-page-Landing-Page--5f73c-d-display-all-main-sections-Mobile-Chrome\video.webm
    ────────────────────────────────────────────────────────────────────────────────────────────────


[1A[2K[680/910] [Mobile Chrome] › tests\e2e\landing-page.spec.ts:79:7 › Landing Page › should display and submit Waitlist Form
[1A[2K[681/910] [Mobile Chrome] › tests\e2e\landing-page.spec.ts:104:7 › Landing Page › should display Footer with all sections
[1A[2K  577) [Mobile Chrome] › tests\e2e\landing-page.spec.ts:23:7 › Landing Page › should display Features section with 3 key differentiators 

    Error: page.goto: net::ERR_CONNECTION_REFUSED at http://localhost:4000/
    Call log:
    [2m  - navigating to "http://localhost:4000/", waiting until "load"[22m


      22 |
      23 |   test('should display Features section with 3 key differentiators', async ({ page }) => {
    > 24 |     await page.goto('/')
         |                ^
      25 |
      26 |     // Check section header
      27 |     await expect(page.getByRole('heading', { name: /Three Key Differentiators/i })).toBeVisible()
        at C:\Users\imoud\OneDrive\Documents\MyDistinctAi\tests\e2e\landing-page.spec.ts:24:16

    attachment #1: screenshot (image/png) ──────────────────────────────────────────────────────────
    test-results\landing-page-Landing-Page--92940--with-3-key-differentiators-Mobile-Chrome\test-failed-1.png
    ────────────────────────────────────────────────────────────────────────────────────────────────

    attachment #2: video (video/webm) ──────────────────────────────────────────────────────────────
    test-results\landing-page-Landing-Page--92940--with-3-key-differentiators-Mobile-Chrome\video.webm
    ────────────────────────────────────────────────────────────────────────────────────────────────


[1A[2K[682/910] [Mobile Chrome] › tests\e2e\landing-page.spec.ts:123:7 › Landing Page › CTAs should navigate to correct pages
[1A[2K[683/910] [Mobile Chrome] › tests\e2e\landing-page.spec.ts:135:7 › Landing Page › should be responsive on mobile
[1A[2K  578) [Mobile Chrome] › tests\e2e\landing-page.spec.ts:38:7 › Landing Page › should display How It Works section with 3 steps 

    Error: page.goto: net::ERR_CONNECTION_REFUSED at http://localhost:4000/
    Call log:
    [2m  - navigating to "http://localhost:4000/", waiting until "load"[22m


      37 |
      38 |   test('should display How It Works section with 3 steps', async ({ page }) => {
    > 39 |     await page.goto('/')
         |                ^
      40 |
      41 |     // Check section header
      42 |     await expect(page.getByRole('heading', { name: /How It Works/i })).toBeVisible()
        at C:\Users\imoud\OneDrive\Documents\MyDistinctAi\tests\e2e\landing-page.spec.ts:39:16

    attachment #1: screenshot (image/png) ──────────────────────────────────────────────────────────
    test-results\landing-page-Landing-Page--10b75--Works-section-with-3-steps-Mobile-Chrome\test-failed-1.png
    ────────────────────────────────────────────────────────────────────────────────────────────────

    attachment #2: video (video/webm) ──────────────────────────────────────────────────────────────
    test-results\landing-page-Landing-Page--10b75--Works-section-with-3-steps-Mobile-Chrome\video.webm
    ────────────────────────────────────────────────────────────────────────────────────────────────


[1A[2K[684/910] [Mobile Chrome] › tests\e2e\login-simple.spec.ts:11:7 › Simple Login Test › should register and login immediately
[1A[2K[685/910] [Mobile Chrome] › tests\e2e\notifications.spec.ts:22:7 › Notifications Settings Tests › should display notifications settings page
[1A[2K  579) [Mobile Chrome] › tests\e2e\landing-page.spec.ts:50:7 › Landing Page › should display Audience Tabs and allow switching 

    Error: page.goto: net::ERR_CONNECTION_REFUSED at http://localhost:4000/
    Call log:
    [2m  - navigating to "http://localhost:4000/", waiting until "load"[22m


      49 |
      50 |   test('should display Audience Tabs and allow switching', async ({ page }) => {
    > 51 |     await page.goto('/')
         |                ^
      52 |
      53 |     // Check section header
      54 |     await expect(
        at C:\Users\imoud\OneDrive\Documents\MyDistinctAi\tests\e2e\landing-page.spec.ts:51:16

    attachment #1: screenshot (image/png) ──────────────────────────────────────────────────────────
    test-results\landing-page-Landing-Page--f0a5c-ce-Tabs-and-allow-switching-Mobile-Chrome\test-failed-1.png
    ────────────────────────────────────────────────────────────────────────────────────────────────

    attachment #2: video (video/webm) ──────────────────────────────────────────────────────────────
    test-results\landing-page-Landing-Page--f0a5c-ce-Tabs-and-allow-switching-Mobile-Chrome\video.webm
    ────────────────────────────────────────────────────────────────────────────────────────────────


[1A[2K[686/910] [Mobile Chrome] › tests\e2e\notifications.spec.ts:41:7 › Notifications Settings Tests › should display all notification sections
[1A[2K[687/910] [Mobile Chrome] › tests\e2e\notifications.spec.ts:56:7 › Notifications Settings Tests › should display email notification toggles
[1A[2K  580) [Mobile Chrome] › tests\e2e\landing-page.spec.ts:79:7 › Landing Page › should display and submit Waitlist Form 

    Error: page.goto: net::ERR_CONNECTION_REFUSED at http://localhost:4000/
    Call log:
    [2m  - navigating to "http://localhost:4000/", waiting until "load"[22m


      78 |
      79 |   test('should display and submit Waitlist Form', async ({ page }) => {
    > 80 |     await page.goto('/')
         |                ^
      81 |
      82 |     // Check section header
      83 |     await expect(page.getByRole('heading', { name: /Join the Waitlist/i })).toBeVisible()
        at C:\Users\imoud\OneDrive\Documents\MyDistinctAi\tests\e2e\landing-page.spec.ts:80:16

    attachment #1: screenshot (image/png) ──────────────────────────────────────────────────────────
    test-results\landing-page-Landing-Page--0fc45-ay-and-submit-Waitlist-Form-Mobile-Chrome\test-failed-1.png
    ────────────────────────────────────────────────────────────────────────────────────────────────

    attachment #2: video (video/webm) ──────────────────────────────────────────────────────────────
    test-results\landing-page-Landing-Page--0fc45-ay-and-submit-Waitlist-Form-Mobile-Chrome\video.webm
    ────────────────────────────────────────────────────────────────────────────────────────────────


[1A[2K  581) [Mobile Chrome] › tests\e2e\landing-page.spec.ts:104:7 › Landing Page › should display Footer with all sections 

    Error: page.goto: net::ERR_CONNECTION_REFUSED at http://localhost:4000/
    Call log:
    [2m  - navigating to "http://localhost:4000/", waiting until "load"[22m


      103 |
      104 |   test('should display Footer with all sections', async ({ page }) => {
    > 105 |     await page.goto('/')
          |                ^
      106 |
      107 |     // Scroll to footer
      108 |     await page.evaluate(() => window.scrollTo(0, document.body.scrollHeight))
        at C:\Users\imoud\OneDrive\Documents\MyDistinctAi\tests\e2e\landing-page.spec.ts:105:16

    attachment #1: screenshot (image/png) ──────────────────────────────────────────────────────────
    test-results\landing-page-Landing-Page--c54c5-ay-Footer-with-all-sections-Mobile-Chrome\test-failed-1.png
    ────────────────────────────────────────────────────────────────────────────────────────────────

    attachment #2: video (video/webm) ──────────────────────────────────────────────────────────────
    test-results\landing-page-Landing-Page--c54c5-ay-Footer-with-all-sections-Mobile-Chrome\video.webm
    ────────────────────────────────────────────────────────────────────────────────────────────────


[1A[2K  582) [Mobile Chrome] › tests\e2e\landing-page.spec.ts:123:7 › Landing Page › CTAs should navigate to correct pages 

    Error: page.goto: net::ERR_CONNECTION_REFUSED at http://localhost:4000/
    Call log:
    [2m  - navigating to "http://localhost:4000/", waiting until "load"[22m


      122 |
      123 |   test('CTAs should navigate to correct pages', async ({ page }) => {
    > 124 |     await page.goto('/')
          |                ^
      125 |
      126 |     // Click "Start Free Trial" button
      127 |     const startTrialButton = page.getByRole('link', { name: /Start Free Trial/i }).first()
        at C:\Users\imoud\OneDrive\Documents\MyDistinctAi\tests\e2e\landing-page.spec.ts:124:16

    attachment #1: screenshot (image/png) ──────────────────────────────────────────────────────────
    test-results\landing-page-Landing-Page--ab979-d-navigate-to-correct-pages-Mobile-Chrome\test-failed-1.png
    ────────────────────────────────────────────────────────────────────────────────────────────────

    attachment #2: video (video/webm) ──────────────────────────────────────────────────────────────
    test-results\landing-page-Landing-Page--ab979-d-navigate-to-correct-pages-Mobile-Chrome\video.webm
    ────────────────────────────────────────────────────────────────────────────────────────────────


[1A[2K  583) [Mobile Chrome] › tests\e2e\landing-page.spec.ts:135:7 › Landing Page › should be responsive on mobile 

    Error: page.goto: net::ERR_CONNECTION_REFUSED at http://localhost:4000/
    Call log:
    [2m  - navigating to "http://localhost:4000/", waiting until "load"[22m


      136 |     // Set mobile viewport
      137 |     await page.setViewportSize({ width: 375, height: 667 })
    > 138 |     await page.goto('/')
          |                ^
      139 |
      140 |     // Check main sections are still visible on mobile
      141 |     await expect(page.getByRole('heading', { name: /Build your own GPT/i })).toBeVisible()
        at C:\Users\imoud\OneDrive\Documents\MyDistinctAi\tests\e2e\landing-page.spec.ts:138:16

    attachment #1: screenshot (image/png) ──────────────────────────────────────────────────────────
    test-results\landing-page-Landing-Page-should-be-responsive-on-mobile-Mobile-Chrome\test-failed-1.png
    ────────────────────────────────────────────────────────────────────────────────────────────────

    attachment #2: video (video/webm) ──────────────────────────────────────────────────────────────
    test-results\landing-page-Landing-Page-should-be-responsive-on-mobile-Mobile-Chrome\video.webm
    ────────────────────────────────────────────────────────────────────────────────────────────────


[1A[2K[688/910] [Mobile Chrome] › tests\e2e\notifications.spec.ts:71:7 › Notifications Settings Tests › should display in-app notification toggles
[1A[2K  584) [Mobile Chrome] › tests\e2e\login-simple.spec.ts:11:7 › Simple Login Test › should register and login immediately 

    Error: page.goto: net::ERR_CONNECTION_REFUSED at http://localhost:4000/register
    Call log:
    [2m  - navigating to "http://localhost:4000/register", waiting until "load"[22m


      11 |   test('should register and login immediately', async ({ page }) => {
      12 |     // Step 1: Register
    > 13 |     await page.goto('/register')
         |                ^
      14 |
      15 |     await page.getByLabel(/name/i).fill(testUser.name)
      16 |     await page.getByLabel(/email/i).fill(testUser.email)
        at C:\Users\imoud\OneDrive\Documents\MyDistinctAi\tests\e2e\login-simple.spec.ts:13:16

    attachment #1: screenshot (image/png) ──────────────────────────────────────────────────────────
    test-results\login-simple-Simple-Login--517da-ister-and-login-immediately-Mobile-Chrome\test-failed-1.png
    ────────────────────────────────────────────────────────────────────────────────────────────────

    attachment #2: video (video/webm) ──────────────────────────────────────────────────────────────
    test-results\login-simple-Simple-Login--517da-ister-and-login-immediately-Mobile-Chrome\video.webm
    ────────────────────────────────────────────────────────────────────────────────────────────────


[1A[2K[689/910] [Mobile Chrome] › tests\e2e\notifications.spec.ts:84:7 › Notifications Settings Tests › should display important alerts section
[1A[2K  585) [Mobile Chrome] › tests\e2e\notifications.spec.ts:22:7 › Notifications Settings Tests › should display notifications settings page 

    Error: page.goto: net::ERR_CONNECTION_REFUSED at http://localhost:4000/login
    Call log:
    [2m  - navigating to "http://localhost:4000/login", waiting until "load"[22m


      10 |   test.beforeEach(async ({ page }) => {
      11 |     // Login first using test credentials
    > 12 |     await page.goto('http://localhost:4000/login')
         |                ^
      13 |     await page.getByLabel(/email/i).fill('demo@testmail.app')
      14 |     await page.getByLabel(/password/i).fill('Demo123456!')
      15 |
        at C:\Users\imoud\OneDrive\Documents\MyDistinctAi\tests\e2e\notifications.spec.ts:12:16

    attachment #1: screenshot (image/png) ──────────────────────────────────────────────────────────
    test-results\notifications-Notification-88dc3-notifications-settings-page-Mobile-Chrome\test-failed-1.png
    ────────────────────────────────────────────────────────────────────────────────────────────────

    attachment #2: video (video/webm) ──────────────────────────────────────────────────────────────
    test-results\notifications-Notification-88dc3-notifications-settings-page-Mobile-Chrome\video.webm
    ────────────────────────────────────────────────────────────────────────────────────────────────


[1A[2K[690/910] [Mobile Chrome] › tests\e2e\notifications.spec.ts:97:7 › Notifications Settings Tests › should toggle email notifications master switch
[1A[2K[691/910] [Mobile Chrome] › tests\e2e\notifications.spec.ts:124:7 › Notifications Settings Tests › should toggle in-app notifications master switch
[1A[2K  586) [Mobile Chrome] › tests\e2e\notifications.spec.ts:41:7 › Notifications Settings Tests › should display all notification sections 

    Error: page.goto: net::ERR_CONNECTION_REFUSED at http://localhost:4000/login
    Call log:
    [2m  - navigating to "http://localhost:4000/login", waiting until "load"[22m


      10 |   test.beforeEach(async ({ page }) => {
      11 |     // Login first using test credentials
    > 12 |     await page.goto('http://localhost:4000/login')
         |                ^
      13 |     await page.getByLabel(/email/i).fill('demo@testmail.app')
      14 |     await page.getByLabel(/password/i).fill('Demo123456!')
      15 |
        at C:\Users\imoud\OneDrive\Documents\MyDistinctAi\tests\e2e\notifications.spec.ts:12:16

    attachment #1: screenshot (image/png) ──────────────────────────────────────────────────────────
    test-results\notifications-Notification-add48-y-all-notification-sections-Mobile-Chrome\test-failed-1.png
    ────────────────────────────────────────────────────────────────────────────────────────────────

    attachment #2: video (video/webm) ──────────────────────────────────────────────────────────────
    test-results\notifications-Notification-add48-y-all-notification-sections-Mobile-Chrome\video.webm
    ────────────────────────────────────────────────────────────────────────────────────────────────


[1A[2K[692/910] [Mobile Chrome] › tests\e2e\notifications.spec.ts:151:7 › Notifications Settings Tests › should toggle usage limit warnings
[1A[2K[693/910] [Mobile Chrome] › tests\e2e\notifications.spec.ts:178:7 › Notifications Settings Tests › should have save button
[1A[2K  587) [Mobile Chrome] › tests\e2e\notifications.spec.ts:56:7 › Notifications Settings Tests › should display email notification toggles 

    Error: page.goto: net::ERR_CONNECTION_REFUSED at http://localhost:4000/login
    Call log:
    [2m  - navigating to "http://localhost:4000/login", waiting until "load"[22m


      10 |   test.beforeEach(async ({ page }) => {
      11 |     // Login first using test credentials
    > 12 |     await page.goto('http://localhost:4000/login')
         |                ^
      13 |     await page.getByLabel(/email/i).fill('demo@testmail.app')
      14 |     await page.getByLabel(/password/i).fill('Demo123456!')
      15 |
        at C:\Users\imoud\OneDrive\Documents\MyDistinctAi\tests\e2e\notifications.spec.ts:12:16

    attachment #1: screenshot (image/png) ──────────────────────────────────────────────────────────
    test-results\notifications-Notification-5717d--email-notification-toggles-Mobile-Chrome\test-failed-1.png
    ────────────────────────────────────────────────────────────────────────────────────────────────

    attachment #2: video (video/webm) ──────────────────────────────────────────────────────────────
    test-results\notifications-Notification-5717d--email-notification-toggles-Mobile-Chrome\video.webm
    ────────────────────────────────────────────────────────────────────────────────────────────────


[1A[2K[694/910] [Mobile Chrome] › tests\e2e\notifications.spec.ts:190:7 › Notifications Settings Tests › should save notification settings
[1A[2K[695/910] [Mobile Chrome] › tests\e2e\notifications.spec.ts:213:7 › Notifications Settings Tests › should have back button
[1A[2K  588) [Mobile Chrome] › tests\e2e\notifications.spec.ts:71:7 › Notifications Settings Tests › should display in-app notification toggles 

    Error: page.goto: net::ERR_CONNECTION_REFUSED at http://localhost:4000/login
    Call log:
    [2m  - navigating to "http://localhost:4000/login", waiting until "load"[22m


      10 |   test.beforeEach(async ({ page }) => {
      11 |     // Login first using test credentials
    > 12 |     await page.goto('http://localhost:4000/login')
         |                ^
      13 |     await page.getByLabel(/email/i).fill('demo@testmail.app')
      14 |     await page.getByLabel(/password/i).fill('Demo123456!')
      15 |
        at C:\Users\imoud\OneDrive\Documents\MyDistinctAi\tests\e2e\notifications.spec.ts:12:16

    attachment #1: screenshot (image/png) ──────────────────────────────────────────────────────────
    test-results\notifications-Notification-11a41-in-app-notification-toggles-Mobile-Chrome\test-failed-1.png
    ────────────────────────────────────────────────────────────────────────────────────────────────

    attachment #2: video (video/webm) ──────────────────────────────────────────────────────────────
    test-results\notifications-Notification-11a41-in-app-notification-toggles-Mobile-Chrome\video.webm
    ────────────────────────────────────────────────────────────────────────────────────────────────


[1A[2K  589) [Mobile Chrome] › tests\e2e\notifications.spec.ts:84:7 › Notifications Settings Tests › should display important alerts section 

    Error: page.goto: net::ERR_CONNECTION_REFUSED at http://localhost:4000/login
    Call log:
    [2m  - navigating to "http://localhost:4000/login", waiting until "load"[22m


      10 |   test.beforeEach(async ({ page }) => {
      11 |     // Login first using test credentials
    > 12 |     await page.goto('http://localhost:4000/login')
         |                ^
      13 |     await page.getByLabel(/email/i).fill('demo@testmail.app')
      14 |     await page.getByLabel(/password/i).fill('Demo123456!')
      15 |
        at C:\Users\imoud\OneDrive\Documents\MyDistinctAi\tests\e2e\notifications.spec.ts:12:16

    attachment #1: screenshot (image/png) ──────────────────────────────────────────────────────────
    test-results\notifications-Notification-23341-ay-important-alerts-section-Mobile-Chrome\test-failed-1.png
    ────────────────────────────────────────────────────────────────────────────────────────────────

    attachment #2: video (video/webm) ──────────────────────────────────────────────────────────────
    test-results\notifications-Notification-23341-ay-important-alerts-section-Mobile-Chrome\video.webm
    ────────────────────────────────────────────────────────────────────────────────────────────────


[1A[2K  590) [Mobile Chrome] › tests\e2e\notifications.spec.ts:97:7 › Notifications Settings Tests › should toggle email notifications master switch 

    Error: page.goto: net::ERR_CONNECTION_REFUSED at http://localhost:4000/login
    Call log:
    [2m  - navigating to "http://localhost:4000/login", waiting until "load"[22m


      10 |   test.beforeEach(async ({ page }) => {
      11 |     // Login first using test credentials
    > 12 |     await page.goto('http://localhost:4000/login')
         |                ^
      13 |     await page.getByLabel(/email/i).fill('demo@testmail.app')
      14 |     await page.getByLabel(/password/i).fill('Demo123456!')
      15 |
        at C:\Users\imoud\OneDrive\Documents\MyDistinctAi\tests\e2e\notifications.spec.ts:12:16

    attachment #1: screenshot (image/png) ──────────────────────────────────────────────────────────
    test-results\notifications-Notification-13d67-notifications-master-switch-Mobile-Chrome\test-failed-1.png
    ────────────────────────────────────────────────────────────────────────────────────────────────

    attachment #2: video (video/webm) ──────────────────────────────────────────────────────────────
    test-results\notifications-Notification-13d67-notifications-master-switch-Mobile-Chrome\video.webm
    ────────────────────────────────────────────────────────────────────────────────────────────────


[1A[2K  591) [Mobile Chrome] › tests\e2e\notifications.spec.ts:124:7 › Notifications Settings Tests › should toggle in-app notifications master switch 

    Error: page.goto: net::ERR_CONNECTION_REFUSED at http://localhost:4000/login
    Call log:
    [2m  - navigating to "http://localhost:4000/login", waiting until "load"[22m


      10 |   test.beforeEach(async ({ page }) => {
      11 |     // Login first using test credentials
    > 12 |     await page.goto('http://localhost:4000/login')
         |                ^
      13 |     await page.getByLabel(/email/i).fill('demo@testmail.app')
      14 |     await page.getByLabel(/password/i).fill('Demo123456!')
      15 |
        at C:\Users\imoud\OneDrive\Documents\MyDistinctAi\tests\e2e\notifications.spec.ts:12:16

    attachment #1: screenshot (image/png) ──────────────────────────────────────────────────────────
    test-results\notifications-Notification-ce90f-notifications-master-switch-Mobile-Chrome\test-failed-1.png
    ────────────────────────────────────────────────────────────────────────────────────────────────

    attachment #2: video (video/webm) ──────────────────────────────────────────────────────────────
    test-results\notifications-Notification-ce90f-notifications-master-switch-Mobile-Chrome\video.webm
    ────────────────────────────────────────────────────────────────────────────────────────────────


[1A[2K[696/910] [Mobile Chrome] › tests\e2e\onboarding.spec.ts:24:7 › Onboarding Flow › should display onboarding modal for first-time users
[1A[2K[697/910] [Mobile Chrome] › tests\e2e\onboarding.spec.ts:36:7 › Onboarding Flow › should show correct content for step 1
[1A[2K  592) [Mobile Chrome] › tests\e2e\notifications.spec.ts:151:7 › Notifications Settings Tests › should toggle usage limit warnings 

    Error: page.goto: net::ERR_CONNECTION_REFUSED at http://localhost:4000/login
    Call log:
    [2m  - navigating to "http://localhost:4000/login", waiting until "load"[22m


      10 |   test.beforeEach(async ({ page }) => {
      11 |     // Login first using test credentials
    > 12 |     await page.goto('http://localhost:4000/login')
         |                ^
      13 |     await page.getByLabel(/email/i).fill('demo@testmail.app')
      14 |     await page.getByLabel(/password/i).fill('Demo123456!')
      15 |
        at C:\Users\imoud\OneDrive\Documents\MyDistinctAi\tests\e2e\notifications.spec.ts:12:16

    attachment #1: screenshot (image/png) ──────────────────────────────────────────────────────────
    test-results\notifications-Notification-6f759-toggle-usage-limit-warnings-Mobile-Chrome\test-failed-1.png
    ────────────────────────────────────────────────────────────────────────────────────────────────

    attachment #2: video (video/webm) ──────────────────────────────────────────────────────────────
    test-results\notifications-Notification-6f759-toggle-usage-limit-warnings-Mobile-Chrome\video.webm
    ────────────────────────────────────────────────────────────────────────────────────────────────


[1A[2K  593) [Mobile Chrome] › tests\e2e\notifications.spec.ts:178:7 › Notifications Settings Tests › should have save button 

    Error: page.goto: net::ERR_CONNECTION_REFUSED at http://localhost:4000/login
    Call log:
    [2m  - navigating to "http://localhost:4000/login", waiting until "load"[22m


      10 |   test.beforeEach(async ({ page }) => {
      11 |     // Login first using test credentials
    > 12 |     await page.goto('http://localhost:4000/login')
         |                ^
      13 |     await page.getByLabel(/email/i).fill('demo@testmail.app')
      14 |     await page.getByLabel(/password/i).fill('Demo123456!')
      15 |
        at C:\Users\imoud\OneDrive\Documents\MyDistinctAi\tests\e2e\notifications.spec.ts:12:16

    attachment #1: screenshot (image/png) ──────────────────────────────────────────────────────────
    test-results\notifications-Notification-ae340-sts-should-have-save-button-Mobile-Chrome\test-failed-1.png
    ────────────────────────────────────────────────────────────────────────────────────────────────

    attachment #2: video (video/webm) ──────────────────────────────────────────────────────────────
    test-results\notifications-Notification-ae340-sts-should-have-save-button-Mobile-Chrome\video.webm
    ────────────────────────────────────────────────────────────────────────────────────────────────


[1A[2K[698/910] [Mobile Chrome] › tests\e2e\onboarding.spec.ts:49:7 › Onboarding Flow › should navigate to next step
[1A[2K[699/910] [Mobile Chrome] › tests\e2e\onboarding.spec.ts:64:7 › Onboarding Flow › should navigate to previous step
[1A[2K  594) [Mobile Chrome] › tests\e2e\notifications.spec.ts:190:7 › Notifications Settings Tests › should save notification settings 

    Error: page.goto: net::ERR_CONNECTION_REFUSED at http://localhost:4000/login
    Call log:
    [2m  - navigating to "http://localhost:4000/login", waiting until "load"[22m


      10 |   test.beforeEach(async ({ page }) => {
      11 |     // Login first using test credentials
    > 12 |     await page.goto('http://localhost:4000/login')
         |                ^
      13 |     await page.getByLabel(/email/i).fill('demo@testmail.app')
      14 |     await page.getByLabel(/password/i).fill('Demo123456!')
      15 |
        at C:\Users\imoud\OneDrive\Documents\MyDistinctAi\tests\e2e\notifications.spec.ts:12:16

    attachment #1: screenshot (image/png) ──────────────────────────────────────────────────────────
    test-results\notifications-Notification-8ad7f--save-notification-settings-Mobile-Chrome\test-failed-1.png
    ────────────────────────────────────────────────────────────────────────────────────────────────

    attachment #2: video (video/webm) ──────────────────────────────────────────────────────────────
    test-results\notifications-Notification-8ad7f--save-notification-settings-Mobile-Chrome\video.webm
    ────────────────────────────────────────────────────────────────────────────────────────────────


[1A[2K[700/910] [Mobile Chrome] › tests\e2e\onboarding.spec.ts:83:7 › Onboarding Flow › should disable previous button on first step
[1A[2K  595) [Mobile Chrome] › tests\e2e\notifications.spec.ts:213:7 › Notifications Settings Tests › should have back button 

    Error: page.goto: net::ERR_CONNECTION_REFUSED at http://localhost:4000/login
    Call log:
    [2m  - navigating to "http://localhost:4000/login", waiting until "load"[22m


      10 |   test.beforeEach(async ({ page }) => {
      11 |     // Login first using test credentials
    > 12 |     await page.goto('http://localhost:4000/login')
         |                ^
      13 |     await page.getByLabel(/email/i).fill('demo@testmail.app')
      14 |     await page.getByLabel(/password/i).fill('Demo123456!')
      15 |
        at C:\Users\imoud\OneDrive\Documents\MyDistinctAi\tests\e2e\notifications.spec.ts:12:16

    attachment #1: screenshot (image/png) ──────────────────────────────────────────────────────────
    test-results\notifications-Notification-f58cf-sts-should-have-back-button-Mobile-Chrome\test-failed-1.png
    ────────────────────────────────────────────────────────────────────────────────────────────────

    attachment #2: video (video/webm) ──────────────────────────────────────────────────────────────
    test-results\notifications-Notification-f58cf-sts-should-have-back-button-Mobile-Chrome\video.webm
    ────────────────────────────────────────────────────────────────────────────────────────────────


[1A[2K[701/910] [Mobile Chrome] › tests\e2e\onboarding.spec.ts:93:7 › Onboarding Flow › should show progress bar
[1A[2K[702/910] [Mobile Chrome] › tests\e2e\onboarding.spec.ts:110:7 › Onboarding Flow › should show step indicators
[1A[2K[703/910] [Mobile Chrome] › tests\e2e\onboarding.spec.ts:120:7 › Onboarding Flow › should allow clicking on step indicators
[1A[2K  596) [Mobile Chrome] › tests\e2e\onboarding.spec.ts:24:7 › Onboarding Flow › should display onboarding modal for first-time users 

    Error: page.goto: net::ERR_CONNECTION_REFUSED at http://localhost:4000/
    Call log:
    [2m  - navigating to "http://localhost:4000/", waiting until "load"[22m


       7 | test.beforeEach(async ({ page }) => {
       8 |   // Clear localStorage BEFORE login to ensure onboarding triggers
    >  9 |   await page.goto('http://localhost:4000')
         |              ^
      10 |   await page.evaluate(() => localStorage.clear())
      11 |
      12 |   // Login using xray API
        at C:\Users\imoud\OneDrive\Documents\MyDistinctAi\tests\e2e\onboarding.spec.ts:9:14

    attachment #1: screenshot (image/png) ──────────────────────────────────────────────────────────
    test-results\onboarding-Onboarding-Flow-eb5ad--modal-for-first-time-users-Mobile-Chrome\test-failed-1.png
    ────────────────────────────────────────────────────────────────────────────────────────────────

    attachment #2: video (video/webm) ──────────────────────────────────────────────────────────────
    test-results\onboarding-Onboarding-Flow-eb5ad--modal-for-first-time-users-Mobile-Chrome\video.webm
    ────────────────────────────────────────────────────────────────────────────────────────────────


[1A[2K  597) [Mobile Chrome] › tests\e2e\onboarding.spec.ts:36:7 › Onboarding Flow › should show correct content for step 1 

    Error: page.goto: net::ERR_CONNECTION_REFUSED at http://localhost:4000/
    Call log:
    [2m  - navigating to "http://localhost:4000/", waiting until "load"[22m


       7 | test.beforeEach(async ({ page }) => {
       8 |   // Clear localStorage BEFORE login to ensure onboarding triggers
    >  9 |   await page.goto('http://localhost:4000')
         |              ^
      10 |   await page.evaluate(() => localStorage.clear())
      11 |
      12 |   // Login using xray API
        at C:\Users\imoud\OneDrive\Documents\MyDistinctAi\tests\e2e\onboarding.spec.ts:9:14

    attachment #1: screenshot (image/png) ──────────────────────────────────────────────────────────
    test-results\onboarding-Onboarding-Flow-eb574--correct-content-for-step-1-Mobile-Chrome\test-failed-1.png
    ────────────────────────────────────────────────────────────────────────────────────────────────

    attachment #2: video (video/webm) ──────────────────────────────────────────────────────────────
    test-results\onboarding-Onboarding-Flow-eb574--correct-content-for-step-1-Mobile-Chrome\video.webm
    ────────────────────────────────────────────────────────────────────────────────────────────────


[1A[2K[704/910] [Mobile Chrome] › tests\e2e\onboarding.spec.ts:134:7 › Onboarding Flow › should navigate through all steps
[1A[2K  598) [Mobile Chrome] › tests\e2e\onboarding.spec.ts:49:7 › Onboarding Flow › should navigate to next step 

    Error: page.goto: net::ERR_CONNECTION_REFUSED at http://localhost:4000/
    Call log:
    [2m  - navigating to "http://localhost:4000/", waiting until "load"[22m


       7 | test.beforeEach(async ({ page }) => {
       8 |   // Clear localStorage BEFORE login to ensure onboarding triggers
    >  9 |   await page.goto('http://localhost:4000')
         |              ^
      10 |   await page.evaluate(() => localStorage.clear())
      11 |
      12 |   // Login using xray API
        at C:\Users\imoud\OneDrive\Documents\MyDistinctAi\tests\e2e\onboarding.spec.ts:9:14

    attachment #1: screenshot (image/png) ──────────────────────────────────────────────────────────
    test-results\onboarding-Onboarding-Flow-should-navigate-to-next-step-Mobile-Chrome\test-failed-1.png
    ────────────────────────────────────────────────────────────────────────────────────────────────

    attachment #2: video (video/webm) ──────────────────────────────────────────────────────────────
    test-results\onboarding-Onboarding-Flow-should-navigate-to-next-step-Mobile-Chrome\video.webm
    ────────────────────────────────────────────────────────────────────────────────────────────────


[1A[2K  599) [Mobile Chrome] › tests\e2e\onboarding.spec.ts:64:7 › Onboarding Flow › should navigate to previous step 

    Error: page.goto: net::ERR_CONNECTION_REFUSED at http://localhost:4000/
    Call log:
    [2m  - navigating to "http://localhost:4000/", waiting until "load"[22m


       7 | test.beforeEach(async ({ page }) => {
       8 |   // Clear localStorage BEFORE login to ensure onboarding triggers
    >  9 |   await page.goto('http://localhost:4000')
         |              ^
      10 |   await page.evaluate(() => localStorage.clear())
      11 |
      12 |   // Login using xray API
        at C:\Users\imoud\OneDrive\Documents\MyDistinctAi\tests\e2e\onboarding.spec.ts:9:14

    attachment #1: screenshot (image/png) ──────────────────────────────────────────────────────────
    test-results\onboarding-Onboarding-Flow-should-navigate-to-previous-step-Mobile-Chrome\test-failed-1.png
    ────────────────────────────────────────────────────────────────────────────────────────────────

    attachment #2: video (video/webm) ──────────────────────────────────────────────────────────────
    test-results\onboarding-Onboarding-Flow-should-navigate-to-previous-step-Mobile-Chrome\video.webm
    ────────────────────────────────────────────────────────────────────────────────────────────────


[1A[2K[705/910] [Mobile Chrome] › tests\e2e\onboarding.spec.ts:163:7 › Onboarding Flow › should show complete button on last step
[1A[2K  600) [Mobile Chrome] › tests\e2e\onboarding.spec.ts:83:7 › Onboarding Flow › should disable previous button on first step 

    Error: page.goto: net::ERR_CONNECTION_REFUSED at http://localhost:4000/
    Call log:
    [2m  - navigating to "http://localhost:4000/", waiting until "load"[22m


       7 | test.beforeEach(async ({ page }) => {
       8 |   // Clear localStorage BEFORE login to ensure onboarding triggers
    >  9 |   await page.goto('http://localhost:4000')
         |              ^
      10 |   await page.evaluate(() => localStorage.clear())
      11 |
      12 |   // Login using xray API
        at C:\Users\imoud\OneDrive\Documents\MyDistinctAi\tests\e2e\onboarding.spec.ts:9:14

    attachment #1: screenshot (image/png) ──────────────────────────────────────────────────────────
    test-results\onboarding-Onboarding-Flow-2e740-evious-button-on-first-step-Mobile-Chrome\test-failed-1.png
    ────────────────────────────────────────────────────────────────────────────────────────────────

    attachment #2: video (video/webm) ──────────────────────────────────────────────────────────────
    test-results\onboarding-Onboarding-Flow-2e740-evious-button-on-first-step-Mobile-Chrome\video.webm
    ────────────────────────────────────────────────────────────────────────────────────────────────


[1A[2K  601) [Mobile Chrome] › tests\e2e\onboarding.spec.ts:93:7 › Onboarding Flow › should show progress bar 

    Error: page.goto: net::ERR_CONNECTION_REFUSED at http://localhost:4000/
    Call log:
    [2m  - navigating to "http://localhost:4000/", waiting until "load"[22m


       7 | test.beforeEach(async ({ page }) => {
       8 |   // Clear localStorage BEFORE login to ensure onboarding triggers
    >  9 |   await page.goto('http://localhost:4000')
         |              ^
      10 |   await page.evaluate(() => localStorage.clear())
      11 |
      12 |   // Login using xray API
        at C:\Users\imoud\OneDrive\Documents\MyDistinctAi\tests\e2e\onboarding.spec.ts:9:14

    attachment #1: screenshot (image/png) ──────────────────────────────────────────────────────────
    test-results\onboarding-Onboarding-Flow-should-show-progress-bar-Mobile-Chrome\test-failed-1.png
    ────────────────────────────────────────────────────────────────────────────────────────────────

    attachment #2: video (video/webm) ──────────────────────────────────────────────────────────────
    test-results\onboarding-Onboarding-Flow-should-show-progress-bar-Mobile-Chrome\video.webm
    ────────────────────────────────────────────────────────────────────────────────────────────────


[1A[2K[706/910] [Mobile Chrome] › tests\e2e\onboarding.spec.ts:176:7 › Onboarding Flow › should close modal on skip
[1A[2K  602) [Mobile Chrome] › tests\e2e\onboarding.spec.ts:110:7 › Onboarding Flow › should show step indicators 

    Error: page.goto: net::ERR_CONNECTION_REFUSED at http://localhost:4000/
    Call log:
    [2m  - navigating to "http://localhost:4000/", waiting until "load"[22m


       7 | test.beforeEach(async ({ page }) => {
       8 |   // Clear localStorage BEFORE login to ensure onboarding triggers
    >  9 |   await page.goto('http://localhost:4000')
         |              ^
      10 |   await page.evaluate(() => localStorage.clear())
      11 |
      12 |   // Login using xray API
        at C:\Users\imoud\OneDrive\Documents\MyDistinctAi\tests\e2e\onboarding.spec.ts:9:14

    attachment #1: screenshot (image/png) ──────────────────────────────────────────────────────────
    test-results\onboarding-Onboarding-Flow-should-show-step-indicators-Mobile-Chrome\test-failed-1.png
    ────────────────────────────────────────────────────────────────────────────────────────────────

    attachment #2: video (video/webm) ──────────────────────────────────────────────────────────────
    test-results\onboarding-Onboarding-Flow-should-show-step-indicators-Mobile-Chrome\video.webm
    ────────────────────────────────────────────────────────────────────────────────────────────────


[1A[2K[707/910] [Mobile Chrome] › tests\e2e\onboarding.spec.ts:189:7 › Onboarding Flow › should close modal on X button click
[1A[2K[708/910] [Mobile Chrome] › tests\e2e\onboarding.spec.ts:202:7 › Onboarding Flow › should complete onboarding and close modal
[1A[2K  603) [Mobile Chrome] › tests\e2e\onboarding.spec.ts:120:7 › Onboarding Flow › should allow clicking on step indicators 

    Error: page.goto: net::ERR_CONNECTION_REFUSED at http://localhost:4000/
    Call log:
    [2m  - navigating to "http://localhost:4000/", waiting until "load"[22m


       7 | test.beforeEach(async ({ page }) => {
       8 |   // Clear localStorage BEFORE login to ensure onboarding triggers
    >  9 |   await page.goto('http://localhost:4000')
         |              ^
      10 |   await page.evaluate(() => localStorage.clear())
      11 |
      12 |   // Login using xray API
        at C:\Users\imoud\OneDrive\Documents\MyDistinctAi\tests\e2e\onboarding.spec.ts:9:14

    attachment #1: screenshot (image/png) ──────────────────────────────────────────────────────────
    test-results\onboarding-Onboarding-Flow-62c86-clicking-on-step-indicators-Mobile-Chrome\test-failed-1.png
    ────────────────────────────────────────────────────────────────────────────────────────────────

    attachment #2: video (video/webm) ──────────────────────────────────────────────────────────────
    test-results\onboarding-Onboarding-Flow-62c86-clicking-on-step-indicators-Mobile-Chrome\video.webm
    ────────────────────────────────────────────────────────────────────────────────────────────────


[1A[2K[709/910] [Mobile Chrome] › tests\e2e\onboarding.spec.ts:219:7 › Onboarding Flow › should not show onboarding on subsequent visits
[1A[2K[710/910] [Mobile Chrome] › tests\e2e\onboarding.spec.ts:240:7 › Onboarding Flow › should display all 5 steps with correct titles
[1A[2K[711/910] [Mobile Chrome] › tests\e2e\onboarding.spec.ts:261:7 › Onboarding Flow › should show tips for each step
[1A[2K  604) [Mobile Chrome] › tests\e2e\onboarding.spec.ts:134:7 › Onboarding Flow › should navigate through all steps 

    Error: page.goto: net::ERR_CONNECTION_REFUSED at http://localhost:4000/
    Call log:
    [2m  - navigating to "http://localhost:4000/", waiting until "load"[22m


       7 | test.beforeEach(async ({ page }) => {
       8 |   // Clear localStorage BEFORE login to ensure onboarding triggers
    >  9 |   await page.goto('http://localhost:4000')
         |              ^
      10 |   await page.evaluate(() => localStorage.clear())
      11 |
      12 |   // Login using xray API
        at C:\Users\imoud\OneDrive\Documents\MyDistinctAi\tests\e2e\onboarding.spec.ts:9:14

    attachment #1: screenshot (image/png) ──────────────────────────────────────────────────────────
    test-results\onboarding-Onboarding-Flow-should-navigate-through-all-steps-Mobile-Chrome\test-failed-1.png
    ────────────────────────────────────────────────────────────────────────────────────────────────

    attachment #2: video (video/webm) ──────────────────────────────────────────────────────────────
    test-results\onboarding-Onboarding-Flow-should-navigate-through-all-steps-Mobile-Chrome\video.webm
    ────────────────────────────────────────────────────────────────────────────────────────────────


[1A[2K  605) [Mobile Chrome] › tests\e2e\onboarding.spec.ts:163:7 › Onboarding Flow › should show complete button on last step 

    Error: page.goto: net::ERR_CONNECTION_REFUSED at http://localhost:4000/
    Call log:
    [2m  - navigating to "http://localhost:4000/", waiting until "load"[22m


       7 | test.beforeEach(async ({ page }) => {
       8 |   // Clear localStorage BEFORE login to ensure onboarding triggers
    >  9 |   await page.goto('http://localhost:4000')
         |              ^
      10 |   await page.evaluate(() => localStorage.clear())
      11 |
      12 |   // Login using xray API
        at C:\Users\imoud\OneDrive\Documents\MyDistinctAi\tests\e2e\onboarding.spec.ts:9:14

    attachment #1: screenshot (image/png) ──────────────────────────────────────────────────────────
    test-results\onboarding-Onboarding-Flow-f08a0-omplete-button-on-last-step-Mobile-Chrome\test-failed-1.png
    ────────────────────────────────────────────────────────────────────────────────────────────────

    attachment #2: video (video/webm) ──────────────────────────────────────────────────────────────
    test-results\onboarding-Onboarding-Flow-f08a0-omplete-button-on-last-step-Mobile-Chrome\video.webm
    ────────────────────────────────────────────────────────────────────────────────────────────────


[1A[2K[712/910] [Mobile Chrome] › tests\e2e\rag-file-upload.spec.ts:30:7 › RAG File Upload and Chat › should upload a text file and process it for RAG
[1A[2K  606) [Mobile Chrome] › tests\e2e\onboarding.spec.ts:176:7 › Onboarding Flow › should close modal on skip 

    Error: page.goto: net::ERR_CONNECTION_REFUSED at http://localhost:4000/
    Call log:
    [2m  - navigating to "http://localhost:4000/", waiting until "load"[22m


       7 | test.beforeEach(async ({ page }) => {
       8 |   // Clear localStorage BEFORE login to ensure onboarding triggers
    >  9 |   await page.goto('http://localhost:4000')
         |              ^
      10 |   await page.evaluate(() => localStorage.clear())
      11 |
      12 |   // Login using xray API
        at C:\Users\imoud\OneDrive\Documents\MyDistinctAi\tests\e2e\onboarding.spec.ts:9:14

    attachment #1: screenshot (image/png) ──────────────────────────────────────────────────────────
    test-results\onboarding-Onboarding-Flow-should-close-modal-on-skip-Mobile-Chrome\test-failed-1.png
    ────────────────────────────────────────────────────────────────────────────────────────────────

    attachment #2: video (video/webm) ──────────────────────────────────────────────────────────────
    test-results\onboarding-Onboarding-Flow-should-close-modal-on-skip-Mobile-Chrome\video.webm
    ────────────────────────────────────────────────────────────────────────────────────────────────


[1A[2K[713/910] [Mobile Chrome] › tests\e2e\rag-file-upload.spec.ts:124:7 › RAG File Upload and Chat › should chat with model using RAG context from uploaded file
[1A[2K  607) [Mobile Chrome] › tests\e2e\onboarding.spec.ts:189:7 › Onboarding Flow › should close modal on X button click 

    Error: page.goto: net::ERR_CONNECTION_REFUSED at http://localhost:4000/
    Call log:
    [2m  - navigating to "http://localhost:4000/", waiting until "load"[22m


       7 | test.beforeEach(async ({ page }) => {
       8 |   // Clear localStorage BEFORE login to ensure onboarding triggers
    >  9 |   await page.goto('http://localhost:4000')
         |              ^
      10 |   await page.evaluate(() => localStorage.clear())
      11 |
      12 |   // Login using xray API
        at C:\Users\imoud\OneDrive\Documents\MyDistinctAi\tests\e2e\onboarding.spec.ts:9:14

    attachment #1: screenshot (image/png) ──────────────────────────────────────────────────────────
    test-results\onboarding-Onboarding-Flow-a001c-ose-modal-on-X-button-click-Mobile-Chrome\test-failed-1.png
    ────────────────────────────────────────────────────────────────────────────────────────────────

    attachment #2: video (video/webm) ──────────────────────────────────────────────────────────────
    test-results\onboarding-Onboarding-Flow-a001c-ose-modal-on-X-button-click-Mobile-Chrome\video.webm
    ────────────────────────────────────────────────────────────────────────────────────────────────


[1A[2K  608) [Mobile Chrome] › tests\e2e\onboarding.spec.ts:202:7 › Onboarding Flow › should complete onboarding and close modal 

    Error: page.goto: net::ERR_CONNECTION_REFUSED at http://localhost:4000/
    Call log:
    [2m  - navigating to "http://localhost:4000/", waiting until "load"[22m


       7 | test.beforeEach(async ({ page }) => {
       8 |   // Clear localStorage BEFORE login to ensure onboarding triggers
    >  9 |   await page.goto('http://localhost:4000')
         |              ^
      10 |   await page.evaluate(() => localStorage.clear())
      11 |
      12 |   // Login using xray API
        at C:\Users\imoud\OneDrive\Documents\MyDistinctAi\tests\e2e\onboarding.spec.ts:9:14

    attachment #1: screenshot (image/png) ──────────────────────────────────────────────────────────
    test-results\onboarding-Onboarding-Flow-c689b--onboarding-and-close-modal-Mobile-Chrome\test-failed-1.png
    ────────────────────────────────────────────────────────────────────────────────────────────────

    attachment #2: video (video/webm) ──────────────────────────────────────────────────────────────
    test-results\onboarding-Onboarding-Flow-c689b--onboarding-and-close-modal-Mobile-Chrome\video.webm
    ────────────────────────────────────────────────────────────────────────────────────────────────


[1A[2K  609) [Mobile Chrome] › tests\e2e\onboarding.spec.ts:219:7 › Onboarding Flow › should not show onboarding on subsequent visits 

    Error: page.goto: net::ERR_CONNECTION_REFUSED at http://localhost:4000/
    Call log:
    [2m  - navigating to "http://localhost:4000/", waiting until "load"[22m


       7 | test.beforeEach(async ({ page }) => {
       8 |   // Clear localStorage BEFORE login to ensure onboarding triggers
    >  9 |   await page.goto('http://localhost:4000')
         |              ^
      10 |   await page.evaluate(() => localStorage.clear())
      11 |
      12 |   // Login using xray API
        at C:\Users\imoud\OneDrive\Documents\MyDistinctAi\tests\e2e\onboarding.spec.ts:9:14

    attachment #1: screenshot (image/png) ──────────────────────────────────────────────────────────
    test-results\onboarding-Onboarding-Flow-f5ce6-arding-on-subsequent-visits-Mobile-Chrome\test-failed-1.png
    ────────────────────────────────────────────────────────────────────────────────────────────────

    attachment #2: video (video/webm) ──────────────────────────────────────────────────────────────
    test-results\onboarding-Onboarding-Flow-f5ce6-arding-on-subsequent-visits-Mobile-Chrome\video.webm
    ────────────────────────────────────────────────────────────────────────────────────────────────


[1A[2K[714/910] [Mobile Chrome] › tests\e2e\rag-file-upload.spec.ts:189:7 › RAG File Upload and Chat › complete RAG flow: upload → process → chat
[1A[2K[715/910] [Mobile Chrome] › tests\e2e\settings.spec.ts:22:7 › Settings Tests › should display settings page with all options
[1A[2K  610) [Mobile Chrome] › tests\e2e\onboarding.spec.ts:240:7 › Onboarding Flow › should display all 5 steps with correct titles 

    Error: page.goto: net::ERR_CONNECTION_REFUSED at http://localhost:4000/
    Call log:
    [2m  - navigating to "http://localhost:4000/", waiting until "load"[22m


       7 | test.beforeEach(async ({ page }) => {
       8 |   // Clear localStorage BEFORE login to ensure onboarding triggers
    >  9 |   await page.goto('http://localhost:4000')
         |              ^
      10 |   await page.evaluate(() => localStorage.clear())
      11 |
      12 |   // Login using xray API
        at C:\Users\imoud\OneDrive\Documents\MyDistinctAi\tests\e2e\onboarding.spec.ts:9:14

    attachment #1: screenshot (image/png) ──────────────────────────────────────────────────────────
    test-results\onboarding-Onboarding-Flow-7be65-5-steps-with-correct-titles-Mobile-Chrome\test-failed-1.png
    ────────────────────────────────────────────────────────────────────────────────────────────────

    attachment #2: video (video/webm) ──────────────────────────────────────────────────────────────
    test-results\onboarding-Onboarding-Flow-7be65-5-steps-with-correct-titles-Mobile-Chrome\video.webm
    ────────────────────────────────────────────────────────────────────────────────────────────────


[1A[2K  611) [Mobile Chrome] › tests\e2e\onboarding.spec.ts:261:7 › Onboarding Flow › should show tips for each step 

    Error: page.goto: net::ERR_CONNECTION_REFUSED at http://localhost:4000/
    Call log:
    [2m  - navigating to "http://localhost:4000/", waiting until "load"[22m


       7 | test.beforeEach(async ({ page }) => {
       8 |   // Clear localStorage BEFORE login to ensure onboarding triggers
    >  9 |   await page.goto('http://localhost:4000')
         |              ^
      10 |   await page.evaluate(() => localStorage.clear())
      11 |
      12 |   // Login using xray API
        at C:\Users\imoud\OneDrive\Documents\MyDistinctAi\tests\e2e\onboarding.spec.ts:9:14

    attachment #1: screenshot (image/png) ──────────────────────────────────────────────────────────
    test-results\onboarding-Onboarding-Flow-should-show-tips-for-each-step-Mobile-Chrome\test-failed-1.png
    ────────────────────────────────────────────────────────────────────────────────────────────────

    attachment #2: video (video/webm) ──────────────────────────────────────────────────────────────
    test-results\onboarding-Onboarding-Flow-should-show-tips-for-each-step-Mobile-Chrome\video.webm
    ────────────────────────────────────────────────────────────────────────────────────────────────


[1A[2K[716/910] [Mobile Chrome] › tests\e2e\settings.spec.ts:41:7 › Settings Tests › should navigate to profile settings
[1A[2K[717/910] [Mobile Chrome] › tests\e2e\settings.spec.ts:60:7 › Settings Tests › should display profile form with user data
[1A[2K[718/910] [Mobile Chrome] › tests\e2e\settings.spec.ts:79:7 › Settings Tests › should update profile name
[1A[2K[719/910] [Mobile Chrome] › tests\e2e\settings.spec.ts:102:7 › Settings Tests › should update profile niche
[1A[2K  612) [Mobile Chrome] › tests\e2e\rag-file-upload.spec.ts:30:7 › RAG File Upload and Chat › should upload a text file and process it for RAG 

    Error: page.goto: net::ERR_CONNECTION_REFUSED at http://localhost:4000/api/test-auth/johndoe
    Call log:
    [2m  - navigating to "http://localhost:4000/api/test-auth/johndoe", waiting until "load"[22m


      11 |   test.beforeEach(async ({ page }) => {
      12 |     // Login using test auth API
    > 13 |     await page.goto('http://localhost:4000/api/test-auth/johndoe')
         |                ^
      14 |     await page.waitForLoadState('networkidle')
      15 |
      16 |     // Navigate to dashboard and dismiss onboarding
        at C:\Users\imoud\OneDrive\Documents\MyDistinctAi\tests\e2e\rag-file-upload.spec.ts:13:16

    attachment #1: screenshot (image/png) ──────────────────────────────────────────────────────────
    test-results\rag-file-upload-RAG-File-U-85f21-file-and-process-it-for-RAG-Mobile-Chrome\test-failed-1.png
    ────────────────────────────────────────────────────────────────────────────────────────────────

    attachment #2: video (video/webm) ──────────────────────────────────────────────────────────────
    test-results\rag-file-upload-RAG-File-U-85f21-file-and-process-it-for-RAG-Mobile-Chrome\video.webm
    ────────────────────────────────────────────────────────────────────────────────────────────────


[1A[2K  613) [Mobile Chrome] › tests\e2e\rag-file-upload.spec.ts:124:7 › RAG File Upload and Chat › should chat with model using RAG context from uploaded file 

    Error: page.goto: net::ERR_CONNECTION_REFUSED at http://localhost:4000/api/test-auth/johndoe
    Call log:
    [2m  - navigating to "http://localhost:4000/api/test-auth/johndoe", waiting until "load"[22m


      11 |   test.beforeEach(async ({ page }) => {
      12 |     // Login using test auth API
    > 13 |     await page.goto('http://localhost:4000/api/test-auth/johndoe')
         |                ^
      14 |     await page.waitForLoadState('networkidle')
      15 |
      16 |     // Navigate to dashboard and dismiss onboarding
        at C:\Users\imoud\OneDrive\Documents\MyDistinctAi\tests\e2e\rag-file-upload.spec.ts:13:16

    attachment #1: screenshot (image/png) ──────────────────────────────────────────────────────────
    test-results\rag-file-upload-RAG-File-U-10671--context-from-uploaded-file-Mobile-Chrome\test-failed-1.png
    ────────────────────────────────────────────────────────────────────────────────────────────────

    attachment #2: video (video/webm) ──────────────────────────────────────────────────────────────
    test-results\rag-file-upload-RAG-File-U-10671--context-from-uploaded-file-Mobile-Chrome\video.webm
    ────────────────────────────────────────────────────────────────────────────────────────────────


[1A[2K[720/910] [Mobile Chrome] › tests\e2e\settings.spec.ts:124:7 › Settings Tests › should validate password change form
[1A[2K  614) [Mobile Chrome] › tests\e2e\rag-file-upload.spec.ts:189:7 › RAG File Upload and Chat › complete RAG flow: upload → process → chat 

    Error: page.goto: net::ERR_CONNECTION_REFUSED at http://localhost:4000/api/test-auth/johndoe
    Call log:
    [2m  - navigating to "http://localhost:4000/api/test-auth/johndoe", waiting until "load"[22m


      11 |   test.beforeEach(async ({ page }) => {
      12 |     // Login using test auth API
    > 13 |     await page.goto('http://localhost:4000/api/test-auth/johndoe')
         |                ^
      14 |     await page.waitForLoadState('networkidle')
      15 |
      16 |     // Navigate to dashboard and dismiss onboarding
        at C:\Users\imoud\OneDrive\Documents\MyDistinctAi\tests\e2e\rag-file-upload.spec.ts:13:16

    attachment #1: screenshot (image/png) ──────────────────────────────────────────────────────────
    test-results\rag-file-upload-RAG-File-U-a4249-low-upload-→-process-→-chat-Mobile-Chrome\test-failed-1.png
    ────────────────────────────────────────────────────────────────────────────────────────────────

    attachment #2: video (video/webm) ──────────────────────────────────────────────────────────────
    test-results\rag-file-upload-RAG-File-U-a4249-low-upload-→-process-→-chat-Mobile-Chrome\video.webm
    ────────────────────────────────────────────────────────────────────────────────────────────────


[1A[2K[721/910] [Mobile Chrome] › tests\e2e\settings.spec.ts:145:7 › Settings Tests › should show error for mismatched passwords
[1A[2K  615) [Mobile Chrome] › tests\e2e\settings.spec.ts:22:7 › Settings Tests › should display settings page with all options 

    Error: page.goto: net::ERR_CONNECTION_REFUSED at http://localhost:4000/login
    Call log:
    [2m  - navigating to "http://localhost:4000/login", waiting until "load"[22m


      10 |   test.beforeEach(async ({ page }) => {
      11 |     // Login first using test credentials
    > 12 |     await page.goto('http://localhost:4000/login')
         |                ^
      13 |     await page.getByLabel(/email/i).fill('demo@testmail.app')
      14 |     await page.getByLabel(/password/i).fill('Demo123456!')
      15 |
        at C:\Users\imoud\OneDrive\Documents\MyDistinctAi\tests\e2e\settings.spec.ts:12:16

    attachment #1: screenshot (image/png) ──────────────────────────────────────────────────────────
    test-results\settings-Settings-Tests-sh-c3e29-tings-page-with-all-options-Mobile-Chrome\test-failed-1.png
    ────────────────────────────────────────────────────────────────────────────────────────────────

    attachment #2: video (video/webm) ──────────────────────────────────────────────────────────────
    test-results\settings-Settings-Tests-sh-c3e29-tings-page-with-all-options-Mobile-Chrome\video.webm
    ────────────────────────────────────────────────────────────────────────────────────────────────


[1A[2K  616) [Mobile Chrome] › tests\e2e\settings.spec.ts:41:7 › Settings Tests › should navigate to profile settings 

    Error: page.goto: net::ERR_CONNECTION_REFUSED at http://localhost:4000/login
    Call log:
    [2m  - navigating to "http://localhost:4000/login", waiting until "load"[22m


      10 |   test.beforeEach(async ({ page }) => {
      11 |     // Login first using test credentials
    > 12 |     await page.goto('http://localhost:4000/login')
         |                ^
      13 |     await page.getByLabel(/email/i).fill('demo@testmail.app')
      14 |     await page.getByLabel(/password/i).fill('Demo123456!')
      15 |
        at C:\Users\imoud\OneDrive\Documents\MyDistinctAi\tests\e2e\settings.spec.ts:12:16

    attachment #1: screenshot (image/png) ──────────────────────────────────────────────────────────
    test-results\settings-Settings-Tests-should-navigate-to-profile-settings-Mobile-Chrome\test-failed-1.png
    ────────────────────────────────────────────────────────────────────────────────────────────────

    attachment #2: video (video/webm) ──────────────────────────────────────────────────────────────
    test-results\settings-Settings-Tests-should-navigate-to-profile-settings-Mobile-Chrome\video.webm
    ────────────────────────────────────────────────────────────────────────────────────────────────


[1A[2K[722/910] [Mobile Chrome] › tests\e2e\settings.spec.ts:165:7 › Settings Tests › should show error for short password
[1A[2K  617) [Mobile Chrome] › tests\e2e\settings.spec.ts:60:7 › Settings Tests › should display profile form with user data 

    Error: page.goto: net::ERR_CONNECTION_REFUSED at http://localhost:4000/login
    Call log:
    [2m  - navigating to "http://localhost:4000/login", waiting until "load"[22m


      10 |   test.beforeEach(async ({ page }) => {
      11 |     // Login first using test credentials
    > 12 |     await page.goto('http://localhost:4000/login')
         |                ^
      13 |     await page.getByLabel(/email/i).fill('demo@testmail.app')
      14 |     await page.getByLabel(/password/i).fill('Demo123456!')
      15 |
        at C:\Users\imoud\OneDrive\Documents\MyDistinctAi\tests\e2e\settings.spec.ts:12:16

    attachment #1: screenshot (image/png) ──────────────────────────────────────────────────────────
    test-results\settings-Settings-Tests-sh-63d9f-profile-form-with-user-data-Mobile-Chrome\test-failed-1.png
    ────────────────────────────────────────────────────────────────────────────────────────────────

    attachment #2: video (video/webm) ──────────────────────────────────────────────────────────────
    test-results\settings-Settings-Tests-sh-63d9f-profile-form-with-user-data-Mobile-Chrome\video.webm
    ────────────────────────────────────────────────────────────────────────────────────────────────


[1A[2K[723/910] [Mobile Chrome] › tests\e2e\settings.spec.ts:185:7 › Settings Tests › should display account actions section
[1A[2K  618) [Mobile Chrome] › tests\e2e\settings.spec.ts:79:7 › Settings Tests › should update profile name 

    Error: page.goto: net::ERR_CONNECTION_REFUSED at http://localhost:4000/login
    Call log:
    [2m  - navigating to "http://localhost:4000/login", waiting until "load"[22m


      10 |   test.beforeEach(async ({ page }) => {
      11 |     // Login first using test credentials
    > 12 |     await page.goto('http://localhost:4000/login')
         |                ^
      13 |     await page.getByLabel(/email/i).fill('demo@testmail.app')
      14 |     await page.getByLabel(/password/i).fill('Demo123456!')
      15 |
        at C:\Users\imoud\OneDrive\Documents\MyDistinctAi\tests\e2e\settings.spec.ts:12:16

    attachment #1: screenshot (image/png) ──────────────────────────────────────────────────────────
    test-results\settings-Settings-Tests-should-update-profile-name-Mobile-Chrome\test-failed-1.png
    ────────────────────────────────────────────────────────────────────────────────────────────────

    attachment #2: video (video/webm) ──────────────────────────────────────────────────────────────
    test-results\settings-Settings-Tests-should-update-profile-name-Mobile-Chrome\video.webm
    ────────────────────────────────────────────────────────────────────────────────────────────────


[1A[2K  619) [Mobile Chrome] › tests\e2e\settings.spec.ts:102:7 › Settings Tests › should update profile niche 

    Error: page.goto: net::ERR_CONNECTION_REFUSED at http://localhost:4000/login
    Call log:
    [2m  - navigating to "http://localhost:4000/login", waiting until "load"[22m


      10 |   test.beforeEach(async ({ page }) => {
      11 |     // Login first using test credentials
    > 12 |     await page.goto('http://localhost:4000/login')
         |                ^
      13 |     await page.getByLabel(/email/i).fill('demo@testmail.app')
      14 |     await page.getByLabel(/password/i).fill('Demo123456!')
      15 |
        at C:\Users\imoud\OneDrive\Documents\MyDistinctAi\tests\e2e\settings.spec.ts:12:16

    attachment #1: screenshot (image/png) ──────────────────────────────────────────────────────────
    test-results\settings-Settings-Tests-should-update-profile-niche-Mobile-Chrome\test-failed-1.png
    ────────────────────────────────────────────────────────────────────────────────────────────────

    attachment #2: video (video/webm) ──────────────────────────────────────────────────────────────
    test-results\settings-Settings-Tests-should-update-profile-niche-Mobile-Chrome\video.webm
    ────────────────────────────────────────────────────────────────────────────────────────────────


[1A[2K[724/910] [Mobile Chrome] › tests\e2e\settings.spec.ts:200:7 › Settings Tests › should have back button on profile settings
[1A[2K[725/910] [Mobile Chrome] › tests\e2e\xray-login.spec.ts:8:7 › Xray Login Test › should login using xray route with dsaq
[1A[2K[726/910] [Mobile Chrome] › tests\e2e\xray-login.spec.ts:23:7 › Xray Login Test › should login and access dashboard
[1A[2K[727/910] [Mobile Chrome] › tests\e2e\xray-login.spec.ts:54:7 › Xray Login Test › should show user not found for invalid username
[1A[2K  620) [Mobile Chrome] › tests\e2e\settings.spec.ts:124:7 › Settings Tests › should validate password change form 

    Error: page.goto: net::ERR_CONNECTION_REFUSED at http://localhost:4000/login
    Call log:
    [2m  - navigating to "http://localhost:4000/login", waiting until "load"[22m


      10 |   test.beforeEach(async ({ page }) => {
      11 |     // Login first using test credentials
    > 12 |     await page.goto('http://localhost:4000/login')
         |                ^
      13 |     await page.getByLabel(/email/i).fill('demo@testmail.app')
      14 |     await page.getByLabel(/password/i).fill('Demo123456!')
      15 |
        at C:\Users\imoud\OneDrive\Documents\MyDistinctAi\tests\e2e\settings.spec.ts:12:16

    attachment #1: screenshot (image/png) ──────────────────────────────────────────────────────────
    test-results\settings-Settings-Tests-should-validate-password-change-form-Mobile-Chrome\test-failed-1.png
    ────────────────────────────────────────────────────────────────────────────────────────────────

    attachment #2: video (video/webm) ──────────────────────────────────────────────────────────────
    test-results\settings-Settings-Tests-should-validate-password-change-form-Mobile-Chrome\video.webm
    ────────────────────────────────────────────────────────────────────────────────────────────────


[1A[2K  621) [Mobile Chrome] › tests\e2e\settings.spec.ts:145:7 › Settings Tests › should show error for mismatched passwords 

    Error: page.goto: net::ERR_CONNECTION_REFUSED at http://localhost:4000/login
    Call log:
    [2m  - navigating to "http://localhost:4000/login", waiting until "load"[22m


      10 |   test.beforeEach(async ({ page }) => {
      11 |     // Login first using test credentials
    > 12 |     await page.goto('http://localhost:4000/login')
         |                ^
      13 |     await page.getByLabel(/email/i).fill('demo@testmail.app')
      14 |     await page.getByLabel(/password/i).fill('Demo123456!')
      15 |
        at C:\Users\imoud\OneDrive\Documents\MyDistinctAi\tests\e2e\settings.spec.ts:12:16

    attachment #1: screenshot (image/png) ──────────────────────────────────────────────────────────
    test-results\settings-Settings-Tests-sh-e4dc7-or-for-mismatched-passwords-Mobile-Chrome\test-failed-1.png
    ────────────────────────────────────────────────────────────────────────────────────────────────

    attachment #2: video (video/webm) ──────────────────────────────────────────────────────────────
    test-results\settings-Settings-Tests-sh-e4dc7-or-for-mismatched-passwords-Mobile-Chrome\video.webm
    ────────────────────────────────────────────────────────────────────────────────────────────────


[1A[2K[728/910] [Mobile Chrome] › tests\e2e\xray-login.spec.ts:65:7 › Xray Login Test › should work with different test users
[1A[2K  622) [Mobile Chrome] › tests\e2e\settings.spec.ts:165:7 › Settings Tests › should show error for short password 

    Error: page.goto: net::ERR_CONNECTION_REFUSED at http://localhost:4000/login
    Call log:
    [2m  - navigating to "http://localhost:4000/login", waiting until "load"[22m


      10 |   test.beforeEach(async ({ page }) => {
      11 |     // Login first using test credentials
    > 12 |     await page.goto('http://localhost:4000/login')
         |                ^
      13 |     await page.getByLabel(/email/i).fill('demo@testmail.app')
      14 |     await page.getByLabel(/password/i).fill('Demo123456!')
      15 |
        at C:\Users\imoud\OneDrive\Documents\MyDistinctAi\tests\e2e\settings.spec.ts:12:16

    attachment #1: screenshot (image/png) ──────────────────────────────────────────────────────────
    test-results\settings-Settings-Tests-should-show-error-for-short-password-Mobile-Chrome\test-failed-1.png
    ────────────────────────────────────────────────────────────────────────────────────────────────

    attachment #2: video (video/webm) ──────────────────────────────────────────────────────────────
    test-results\settings-Settings-Tests-should-show-error-for-short-password-Mobile-Chrome\video.webm
    ────────────────────────────────────────────────────────────────────────────────────────────────


[1A[2K[729/910] [Mobile Safari] › tests\e2e\analytics.spec.ts:71:7 › Analytics Dashboard Tests › should display analytics dashboard
[1A[2K  623) [Mobile Safari] › tests\e2e\analytics.spec.ts:71:7 › Analytics Dashboard Tests › should display analytics dashboard 

    Error: browserType.launch: Executable doesn't exist at C:\Users\imoud\AppData\Local\ms-playwright\webkit-2215\Playwright.exe
    ╔═════════════════════════════════════════════════════════════════════════╗
    ║ Looks like Playwright Test or Playwright was just installed or updated. ║
    ║ Please run the following command to download new browsers:              ║
    ║                                                                         ║
    ║     npx playwright install                                              ║
    ║                                                                         ║
    ║ <3 Playwright Team                                                      ║
    ╚═════════════════════════════════════════════════════════════════════════╝


[1A[2K  624) [Mobile Chrome] › tests\e2e\settings.spec.ts:185:7 › Settings Tests › should display account actions section 

    Error: page.goto: net::ERR_CONNECTION_REFUSED at http://localhost:4000/login
    Call log:
    [2m  - navigating to "http://localhost:4000/login", waiting until "load"[22m


      10 |   test.beforeEach(async ({ page }) => {
      11 |     // Login first using test credentials
    > 12 |     await page.goto('http://localhost:4000/login')
         |                ^
      13 |     await page.getByLabel(/email/i).fill('demo@testmail.app')
      14 |     await page.getByLabel(/password/i).fill('Demo123456!')
      15 |
        at C:\Users\imoud\OneDrive\Documents\MyDistinctAi\tests\e2e\settings.spec.ts:12:16

    attachment #1: screenshot (image/png) ──────────────────────────────────────────────────────────
    test-results\settings-Settings-Tests-sh-7ec7d-lay-account-actions-section-Mobile-Chrome\test-failed-1.png
    ────────────────────────────────────────────────────────────────────────────────────────────────

    attachment #2: video (video/webm) ──────────────────────────────────────────────────────────────
    test-results\settings-Settings-Tests-sh-7ec7d-lay-account-actions-section-Mobile-Chrome\video.webm
    ────────────────────────────────────────────────────────────────────────────────────────────────


[1A[2K  625) [Mobile Chrome] › tests\e2e\settings.spec.ts:200:7 › Settings Tests › should have back button on profile settings 

    Error: page.goto: net::ERR_CONNECTION_REFUSED at http://localhost:4000/login
    Call log:
    [2m  - navigating to "http://localhost:4000/login", waiting until "load"[22m


      10 |   test.beforeEach(async ({ page }) => {
      11 |     // Login first using test credentials
    > 12 |     await page.goto('http://localhost:4000/login')
         |                ^
      13 |     await page.getByLabel(/email/i).fill('demo@testmail.app')
      14 |     await page.getByLabel(/password/i).fill('Demo123456!')
      15 |
        at C:\Users\imoud\OneDrive\Documents\MyDistinctAi\tests\e2e\settings.spec.ts:12:16

    attachment #1: screenshot (image/png) ──────────────────────────────────────────────────────────
    test-results\settings-Settings-Tests-sh-65947--button-on-profile-settings-Mobile-Chrome\test-failed-1.png
    ────────────────────────────────────────────────────────────────────────────────────────────────

    attachment #2: video (video/webm) ──────────────────────────────────────────────────────────────
    test-results\settings-Settings-Tests-sh-65947--button-on-profile-settings-Mobile-Chrome\video.webm
    ────────────────────────────────────────────────────────────────────────────────────────────────


[1A[2K[730/910] [Mobile Safari] › tests\e2e\analytics.spec.ts:105:7 › Analytics Dashboard Tests › should display analytics stats cards
[1A[2K  626) [Mobile Safari] › tests\e2e\analytics.spec.ts:105:7 › Analytics Dashboard Tests › should display analytics stats cards 

    Error: browserType.launch: Executable doesn't exist at C:\Users\imoud\AppData\Local\ms-playwright\webkit-2215\Playwright.exe
    ╔═════════════════════════════════════════════════════════════════════════╗
    ║ Looks like Playwright Test or Playwright was just installed or updated. ║
    ║ Please run the following command to download new browsers:              ║
    ║                                                                         ║
    ║     npx playwright install                                              ║
    ║                                                                         ║
    ║ <3 Playwright Team                                                      ║
    ╚═════════════════════════════════════════════════════════════════════════╝


[1A[2K[731/910] [Mobile Safari] › tests\e2e\analytics.spec.ts:135:7 › Analytics Dashboard Tests › should display usage overview section
[1A[2K  627) [Mobile Safari] › tests\e2e\analytics.spec.ts:135:7 › Analytics Dashboard Tests › should display usage overview section 

    Error: browserType.launch: Executable doesn't exist at C:\Users\imoud\AppData\Local\ms-playwright\webkit-2215\Playwright.exe
    ╔═════════════════════════════════════════════════════════════════════════╗
    ║ Looks like Playwright Test or Playwright was just installed or updated. ║
    ║ Please run the following command to download new browsers:              ║
    ║                                                                         ║
    ║     npx playwright install                                              ║
    ║                                                                         ║
    ║ <3 Playwright Team                                                      ║
    ╚═════════════════════════════════════════════════════════════════════════╝


[1A[2K  628) [Mobile Chrome] › tests\e2e\xray-login.spec.ts:8:7 › Xray Login Test › should login using xray route with dsaq 

    Error: page.goto: net::ERR_CONNECTION_REFUSED at http://localhost:4000/api/xray/dsaq
    Call log:
    [2m  - navigating to "http://localhost:4000/api/xray/dsaq", waiting until "load"[22m


       8 |   test('should login using xray route with dsaq', async ({ page }) => {
       9 |     // Navigate to xray route (using actual user from database)
    > 10 |     await page.goto('/api/xray/dsaq')
         |                ^
      11 |
      12 |     // Wait for redirect and page load
      13 |     await page.waitForLoadState('networkidle', { timeout: 10000 })
        at C:\Users\imoud\OneDrive\Documents\MyDistinctAi\tests\e2e\xray-login.spec.ts:10:16

    attachment #1: screenshot (image/png) ──────────────────────────────────────────────────────────
    test-results\xray-login-Xray-Login-Test-24480--using-xray-route-with-dsaq-Mobile-Chrome\test-failed-1.png
    ────────────────────────────────────────────────────────────────────────────────────────────────

    attachment #2: video (video/webm) ──────────────────────────────────────────────────────────────
    test-results\xray-login-Xray-Login-Test-24480--using-xray-route-with-dsaq-Mobile-Chrome\video.webm
    ────────────────────────────────────────────────────────────────────────────────────────────────


[1A[2K[732/910] [Mobile Safari] › tests\e2e\analytics.spec.ts:163:7 › Analytics Dashboard Tests › should display performance metrics
[1A[2K  629) [Mobile Safari] › tests\e2e\analytics.spec.ts:163:7 › Analytics Dashboard Tests › should display performance metrics 

    Error: browserType.launch: Executable doesn't exist at C:\Users\imoud\AppData\Local\ms-playwright\webkit-2215\Playwright.exe
    ╔═════════════════════════════════════════════════════════════════════════╗
    ║ Looks like Playwright Test or Playwright was just installed or updated. ║
    ║ Please run the following command to download new browsers:              ║
    ║                                                                         ║
    ║     npx playwright install                                              ║
    ║                                                                         ║
    ║ <3 Playwright Team                                                      ║
    ╚═════════════════════════════════════════════════════════════════════════╝


[1A[2K  630) [Mobile Chrome] › tests\e2e\xray-login.spec.ts:23:7 › Xray Login Test › should login and access dashboard 

    Error: page.goto: net::ERR_CONNECTION_REFUSED at http://localhost:4000/api/xray/dsaq
    Call log:
    [2m  - navigating to "http://localhost:4000/api/xray/dsaq", waiting until "load"[22m


      23 |   test('should login and access dashboard', async ({ page }) => {
      24 |     // Navigate to xray API route
    > 25 |     await page.goto('/api/xray/dsaq')
         |                ^
      26 |
      27 |     // Wait for redirect and auth to complete
      28 |     await page.waitForLoadState('networkidle', { timeout: 10000 })
        at C:\Users\imoud\OneDrive\Documents\MyDistinctAi\tests\e2e\xray-login.spec.ts:25:16

    attachment #1: screenshot (image/png) ──────────────────────────────────────────────────────────
    test-results\xray-login-Xray-Login-Test-should-login-and-access-dashboard-Mobile-Chrome\test-failed-1.png
    ────────────────────────────────────────────────────────────────────────────────────────────────

    attachment #2: video (video/webm) ──────────────────────────────────────────────────────────────
    test-results\xray-login-Xray-Login-Test-should-login-and-access-dashboard-Mobile-Chrome\video.webm
    ────────────────────────────────────────────────────────────────────────────────────────────────


[1A[2K  631) [Mobile Chrome] › tests\e2e\xray-login.spec.ts:54:7 › Xray Login Test › should show user not found for invalid username 

    Error: page.goto: net::ERR_CONNECTION_REFUSED at http://localhost:4000/xray/invaliduser99999
    Call log:
    [2m  - navigating to "http://localhost:4000/xray/invaliduser99999", waiting until "load"[22m


      54 |   test('should show user not found for invalid username', async ({ page }) => {
      55 |     // Navigate to xray route with invalid user
    > 56 |     await page.goto('/xray/invaliduser99999')
         |                ^
      57 |
      58 |     // Wait for page load
      59 |     await page.waitForLoadState('networkidle', { timeout: 10000 })
        at C:\Users\imoud\OneDrive\Documents\MyDistinctAi\tests\e2e\xray-login.spec.ts:56:16

    attachment #1: screenshot (image/png) ──────────────────────────────────────────────────────────
    test-results\xray-login-Xray-Login-Test-3015e--found-for-invalid-username-Mobile-Chrome\test-failed-1.png
    ────────────────────────────────────────────────────────────────────────────────────────────────

    attachment #2: video (video/webm) ──────────────────────────────────────────────────────────────
    test-results\xray-login-Xray-Login-Test-3015e--found-for-invalid-username-Mobile-Chrome\video.webm
    ────────────────────────────────────────────────────────────────────────────────────────────────


[1A[2K[733/910] [Mobile Safari] › tests\e2e\analytics.spec.ts:194:7 › Analytics Dashboard Tests › should display training data info
[1A[2K[734/910] [Mobile Safari] › tests\e2e\analytics.spec.ts:225:7 › Analytics Dashboard Tests › should have date range selector
[1A[2K  632) [Mobile Safari] › tests\e2e\analytics.spec.ts:194:7 › Analytics Dashboard Tests › should display training data info 

    Error: browserType.launch: Executable doesn't exist at C:\Users\imoud\AppData\Local\ms-playwright\webkit-2215\Playwright.exe
    ╔═════════════════════════════════════════════════════════════════════════╗
    ║ Looks like Playwright Test or Playwright was just installed or updated. ║
    ║ Please run the following command to download new browsers:              ║
    ║                                                                         ║
    ║     npx playwright install                                              ║
    ║                                                                         ║
    ║ <3 Playwright Team                                                      ║
    ╚═════════════════════════════════════════════════════════════════════════╝


[1A[2K  633) [Mobile Safari] › tests\e2e\analytics.spec.ts:225:7 › Analytics Dashboard Tests › should have date range selector 

    Error: browserType.launch: Executable doesn't exist at C:\Users\imoud\AppData\Local\ms-playwright\webkit-2215\Playwright.exe
    ╔═════════════════════════════════════════════════════════════════════════╗
    ║ Looks like Playwright Test or Playwright was just installed or updated. ║
    ║ Please run the following command to download new browsers:              ║
    ║                                                                         ║
    ║     npx playwright install                                              ║
    ║                                                                         ║
    ║ <3 Playwright Team                                                      ║
    ╚═════════════════════════════════════════════════════════════════════════╝


[1A[2K[735/910] [Mobile Safari] › tests\e2e\analytics.spec.ts:257:7 › Analytics Dashboard Tests › should have export CSV button
[1A[2K  634) [Mobile Safari] › tests\e2e\analytics.spec.ts:257:7 › Analytics Dashboard Tests › should have export CSV button 

    Error: browserType.launch: Executable doesn't exist at C:\Users\imoud\AppData\Local\ms-playwright\webkit-2215\Playwright.exe
    ╔═════════════════════════════════════════════════════════════════════════╗
    ║ Looks like Playwright Test or Playwright was just installed or updated. ║
    ║ Please run the following command to download new browsers:              ║
    ║                                                                         ║
    ║     npx playwright install                                              ║
    ║                                                                         ║
    ║ <3 Playwright Team                                                      ║
    ╚═════════════════════════════════════════════════════════════════════════╝


[1A[2K[736/910] [Mobile Safari] › tests\e2e\analytics.spec.ts:284:7 › Analytics Dashboard Tests › should have back button
[1A[2K  635) [Mobile Safari] › tests\e2e\analytics.spec.ts:284:7 › Analytics Dashboard Tests › should have back button 

    Error: browserType.launch: Executable doesn't exist at C:\Users\imoud\AppData\Local\ms-playwright\webkit-2215\Playwright.exe
    ╔═════════════════════════════════════════════════════════════════════════╗
    ║ Looks like Playwright Test or Playwright was just installed or updated. ║
    ║ Please run the following command to download new browsers:              ║
    ║                                                                         ║
    ║     npx playwright install                                              ║
    ║                                                                         ║
    ║ <3 Playwright Team                                                      ║
    ╚═════════════════════════════════════════════════════════════════════════╝


[1A[2K[737/910] [Mobile Safari] › tests\e2e\analytics.spec.ts:309:7 › Analytics Dashboard Tests › should change date range and reload data
[1A[2K[738/910] [Mobile Safari] › tests\e2e\analytics.spec.ts:341:7 › Analytics Dashboard Tests › should display message activity chart when data exists
[1A[2K  636) [Mobile Chrome] › tests\e2e\xray-login.spec.ts:65:7 › Xray Login Test › should work with different test users 

    Error: page.goto: net::ERR_CONNECTION_REFUSED at http://localhost:4000/api/xray/sadq
    Call log:
    [2m  - navigating to "http://localhost:4000/api/xray/sadq", waiting until "load"[22m


      67 |
      68 |     for (const username of testUsers) {
    > 69 |       await page.goto(`/api/xray/${username}`)
         |                  ^
      70 |       await page.waitForLoadState('networkidle', { timeout: 10000 })
      71 |
      72 |       const currentURL = page.url()
        at C:\Users\imoud\OneDrive\Documents\MyDistinctAi\tests\e2e\xray-login.spec.ts:69:18

    attachment #1: screenshot (image/png) ──────────────────────────────────────────────────────────
    test-results\xray-login-Xray-Login-Test-340f1-k-with-different-test-users-Mobile-Chrome\test-failed-1.png
    ────────────────────────────────────────────────────────────────────────────────────────────────

    attachment #2: video (video/webm) ──────────────────────────────────────────────────────────────
    test-results\xray-login-Xray-Login-Test-340f1-k-with-different-test-users-Mobile-Chrome\video.webm
    ────────────────────────────────────────────────────────────────────────────────────────────────


[1A[2K  637) [Mobile Safari] › tests\e2e\analytics.spec.ts:309:7 › Analytics Dashboard Tests › should change date range and reload data 

    Error: browserType.launch: Executable doesn't exist at C:\Users\imoud\AppData\Local\ms-playwright\webkit-2215\Playwright.exe
    ╔═════════════════════════════════════════════════════════════════════════╗
    ║ Looks like Playwright Test or Playwright was just installed or updated. ║
    ║ Please run the following command to download new browsers:              ║
    ║                                                                         ║
    ║     npx playwright install                                              ║
    ║                                                                         ║
    ║ <3 Playwright Team                                                      ║
    ╚═════════════════════════════════════════════════════════════════════════╝


[1A[2K  638) [Mobile Safari] › tests\e2e\analytics.spec.ts:341:7 › Analytics Dashboard Tests › should display message activity chart when data exists 

    Error: browserType.launch: Executable doesn't exist at C:\Users\imoud\AppData\Local\ms-playwright\webkit-2215\Playwright.exe
    ╔═════════════════════════════════════════════════════════════════════════╗
    ║ Looks like Playwright Test or Playwright was just installed or updated. ║
    ║ Please run the following command to download new browsers:              ║
    ║                                                                         ║
    ║     npx playwright install                                              ║
    ║                                                                         ║
    ║ <3 Playwright Team                                                      ║
    ╚═════════════════════════════════════════════════════════════════════════╝


[1A[2K[739/910] [Mobile Safari] › tests\e2e\api-keys.spec.ts:22:7 › API Keys Tests › should display API keys page
[1A[2K  639) [Mobile Safari] › tests\e2e\api-keys.spec.ts:22:7 › API Keys Tests › should display API keys page 

    Error: browserType.launch: Executable doesn't exist at C:\Users\imoud\AppData\Local\ms-playwright\webkit-2215\Playwright.exe
    ╔═════════════════════════════════════════════════════════════════════════╗
    ║ Looks like Playwright Test or Playwright was just installed or updated. ║
    ║ Please run the following command to download new browsers:              ║
    ║                                                                         ║
    ║     npx playwright install                                              ║
    ║                                                                         ║
    ║ <3 Playwright Team                                                      ║
    ╚═════════════════════════════════════════════════════════════════════════╝


[1A[2K[740/910] [Mobile Safari] › tests\e2e\api-keys.spec.ts:41:7 › API Keys Tests › should display create API key button
[1A[2K[741/910] [Mobile Safari] › tests\e2e\api-keys.spec.ts:53:7 › API Keys Tests › should display empty state when no keys exist
[1A[2K  640) [Mobile Safari] › tests\e2e\api-keys.spec.ts:41:7 › API Keys Tests › should display create API key button 

    Error: browserType.launch: Executable doesn't exist at C:\Users\imoud\AppData\Local\ms-playwright\webkit-2215\Playwright.exe
    ╔═════════════════════════════════════════════════════════════════════════╗
    ║ Looks like Playwright Test or Playwright was just installed or updated. ║
    ║ Please run the following command to download new browsers:              ║
    ║                                                                         ║
    ║     npx playwright install                                              ║
    ║                                                                         ║
    ║ <3 Playwright Team                                                      ║
    ╚═════════════════════════════════════════════════════════════════════════╝


[1A[2K  641) [Mobile Safari] › tests\e2e\api-keys.spec.ts:53:7 › API Keys Tests › should display empty state when no keys exist 

    Error: browserType.launch: Executable doesn't exist at C:\Users\imoud\AppData\Local\ms-playwright\webkit-2215\Playwright.exe
    ╔═════════════════════════════════════════════════════════════════════════╗
    ║ Looks like Playwright Test or Playwright was just installed or updated. ║
    ║ Please run the following command to download new browsers:              ║
    ║                                                                         ║
    ║     npx playwright install                                              ║
    ║                                                                         ║
    ║ <3 Playwright Team                                                      ║
    ╚═════════════════════════════════════════════════════════════════════════╝


[1A[2K[742/910] [Mobile Safari] › tests\e2e\api-keys.spec.ts:71:7 › API Keys Tests › should open create modal when clicking create button
[1A[2K  642) [Mobile Safari] › tests\e2e\api-keys.spec.ts:71:7 › API Keys Tests › should open create modal when clicking create button 

    Error: browserType.launch: Executable doesn't exist at C:\Users\imoud\AppData\Local\ms-playwright\webkit-2215\Playwright.exe
    ╔═════════════════════════════════════════════════════════════════════════╗
    ║ Looks like Playwright Test or Playwright was just installed or updated. ║
    ║ Please run the following command to download new browsers:              ║
    ║                                                                         ║
    ║     npx playwright install                                              ║
    ║                                                                         ║
    ║ <3 Playwright Team                                                      ║
    ╚═════════════════════════════════════════════════════════════════════════╝


[1A[2K[743/910] [Mobile Safari] › tests\e2e\api-keys.spec.ts:88:7 › API Keys Tests › should close modal when clicking cancel
[1A[2K  643) [Mobile Safari] › tests\e2e\api-keys.spec.ts:88:7 › API Keys Tests › should close modal when clicking cancel 

    Error: browserType.launch: Executable doesn't exist at C:\Users\imoud\AppData\Local\ms-playwright\webkit-2215\Playwright.exe
    ╔═════════════════════════════════════════════════════════════════════════╗
    ║ Looks like Playwright Test or Playwright was just installed or updated. ║
    ║ Please run the following command to download new browsers:              ║
    ║                                                                         ║
    ║     npx playwright install                                              ║
    ║                                                                         ║
    ║ <3 Playwright Team                                                      ║
    ╚═════════════════════════════════════════════════════════════════════════╝


[1A[2K[744/910] [Mobile Safari] › tests\e2e\api-keys.spec.ts:108:7 › API Keys Tests › should validate key name input
[1A[2K[745/910] [Mobile Safari] › tests\e2e\api-keys.spec.ts:125:7 › API Keys Tests › should create new API key
[1A[2K[746/910] [Mobile Safari] › tests\e2e\api-keys.spec.ts:149:7 › API Keys Tests › should display newly created key only once
[1A[2K  644) [Mobile Safari] › tests\e2e\api-keys.spec.ts:108:7 › API Keys Tests › should validate key name input 

    Error: browserType.launch: Executable doesn't exist at C:\Users\imoud\AppData\Local\ms-playwright\webkit-2215\Playwright.exe
    ╔═════════════════════════════════════════════════════════════════════════╗
    ║ Looks like Playwright Test or Playwright was just installed or updated. ║
    ║ Please run the following command to download new browsers:              ║
    ║                                                                         ║
    ║     npx playwright install                                              ║
    ║                                                                         ║
    ║ <3 Playwright Team                                                      ║
    ╚═════════════════════════════════════════════════════════════════════════╝


[1A[2K  645) [Mobile Safari] › tests\e2e\api-keys.spec.ts:125:7 › API Keys Tests › should create new API key 

    Error: browserType.launch: Executable doesn't exist at C:\Users\imoud\AppData\Local\ms-playwright\webkit-2215\Playwright.exe
    ╔═════════════════════════════════════════════════════════════════════════╗
    ║ Looks like Playwright Test or Playwright was just installed or updated. ║
    ║ Please run the following command to download new browsers:              ║
    ║                                                                         ║
    ║     npx playwright install                                              ║
    ║                                                                         ║
    ║ <3 Playwright Team                                                      ║
    ╚═════════════════════════════════════════════════════════════════════════╝


[1A[2K  646) [Mobile Safari] › tests\e2e\api-keys.spec.ts:149:7 › API Keys Tests › should display newly created key only once 

    Error: browserType.launch: Executable doesn't exist at C:\Users\imoud\AppData\Local\ms-playwright\webkit-2215\Playwright.exe
    ╔═════════════════════════════════════════════════════════════════════════╗
    ║ Looks like Playwright Test or Playwright was just installed or updated. ║
    ║ Please run the following command to download new browsers:              ║
    ║                                                                         ║
    ║     npx playwright install                                              ║
    ║                                                                         ║
    ║ <3 Playwright Team                                                      ║
    ╚═════════════════════════════════════════════════════════════════════════╝


[1A[2K[747/910] [Mobile Safari] › tests\e2e\api-keys.spec.ts:178:7 › API Keys Tests › should list existing API keys
[1A[2K  647) [Mobile Safari] › tests\e2e\api-keys.spec.ts:178:7 › API Keys Tests › should list existing API keys 

    Error: browserType.launch: Executable doesn't exist at C:\Users\imoud\AppData\Local\ms-playwright\webkit-2215\Playwright.exe
    ╔═════════════════════════════════════════════════════════════════════════╗
    ║ Looks like Playwright Test or Playwright was just installed or updated. ║
    ║ Please run the following command to download new browsers:              ║
    ║                                                                         ║
    ║     npx playwright install                                              ║
    ║                                                                         ║
    ║ <3 Playwright Team                                                      ║
    ╚═════════════════════════════════════════════════════════════════════════╝


[1A[2K[748/910] [Mobile Safari] › tests\e2e\api-keys.spec.ts:201:7 › API Keys Tests › should display API documentation section
[1A[2K  648) [Mobile Safari] › tests\e2e\api-keys.spec.ts:201:7 › API Keys Tests › should display API documentation section 

    Error: browserType.launch: Executable doesn't exist at C:\Users\imoud\AppData\Local\ms-playwright\webkit-2215\Playwright.exe
    ╔═════════════════════════════════════════════════════════════════════════╗
    ║ Looks like Playwright Test or Playwright was just installed or updated. ║
    ║ Please run the following command to download new browsers:              ║
    ║                                                                         ║
    ║     npx playwright install                                              ║
    ║                                                                         ║
    ║ <3 Playwright Team                                                      ║
    ╚═════════════════════════════════════════════════════════════════════════╝


[1A[2K[749/910] [Mobile Safari] › tests\e2e\api-keys.spec.ts:214:7 › API Keys Tests › should have back button
[1A[2K  649) [Mobile Safari] › tests\e2e\api-keys.spec.ts:214:7 › API Keys Tests › should have back button 

    Error: browserType.launch: Executable doesn't exist at C:\Users\imoud\AppData\Local\ms-playwright\webkit-2215\Playwright.exe
    ╔═════════════════════════════════════════════════════════════════════════╗
    ║ Looks like Playwright Test or Playwright was just installed or updated. ║
    ║ Please run the following command to download new browsers:              ║
    ║                                                                         ║
    ║     npx playwright install                                              ║
    ║                                                                         ║
    ║ <3 Playwright Team                                                      ║
    ╚═════════════════════════════════════════════════════════════════════════╝


[1A[2K[750/910] [Mobile Safari] › tests\e2e\auth-login.spec.ts:45:7 › User Login › should display login form with all fields
[1A[2K  650) [Mobile Safari] › tests\e2e\auth-login.spec.ts:45:7 › User Login › should display login form with all fields 

    Error: browserType.launch: Executable doesn't exist at C:\Users\imoud\AppData\Local\ms-playwright\webkit-2215\Playwright.exe
    ╔═════════════════════════════════════════════════════════════════════════╗
    ║ Looks like Playwright Test or Playwright was just installed or updated. ║
    ║ Please run the following command to download new browsers:              ║
    ║                                                                         ║
    ║     npx playwright install                                              ║
    ║                                                                         ║
    ║ <3 Playwright Team                                                      ║
    ╚═════════════════════════════════════════════════════════════════════════╝


[1A[2K[751/910] [Mobile Safari] › tests\e2e\auth-login.spec.ts:66:7 › User Login › should show validation errors for empty form
[1A[2K[752/910] [Mobile Safari] › tests\e2e\auth-login.spec.ts:75:7 › User Login › should show error for invalid email format
[1A[2K  651) [Mobile Safari] › tests\e2e\auth-login.spec.ts:75:7 › User Login › should show error for invalid email format 

    Error: browserType.launch: Executable doesn't exist at C:\Users\imoud\AppData\Local\ms-playwright\webkit-2215\Playwright.exe
    ╔═════════════════════════════════════════════════════════════════════════╗
    ║ Looks like Playwright Test or Playwright was just installed or updated. ║
    ║ Please run the following command to download new browsers:              ║
    ║                                                                         ║
    ║     npx playwright install                                              ║
    ║                                                                         ║
    ║ <3 Playwright Team                                                      ║
    ╚═════════════════════════════════════════════════════════════════════════╝


[1A[2K[753/910] [Mobile Safari] › tests\e2e\auth-login.spec.ts:91:7 › User Login › should show error for non-existent user
[1A[2K[754/910] [Mobile Safari] › tests\e2e\auth-login.spec.ts:207:7 › User Login › should allow navigation to registration page
[1A[2K[755/910] [Mobile Safari] › tests\e2e\auth-login.spec.ts:145:7 › User Login › should persist session after page reload
[1A[2K[756/910] [Mobile Safari] › tests\e2e\auth-login.spec.ts:106:7 › User Login › should show error for incorrect password
[1A[2K  652) [Mobile Safari] › tests\e2e\auth-login.spec.ts:145:7 › User Login › should persist session after page reload 

    Error: browserType.launch: Executable doesn't exist at C:\Users\imoud\AppData\Local\ms-playwright\webkit-2215\Playwright.exe
    ╔═════════════════════════════════════════════════════════════════════════╗
    ║ Looks like Playwright Test or Playwright was just installed or updated. ║
    ║ Please run the following command to download new browsers:              ║
    ║                                                                         ║
    ║     npx playwright install                                              ║
    ║                                                                         ║
    ║ <3 Playwright Team                                                      ║
    ╚═════════════════════════════════════════════════════════════════════════╝


[1A[2K[757/910] [Mobile Safari] › tests\e2e\auth-login.spec.ts:168:7 › User Login › should successfully logout
[1A[2K  653) [Mobile Safari] › tests\e2e\auth-login.spec.ts:106:7 › User Login › should show error for incorrect password 

    Error: browserType.launch: Executable doesn't exist at C:\Users\imoud\AppData\Local\ms-playwright\webkit-2215\Playwright.exe
    ╔═════════════════════════════════════════════════════════════════════════╗
    ║ Looks like Playwright Test or Playwright was just installed or updated. ║
    ║ Please run the following command to download new browsers:              ║
    ║                                                                         ║
    ║     npx playwright install                                              ║
    ║                                                                         ║
    ║ <3 Playwright Team                                                      ║
    ╚═════════════════════════════════════════════════════════════════════════╝


[1A[2K  654) [Mobile Safari] › tests\e2e\auth-login.spec.ts:207:7 › User Login › should allow navigation to registration page 

    Error: browserType.launch: Executable doesn't exist at C:\Users\imoud\AppData\Local\ms-playwright\webkit-2215\Playwright.exe
    ╔═════════════════════════════════════════════════════════════════════════╗
    ║ Looks like Playwright Test or Playwright was just installed or updated. ║
    ║ Please run the following command to download new browsers:              ║
    ║                                                                         ║
    ║     npx playwright install                                              ║
    ║                                                                         ║
    ║ <3 Playwright Team                                                      ║
    ╚═════════════════════════════════════════════════════════════════════════╝


[1A[2K[758/910] [Mobile Safari] › tests\e2e\auth-login.spec.ts:125:7 › User Login › should successfully login with valid credentials
[1A[2K[759/910] [Mobile Safari] › tests\e2e\auth-login.spec.ts:219:7 › User Login › should allow navigation to password reset page
[1A[2K[760/910] [Mobile Safari] › tests\e2e\auth-login.spec.ts:227:7 › User Login › should toggle password visibility
[1A[2K  655) [Mobile Safari] › tests\e2e\auth-login.spec.ts:227:7 › User Login › should toggle password visibility 

    Error: browserType.launch: Executable doesn't exist at C:\Users\imoud\AppData\Local\ms-playwright\webkit-2215\Playwright.exe
    ╔═════════════════════════════════════════════════════════════════════════╗
    ║ Looks like Playwright Test or Playwright was just installed or updated. ║
    ║ Please run the following command to download new browsers:              ║
    ║                                                                         ║
    ║     npx playwright install                                              ║
    ║                                                                         ║
    ║ <3 Playwright Team                                                      ║
    ╚═════════════════════════════════════════════════════════════════════════╝


[1A[2K[761/910] [Mobile Safari] › tests\e2e\auth-login.spec.ts:251:7 › User Login › should show loading state during login
[1A[2K[762/910] [Mobile Safari] › tests\e2e\auth-login.spec.ts:275:7 › User Login › should be responsive on mobile viewport
[1A[2K  656) [Mobile Safari] › tests\e2e\auth-login.spec.ts:275:7 › User Login › should be responsive on mobile viewport 

    Error: browserType.launch: Executable doesn't exist at C:\Users\imoud\AppData\Local\ms-playwright\webkit-2215\Playwright.exe
    ╔═════════════════════════════════════════════════════════════════════════╗
    ║ Looks like Playwright Test or Playwright was just installed or updated. ║
    ║ Please run the following command to download new browsers:              ║
    ║                                                                         ║
    ║     npx playwright install                                              ║
    ║                                                                         ║
    ║ <3 Playwright Team                                                      ║
    ╚═════════════════════════════════════════════════════════════════════════╝


[1A[2K[763/910] [Mobile Safari] › tests\e2e\auth-login.spec.ts:287:7 › User Login › should handle magic link login option if available
[1A[2K[764/910] [Mobile Safari] › tests\e2e\auth-password-reset.spec.ts:41:7 › Password Reset › should display password reset form
[1A[2K  657) [Mobile Safari] › tests\e2e\auth-password-reset.spec.ts:41:7 › Password Reset › should display password reset form 

    Error: browserType.launch: Executable doesn't exist at C:\Users\imoud\AppData\Local\ms-playwright\webkit-2215\Playwright.exe
    ╔═════════════════════════════════════════════════════════════════════════╗
    ║ Looks like Playwright Test or Playwright was just installed or updated. ║
    ║ Please run the following command to download new browsers:              ║
    ║                                                                         ║
    ║     npx playwright install                                              ║
    ║                                                                         ║
    ║ <3 Playwright Team                                                      ║
    ╚═════════════════════════════════════════════════════════════════════════╝


[1A[2K[765/910] [Mobile Safari] › tests\e2e\auth-password-reset.spec.ts:61:7 › Password Reset › should show validation error for empty email
[1A[2K[766/910] [Mobile Safari] › tests\e2e\auth-password-reset.spec.ts:70:7 › Password Reset › should show error for invalid email format
[1A[2K  658) [Mobile Safari] › tests\e2e\auth-password-reset.spec.ts:70:7 › Password Reset › should show error for invalid email format 

    Error: browserType.launch: Executable doesn't exist at C:\Users\imoud\AppData\Local\ms-playwright\webkit-2215\Playwright.exe
    ╔═════════════════════════════════════════════════════════════════════════╗
    ║ Looks like Playwright Test or Playwright was just installed or updated. ║
    ║ Please run the following command to download new browsers:              ║
    ║                                                                         ║
    ║     npx playwright install                                              ║
    ║                                                                         ║
    ║ <3 Playwright Team                                                      ║
    ╚═════════════════════════════════════════════════════════════════════════╝


[1A[2K[767/910] [Mobile Safari] › tests\e2e\auth-password-reset.spec.ts:85:7 › Password Reset › should accept password reset request for registered user
[1A[2K[768/910] [Mobile Safari] › tests\e2e\auth-password-reset.spec.ts:104:7 › Password Reset › should handle non-existent email gracefully
[1A[2K  659) [Mobile Safari] › tests\e2e\auth-password-reset.spec.ts:104:7 › Password Reset › should handle non-existent email gracefully 

    Error: browserType.launch: Executable doesn't exist at C:\Users\imoud\AppData\Local\ms-playwright\webkit-2215\Playwright.exe
    ╔═════════════════════════════════════════════════════════════════════════╗
    ║ Looks like Playwright Test or Playwright was just installed or updated. ║
    ║ Please run the following command to download new browsers:              ║
    ║                                                                         ║
    ║     npx playwright install                                              ║
    ║                                                                         ║
    ║ <3 Playwright Team                                                      ║
    ╚═════════════════════════════════════════════════════════════════════════╝


[1A[2K[769/910] [Mobile Safari] › tests\e2e\auth-password-reset.spec.ts:120:7 › Password Reset › should allow navigation back to login
[1A[2K[770/910] [Mobile Safari] › tests\e2e\auth-password-reset.spec.ts:129:7 › Password Reset › should show loading state during submission
[1A[2K[771/910] [Mobile Safari] › tests\e2e\auth-password-reset.spec.ts:162:7 › Password Reset › should be accessible via forgot password link from login
[1A[2K[772/910] [Mobile Safari] › tests\e2e\auth-password-reset.spec.ts:201:7 › Password Reset › should clear form after successful submission
[1A[2K  660) [Mobile Safari] › tests\e2e\auth-password-reset.spec.ts:162:7 › Password Reset › should be accessible via forgot password link from login 

    Error: browserType.launch: Executable doesn't exist at C:\Users\imoud\AppData\Local\ms-playwright\webkit-2215\Playwright.exe
    ╔═════════════════════════════════════════════════════════════════════════╗
    ║ Looks like Playwright Test or Playwright was just installed or updated. ║
    ║ Please run the following command to download new browsers:              ║
    ║                                                                         ║
    ║     npx playwright install                                              ║
    ║                                                                         ║
    ║ <3 Playwright Team                                                      ║
    ╚═════════════════════════════════════════════════════════════════════════╝


[1A[2K[773/910] [Mobile Safari] › tests\e2e\auth-password-reset.spec.ts:178:7 › Password Reset › should prevent multiple rapid submissions
[1A[2K  661) [Mobile Safari] › tests\e2e\auth-password-reset.spec.ts:129:7 › Password Reset › should show loading state during submission 

    Error: browserType.launch: Executable doesn't exist at C:\Users\imoud\AppData\Local\ms-playwright\webkit-2215\Playwright.exe
    ╔═════════════════════════════════════════════════════════════════════════╗
    ║ Looks like Playwright Test or Playwright was just installed or updated. ║
    ║ Please run the following command to download new browsers:              ║
    ║                                                                         ║
    ║     npx playwright install                                              ║
    ║                                                                         ║
    ║ <3 Playwright Team                                                      ║
    ╚═════════════════════════════════════════════════════════════════════════╝


[1A[2K[774/910] [Mobile Safari] › tests\e2e\auth-password-reset.spec.ts:154:7 › Password Reset › should display helpful instructions
[1A[2K  662) [Mobile Safari] › tests\e2e\auth-password-reset.spec.ts:201:7 › Password Reset › should clear form after successful submission 

    Error: browserType.launch: Executable doesn't exist at C:\Users\imoud\AppData\Local\ms-playwright\webkit-2215\Playwright.exe
    ╔═════════════════════════════════════════════════════════════════════════╗
    ║ Looks like Playwright Test or Playwright was just installed or updated. ║
    ║ Please run the following command to download new browsers:              ║
    ║                                                                         ║
    ║     npx playwright install                                              ║
    ║                                                                         ║
    ║ <3 Playwright Team                                                      ║
    ╚═════════════════════════════════════════════════════════════════════════╝


[1A[2K[775/910] [Mobile Safari] › tests\e2e\auth-password-reset.spec.ts:224:7 › Password Reset › should be responsive on mobile viewport
[1A[2K[776/910] [Mobile Safari] › tests\e2e\auth-password-reset.spec.ts:238:7 › Password Reset › should have proper page metadata
[1A[2K  663) [Mobile Safari] › tests\e2e\auth-password-reset.spec.ts:238:7 › Password Reset › should have proper page metadata 

    Error: browserType.launch: Executable doesn't exist at C:\Users\imoud\AppData\Local\ms-playwright\webkit-2215\Playwright.exe
    ╔═════════════════════════════════════════════════════════════════════════╗
    ║ Looks like Playwright Test or Playwright was just installed or updated. ║
    ║ Please run the following command to download new browsers:              ║
    ║                                                                         ║
    ║     npx playwright install                                              ║
    ║                                                                         ║
    ║ <3 Playwright Team                                                      ║
    ╚═════════════════════════════════════════════════════════════════════════╝


[1A[2K[777/910] [Mobile Safari] › tests\e2e\auth-password-reset.spec.ts:243:7 › Password Reset › should handle network errors gracefully
[1A[2K[778/910] [Mobile Safari] › tests\e2e\auth-registration.spec.ts:20:7 › User Registration › should display registration form with all fields
[1A[2K  664) [Mobile Safari] › tests\e2e\auth-registration.spec.ts:20:7 › User Registration › should display registration form with all fields 

    Error: browserType.launch: Executable doesn't exist at C:\Users\imoud\AppData\Local\ms-playwright\webkit-2215\Playwright.exe
    ╔═════════════════════════════════════════════════════════════════════════╗
    ║ Looks like Playwright Test or Playwright was just installed or updated. ║
    ║ Please run the following command to download new browsers:              ║
    ║                                                                         ║
    ║     npx playwright install                                              ║
    ║                                                                         ║
    ║ <3 Playwright Team                                                      ║
    ╚═════════════════════════════════════════════════════════════════════════╝


[1A[2K[779/910] [Mobile Safari] › tests\e2e\auth-registration.spec.ts:38:7 › User Registration › should show validation errors for empty form
[1A[2K  665) [Mobile Safari] › tests\e2e\auth-registration.spec.ts:38:7 › User Registration › should show validation errors for empty form 

    Error: browserType.launch: Executable doesn't exist at C:\Users\imoud\AppData\Local\ms-playwright\webkit-2215\Playwright.exe
    ╔═════════════════════════════════════════════════════════════════════════╗
    ║ Looks like Playwright Test or Playwright was just installed or updated. ║
    ║ Please run the following command to download new browsers:              ║
    ║                                                                         ║
    ║     npx playwright install                                              ║
    ║                                                                         ║
    ║ <3 Playwright Team                                                      ║
    ╚═════════════════════════════════════════════════════════════════════════╝


[1A[2K[780/910] [Mobile Safari] › tests\e2e\auth-registration.spec.ts:49:7 › User Registration › should show error for invalid email format
[1A[2K  666) [Mobile Safari] › tests\e2e\auth-registration.spec.ts:49:7 › User Registration › should show error for invalid email format 

    Error: browserType.launch: Executable doesn't exist at C:\Users\imoud\AppData\Local\ms-playwright\webkit-2215\Playwright.exe
    ╔═════════════════════════════════════════════════════════════════════════╗
    ║ Looks like Playwright Test or Playwright was just installed or updated. ║
    ║ Please run the following command to download new browsers:              ║
    ║                                                                         ║
    ║     npx playwright install                                              ║
    ║                                                                         ║
    ║ <3 Playwright Team                                                      ║
    ╚═════════════════════════════════════════════════════════════════════════╝


[1A[2K[781/910] [Mobile Safari] › tests\e2e\auth-registration.spec.ts:69:7 › User Registration › should show error for weak password
[1A[2K  667) [Mobile Safari] › tests\e2e\auth-registration.spec.ts:69:7 › User Registration › should show error for weak password 

    Error: browserType.launch: Executable doesn't exist at C:\Users\imoud\AppData\Local\ms-playwright\webkit-2215\Playwright.exe
    ╔═════════════════════════════════════════════════════════════════════════╗
    ║ Looks like Playwright Test or Playwright was just installed or updated. ║
    ║ Please run the following command to download new browsers:              ║
    ║                                                                         ║
    ║     npx playwright install                                              ║
    ║                                                                         ║
    ║ <3 Playwright Team                                                      ║
    ╚═════════════════════════════════════════════════════════════════════════╝


[1A[2K[782/910] [Mobile Safari] › tests\e2e\auth-registration.spec.ts:119:7 › User Registration › should show error when registering with existing email
[1A[2K[783/910] [Mobile Safari] › tests\e2e\auth-registration.spec.ts:89:7 › User Registration › should successfully register a new user
[1A[2K  668) [Mobile Safari] › tests\e2e\auth-registration.spec.ts:119:7 › User Registration › should show error when registering with existing email 

    Error: browserType.launch: Executable doesn't exist at C:\Users\imoud\AppData\Local\ms-playwright\webkit-2215\Playwright.exe
    ╔═════════════════════════════════════════════════════════════════════════╗
    ║ Looks like Playwright Test or Playwright was just installed or updated. ║
    ║ Please run the following command to download new browsers:              ║
    ║                                                                         ║
    ║     npx playwright install                                              ║
    ║                                                                         ║
    ║ <3 Playwright Team                                                      ║
    ╚═════════════════════════════════════════════════════════════════════════╝


[1A[2K  669) [Mobile Safari] › tests\e2e\auth-registration.spec.ts:89:7 › User Registration › should successfully register a new user 

    Error: browserType.launch: Executable doesn't exist at C:\Users\imoud\AppData\Local\ms-playwright\webkit-2215\Playwright.exe
    ╔═════════════════════════════════════════════════════════════════════════╗
    ║ Looks like Playwright Test or Playwright was just installed or updated. ║
    ║ Please run the following command to download new browsers:              ║
    ║                                                                         ║
    ║     npx playwright install                                              ║
    ║                                                                         ║
    ║ <3 Playwright Team                                                      ║
    ╚═════════════════════════════════════════════════════════════════════════╝


[1A[2K[784/910] [Mobile Safari] › tests\e2e\auth-registration.spec.ts:156:7 › User Registration › should allow navigation to login page
[1A[2K  670) [Mobile Safari] › tests\e2e\auth-registration.spec.ts:156:7 › User Registration › should allow navigation to login page 

    Error: browserType.launch: Executable doesn't exist at C:\Users\imoud\AppData\Local\ms-playwright\webkit-2215\Playwright.exe
    ╔═════════════════════════════════════════════════════════════════════════╗
    ║ Looks like Playwright Test or Playwright was just installed or updated. ║
    ║ Please run the following command to download new browsers:              ║
    ║                                                                         ║
    ║     npx playwright install                                              ║
    ║                                                                         ║
    ║ <3 Playwright Team                                                      ║
    ╚═════════════════════════════════════════════════════════════════════════╝


[1A[2K[785/910] [Mobile Safari] › tests\e2e\auth-registration.spec.ts:166:7 › User Registration › should toggle password visibility
[1A[2K  671) [Mobile Safari] › tests\e2e\auth-registration.spec.ts:166:7 › User Registration › should toggle password visibility 

    Error: browserType.launch: Executable doesn't exist at C:\Users\imoud\AppData\Local\ms-playwright\webkit-2215\Playwright.exe
    ╔═════════════════════════════════════════════════════════════════════════╗
    ║ Looks like Playwright Test or Playwright was just installed or updated. ║
    ║ Please run the following command to download new browsers:              ║
    ║                                                                         ║
    ║     npx playwright install                                              ║
    ║                                                                         ║
    ║ <3 Playwright Team                                                      ║
    ╚═════════════════════════════════════════════════════════════════════════╝


[1A[2K[786/910] [Mobile Safari] › tests\e2e\auth-registration.spec.ts:188:7 › User Registration › should have all industry options available
[1A[2K  672) [Mobile Safari] › tests\e2e\auth-registration.spec.ts:188:7 › User Registration › should have all industry options available 

    Error: browserType.launch: Executable doesn't exist at C:\Users\imoud\AppData\Local\ms-playwright\webkit-2215\Playwright.exe
    ╔═════════════════════════════════════════════════════════════════════════╗
    ║ Looks like Playwright Test or Playwright was just installed or updated. ║
    ║ Please run the following command to download new browsers:              ║
    ║                                                                         ║
    ║     npx playwright install                                              ║
    ║                                                                         ║
    ║ <3 Playwright Team                                                      ║
    ╚═════════════════════════════════════════════════════════════════════════╝


[1A[2K[787/910] [Mobile Safari] › tests\e2e\auth-registration.spec.ts:200:7 › User Registration › should be responsive on mobile viewport
[1A[2K  673) [Mobile Safari] › tests\e2e\auth-registration.spec.ts:200:7 › User Registration › should be responsive on mobile viewport 

    Error: browserType.launch: Executable doesn't exist at C:\Users\imoud\AppData\Local\ms-playwright\webkit-2215\Playwright.exe
    ╔═════════════════════════════════════════════════════════════════════════╗
    ║ Looks like Playwright Test or Playwright was just installed or updated. ║
    ║ Please run the following command to download new browsers:              ║
    ║                                                                         ║
    ║     npx playwright install                                              ║
    ║                                                                         ║
    ║ <3 Playwright Team                                                      ║
    ╚═════════════════════════════════════════════════════════════════════════╝


[1A[2K[788/910] [Mobile Safari] › tests\e2e\branding.spec.ts:19:7 › Branding Settings › should navigate to branding settings page
[1A[2K[789/910] [Mobile Safari] › tests\e2e\branding.spec.ts:31:7 › Branding Settings › should display all branding form sections
[1A[2K  674) [Mobile Safari] › tests\e2e\branding.spec.ts:19:7 › Branding Settings › should navigate to branding settings page 

    Error: browserType.launch: Executable doesn't exist at C:\Users\imoud\AppData\Local\ms-playwright\webkit-2215\Playwright.exe
    ╔═════════════════════════════════════════════════════════════════════════╗
    ║ Looks like Playwright Test or Playwright was just installed or updated. ║
    ║ Please run the following command to download new browsers:              ║
    ║                                                                         ║
    ║     npx playwright install                                              ║
    ║                                                                         ║
    ║ <3 Playwright Team                                                      ║
    ╚═════════════════════════════════════════════════════════════════════════╝


[1A[2K  675) [Mobile Safari] › tests\e2e\branding.spec.ts:31:7 › Branding Settings › should display all branding form sections 

    Error: browserType.launch: Executable doesn't exist at C:\Users\imoud\AppData\Local\ms-playwright\webkit-2215\Playwright.exe
    ╔═════════════════════════════════════════════════════════════════════════╗
    ║ Looks like Playwright Test or Playwright was just installed or updated. ║
    ║ Please run the following command to download new browsers:              ║
    ║                                                                         ║
    ║     npx playwright install                                              ║
    ║                                                                         ║
    ║ <3 Playwright Team                                                      ║
    ╚═════════════════════════════════════════════════════════════════════════╝


[1A[2K[790/910] [Mobile Safari] › tests\e2e\branding.spec.ts:57:7 › Branding Settings › should update company name and see live preview
[1A[2K[791/910] [Mobile Safari] › tests\e2e\branding.spec.ts:70:7 › Branding Settings › should update primary color and see live preview
[1A[2K  676) [Mobile Safari] › tests\e2e\branding.spec.ts:57:7 › Branding Settings › should update company name and see live preview 

    Error: browserType.launch: Executable doesn't exist at C:\Users\imoud\AppData\Local\ms-playwright\webkit-2215\Playwright.exe
    ╔═════════════════════════════════════════════════════════════════════════╗
    ║ Looks like Playwright Test or Playwright was just installed or updated. ║
    ║ Please run the following command to download new browsers:              ║
    ║                                                                         ║
    ║     npx playwright install                                              ║
    ║                                                                         ║
    ║ <3 Playwright Team                                                      ║
    ╚═════════════════════════════════════════════════════════════════════════╝


[1A[2K  677) [Mobile Safari] › tests\e2e\branding.spec.ts:70:7 › Branding Settings › should update primary color and see live preview 

    Error: browserType.launch: Executable doesn't exist at C:\Users\imoud\AppData\Local\ms-playwright\webkit-2215\Playwright.exe
    ╔═════════════════════════════════════════════════════════════════════════╗
    ║ Looks like Playwright Test or Playwright was just installed or updated. ║
    ║ Please run the following command to download new browsers:              ║
    ║                                                                         ║
    ║     npx playwright install                                              ║
    ║                                                                         ║
    ║ <3 Playwright Team                                                      ║
    ╚═════════════════════════════════════════════════════════════════════════╝


[1A[2K[792/910] [Mobile Safari] › tests\e2e\branding.spec.ts:86:7 › Branding Settings › should update secondary color and see live preview
[1A[2K  678) [Mobile Safari] › tests\e2e\branding.spec.ts:86:7 › Branding Settings › should update secondary color and see live preview 

    Error: browserType.launch: Executable doesn't exist at C:\Users\imoud\AppData\Local\ms-playwright\webkit-2215\Playwright.exe
    ╔═════════════════════════════════════════════════════════════════════════╗
    ║ Looks like Playwright Test or Playwright was just installed or updated. ║
    ║ Please run the following command to download new browsers:              ║
    ║                                                                         ║
    ║     npx playwright install                                              ║
    ║                                                                         ║
    ║ <3 Playwright Team                                                      ║
    ╚═════════════════════════════════════════════════════════════════════════╝


[1A[2K[793/910] [Mobile Safari] › tests\e2e\branding.spec.ts:102:7 › Branding Settings › should show DNS instructions modal
[1A[2K  679) [Mobile Safari] › tests\e2e\branding.spec.ts:102:7 › Branding Settings › should show DNS instructions modal 

    Error: browserType.launch: Executable doesn't exist at C:\Users\imoud\AppData\Local\ms-playwright\webkit-2215\Playwright.exe
    ╔═════════════════════════════════════════════════════════════════════════╗
    ║ Looks like Playwright Test or Playwright was just installed or updated. ║
    ║ Please run the following command to download new browsers:              ║
    ║                                                                         ║
    ║     npx playwright install                                              ║
    ║                                                                         ║
    ║ <3 Playwright Team                                                      ║
    ╚═════════════════════════════════════════════════════════════════════════╝


[1A[2K[794/910] [Mobile Safari] › tests\e2e\branding.spec.ts:121:7 › Branding Settings › should validate company name is required
[1A[2K  680) [Mobile Safari] › tests\e2e\branding.spec.ts:121:7 › Branding Settings › should validate company name is required 

    Error: browserType.launch: Executable doesn't exist at C:\Users\imoud\AppData\Local\ms-playwright\webkit-2215\Playwright.exe
    ╔═════════════════════════════════════════════════════════════════════════╗
    ║ Looks like Playwright Test or Playwright was just installed or updated. ║
    ║ Please run the following command to download new browsers:              ║
    ║                                                                         ║
    ║     npx playwright install                                              ║
    ║                                                                         ║
    ║ <3 Playwright Team                                                      ║
    ╚═════════════════════════════════════════════════════════════════════════╝


[1A[2K[795/910] [Mobile Safari] › tests\e2e\branding.spec.ts:137:7 › Branding Settings › should display custom domain in preview
[1A[2K  681) [Mobile Safari] › tests\e2e\branding.spec.ts:137:7 › Branding Settings › should display custom domain in preview 

    Error: browserType.launch: Executable doesn't exist at C:\Users\imoud\AppData\Local\ms-playwright\webkit-2215\Playwright.exe
    ╔═════════════════════════════════════════════════════════════════════════╗
    ║ Looks like Playwright Test or Playwright was just installed or updated. ║
    ║ Please run the following command to download new browsers:              ║
    ║                                                                         ║
    ║     npx playwright install                                              ║
    ║                                                                         ║
    ║ <3 Playwright Team                                                      ║
    ╚═════════════════════════════════════════════════════════════════════════╝


[1A[2K[796/910] [Mobile Safari] › tests\e2e\branding.spec.ts:152:7 › Branding Settings › should show save button
[1A[2K[797/910] [Mobile Safari] › tests\e2e\branding.spec.ts:162:7 › Branding Settings › should have upload buttons for logo and favicon
[1A[2K  682) [Mobile Safari] › tests\e2e\branding.spec.ts:152:7 › Branding Settings › should show save button 

    Error: browserType.launch: Executable doesn't exist at C:\Users\imoud\AppData\Local\ms-playwright\webkit-2215\Playwright.exe
    ╔═════════════════════════════════════════════════════════════════════════╗
    ║ Looks like Playwright Test or Playwright was just installed or updated. ║
    ║ Please run the following command to download new browsers:              ║
    ║                                                                         ║
    ║     npx playwright install                                              ║
    ║                                                                         ║
    ║ <3 Playwright Team                                                      ║
    ╚═════════════════════════════════════════════════════════════════════════╝


[1A[2K  683) [Mobile Safari] › tests\e2e\branding.spec.ts:162:7 › Branding Settings › should have upload buttons for logo and favicon 

    Error: browserType.launch: Executable doesn't exist at C:\Users\imoud\AppData\Local\ms-playwright\webkit-2215\Playwright.exe
    ╔═════════════════════════════════════════════════════════════════════════╗
    ║ Looks like Playwright Test or Playwright was just installed or updated. ║
    ║ Please run the following command to download new browsers:              ║
    ║                                                                         ║
    ║     npx playwright install                                              ║
    ║                                                                         ║
    ║ <3 Playwright Team                                                      ║
    ╚═════════════════════════════════════════════════════════════════════════╝


[1A[2K[798/910] [Mobile Safari] › tests\e2e\branding.spec.ts:175:7 › Branding Settings › should show live preview section with sample elements
[1A[2K  684) [Mobile Safari] › tests\e2e\branding.spec.ts:175:7 › Branding Settings › should show live preview section with sample elements 

    Error: browserType.launch: Executable doesn't exist at C:\Users\imoud\AppData\Local\ms-playwright\webkit-2215\Playwright.exe
    ╔═════════════════════════════════════════════════════════════════════════╗
    ║ Looks like Playwright Test or Playwright was just installed or updated. ║
    ║ Please run the following command to download new browsers:              ║
    ║                                                                         ║
    ║     npx playwright install                                              ║
    ║                                                                         ║
    ║ <3 Playwright Team                                                      ║
    ╚═════════════════════════════════════════════════════════════════════════╝


[1A[2K[799/910] [Mobile Safari] › tests\e2e\chat.spec.ts:16:7 › Chat Interface › should display chat page with sidebar and empty state
[1A[2K  685) [Mobile Safari] › tests\e2e\chat.spec.ts:16:7 › Chat Interface › should display chat page with sidebar and empty state 

    Error: browserType.launch: Executable doesn't exist at C:\Users\imoud\AppData\Local\ms-playwright\webkit-2215\Playwright.exe
    ╔═════════════════════════════════════════════════════════════════════════╗
    ║ Looks like Playwright Test or Playwright was just installed or updated. ║
    ║ Please run the following command to download new browsers:              ║
    ║                                                                         ║
    ║     npx playwright install                                              ║
    ║                                                                         ║
    ║ <3 Playwright Team                                                      ║
    ╚═════════════════════════════════════════════════════════════════════════╝


[1A[2K[800/910] [Mobile Safari] › tests\e2e\chat.spec.ts:31:7 › Chat Interface › should display existing chat messages
[1A[2K  686) [Mobile Safari] › tests\e2e\chat.spec.ts:31:7 › Chat Interface › should display existing chat messages 

    Error: browserType.launch: Executable doesn't exist at C:\Users\imoud\AppData\Local\ms-playwright\webkit-2215\Playwright.exe
    ╔═════════════════════════════════════════════════════════════════════════╗
    ║ Looks like Playwright Test or Playwright was just installed or updated. ║
    ║ Please run the following command to download new browsers:              ║
    ║                                                                         ║
    ║     npx playwright install                                              ║
    ║                                                                         ║
    ║ <3 Playwright Team                                                      ║
    ╚═════════════════════════════════════════════════════════════════════════╝


[1A[2K[801/910] [Mobile Safari] › tests\e2e\chat.spec.ts:44:7 › Chat Interface › should send a message and receive response
[1A[2K  687) [Mobile Safari] › tests\e2e\chat.spec.ts:44:7 › Chat Interface › should send a message and receive response 

    Error: browserType.launch: Executable doesn't exist at C:\Users\imoud\AppData\Local\ms-playwright\webkit-2215\Playwright.exe
    ╔═════════════════════════════════════════════════════════════════════════╗
    ║ Looks like Playwright Test or Playwright was just installed or updated. ║
    ║ Please run the following command to download new browsers:              ║
    ║                                                                         ║
    ║     npx playwright install                                              ║
    ║                                                                         ║
    ║ <3 Playwright Team                                                      ║
    ╚═════════════════════════════════════════════════════════════════════════╝


[1A[2K[802/910] [Mobile Safari] › tests\e2e\chat.spec.ts:70:7 › Chat Interface › should create a new chat session
[1A[2K[803/910] [Mobile Safari] › tests\e2e\chat.spec.ts:81:7 › Chat Interface › should switch between chat sessions
[1A[2K  688) [Mobile Safari] › tests\e2e\chat.spec.ts:70:7 › Chat Interface › should create a new chat session 

    Error: browserType.launch: Executable doesn't exist at C:\Users\imoud\AppData\Local\ms-playwright\webkit-2215\Playwright.exe
    ╔═════════════════════════════════════════════════════════════════════════╗
    ║ Looks like Playwright Test or Playwright was just installed or updated. ║
    ║ Please run the following command to download new browsers:              ║
    ║                                                                         ║
    ║     npx playwright install                                              ║
    ║                                                                         ║
    ║ <3 Playwright Team                                                      ║
    ╚═════════════════════════════════════════════════════════════════════════╝


[1A[2K  689) [Mobile Safari] › tests\e2e\chat.spec.ts:81:7 › Chat Interface › should switch between chat sessions 

    Error: browserType.launch: Executable doesn't exist at C:\Users\imoud\AppData\Local\ms-playwright\webkit-2215\Playwright.exe
    ╔═════════════════════════════════════════════════════════════════════════╗
    ║ Looks like Playwright Test or Playwright was just installed or updated. ║
    ║ Please run the following command to download new browsers:              ║
    ║                                                                         ║
    ║     npx playwright install                                              ║
    ║                                                                         ║
    ║ <3 Playwright Team                                                      ║
    ╚═════════════════════════════════════════════════════════════════════════╝


[1A[2K[804/910] [Mobile Safari] › tests\e2e\chat.spec.ts:104:7 › Chat Interface › should display regenerate button on last AI message
[1A[2K[805/910] [Mobile Safari] › tests\e2e\chat.spec.ts:92:7 › Chat Interface › should display copy button on AI messages
[1A[2K  690) [Mobile Safari] › tests\e2e\chat.spec.ts:104:7 › Chat Interface › should display regenerate button on last AI message 

    Error: browserType.launch: Executable doesn't exist at C:\Users\imoud\AppData\Local\ms-playwright\webkit-2215\Playwright.exe
    ╔═════════════════════════════════════════════════════════════════════════╗
    ║ Looks like Playwright Test or Playwright was just installed or updated. ║
    ║ Please run the following command to download new browsers:              ║
    ║                                                                         ║
    ║     npx playwright install                                              ║
    ║                                                                         ║
    ║ <3 Playwright Team                                                      ║
    ╚═════════════════════════════════════════════════════════════════════════╝


[1A[2K  691) [Mobile Safari] › tests\e2e\chat.spec.ts:92:7 › Chat Interface › should display copy button on AI messages 

    Error: browserType.launch: Executable doesn't exist at C:\Users\imoud\AppData\Local\ms-playwright\webkit-2215\Playwright.exe
    ╔═════════════════════════════════════════════════════════════════════════╗
    ║ Looks like Playwright Test or Playwright was just installed or updated. ║
    ║ Please run the following command to download new browsers:              ║
    ║                                                                         ║
    ║     npx playwright install                                              ║
    ║                                                                         ║
    ║ <3 Playwright Team                                                      ║
    ╚═════════════════════════════════════════════════════════════════════════╝


[1A[2K[806/910] [Mobile Safari] › tests\e2e\chat.spec.ts:112:7 › Chat Interface › should show typing indicator when sending message
[1A[2K  692) [Mobile Safari] › tests\e2e\chat.spec.ts:112:7 › Chat Interface › should show typing indicator when sending message 

    Error: browserType.launch: Executable doesn't exist at C:\Users\imoud\AppData\Local\ms-playwright\webkit-2215\Playwright.exe
    ╔═════════════════════════════════════════════════════════════════════════╗
    ║ Looks like Playwright Test or Playwright was just installed or updated. ║
    ║ Please run the following command to download new browsers:              ║
    ║                                                                         ║
    ║     npx playwright install                                              ║
    ║                                                                         ║
    ║ <3 Playwright Team                                                      ║
    ╚═════════════════════════════════════════════════════════════════════════╝


[1A[2K[807/910] [Mobile Safari] › tests\e2e\chat.spec.ts:129:7 › Chat Interface › should clear input field after sending message
[1A[2K[808/910] [Mobile Safari] › tests\e2e\chat.spec.ts:148:7 › Chat Interface › should display export buttons on active session
[1A[2K  693) [Mobile Safari] › tests\e2e\chat.spec.ts:129:7 › Chat Interface › should clear input field after sending message 

    Error: browserType.launch: Executable doesn't exist at C:\Users\imoud\AppData\Local\ms-playwright\webkit-2215\Playwright.exe
    ╔═════════════════════════════════════════════════════════════════════════╗
    ║ Looks like Playwright Test or Playwright was just installed or updated. ║
    ║ Please run the following command to download new browsers:              ║
    ║                                                                         ║
    ║     npx playwright install                                              ║
    ║                                                                         ║
    ║ <3 Playwright Team                                                      ║
    ╚═════════════════════════════════════════════════════════════════════════╝


[1A[2K  694) [Mobile Safari] › tests\e2e\chat.spec.ts:148:7 › Chat Interface › should display export buttons on active session 

    Error: browserType.launch: Executable doesn't exist at C:\Users\imoud\AppData\Local\ms-playwright\webkit-2215\Playwright.exe
    ╔═════════════════════════════════════════════════════════════════════════╗
    ║ Looks like Playwright Test or Playwright was just installed or updated. ║
    ║ Please run the following command to download new browsers:              ║
    ║                                                                         ║
    ║     npx playwright install                                              ║
    ║                                                                         ║
    ║ <3 Playwright Team                                                      ║
    ╚═════════════════════════════════════════════════════════════════════════╝


[1A[2K[809/910] [Mobile Safari] › tests\e2e\chat.spec.ts:157:7 › Chat Interface › should show chat header with model name
[1A[2K  695) [Mobile Safari] › tests\e2e\chat.spec.ts:157:7 › Chat Interface › should show chat header with model name 

    Error: browserType.launch: Executable doesn't exist at C:\Users\imoud\AppData\Local\ms-playwright\webkit-2215\Playwright.exe
    ╔═════════════════════════════════════════════════════════════════════════╗
    ║ Looks like Playwright Test or Playwright was just installed or updated. ║
    ║ Please run the following command to download new browsers:              ║
    ║                                                                         ║
    ║     npx playwright install                                              ║
    ║                                                                         ║
    ║ <3 Playwright Team                                                      ║
    ╚═════════════════════════════════════════════════════════════════════════╝


[1A[2K[810/910] [Mobile Safari] › tests\e2e\chat.spec.ts:176:7 › Chat Interface › should handle Shift+Enter for new line
[1A[2K[811/910] [Mobile Safari] › tests\e2e\chat.spec.ts:163:7 › Chat Interface › should handle Enter key to send message
[1A[2K  696) [Mobile Safari] › tests\e2e\chat.spec.ts:176:7 › Chat Interface › should handle Shift+Enter for new line 

    Error: browserType.launch: Executable doesn't exist at C:\Users\imoud\AppData\Local\ms-playwright\webkit-2215\Playwright.exe
    ╔═════════════════════════════════════════════════════════════════════════╗
    ║ Looks like Playwright Test or Playwright was just installed or updated. ║
    ║ Please run the following command to download new browsers:              ║
    ║                                                                         ║
    ║     npx playwright install                                              ║
    ║                                                                         ║
    ║ <3 Playwright Team                                                      ║
    ╚═════════════════════════════════════════════════════════════════════════╝


[1A[2K  697) [Mobile Safari] › tests\e2e\chat.spec.ts:163:7 › Chat Interface › should handle Enter key to send message 

    Error: browserType.launch: Executable doesn't exist at C:\Users\imoud\AppData\Local\ms-playwright\webkit-2215\Playwright.exe
    ╔═════════════════════════════════════════════════════════════════════════╗
    ║ Looks like Playwright Test or Playwright was just installed or updated. ║
    ║ Please run the following command to download new browsers:              ║
    ║                                                                         ║
    ║     npx playwright install                                              ║
    ║                                                                         ║
    ║ <3 Playwright Team                                                      ║
    ╚═════════════════════════════════════════════════════════════════════════╝


[1A[2K[812/910] [Mobile Safari] › tests\e2e\dashboard-protected.spec.ts:101:9 › Dashboard and Protected Routes › Authenticated Dashboard Access › should display dashboard with user information
[1A[2K[813/910] [Mobile Safari] › tests\e2e\dashboard-protected.spec.ts:46:9 › Dashboard and Protected Routes › Unauthenticated Access › should redirect to login when accessing dashboard without auth
[1A[2K  698) [Mobile Safari] › tests\e2e\dashboard-protected.spec.ts:101:9 › Dashboard and Protected Routes › Authenticated Dashboard Access › should display dashboard with user information 

    Error: browserType.launch: Executable doesn't exist at C:\Users\imoud\AppData\Local\ms-playwright\webkit-2215\Playwright.exe
    ╔═════════════════════════════════════════════════════════════════════════╗
    ║ Looks like Playwright Test or Playwright was just installed or updated. ║
    ║ Please run the following command to download new browsers:              ║
    ║                                                                         ║
    ║     npx playwright install                                              ║
    ║                                                                         ║
    ║ <3 Playwright Team                                                      ║
    ╚═════════════════════════════════════════════════════════════════════════╝


[1A[2K[814/910] [Mobile Safari] › tests\e2e\dashboard-protected.spec.ts:112:9 › Dashboard and Protected Routes › Authenticated Dashboard Access › should display user account information
[1A[2K[815/910] [Mobile Safari] › tests\e2e\dashboard-protected.spec.ts:132:9 › Dashboard and Protected Routes › Authenticated Dashboard Access › should show user profile data correctly
[1A[2K  699) [Mobile Safari] › tests\e2e\dashboard-protected.spec.ts:46:9 › Dashboard and Protected Routes › Unauthenticated Access › should redirect to login when accessing dashboard without auth 

    Error: browserType.launch: Executable doesn't exist at C:\Users\imoud\AppData\Local\ms-playwright\webkit-2215\Playwright.exe
    ╔═════════════════════════════════════════════════════════════════════════╗
    ║ Looks like Playwright Test or Playwright was just installed or updated. ║
    ║ Please run the following command to download new browsers:              ║
    ║                                                                         ║
    ║     npx playwright install                                              ║
    ║                                                                         ║
    ║ <3 Playwright Team                                                      ║
    ╚═════════════════════════════════════════════════════════════════════════╝


[1A[2K[816/910] [Mobile Safari] › tests\e2e\dashboard-protected.spec.ts:56:9 › Dashboard and Protected Routes › Unauthenticated Access › should allow access to public pages
[1A[2K[817/910] [Mobile Safari] › tests\e2e\dashboard-protected.spec.ts:70:9 › Dashboard and Protected Routes › Unauthenticated Access › should preserve intended destination after login
[1A[2K[818/910] [Mobile Safari] › tests\e2e\dashboard-protected.spec.ts:145:9 › Dashboard and Protected Routes › Authenticated Dashboard Access › should display navigation menu
[1A[2K  700) [Mobile Safari] › tests\e2e\dashboard-protected.spec.ts:145:9 › Dashboard and Protected Routes › Authenticated Dashboard Access › should display navigation menu 

    Error: browserType.launch: Executable doesn't exist at C:\Users\imoud\AppData\Local\ms-playwright\webkit-2215\Playwright.exe
    ╔═════════════════════════════════════════════════════════════════════════╗
    ║ Looks like Playwright Test or Playwright was just installed or updated. ║
    ║ Please run the following command to download new browsers:              ║
    ║                                                                         ║
    ║     npx playwright install                                              ║
    ║                                                                         ║
    ║ <3 Playwright Team                                                      ║
    ╚═════════════════════════════════════════════════════════════════════════╝


[1A[2K[819/910] [Mobile Safari] › tests\e2e\dashboard-protected.spec.ts:155:9 › Dashboard and Protected Routes › Authenticated Dashboard Access › should display subscription status
[1A[2K[820/910] [Mobile Safari] › tests\e2e\dashboard-protected.spec.ts:161:9 › Dashboard and Protected Routes › Authenticated Dashboard Access › should display account creation date
[1A[2K[821/910] [Mobile Safari] › tests\e2e\dashboard-protected.spec.ts:171:9 › Dashboard and Protected Routes › Authenticated Dashboard Access › should show phase completion status
[1A[2K[822/910] [Mobile Safari] › tests\e2e\dashboard-protected.spec.ts:204:9 › Dashboard and Protected Routes › Authenticated Dashboard Access › should handle browser refresh correctly
[1A[2K  701) [Mobile Safari] › tests\e2e\dashboard-protected.spec.ts:204:9 › Dashboard and Protected Routes › Authenticated Dashboard Access › should handle browser refresh correctly 

    Error: browserType.launch: Executable doesn't exist at C:\Users\imoud\AppData\Local\ms-playwright\webkit-2215\Playwright.exe
    ╔═════════════════════════════════════════════════════════════════════════╗
    ║ Looks like Playwright Test or Playwright was just installed or updated. ║
    ║ Please run the following command to download new browsers:              ║
    ║                                                                         ║
    ║     npx playwright install                                              ║
    ║                                                                         ║
    ║ <3 Playwright Team                                                      ║
    ╚═════════════════════════════════════════════════════════════════════════╝


[1A[2K[823/910] [Mobile Safari] › tests\e2e\dashboard-protected.spec.ts:215:9 › Dashboard and Protected Routes › Authenticated Dashboard Access › should be responsive on mobile viewport
[1A[2K[824/910] [Mobile Safari] › tests\e2e\dashboard-protected.spec.ts:226:9 › Dashboard and Protected Routes › Authenticated Dashboard Access › should display success message on dashboard
[1A[2K  702) [Mobile Safari] › tests\e2e\dashboard-protected.spec.ts:171:9 › Dashboard and Protected Routes › Authenticated Dashboard Access › should show phase completion status 

    Error: browserType.launch: Executable doesn't exist at C:\Users\imoud\AppData\Local\ms-playwright\webkit-2215\Playwright.exe
    ╔═════════════════════════════════════════════════════════════════════════╗
    ║ Looks like Playwright Test or Playwright was just installed or updated. ║
    ║ Please run the following command to download new browsers:              ║
    ║                                                                         ║
    ║     npx playwright install                                              ║
    ║                                                                         ║
    ║ <3 Playwright Team                                                      ║
    ╚═════════════════════════════════════════════════════════════════════════╝


[1A[2K[825/910] [Mobile Safari] › tests\e2e\dashboard-protected.spec.ts:176:9 › Dashboard and Protected Routes › Authenticated Dashboard Access › should have functional logout button
[1A[2K[826/910] [Mobile Safari] › tests\e2e\dashboard-protected.spec.ts:190:9 › Dashboard and Protected Routes › Authenticated Dashboard Access › should persist across page navigation
[1A[2K[827/910] [Mobile Safari] › tests\e2e\dashboard-protected.spec.ts:243:9 › Dashboard and Protected Routes › Session Management › should maintain session in new tab
[1A[2K  703) [Mobile Safari] › tests\e2e\dashboard-protected.spec.ts:243:9 › Dashboard and Protected Routes › Session Management › should maintain session in new tab 

    Error: browserType.launch: Executable doesn't exist at C:\Users\imoud\AppData\Local\ms-playwright\webkit-2215\Playwright.exe
    ╔═════════════════════════════════════════════════════════════════════════╗
    ║ Looks like Playwright Test or Playwright was just installed or updated. ║
    ║ Please run the following command to download new browsers:              ║
    ║                                                                         ║
    ║     npx playwright install                                              ║
    ║                                                                         ║
    ║ <3 Playwright Team                                                      ║
    ╚═════════════════════════════════════════════════════════════════════════╝


[1A[2K[828/910] [Mobile Safari] › tests\e2e\dashboard-protected.spec.ts:262:9 › Dashboard and Protected Routes › Session Management › should logout from all tabs
[1A[2K[829/910] [Mobile Safari] › tests\e2e\dashboard.spec.ts:10:7 › Dashboard Tests › should login and verify dashboard layout
[1A[2K[830/910] [Mobile Safari] › tests\e2e\dashboard.spec.ts:54:7 › Dashboard Tests › should navigate to models page
[1A[2K  704) [Mobile Safari] › tests\e2e\dashboard.spec.ts:10:7 › Dashboard Tests › should login and verify dashboard layout 

    Error: browserType.launch: Executable doesn't exist at C:\Users\imoud\AppData\Local\ms-playwright\webkit-2215\Playwright.exe
    ╔═════════════════════════════════════════════════════════════════════════╗
    ║ Looks like Playwright Test or Playwright was just installed or updated. ║
    ║ Please run the following command to download new browsers:              ║
    ║                                                                         ║
    ║     npx playwright install                                              ║
    ║                                                                         ║
    ║ <3 Playwright Team                                                      ║
    ╚═════════════════════════════════════════════════════════════════════════╝


[1A[2K  705) [Mobile Safari] › tests\e2e\dashboard.spec.ts:54:7 › Dashboard Tests › should navigate to models page 

    Error: browserType.launch: Executable doesn't exist at C:\Users\imoud\AppData\Local\ms-playwright\webkit-2215\Playwright.exe
    ╔═════════════════════════════════════════════════════════════════════════╗
    ║ Looks like Playwright Test or Playwright was just installed or updated. ║
    ║ Please run the following command to download new browsers:              ║
    ║                                                                         ║
    ║     npx playwright install                                              ║
    ║                                                                         ║
    ║ <3 Playwright Team                                                      ║
    ╚═════════════════════════════════════════════════════════════════════════╝


[1A[2K[831/910] [Mobile Safari] › tests\e2e\dashboard.spec.ts:113:7 › Dashboard Tests › should create a new model successfully
[1A[2K[832/910] [Mobile Safari] › tests\e2e\dashboard.spec.ts:92:7 › Dashboard Tests › should have functional search bar in header
[1A[2K  706) [Mobile Safari] › tests\e2e\dashboard.spec.ts:113:7 › Dashboard Tests › should create a new model successfully 

    Error: browserType.launch: Executable doesn't exist at C:\Users\imoud\AppData\Local\ms-playwright\webkit-2215\Playwright.exe
    ╔═════════════════════════════════════════════════════════════════════════╗
    ║ Looks like Playwright Test or Playwright was just installed or updated. ║
    ║ Please run the following command to download new browsers:              ║
    ║                                                                         ║
    ║     npx playwright install                                              ║
    ║                                                                         ║
    ║ <3 Playwright Team                                                      ║
    ╚═════════════════════════════════════════════════════════════════════════╝


[1A[2K  707) [Mobile Safari] › tests\e2e\dashboard.spec.ts:92:7 › Dashboard Tests › should have functional search bar in header 

    Error: browserType.launch: Executable doesn't exist at C:\Users\imoud\AppData\Local\ms-playwright\webkit-2215\Playwright.exe
    ╔═════════════════════════════════════════════════════════════════════════╗
    ║ Looks like Playwright Test or Playwright was just installed or updated. ║
    ║ Please run the following command to download new browsers:              ║
    ║                                                                         ║
    ║     npx playwright install                                              ║
    ║                                                                         ║
    ║ <3 Playwright Team                                                      ║
    ╚═════════════════════════════════════════════════════════════════════════╝


[1A[2K[833/910] [Mobile Safari] › tests\e2e\docs.spec.ts:27:7 › Documentation Site › should load documentation page
[1A[2K[834/910] [Mobile Safari] › tests\e2e\docs.spec.ts:41:7 › Documentation Site › should display search bar
[1A[2K[835/910] [Mobile Safari] › tests\e2e\docs.spec.ts:48:7 › Documentation Site › should navigate between sections
[1A[2K  708) [Mobile Safari] › tests\e2e\docs.spec.ts:27:7 › Documentation Site › should load documentation page 

    Error: browserType.launch: Executable doesn't exist at C:\Users\imoud\AppData\Local\ms-playwright\webkit-2215\Playwright.exe
    ╔═════════════════════════════════════════════════════════════════════════╗
    ║ Looks like Playwright Test or Playwright was just installed or updated. ║
    ║ Please run the following command to download new browsers:              ║
    ║                                                                         ║
    ║     npx playwright install                                              ║
    ║                                                                         ║
    ║ <3 Playwright Team                                                      ║
    ╚═════════════════════════════════════════════════════════════════════════╝


[1A[2K  709) [Mobile Safari] › tests\e2e\docs.spec.ts:41:7 › Documentation Site › should display search bar 

    Error: browserType.launch: Executable doesn't exist at C:\Users\imoud\AppData\Local\ms-playwright\webkit-2215\Playwright.exe
    ╔═════════════════════════════════════════════════════════════════════════╗
    ║ Looks like Playwright Test or Playwright was just installed or updated. ║
    ║ Please run the following command to download new browsers:              ║
    ║                                                                         ║
    ║     npx playwright install                                              ║
    ║                                                                         ║
    ║ <3 Playwright Team                                                      ║
    ╚═════════════════════════════════════════════════════════════════════════╝


[1A[2K  710) [Mobile Safari] › tests\e2e\docs.spec.ts:48:7 › Documentation Site › should navigate between sections 

    Error: browserType.launch: Executable doesn't exist at C:\Users\imoud\AppData\Local\ms-playwright\webkit-2215\Playwright.exe
    ╔═════════════════════════════════════════════════════════════════════════╗
    ║ Looks like Playwright Test or Playwright was just installed or updated. ║
    ║ Please run the following command to download new browsers:              ║
    ║                                                                         ║
    ║     npx playwright install                                              ║
    ║                                                                         ║
    ║ <3 Playwright Team                                                      ║
    ╚═════════════════════════════════════════════════════════════════════════╝


[1A[2K[836/910] [Mobile Safari] › tests\e2e\docs.spec.ts:67:7 › Documentation Site › should show Getting Started content by default
[1A[2K  711) [Mobile Safari] › tests\e2e\docs.spec.ts:67:7 › Documentation Site › should show Getting Started content by default 

    Error: browserType.launch: Executable doesn't exist at C:\Users\imoud\AppData\Local\ms-playwright\webkit-2215\Playwright.exe
    ╔═════════════════════════════════════════════════════════════════════════╗
    ║ Looks like Playwright Test or Playwright was just installed or updated. ║
    ║ Please run the following command to download new browsers:              ║
    ║                                                                         ║
    ║     npx playwright install                                              ║
    ║                                                                         ║
    ║ <3 Playwright Team                                                      ║
    ╚═════════════════════════════════════════════════════════════════════════╝


[1A[2K[837/910] [Mobile Safari] › tests\e2e\docs.spec.ts:93:7 › Documentation Site › should copy code to clipboard
[1A[2K[838/910] [Mobile Safari] › tests\e2e\docs.spec.ts:77:7 › Documentation Site › should display code blocks with copy button
[1A[2K  712) [Mobile Safari] › tests\e2e\docs.spec.ts:93:7 › Documentation Site › should copy code to clipboard 

    Error: browserType.launch: Executable doesn't exist at C:\Users\imoud\AppData\Local\ms-playwright\webkit-2215\Playwright.exe
    ╔═════════════════════════════════════════════════════════════════════════╗
    ║ Looks like Playwright Test or Playwright was just installed or updated. ║
    ║ Please run the following command to download new browsers:              ║
    ║                                                                         ║
    ║     npx playwright install                                              ║
    ║                                                                         ║
    ║ <3 Playwright Team                                                      ║
    ╚═════════════════════════════════════════════════════════════════════════╝


[1A[2K  713) [Mobile Safari] › tests\e2e\docs.spec.ts:77:7 › Documentation Site › should display code blocks with copy button 

    Error: browserType.launch: Executable doesn't exist at C:\Users\imoud\AppData\Local\ms-playwright\webkit-2215\Playwright.exe
    ╔═════════════════════════════════════════════════════════════════════════╗
    ║ Looks like Playwright Test or Playwright was just installed or updated. ║
    ║ Please run the following command to download new browsers:              ║
    ║                                                                         ║
    ║     npx playwright install                                              ║
    ║                                                                         ║
    ║ <3 Playwright Team                                                      ║
    ╚═════════════════════════════════════════════════════════════════════════╝


[1A[2K[839/910] [Mobile Safari] › tests\e2e\docs.spec.ts:109:7 › Documentation Site › should search documentation
[1A[2K[840/910] [Mobile Safari] › tests\e2e\docs.spec.ts:121:7 › Documentation Site › should filter sections based on search
[1A[2K  714) [Mobile Safari] › tests\e2e\docs.spec.ts:121:7 › Documentation Site › should filter sections based on search 

    Error: browserType.launch: Executable doesn't exist at C:\Users\imoud\AppData\Local\ms-playwright\webkit-2215\Playwright.exe
    ╔═════════════════════════════════════════════════════════════════════════╗
    ║ Looks like Playwright Test or Playwright was just installed or updated. ║
    ║ Please run the following command to download new browsers:              ║
    ║                                                                         ║
    ║     npx playwright install                                              ║
    ║                                                                         ║
    ║ <3 Playwright Team                                                      ║
    ╚═════════════════════════════════════════════════════════════════════════╝


[1A[2K  715) [Mobile Safari] › tests\e2e\docs.spec.ts:109:7 › Documentation Site › should search documentation 

    Error: browserType.launch: Executable doesn't exist at C:\Users\imoud\AppData\Local\ms-playwright\webkit-2215\Playwright.exe
    ╔═════════════════════════════════════════════════════════════════════════╗
    ║ Looks like Playwright Test or Playwright was just installed or updated. ║
    ║ Please run the following command to download new browsers:              ║
    ║                                                                         ║
    ║     npx playwright install                                              ║
    ║                                                                         ║
    ║ <3 Playwright Team                                                      ║
    ╚═════════════════════════════════════════════════════════════════════════╝


[1A[2K[841/910] [Mobile Safari] › tests\e2e\docs.spec.ts:161:7 › Documentation Site › should submit not helpful feedback
[1A[2K[842/910] [Mobile Safari] › tests\e2e\docs.spec.ts:133:7 › Documentation Site › should show feedback buttons
[1A[2K[843/910] [Mobile Safari] › tests\e2e\docs.spec.ts:146:7 › Documentation Site › should submit helpful feedback
[1A[2K  716) [Mobile Safari] › tests\e2e\docs.spec.ts:161:7 › Documentation Site › should submit not helpful feedback 

    Error: browserType.launch: Executable doesn't exist at C:\Users\imoud\AppData\Local\ms-playwright\webkit-2215\Playwright.exe
    ╔═════════════════════════════════════════════════════════════════════════╗
    ║ Looks like Playwright Test or Playwright was just installed or updated. ║
    ║ Please run the following command to download new browsers:              ║
    ║                                                                         ║
    ║     npx playwright install                                              ║
    ║                                                                         ║
    ║ <3 Playwright Team                                                      ║
    ╚═════════════════════════════════════════════════════════════════════════╝


[1A[2K  717) [Mobile Safari] › tests\e2e\docs.spec.ts:133:7 › Documentation Site › should show feedback buttons 

    Error: browserType.launch: Executable doesn't exist at C:\Users\imoud\AppData\Local\ms-playwright\webkit-2215\Playwright.exe
    ╔═════════════════════════════════════════════════════════════════════════╗
    ║ Looks like Playwright Test or Playwright was just installed or updated. ║
    ║ Please run the following command to download new browsers:              ║
    ║                                                                         ║
    ║     npx playwright install                                              ║
    ║                                                                         ║
    ║ <3 Playwright Team                                                      ║
    ╚═════════════════════════════════════════════════════════════════════════╝


[1A[2K  718) [Mobile Safari] › tests\e2e\docs.spec.ts:146:7 › Documentation Site › should submit helpful feedback 

    Error: browserType.launch: Executable doesn't exist at C:\Users\imoud\AppData\Local\ms-playwright\webkit-2215\Playwright.exe
    ╔═════════════════════════════════════════════════════════════════════════╗
    ║ Looks like Playwright Test or Playwright was just installed or updated. ║
    ║ Please run the following command to download new browsers:              ║
    ║                                                                         ║
    ║     npx playwright install                                              ║
    ║                                                                         ║
    ║ <3 Playwright Team                                                      ║
    ╚═════════════════════════════════════════════════════════════════════════╝


[1A[2K[844/910] [Mobile Safari] › tests\e2e\docs.spec.ts:176:7 › Documentation Site › should navigate back to dashboard
[1A[2K  719) [Mobile Safari] › tests\e2e\docs.spec.ts:176:7 › Documentation Site › should navigate back to dashboard 

    Error: browserType.launch: Executable doesn't exist at C:\Users\imoud\AppData\Local\ms-playwright\webkit-2215\Playwright.exe
    ╔═════════════════════════════════════════════════════════════════════════╗
    ║ Looks like Playwright Test or Playwright was just installed or updated. ║
    ║ Please run the following command to download new browsers:              ║
    ║                                                                         ║
    ║     npx playwright install                                              ║
    ║                                                                         ║
    ║ <3 Playwright Team                                                      ║
    ╚═════════════════════════════════════════════════════════════════════════╝


[1A[2K[845/910] [Mobile Safari] › tests\e2e\docs.spec.ts:187:7 › Documentation Site › should display all sections in sidebar
[1A[2K  720) [Mobile Safari] › tests\e2e\docs.spec.ts:187:7 › Documentation Site › should display all sections in sidebar 

    Error: browserType.launch: Executable doesn't exist at C:\Users\imoud\AppData\Local\ms-playwright\webkit-2215\Playwright.exe
    ╔═════════════════════════════════════════════════════════════════════════╗
    ║ Looks like Playwright Test or Playwright was just installed or updated. ║
    ║ Please run the following command to download new browsers:              ║
    ║                                                                         ║
    ║     npx playwright install                                              ║
    ║                                                                         ║
    ║ <3 Playwright Team                                                      ║
    ╚═════════════════════════════════════════════════════════════════════════╝


[1A[2K[846/910] [Mobile Safari] › tests\e2e\docs.spec.ts:204:7 › Documentation Site › should highlight active section
[1A[2K  721) [Mobile Safari] › tests\e2e\docs.spec.ts:204:7 › Documentation Site › should highlight active section 

    Error: browserType.launch: Executable doesn't exist at C:\Users\imoud\AppData\Local\ms-playwright\webkit-2215\Playwright.exe
    ╔═════════════════════════════════════════════════════════════════════════╗
    ║ Looks like Playwright Test or Playwright was just installed or updated. ║
    ║ Please run the following command to download new browsers:              ║
    ║                                                                         ║
    ║     npx playwright install                                              ║
    ║                                                                         ║
    ║ <3 Playwright Team                                                      ║
    ╚═════════════════════════════════════════════════════════════════════════╝


[1A[2K[847/910] [Mobile Safari] › tests\e2e\docs.spec.ts:222:7 › Documentation Site › should display FAQs content
[1A[2K[848/910] [Mobile Safari] › tests\e2e\docs.spec.ts:236:7 › Documentation Site › should display self-hosting content
[1A[2K  722) [Mobile Safari] › tests\e2e\docs.spec.ts:222:7 › Documentation Site › should display FAQs content 

    Error: browserType.launch: Executable doesn't exist at C:\Users\imoud\AppData\Local\ms-playwright\webkit-2215\Playwright.exe
    ╔═════════════════════════════════════════════════════════════════════════╗
    ║ Looks like Playwright Test or Playwright was just installed or updated. ║
    ║ Please run the following command to download new browsers:              ║
    ║                                                                         ║
    ║     npx playwright install                                              ║
    ║                                                                         ║
    ║ <3 Playwright Team                                                      ║
    ╚═════════════════════════════════════════════════════════════════════════╝


[1A[2K  723) [Mobile Safari] › tests\e2e\docs.spec.ts:236:7 › Documentation Site › should display self-hosting content 

    Error: browserType.launch: Executable doesn't exist at C:\Users\imoud\AppData\Local\ms-playwright\webkit-2215\Playwright.exe
    ╔═════════════════════════════════════════════════════════════════════════╗
    ║ Looks like Playwright Test or Playwright was just installed or updated. ║
    ║ Please run the following command to download new browsers:              ║
    ║                                                                         ║
    ║     npx playwright install                                              ║
    ║                                                                         ║
    ║ <3 Playwright Team                                                      ║
    ╚═════════════════════════════════════════════════════════════════════════╝


[1A[2K[849/910] [Mobile Safari] › tests\e2e\file-upload.spec.ts:55:7 › File Upload Tests › should navigate to training data page
[1A[2K[850/910] [Mobile Safari] › tests\e2e\file-upload.spec.ts:71:7 › File Upload Tests › should display file upload interface
[1A[2K[851/910] [Mobile Safari] › tests\e2e\file-upload.spec.ts:86:7 › File Upload Tests › should upload a text file
[1A[2K  724) [Mobile Safari] › tests\e2e\file-upload.spec.ts:55:7 › File Upload Tests › should navigate to training data page 

    Error: browserType.launch: Executable doesn't exist at C:\Users\imoud\AppData\Local\ms-playwright\webkit-2215\Playwright.exe
    ╔═════════════════════════════════════════════════════════════════════════╗
    ║ Looks like Playwright Test or Playwright was just installed or updated. ║
    ║ Please run the following command to download new browsers:              ║
    ║                                                                         ║
    ║     npx playwright install                                              ║
    ║                                                                         ║
    ║ <3 Playwright Team                                                      ║
    ╚═════════════════════════════════════════════════════════════════════════╝


[1A[2K  725) [Mobile Safari] › tests\e2e\file-upload.spec.ts:71:7 › File Upload Tests › should display file upload interface 

    Error: browserType.launch: Executable doesn't exist at C:\Users\imoud\AppData\Local\ms-playwright\webkit-2215\Playwright.exe
    ╔═════════════════════════════════════════════════════════════════════════╗
    ║ Looks like Playwright Test or Playwright was just installed or updated. ║
    ║ Please run the following command to download new browsers:              ║
    ║                                                                         ║
    ║     npx playwright install                                              ║
    ║                                                                         ║
    ║ <3 Playwright Team                                                      ║
    ╚═════════════════════════════════════════════════════════════════════════╝


[1A[2K  726) [Mobile Safari] › tests\e2e\file-upload.spec.ts:86:7 › File Upload Tests › should upload a text file 

    Error: browserType.launch: Executable doesn't exist at C:\Users\imoud\AppData\Local\ms-playwright\webkit-2215\Playwright.exe
    ╔═════════════════════════════════════════════════════════════════════════╗
    ║ Looks like Playwright Test or Playwright was just installed or updated. ║
    ║ Please run the following command to download new browsers:              ║
    ║                                                                         ║
    ║     npx playwright install                                              ║
    ║                                                                         ║
    ║ <3 Playwright Team                                                      ║
    ╚═════════════════════════════════════════════════════════════════════════╝


[1A[2K[852/910] [Mobile Safari] › tests\e2e\file-upload.spec.ts:133:7 › File Upload Tests › should show validation error for large file
[1A[2K  727) [Mobile Safari] › tests\e2e\file-upload.spec.ts:133:7 › File Upload Tests › should show validation error for large file 

    Error: browserType.launch: Executable doesn't exist at C:\Users\imoud\AppData\Local\ms-playwright\webkit-2215\Playwright.exe
    ╔═════════════════════════════════════════════════════════════════════════╗
    ║ Looks like Playwright Test or Playwright was just installed or updated. ║
    ║ Please run the following command to download new browsers:              ║
    ║                                                                         ║
    ║     npx playwright install                                              ║
    ║                                                                         ║
    ║ <3 Playwright Team                                                      ║
    ╚═════════════════════════════════════════════════════════════════════════╝


[1A[2K[853/910] [Mobile Safari] › tests\e2e\file-upload.spec.ts:165:7 › File Upload Tests › should display uploaded files in table
[1A[2K  728) [Mobile Safari] › tests\e2e\file-upload.spec.ts:165:7 › File Upload Tests › should display uploaded files in table 

    Error: browserType.launch: Executable doesn't exist at C:\Users\imoud\AppData\Local\ms-playwright\webkit-2215\Playwright.exe
    ╔═════════════════════════════════════════════════════════════════════════╗
    ║ Looks like Playwright Test or Playwright was just installed or updated. ║
    ║ Please run the following command to download new browsers:              ║
    ║                                                                         ║
    ║     npx playwright install                                              ║
    ║                                                                         ║
    ║ <3 Playwright Team                                                      ║
    ╚═════════════════════════════════════════════════════════════════════════╝


[1A[2K[854/910] [Mobile Safari] › tests\e2e\file-upload.spec.ts:198:7 › File Upload Tests › should have functional model selector
[1A[2K  729) [Mobile Safari] › tests\e2e\file-upload.spec.ts:198:7 › File Upload Tests › should have functional model selector 

    Error: browserType.launch: Executable doesn't exist at C:\Users\imoud\AppData\Local\ms-playwright\webkit-2215\Playwright.exe
    ╔═════════════════════════════════════════════════════════════════════════╗
    ║ Looks like Playwright Test or Playwright was just installed or updated. ║
    ║ Please run the following command to download new browsers:              ║
    ║                                                                         ║
    ║     npx playwright install                                              ║
    ║                                                                         ║
    ║ <3 Playwright Team                                                      ║
    ╚═════════════════════════════════════════════════════════════════════════╝


[1A[2K[855/910] [Mobile Safari] › tests\e2e\file-upload.spec.ts:220:7 › File Upload Tests › should show drag and drop zone with correct styling
[1A[2K[856/910] [Mobile Safari] › tests\e2e\file-upload.spec.ts:239:7 › File Upload Tests › should allow file removal before upload
[1A[2K  730) [Mobile Safari] › tests\e2e\file-upload.spec.ts:220:7 › File Upload Tests › should show drag and drop zone with correct styling 

    Error: browserType.launch: Executable doesn't exist at C:\Users\imoud\AppData\Local\ms-playwright\webkit-2215\Playwright.exe
    ╔═════════════════════════════════════════════════════════════════════════╗
    ║ Looks like Playwright Test or Playwright was just installed or updated. ║
    ║ Please run the following command to download new browsers:              ║
    ║                                                                         ║
    ║     npx playwright install                                              ║
    ║                                                                         ║
    ║ <3 Playwright Team                                                      ║
    ╚═════════════════════════════════════════════════════════════════════════╝


[1A[2K  731) [Mobile Safari] › tests\e2e\file-upload.spec.ts:239:7 › File Upload Tests › should allow file removal before upload 

    Error: browserType.launch: Executable doesn't exist at C:\Users\imoud\AppData\Local\ms-playwright\webkit-2215\Playwright.exe
    ╔═════════════════════════════════════════════════════════════════════════╗
    ║ Looks like Playwright Test or Playwright was just installed or updated. ║
    ║ Please run the following command to download new browsers:              ║
    ║                                                                         ║
    ║     npx playwright install                                              ║
    ║                                                                         ║
    ║ <3 Playwright Team                                                      ║
    ╚═════════════════════════════════════════════════════════════════════════╝


[1A[2K[857/910] [Mobile Safari] › tests\e2e\landing-page.spec.ts:4:7 › Landing Page › should load and display all main sections
[1A[2K[858/910] [Mobile Safari] › tests\e2e\file-upload.spec.ts:276:7 › File Upload Tests › should handle multiple file selection
[1A[2K[859/910] [Mobile Safari] › tests\e2e\landing-page.spec.ts:23:7 › Landing Page › should display Features section with 3 key differentiators
[1A[2K  732) [Mobile Safari] › tests\e2e\landing-page.spec.ts:4:7 › Landing Page › should load and display all main sections 

    Error: browserType.launch: Executable doesn't exist at C:\Users\imoud\AppData\Local\ms-playwright\webkit-2215\Playwright.exe
    ╔═════════════════════════════════════════════════════════════════════════╗
    ║ Looks like Playwright Test or Playwright was just installed or updated. ║
    ║ Please run the following command to download new browsers:              ║
    ║                                                                         ║
    ║     npx playwright install                                              ║
    ║                                                                         ║
    ║ <3 Playwright Team                                                      ║
    ╚═════════════════════════════════════════════════════════════════════════╝


[1A[2K  733) [Mobile Safari] › tests\e2e\file-upload.spec.ts:276:7 › File Upload Tests › should handle multiple file selection 

    Error: browserType.launch: Executable doesn't exist at C:\Users\imoud\AppData\Local\ms-playwright\webkit-2215\Playwright.exe
    ╔═════════════════════════════════════════════════════════════════════════╗
    ║ Looks like Playwright Test or Playwright was just installed or updated. ║
    ║ Please run the following command to download new browsers:              ║
    ║                                                                         ║
    ║     npx playwright install                                              ║
    ║                                                                         ║
    ║ <3 Playwright Team                                                      ║
    ╚═════════════════════════════════════════════════════════════════════════╝


[1A[2K  734) [Mobile Safari] › tests\e2e\landing-page.spec.ts:23:7 › Landing Page › should display Features section with 3 key differentiators 

    Error: browserType.launch: Executable doesn't exist at C:\Users\imoud\AppData\Local\ms-playwright\webkit-2215\Playwright.exe
    ╔═════════════════════════════════════════════════════════════════════════╗
    ║ Looks like Playwright Test or Playwright was just installed or updated. ║
    ║ Please run the following command to download new browsers:              ║
    ║                                                                         ║
    ║     npx playwright install                                              ║
    ║                                                                         ║
    ║ <3 Playwright Team                                                      ║
    ╚═════════════════════════════════════════════════════════════════════════╝


[1A[2K[860/910] [Mobile Safari] › tests\e2e\landing-page.spec.ts:38:7 › Landing Page › should display How It Works section with 3 steps
[1A[2K  735) [Mobile Safari] › tests\e2e\landing-page.spec.ts:38:7 › Landing Page › should display How It Works section with 3 steps 

    Error: browserType.launch: Executable doesn't exist at C:\Users\imoud\AppData\Local\ms-playwright\webkit-2215\Playwright.exe
    ╔═════════════════════════════════════════════════════════════════════════╗
    ║ Looks like Playwright Test or Playwright was just installed or updated. ║
    ║ Please run the following command to download new browsers:              ║
    ║                                                                         ║
    ║     npx playwright install                                              ║
    ║                                                                         ║
    ║ <3 Playwright Team                                                      ║
    ╚═════════════════════════════════════════════════════════════════════════╝


[1A[2K[861/910] [Mobile Safari] › tests\e2e\landing-page.spec.ts:50:7 › Landing Page › should display Audience Tabs and allow switching
[1A[2K  736) [Mobile Safari] › tests\e2e\landing-page.spec.ts:50:7 › Landing Page › should display Audience Tabs and allow switching 

    Error: browserType.launch: Executable doesn't exist at C:\Users\imoud\AppData\Local\ms-playwright\webkit-2215\Playwright.exe
    ╔═════════════════════════════════════════════════════════════════════════╗
    ║ Looks like Playwright Test or Playwright was just installed or updated. ║
    ║ Please run the following command to download new browsers:              ║
    ║                                                                         ║
    ║     npx playwright install                                              ║
    ║                                                                         ║
    ║ <3 Playwright Team                                                      ║
    ╚═════════════════════════════════════════════════════════════════════════╝


[1A[2K[862/910] [Mobile Safari] › tests\e2e\landing-page.spec.ts:79:7 › Landing Page › should display and submit Waitlist Form
[1A[2K  737) [Mobile Safari] › tests\e2e\landing-page.spec.ts:79:7 › Landing Page › should display and submit Waitlist Form 

    Error: browserType.launch: Executable doesn't exist at C:\Users\imoud\AppData\Local\ms-playwright\webkit-2215\Playwright.exe
    ╔═════════════════════════════════════════════════════════════════════════╗
    ║ Looks like Playwright Test or Playwright was just installed or updated. ║
    ║ Please run the following command to download new browsers:              ║
    ║                                                                         ║
    ║     npx playwright install                                              ║
    ║                                                                         ║
    ║ <3 Playwright Team                                                      ║
    ╚═════════════════════════════════════════════════════════════════════════╝


[1A[2K[863/910] [Mobile Safari] › tests\e2e\landing-page.spec.ts:123:7 › Landing Page › CTAs should navigate to correct pages
[1A[2K[864/910] [Mobile Safari] › tests\e2e\landing-page.spec.ts:104:7 › Landing Page › should display Footer with all sections
[1A[2K  738) [Mobile Safari] › tests\e2e\landing-page.spec.ts:123:7 › Landing Page › CTAs should navigate to correct pages 

    Error: browserType.launch: Executable doesn't exist at C:\Users\imoud\AppData\Local\ms-playwright\webkit-2215\Playwright.exe
    ╔═════════════════════════════════════════════════════════════════════════╗
    ║ Looks like Playwright Test or Playwright was just installed or updated. ║
    ║ Please run the following command to download new browsers:              ║
    ║                                                                         ║
    ║     npx playwright install                                              ║
    ║                                                                         ║
    ║ <3 Playwright Team                                                      ║
    ╚═════════════════════════════════════════════════════════════════════════╝


[1A[2K  739) [Mobile Safari] › tests\e2e\landing-page.spec.ts:104:7 › Landing Page › should display Footer with all sections 

    Error: browserType.launch: Executable doesn't exist at C:\Users\imoud\AppData\Local\ms-playwright\webkit-2215\Playwright.exe
    ╔═════════════════════════════════════════════════════════════════════════╗
    ║ Looks like Playwright Test or Playwright was just installed or updated. ║
    ║ Please run the following command to download new browsers:              ║
    ║                                                                         ║
    ║     npx playwright install                                              ║
    ║                                                                         ║
    ║ <3 Playwright Team                                                      ║
    ╚═════════════════════════════════════════════════════════════════════════╝


[1A[2K[865/910] [Mobile Safari] › tests\e2e\landing-page.spec.ts:135:7 › Landing Page › should be responsive on mobile
[1A[2K  740) [Mobile Safari] › tests\e2e\landing-page.spec.ts:135:7 › Landing Page › should be responsive on mobile 

    Error: browserType.launch: Executable doesn't exist at C:\Users\imoud\AppData\Local\ms-playwright\webkit-2215\Playwright.exe
    ╔═════════════════════════════════════════════════════════════════════════╗
    ║ Looks like Playwright Test or Playwright was just installed or updated. ║
    ║ Please run the following command to download new browsers:              ║
    ║                                                                         ║
    ║     npx playwright install                                              ║
    ║                                                                         ║
    ║ <3 Playwright Team                                                      ║
    ╚═════════════════════════════════════════════════════════════════════════╝


[1A[2K[866/910] [Mobile Safari] › tests\e2e\notifications.spec.ts:22:7 › Notifications Settings Tests › should display notifications settings page
[1A[2K[867/910] [Mobile Safari] › tests\e2e\login-simple.spec.ts:11:7 › Simple Login Test › should register and login immediately
[1A[2K  741) [Mobile Safari] › tests\e2e\notifications.spec.ts:22:7 › Notifications Settings Tests › should display notifications settings page 

    Error: browserType.launch: Executable doesn't exist at C:\Users\imoud\AppData\Local\ms-playwright\webkit-2215\Playwright.exe
    ╔═════════════════════════════════════════════════════════════════════════╗
    ║ Looks like Playwright Test or Playwright was just installed or updated. ║
    ║ Please run the following command to download new browsers:              ║
    ║                                                                         ║
    ║     npx playwright install                                              ║
    ║                                                                         ║
    ║ <3 Playwright Team                                                      ║
    ╚═════════════════════════════════════════════════════════════════════════╝


[1A[2K  742) [Mobile Safari] › tests\e2e\login-simple.spec.ts:11:7 › Simple Login Test › should register and login immediately 

    Error: browserType.launch: Executable doesn't exist at C:\Users\imoud\AppData\Local\ms-playwright\webkit-2215\Playwright.exe
    ╔═════════════════════════════════════════════════════════════════════════╗
    ║ Looks like Playwright Test or Playwright was just installed or updated. ║
    ║ Please run the following command to download new browsers:              ║
    ║                                                                         ║
    ║     npx playwright install                                              ║
    ║                                                                         ║
    ║ <3 Playwright Team                                                      ║
    ╚═════════════════════════════════════════════════════════════════════════╝


[1A[2K[868/910] [Mobile Safari] › tests\e2e\notifications.spec.ts:41:7 › Notifications Settings Tests › should display all notification sections
[1A[2K  743) [Mobile Safari] › tests\e2e\notifications.spec.ts:41:7 › Notifications Settings Tests › should display all notification sections 

    Error: browserType.launch: Executable doesn't exist at C:\Users\imoud\AppData\Local\ms-playwright\webkit-2215\Playwright.exe
    ╔═════════════════════════════════════════════════════════════════════════╗
    ║ Looks like Playwright Test or Playwright was just installed or updated. ║
    ║ Please run the following command to download new browsers:              ║
    ║                                                                         ║
    ║     npx playwright install                                              ║
    ║                                                                         ║
    ║ <3 Playwright Team                                                      ║
    ╚═════════════════════════════════════════════════════════════════════════╝


[1A[2K[869/910] [Mobile Safari] › tests\e2e\notifications.spec.ts:56:7 › Notifications Settings Tests › should display email notification toggles
[1A[2K  744) [Mobile Safari] › tests\e2e\notifications.spec.ts:56:7 › Notifications Settings Tests › should display email notification toggles 

    Error: browserType.launch: Executable doesn't exist at C:\Users\imoud\AppData\Local\ms-playwright\webkit-2215\Playwright.exe
    ╔═════════════════════════════════════════════════════════════════════════╗
    ║ Looks like Playwright Test or Playwright was just installed or updated. ║
    ║ Please run the following command to download new browsers:              ║
    ║                                                                         ║
    ║     npx playwright install                                              ║
    ║                                                                         ║
    ║ <3 Playwright Team                                                      ║
    ╚═════════════════════════════════════════════════════════════════════════╝


[1A[2K[870/910] [Mobile Safari] › tests\e2e\notifications.spec.ts:71:7 › Notifications Settings Tests › should display in-app notification toggles
[1A[2K  745) [Mobile Safari] › tests\e2e\notifications.spec.ts:71:7 › Notifications Settings Tests › should display in-app notification toggles 

    Error: browserType.launch: Executable doesn't exist at C:\Users\imoud\AppData\Local\ms-playwright\webkit-2215\Playwright.exe
    ╔═════════════════════════════════════════════════════════════════════════╗
    ║ Looks like Playwright Test or Playwright was just installed or updated. ║
    ║ Please run the following command to download new browsers:              ║
    ║                                                                         ║
    ║     npx playwright install                                              ║
    ║                                                                         ║
    ║ <3 Playwright Team                                                      ║
    ╚═════════════════════════════════════════════════════════════════════════╝


[1A[2K[871/910] [Mobile Safari] › tests\e2e\notifications.spec.ts:84:7 › Notifications Settings Tests › should display important alerts section
[1A[2K  746) [Mobile Safari] › tests\e2e\notifications.spec.ts:84:7 › Notifications Settings Tests › should display important alerts section 

    Error: browserType.launch: Executable doesn't exist at C:\Users\imoud\AppData\Local\ms-playwright\webkit-2215\Playwright.exe
    ╔═════════════════════════════════════════════════════════════════════════╗
    ║ Looks like Playwright Test or Playwright was just installed or updated. ║
    ║ Please run the following command to download new browsers:              ║
    ║                                                                         ║
    ║     npx playwright install                                              ║
    ║                                                                         ║
    ║ <3 Playwright Team                                                      ║
    ╚═════════════════════════════════════════════════════════════════════════╝


[1A[2K[872/910] [Mobile Safari] › tests\e2e\notifications.spec.ts:97:7 › Notifications Settings Tests › should toggle email notifications master switch
[1A[2K  747) [Mobile Safari] › tests\e2e\notifications.spec.ts:97:7 › Notifications Settings Tests › should toggle email notifications master switch 

    Error: browserType.launch: Executable doesn't exist at C:\Users\imoud\AppData\Local\ms-playwright\webkit-2215\Playwright.exe
    ╔═════════════════════════════════════════════════════════════════════════╗
    ║ Looks like Playwright Test or Playwright was just installed or updated. ║
    ║ Please run the following command to download new browsers:              ║
    ║                                                                         ║
    ║     npx playwright install                                              ║
    ║                                                                         ║
    ║ <3 Playwright Team                                                      ║
    ╚═════════════════════════════════════════════════════════════════════════╝


[1A[2K[873/910] [Mobile Safari] › tests\e2e\notifications.spec.ts:124:7 › Notifications Settings Tests › should toggle in-app notifications master switch
[1A[2K  748) [Mobile Safari] › tests\e2e\notifications.spec.ts:124:7 › Notifications Settings Tests › should toggle in-app notifications master switch 

    Error: browserType.launch: Executable doesn't exist at C:\Users\imoud\AppData\Local\ms-playwright\webkit-2215\Playwright.exe
    ╔═════════════════════════════════════════════════════════════════════════╗
    ║ Looks like Playwright Test or Playwright was just installed or updated. ║
    ║ Please run the following command to download new browsers:              ║
    ║                                                                         ║
    ║     npx playwright install                                              ║
    ║                                                                         ║
    ║ <3 Playwright Team                                                      ║
    ╚═════════════════════════════════════════════════════════════════════════╝


[1A[2K[874/910] [Mobile Safari] › tests\e2e\notifications.spec.ts:151:7 › Notifications Settings Tests › should toggle usage limit warnings
[1A[2K[875/910] [Mobile Safari] › tests\e2e\notifications.spec.ts:178:7 › Notifications Settings Tests › should have save button
[1A[2K  749) [Mobile Safari] › tests\e2e\notifications.spec.ts:178:7 › Notifications Settings Tests › should have save button 

    Error: browserType.launch: Executable doesn't exist at C:\Users\imoud\AppData\Local\ms-playwright\webkit-2215\Playwright.exe
    ╔═════════════════════════════════════════════════════════════════════════╗
    ║ Looks like Playwright Test or Playwright was just installed or updated. ║
    ║ Please run the following command to download new browsers:              ║
    ║                                                                         ║
    ║     npx playwright install                                              ║
    ║                                                                         ║
    ║ <3 Playwright Team                                                      ║
    ╚═════════════════════════════════════════════════════════════════════════╝


[1A[2K  750) [Mobile Safari] › tests\e2e\notifications.spec.ts:151:7 › Notifications Settings Tests › should toggle usage limit warnings 

    Error: browserType.launch: Executable doesn't exist at C:\Users\imoud\AppData\Local\ms-playwright\webkit-2215\Playwright.exe
    ╔═════════════════════════════════════════════════════════════════════════╗
    ║ Looks like Playwright Test or Playwright was just installed or updated. ║
    ║ Please run the following command to download new browsers:              ║
    ║                                                                         ║
    ║     npx playwright install                                              ║
    ║                                                                         ║
    ║ <3 Playwright Team                                                      ║
    ╚═════════════════════════════════════════════════════════════════════════╝


[1A[2K[876/910] [Mobile Safari] › tests\e2e\notifications.spec.ts:190:7 › Notifications Settings Tests › should save notification settings
[1A[2K  751) [Mobile Safari] › tests\e2e\notifications.spec.ts:190:7 › Notifications Settings Tests › should save notification settings 

    Error: browserType.launch: Executable doesn't exist at C:\Users\imoud\AppData\Local\ms-playwright\webkit-2215\Playwright.exe
    ╔═════════════════════════════════════════════════════════════════════════╗
    ║ Looks like Playwright Test or Playwright was just installed or updated. ║
    ║ Please run the following command to download new browsers:              ║
    ║                                                                         ║
    ║     npx playwright install                                              ║
    ║                                                                         ║
    ║ <3 Playwright Team                                                      ║
    ╚═════════════════════════════════════════════════════════════════════════╝


[1A[2K[877/910] [Mobile Safari] › tests\e2e\notifications.spec.ts:213:7 › Notifications Settings Tests › should have back button
[1A[2K  752) [Mobile Safari] › tests\e2e\notifications.spec.ts:213:7 › Notifications Settings Tests › should have back button 

    Error: browserType.launch: Executable doesn't exist at C:\Users\imoud\AppData\Local\ms-playwright\webkit-2215\Playwright.exe
    ╔═════════════════════════════════════════════════════════════════════════╗
    ║ Looks like Playwright Test or Playwright was just installed or updated. ║
    ║ Please run the following command to download new browsers:              ║
    ║                                                                         ║
    ║     npx playwright install                                              ║
    ║                                                                         ║
    ║ <3 Playwright Team                                                      ║
    ╚═════════════════════════════════════════════════════════════════════════╝


[1A[2K[878/910] [Mobile Safari] › tests\e2e\onboarding.spec.ts:24:7 › Onboarding Flow › should display onboarding modal for first-time users
[1A[2K  753) [Mobile Safari] › tests\e2e\onboarding.spec.ts:24:7 › Onboarding Flow › should display onboarding modal for first-time users 

    Error: browserType.launch: Executable doesn't exist at C:\Users\imoud\AppData\Local\ms-playwright\webkit-2215\Playwright.exe
    ╔═════════════════════════════════════════════════════════════════════════╗
    ║ Looks like Playwright Test or Playwright was just installed or updated. ║
    ║ Please run the following command to download new browsers:              ║
    ║                                                                         ║
    ║     npx playwright install                                              ║
    ║                                                                         ║
    ║ <3 Playwright Team                                                      ║
    ╚═════════════════════════════════════════════════════════════════════════╝


[1A[2K[879/910] [Mobile Safari] › tests\e2e\onboarding.spec.ts:36:7 › Onboarding Flow › should show correct content for step 1
[1A[2K  754) [Mobile Safari] › tests\e2e\onboarding.spec.ts:36:7 › Onboarding Flow › should show correct content for step 1 

    Error: browserType.launch: Executable doesn't exist at C:\Users\imoud\AppData\Local\ms-playwright\webkit-2215\Playwright.exe
    ╔═════════════════════════════════════════════════════════════════════════╗
    ║ Looks like Playwright Test or Playwright was just installed or updated. ║
    ║ Please run the following command to download new browsers:              ║
    ║                                                                         ║
    ║     npx playwright install                                              ║
    ║                                                                         ║
    ║ <3 Playwright Team                                                      ║
    ╚═════════════════════════════════════════════════════════════════════════╝


[1A[2K[880/910] [Mobile Safari] › tests\e2e\onboarding.spec.ts:49:7 › Onboarding Flow › should navigate to next step
[1A[2K  755) [Mobile Safari] › tests\e2e\onboarding.spec.ts:49:7 › Onboarding Flow › should navigate to next step 

    Error: browserType.launch: Executable doesn't exist at C:\Users\imoud\AppData\Local\ms-playwright\webkit-2215\Playwright.exe
    ╔═════════════════════════════════════════════════════════════════════════╗
    ║ Looks like Playwright Test or Playwright was just installed or updated. ║
    ║ Please run the following command to download new browsers:              ║
    ║                                                                         ║
    ║     npx playwright install                                              ║
    ║                                                                         ║
    ║ <3 Playwright Team                                                      ║
    ╚═════════════════════════════════════════════════════════════════════════╝


[1A[2K[881/910] [Mobile Safari] › tests\e2e\onboarding.spec.ts:64:7 › Onboarding Flow › should navigate to previous step
[1A[2K  756) [Mobile Safari] › tests\e2e\onboarding.spec.ts:64:7 › Onboarding Flow › should navigate to previous step 

    Error: browserType.launch: Executable doesn't exist at C:\Users\imoud\AppData\Local\ms-playwright\webkit-2215\Playwright.exe
    ╔═════════════════════════════════════════════════════════════════════════╗
    ║ Looks like Playwright Test or Playwright was just installed or updated. ║
    ║ Please run the following command to download new browsers:              ║
    ║                                                                         ║
    ║     npx playwright install                                              ║
    ║                                                                         ║
    ║ <3 Playwright Team                                                      ║
    ╚═════════════════════════════════════════════════════════════════════════╝


[1A[2K[882/910] [Mobile Safari] › tests\e2e\onboarding.spec.ts:83:7 › Onboarding Flow › should disable previous button on first step
[1A[2K[883/910] [Mobile Safari] › tests\e2e\onboarding.spec.ts:93:7 › Onboarding Flow › should show progress bar
[1A[2K  757) [Mobile Safari] › tests\e2e\onboarding.spec.ts:83:7 › Onboarding Flow › should disable previous button on first step 

    Error: browserType.launch: Executable doesn't exist at C:\Users\imoud\AppData\Local\ms-playwright\webkit-2215\Playwright.exe
    ╔═════════════════════════════════════════════════════════════════════════╗
    ║ Looks like Playwright Test or Playwright was just installed or updated. ║
    ║ Please run the following command to download new browsers:              ║
    ║                                                                         ║
    ║     npx playwright install                                              ║
    ║                                                                         ║
    ║ <3 Playwright Team                                                      ║
    ╚═════════════════════════════════════════════════════════════════════════╝


[1A[2K  758) [Mobile Safari] › tests\e2e\onboarding.spec.ts:93:7 › Onboarding Flow › should show progress bar 

    Error: browserType.launch: Executable doesn't exist at C:\Users\imoud\AppData\Local\ms-playwright\webkit-2215\Playwright.exe
    ╔═════════════════════════════════════════════════════════════════════════╗
    ║ Looks like Playwright Test or Playwright was just installed or updated. ║
    ║ Please run the following command to download new browsers:              ║
    ║                                                                         ║
    ║     npx playwright install                                              ║
    ║                                                                         ║
    ║ <3 Playwright Team                                                      ║
    ╚═════════════════════════════════════════════════════════════════════════╝


[1A[2K[884/910] [Mobile Safari] › tests\e2e\onboarding.spec.ts:110:7 › Onboarding Flow › should show step indicators
[1A[2K  759) [Mobile Safari] › tests\e2e\onboarding.spec.ts:110:7 › Onboarding Flow › should show step indicators 

    Error: browserType.launch: Executable doesn't exist at C:\Users\imoud\AppData\Local\ms-playwright\webkit-2215\Playwright.exe
    ╔═════════════════════════════════════════════════════════════════════════╗
    ║ Looks like Playwright Test or Playwright was just installed or updated. ║
    ║ Please run the following command to download new browsers:              ║
    ║                                                                         ║
    ║     npx playwright install                                              ║
    ║                                                                         ║
    ║ <3 Playwright Team                                                      ║
    ╚═════════════════════════════════════════════════════════════════════════╝


[1A[2K[885/910] [Mobile Safari] › tests\e2e\onboarding.spec.ts:120:7 › Onboarding Flow › should allow clicking on step indicators
[1A[2K  760) [Mobile Safari] › tests\e2e\onboarding.spec.ts:120:7 › Onboarding Flow › should allow clicking on step indicators 

    Error: browserType.launch: Executable doesn't exist at C:\Users\imoud\AppData\Local\ms-playwright\webkit-2215\Playwright.exe
    ╔═════════════════════════════════════════════════════════════════════════╗
    ║ Looks like Playwright Test or Playwright was just installed or updated. ║
    ║ Please run the following command to download new browsers:              ║
    ║                                                                         ║
    ║     npx playwright install                                              ║
    ║                                                                         ║
    ║ <3 Playwright Team                                                      ║
    ╚═════════════════════════════════════════════════════════════════════════╝


[1A[2K[886/910] [Mobile Safari] › tests\e2e\onboarding.spec.ts:134:7 › Onboarding Flow › should navigate through all steps
[1A[2K  761) [Mobile Safari] › tests\e2e\onboarding.spec.ts:134:7 › Onboarding Flow › should navigate through all steps 

    Error: browserType.launch: Executable doesn't exist at C:\Users\imoud\AppData\Local\ms-playwright\webkit-2215\Playwright.exe
    ╔═════════════════════════════════════════════════════════════════════════╗
    ║ Looks like Playwright Test or Playwright was just installed or updated. ║
    ║ Please run the following command to download new browsers:              ║
    ║                                                                         ║
    ║     npx playwright install                                              ║
    ║                                                                         ║
    ║ <3 Playwright Team                                                      ║
    ╚═════════════════════════════════════════════════════════════════════════╝


[1A[2K[887/910] [Mobile Safari] › tests\e2e\onboarding.spec.ts:163:7 › Onboarding Flow › should show complete button on last step
[1A[2K  762) [Mobile Safari] › tests\e2e\onboarding.spec.ts:163:7 › Onboarding Flow › should show complete button on last step 

    Error: browserType.launch: Executable doesn't exist at C:\Users\imoud\AppData\Local\ms-playwright\webkit-2215\Playwright.exe
    ╔═════════════════════════════════════════════════════════════════════════╗
    ║ Looks like Playwright Test or Playwright was just installed or updated. ║
    ║ Please run the following command to download new browsers:              ║
    ║                                                                         ║
    ║     npx playwright install                                              ║
    ║                                                                         ║
    ║ <3 Playwright Team                                                      ║
    ╚═════════════════════════════════════════════════════════════════════════╝


[1A[2K[888/910] [Mobile Safari] › tests\e2e\onboarding.spec.ts:176:7 › Onboarding Flow › should close modal on skip
[1A[2K  763) [Mobile Safari] › tests\e2e\onboarding.spec.ts:176:7 › Onboarding Flow › should close modal on skip 

    Error: browserType.launch: Executable doesn't exist at C:\Users\imoud\AppData\Local\ms-playwright\webkit-2215\Playwright.exe
    ╔═════════════════════════════════════════════════════════════════════════╗
    ║ Looks like Playwright Test or Playwright was just installed or updated. ║
    ║ Please run the following command to download new browsers:              ║
    ║                                                                         ║
    ║     npx playwright install                                              ║
    ║                                                                         ║
    ║ <3 Playwright Team                                                      ║
    ╚═════════════════════════════════════════════════════════════════════════╝


[1A[2K[889/910] [Mobile Safari] › tests\e2e\onboarding.spec.ts:189:7 › Onboarding Flow › should close modal on X button click
[1A[2K  764) [Mobile Safari] › tests\e2e\onboarding.spec.ts:189:7 › Onboarding Flow › should close modal on X button click 

    Error: browserType.launch: Executable doesn't exist at C:\Users\imoud\AppData\Local\ms-playwright\webkit-2215\Playwright.exe
    ╔═════════════════════════════════════════════════════════════════════════╗
    ║ Looks like Playwright Test or Playwright was just installed or updated. ║
    ║ Please run the following command to download new browsers:              ║
    ║                                                                         ║
    ║     npx playwright install                                              ║
    ║                                                                         ║
    ║ <3 Playwright Team                                                      ║
    ╚═════════════════════════════════════════════════════════════════════════╝


[1A[2K[890/910] [Mobile Safari] › tests\e2e\onboarding.spec.ts:202:7 › Onboarding Flow › should complete onboarding and close modal
[1A[2K[891/910] [Mobile Safari] › tests\e2e\onboarding.spec.ts:219:7 › Onboarding Flow › should not show onboarding on subsequent visits
[1A[2K  765) [Mobile Safari] › tests\e2e\onboarding.spec.ts:202:7 › Onboarding Flow › should complete onboarding and close modal 

    Error: browserType.launch: Executable doesn't exist at C:\Users\imoud\AppData\Local\ms-playwright\webkit-2215\Playwright.exe
    ╔═════════════════════════════════════════════════════════════════════════╗
    ║ Looks like Playwright Test or Playwright was just installed or updated. ║
    ║ Please run the following command to download new browsers:              ║
    ║                                                                         ║
    ║     npx playwright install                                              ║
    ║                                                                         ║
    ║ <3 Playwright Team                                                      ║
    ╚═════════════════════════════════════════════════════════════════════════╝


[1A[2K  766) [Mobile Safari] › tests\e2e\onboarding.spec.ts:219:7 › Onboarding Flow › should not show onboarding on subsequent visits 

    Error: browserType.launch: Executable doesn't exist at C:\Users\imoud\AppData\Local\ms-playwright\webkit-2215\Playwright.exe
    ╔═════════════════════════════════════════════════════════════════════════╗
    ║ Looks like Playwright Test or Playwright was just installed or updated. ║
    ║ Please run the following command to download new browsers:              ║
    ║                                                                         ║
    ║     npx playwright install                                              ║
    ║                                                                         ║
    ║ <3 Playwright Team                                                      ║
    ╚═════════════════════════════════════════════════════════════════════════╝


[1A[2K[892/910] [Mobile Safari] › tests\e2e\onboarding.spec.ts:240:7 › Onboarding Flow › should display all 5 steps with correct titles
[1A[2K  767) [Mobile Safari] › tests\e2e\onboarding.spec.ts:240:7 › Onboarding Flow › should display all 5 steps with correct titles 

    Error: browserType.launch: Executable doesn't exist at C:\Users\imoud\AppData\Local\ms-playwright\webkit-2215\Playwright.exe
    ╔═════════════════════════════════════════════════════════════════════════╗
    ║ Looks like Playwright Test or Playwright was just installed or updated. ║
    ║ Please run the following command to download new browsers:              ║
    ║                                                                         ║
    ║     npx playwright install                                              ║
    ║                                                                         ║
    ║ <3 Playwright Team                                                      ║
    ╚═════════════════════════════════════════════════════════════════════════╝


[1A[2K[893/910] [Mobile Safari] › tests\e2e\onboarding.spec.ts:261:7 › Onboarding Flow › should show tips for each step
[1A[2K  768) [Mobile Safari] › tests\e2e\onboarding.spec.ts:261:7 › Onboarding Flow › should show tips for each step 

    Error: browserType.launch: Executable doesn't exist at C:\Users\imoud\AppData\Local\ms-playwright\webkit-2215\Playwright.exe
    ╔═════════════════════════════════════════════════════════════════════════╗
    ║ Looks like Playwright Test or Playwright was just installed or updated. ║
    ║ Please run the following command to download new browsers:              ║
    ║                                                                         ║
    ║     npx playwright install                                              ║
    ║                                                                         ║
    ║ <3 Playwright Team                                                      ║
    ╚═════════════════════════════════════════════════════════════════════════╝


[1A[2K[894/910] [Mobile Safari] › tests\e2e\rag-file-upload.spec.ts:30:7 › RAG File Upload and Chat › should upload a text file and process it for RAG
[1A[2K  769) [Mobile Safari] › tests\e2e\rag-file-upload.spec.ts:30:7 › RAG File Upload and Chat › should upload a text file and process it for RAG 

    Error: browserType.launch: Executable doesn't exist at C:\Users\imoud\AppData\Local\ms-playwright\webkit-2215\Playwright.exe
    ╔═════════════════════════════════════════════════════════════════════════╗
    ║ Looks like Playwright Test or Playwright was just installed or updated. ║
    ║ Please run the following command to download new browsers:              ║
    ║                                                                         ║
    ║     npx playwright install                                              ║
    ║                                                                         ║
    ║ <3 Playwright Team                                                      ║
    ╚═════════════════════════════════════════════════════════════════════════╝


[1A[2K[895/910] [Mobile Safari] › tests\e2e\rag-file-upload.spec.ts:124:7 › RAG File Upload and Chat › should chat with model using RAG context from uploaded file
[1A[2K  770) [Mobile Safari] › tests\e2e\rag-file-upload.spec.ts:124:7 › RAG File Upload and Chat › should chat with model using RAG context from uploaded file 

    Error: browserType.launch: Executable doesn't exist at C:\Users\imoud\AppData\Local\ms-playwright\webkit-2215\Playwright.exe
    ╔═════════════════════════════════════════════════════════════════════════╗
    ║ Looks like Playwright Test or Playwright was just installed or updated. ║
    ║ Please run the following command to download new browsers:              ║
    ║                                                                         ║
    ║     npx playwright install                                              ║
    ║                                                                         ║
    ║ <3 Playwright Team                                                      ║
    ╚═════════════════════════════════════════════════════════════════════════╝


[1A[2K[896/910] [Mobile Safari] › tests\e2e\rag-file-upload.spec.ts:189:7 › RAG File Upload and Chat › complete RAG flow: upload → process → chat
[1A[2K  771) [Mobile Safari] › tests\e2e\rag-file-upload.spec.ts:189:7 › RAG File Upload and Chat › complete RAG flow: upload → process → chat 

    Error: browserType.launch: Executable doesn't exist at C:\Users\imoud\AppData\Local\ms-playwright\webkit-2215\Playwright.exe
    ╔═════════════════════════════════════════════════════════════════════════╗
    ║ Looks like Playwright Test or Playwright was just installed or updated. ║
    ║ Please run the following command to download new browsers:              ║
    ║                                                                         ║
    ║     npx playwright install                                              ║
    ║                                                                         ║
    ║ <3 Playwright Team                                                      ║
    ╚═════════════════════════════════════════════════════════════════════════╝


[1A[2K[897/910] [Mobile Safari] › tests\e2e\settings.spec.ts:22:7 › Settings Tests › should display settings page with all options
[1A[2K  772) [Mobile Safari] › tests\e2e\settings.spec.ts:22:7 › Settings Tests › should display settings page with all options 

    Error: browserType.launch: Executable doesn't exist at C:\Users\imoud\AppData\Local\ms-playwright\webkit-2215\Playwright.exe
    ╔═════════════════════════════════════════════════════════════════════════╗
    ║ Looks like Playwright Test or Playwright was just installed or updated. ║
    ║ Please run the following command to download new browsers:              ║
    ║                                                                         ║
    ║     npx playwright install                                              ║
    ║                                                                         ║
    ║ <3 Playwright Team                                                      ║
    ╚═════════════════════════════════════════════════════════════════════════╝


[1A[2K[898/910] [Mobile Safari] › tests\e2e\settings.spec.ts:41:7 › Settings Tests › should navigate to profile settings
[1A[2K  773) [Mobile Safari] › tests\e2e\settings.spec.ts:41:7 › Settings Tests › should navigate to profile settings 

    Error: browserType.launch: Executable doesn't exist at C:\Users\imoud\AppData\Local\ms-playwright\webkit-2215\Playwright.exe
    ╔═════════════════════════════════════════════════════════════════════════╗
    ║ Looks like Playwright Test or Playwright was just installed or updated. ║
    ║ Please run the following command to download new browsers:              ║
    ║                                                                         ║
    ║     npx playwright install                                              ║
    ║                                                                         ║
    ║ <3 Playwright Team                                                      ║
    ╚═════════════════════════════════════════════════════════════════════════╝


[1A[2K[899/910] [Mobile Safari] › tests\e2e\settings.spec.ts:60:7 › Settings Tests › should display profile form with user data
[1A[2K  774) [Mobile Safari] › tests\e2e\settings.spec.ts:60:7 › Settings Tests › should display profile form with user data 

    Error: browserType.launch: Executable doesn't exist at C:\Users\imoud\AppData\Local\ms-playwright\webkit-2215\Playwright.exe
    ╔═════════════════════════════════════════════════════════════════════════╗
    ║ Looks like Playwright Test or Playwright was just installed or updated. ║
    ║ Please run the following command to download new browsers:              ║
    ║                                                                         ║
    ║     npx playwright install                                              ║
    ║                                                                         ║
    ║ <3 Playwright Team                                                      ║
    ╚═════════════════════════════════════════════════════════════════════════╝


[1A[2K[900/910] [Mobile Safari] › tests\e2e\settings.spec.ts:79:7 › Settings Tests › should update profile name
[1A[2K  775) [Mobile Safari] › tests\e2e\settings.spec.ts:79:7 › Settings Tests › should update profile name 

    Error: browserType.launch: Executable doesn't exist at C:\Users\imoud\AppData\Local\ms-playwright\webkit-2215\Playwright.exe
    ╔═════════════════════════════════════════════════════════════════════════╗
    ║ Looks like Playwright Test or Playwright was just installed or updated. ║
    ║ Please run the following command to download new browsers:              ║
    ║                                                                         ║
    ║     npx playwright install                                              ║
    ║                                                                         ║
    ║ <3 Playwright Team                                                      ║
    ╚═════════════════════════════════════════════════════════════════════════╝


[1A[2K[901/910] [Mobile Safari] › tests\e2e\settings.spec.ts:102:7 › Settings Tests › should update profile niche
[1A[2K  776) [Mobile Safari] › tests\e2e\settings.spec.ts:102:7 › Settings Tests › should update profile niche 

    Error: browserType.launch: Executable doesn't exist at C:\Users\imoud\AppData\Local\ms-playwright\webkit-2215\Playwright.exe
    ╔═════════════════════════════════════════════════════════════════════════╗
    ║ Looks like Playwright Test or Playwright was just installed or updated. ║
    ║ Please run the following command to download new browsers:              ║
    ║                                                                         ║
    ║     npx playwright install                                              ║
    ║                                                                         ║
    ║ <3 Playwright Team                                                      ║
    ╚═════════════════════════════════════════════════════════════════════════╝


[1A[2K[902/910] [Mobile Safari] › tests\e2e\settings.spec.ts:124:7 › Settings Tests › should validate password change form
[1A[2K  777) [Mobile Safari] › tests\e2e\settings.spec.ts:124:7 › Settings Tests › should validate password change form 

    Error: browserType.launch: Executable doesn't exist at C:\Users\imoud\AppData\Local\ms-playwright\webkit-2215\Playwright.exe
    ╔═════════════════════════════════════════════════════════════════════════╗
    ║ Looks like Playwright Test or Playwright was just installed or updated. ║
    ║ Please run the following command to download new browsers:              ║
    ║                                                                         ║
    ║     npx playwright install                                              ║
    ║                                                                         ║
    ║ <3 Playwright Team                                                      ║
    ╚═════════════════════════════════════════════════════════════════════════╝


[1A[2K[903/910] [Mobile Safari] › tests\e2e\settings.spec.ts:145:7 › Settings Tests › should show error for mismatched passwords
[1A[2K  778) [Mobile Safari] › tests\e2e\settings.spec.ts:145:7 › Settings Tests › should show error for mismatched passwords 

    Error: browserType.launch: Executable doesn't exist at C:\Users\imoud\AppData\Local\ms-playwright\webkit-2215\Playwright.exe
    ╔═════════════════════════════════════════════════════════════════════════╗
    ║ Looks like Playwright Test or Playwright was just installed or updated. ║
    ║ Please run the following command to download new browsers:              ║
    ║                                                                         ║
    ║     npx playwright install                                              ║
    ║                                                                         ║
    ║ <3 Playwright Team                                                      ║
    ╚═════════════════════════════════════════════════════════════════════════╝


[1A[2K[904/910] [Mobile Safari] › tests\e2e\settings.spec.ts:165:7 › Settings Tests › should show error for short password
[1A[2K  779) [Mobile Safari] › tests\e2e\settings.spec.ts:165:7 › Settings Tests › should show error for short password 

    Error: browserType.launch: Executable doesn't exist at C:\Users\imoud\AppData\Local\ms-playwright\webkit-2215\Playwright.exe
    ╔═════════════════════════════════════════════════════════════════════════╗
    ║ Looks like Playwright Test or Playwright was just installed or updated. ║
    ║ Please run the following command to download new browsers:              ║
    ║                                                                         ║
    ║     npx playwright install                                              ║
    ║                                                                         ║
    ║ <3 Playwright Team                                                      ║
    ╚═════════════════════════════════════════════════════════════════════════╝


[1A[2K[905/910] [Mobile Safari] › tests\e2e\settings.spec.ts:185:7 › Settings Tests › should display account actions section
[1A[2K  780) [Mobile Safari] › tests\e2e\settings.spec.ts:185:7 › Settings Tests › should display account actions section 

    Error: browserType.launch: Executable doesn't exist at C:\Users\imoud\AppData\Local\ms-playwright\webkit-2215\Playwright.exe
    ╔═════════════════════════════════════════════════════════════════════════╗
    ║ Looks like Playwright Test or Playwright was just installed or updated. ║
    ║ Please run the following command to download new browsers:              ║
    ║                                                                         ║
    ║     npx playwright install                                              ║
    ║                                                                         ║
    ║ <3 Playwright Team                                                      ║
    ╚═════════════════════════════════════════════════════════════════════════╝


[1A[2K[906/910] [Mobile Safari] › tests\e2e\settings.spec.ts:200:7 › Settings Tests › should have back button on profile settings
[1A[2K  781) [Mobile Safari] › tests\e2e\settings.spec.ts:200:7 › Settings Tests › should have back button on profile settings 

    Error: browserType.launch: Executable doesn't exist at C:\Users\imoud\AppData\Local\ms-playwright\webkit-2215\Playwright.exe
    ╔═════════════════════════════════════════════════════════════════════════╗
    ║ Looks like Playwright Test or Playwright was just installed or updated. ║
    ║ Please run the following command to download new browsers:              ║
    ║                                                                         ║
    ║     npx playwright install                                              ║
    ║                                                                         ║
    ║ <3 Playwright Team                                                      ║
    ╚═════════════════════════════════════════════════════════════════════════╝


[1A[2K[907/910] [Mobile Safari] › tests\e2e\xray-login.spec.ts:8:7 › Xray Login Test › should login using xray route with dsaq
[1A[2K  782) [Mobile Safari] › tests\e2e\xray-login.spec.ts:8:7 › Xray Login Test › should login using xray route with dsaq 

    Error: browserType.launch: Executable doesn't exist at C:\Users\imoud\AppData\Local\ms-playwright\webkit-2215\Playwright.exe
    ╔═════════════════════════════════════════════════════════════════════════╗
    ║ Looks like Playwright Test or Playwright was just installed or updated. ║
    ║ Please run the following command to download new browsers:              ║
    ║                                                                         ║
    ║     npx playwright install                                              ║
    ║                                                                         ║
    ║ <3 Playwright Team                                                      ║
    ╚═════════════════════════════════════════════════════════════════════════╝


[1A[2K[908/910] [Mobile Safari] › tests\e2e\xray-login.spec.ts:23:7 › Xray Login Test › should login and access dashboard
[1A[2K  783) [Mobile Safari] › tests\e2e\xray-login.spec.ts:23:7 › Xray Login Test › should login and access dashboard 

    Error: browserType.launch: Executable doesn't exist at C:\Users\imoud\AppData\Local\ms-playwright\webkit-2215\Playwright.exe
    ╔═════════════════════════════════════════════════════════════════════════╗
    ║ Looks like Playwright Test or Playwright was just installed or updated. ║
    ║ Please run the following command to download new browsers:              ║
    ║                                                                         ║
    ║     npx playwright install                                              ║
    ║                                                                         ║
    ║ <3 Playwright Team                                                      ║
    ╚═════════════════════════════════════════════════════════════════════════╝


[1A[2K[909/910] [Mobile Safari] › tests\e2e\xray-login.spec.ts:54:7 › Xray Login Test › should show user not found for invalid username
[1A[2K  784) [Mobile Safari] › tests\e2e\xray-login.spec.ts:54:7 › Xray Login Test › should show user not found for invalid username 

    Error: browserType.launch: Executable doesn't exist at C:\Users\imoud\AppData\Local\ms-playwright\webkit-2215\Playwright.exe
    ╔═════════════════════════════════════════════════════════════════════════╗
    ║ Looks like Playwright Test or Playwright was just installed or updated. ║
    ║ Please run the following command to download new browsers:              ║
    ║                                                                         ║
    ║     npx playwright install                                              ║
    ║                                                                         ║
    ║ <3 Playwright Team                                                      ║
    ╚═════════════════════════════════════════════════════════════════════════╝


[1A[2K[910/910] [Mobile Safari] › tests\e2e\xray-login.spec.ts:65:7 › Xray Login Test › should work with different test users
[1A[2K  785) [Mobile Safari] › tests\e2e\xray-login.spec.ts:65:7 › Xray Login Test › should work with different test users 

    Error: browserType.launch: Executable doesn't exist at C:\Users\imoud\AppData\Local\ms-playwright\webkit-2215\Playwright.exe
    ╔═════════════════════════════════════════════════════════════════════════╗
    ║ Looks like Playwright Test or Playwright was just installed or updated. ║
    ║ Please run the following command to download new browsers:              ║
    ║                                                                         ║
    ║     npx playwright install                                              ║
    ║                                                                         ║
    ║ <3 Playwright Team                                                      ║
    ╚═════════════════════════════════════════════════════════════════════════╝


[1A[2K  785 failed
    [chromium] › tests\e2e\analytics.spec.ts:71:7 › Analytics Dashboard Tests › should display analytics dashboard 
    [chromium] › tests\e2e\analytics.spec.ts:105:7 › Analytics Dashboard Tests › should display analytics stats cards 
    [chromium] › tests\e2e\analytics.spec.ts:135:7 › Analytics Dashboard Tests › should display usage overview section 
    [chromium] › tests\e2e\analytics.spec.ts:163:7 › Analytics Dashboard Tests › should display performance metrics 
    [chromium] › tests\e2e\analytics.spec.ts:194:7 › Analytics Dashboard Tests › should display training data info 
    [chromium] › tests\e2e\analytics.spec.ts:225:7 › Analytics Dashboard Tests › should have date range selector 
    [chromium] › tests\e2e\analytics.spec.ts:257:7 › Analytics Dashboard Tests › should have export CSV button 
    [chromium] › tests\e2e\analytics.spec.ts:284:7 › Analytics Dashboard Tests › should have back button 
    [chromium] › tests\e2e\analytics.spec.ts:309:7 › Analytics Dashboard Tests › should change date range and reload data 
    [chromium] › tests\e2e\analytics.spec.ts:341:7 › Analytics Dashboard Tests › should display message activity chart when data exists 
    [chromium] › tests\e2e\api-keys.spec.ts:22:7 › API Keys Tests › should display API keys page ───
    [chromium] › tests\e2e\api-keys.spec.ts:41:7 › API Keys Tests › should display create API key button 
    [chromium] › tests\e2e\api-keys.spec.ts:53:7 › API Keys Tests › should display empty state when no keys exist 
    [chromium] › tests\e2e\api-keys.spec.ts:71:7 › API Keys Tests › should open create modal when clicking create button 
    [chromium] › tests\e2e\api-keys.spec.ts:88:7 › API Keys Tests › should close modal when clicking cancel 
    [chromium] › tests\e2e\api-keys.spec.ts:108:7 › API Keys Tests › should validate key name input 
    [chromium] › tests\e2e\api-keys.spec.ts:125:7 › API Keys Tests › should create new API key ─────
    [chromium] › tests\e2e\api-keys.spec.ts:149:7 › API Keys Tests › should display newly created key only once 
    [chromium] › tests\e2e\api-keys.spec.ts:178:7 › API Keys Tests › should list existing API keys ─
    [chromium] › tests\e2e\api-keys.spec.ts:201:7 › API Keys Tests › should display API documentation section 
    [chromium] › tests\e2e\api-keys.spec.ts:214:7 › API Keys Tests › should have back button ───────
    [chromium] › tests\e2e\auth-login.spec.ts:45:7 › User Login › should display login form with all fields 
    [chromium] › tests\e2e\auth-login.spec.ts:75:7 › User Login › should show error for invalid email format 
    [chromium] › tests\e2e\auth-login.spec.ts:106:7 › User Login › should show error for incorrect password 
    [chromium] › tests\e2e\auth-login.spec.ts:145:7 › User Login › should persist session after page reload 
    [chromium] › tests\e2e\auth-login.spec.ts:207:7 › User Login › should allow navigation to registration page 
    [chromium] › tests\e2e\auth-login.spec.ts:227:7 › User Login › should toggle password visibility 
    [chromium] › tests\e2e\auth-login.spec.ts:275:7 › User Login › should be responsive on mobile viewport 
    [chromium] › tests\e2e\auth-password-reset.spec.ts:41:7 › Password Reset › should display password reset form 
    [chromium] › tests\e2e\auth-password-reset.spec.ts:70:7 › Password Reset › should show error for invalid email format 
    [chromium] › tests\e2e\auth-password-reset.spec.ts:104:7 › Password Reset › should handle non-existent email gracefully 
    [chromium] › tests\e2e\auth-password-reset.spec.ts:129:7 › Password Reset › should show loading state during submission 
    [chromium] › tests\e2e\auth-password-reset.spec.ts:162:7 › Password Reset › should be accessible via forgot password link from login 
    [chromium] › tests\e2e\auth-password-reset.spec.ts:201:7 › Password Reset › should clear form after successful submission 
    [chromium] › tests\e2e\auth-password-reset.spec.ts:238:7 › Password Reset › should have proper page metadata 
    [chromium] › tests\e2e\auth-registration.spec.ts:20:7 › User Registration › should display registration form with all fields 
    [chromium] › tests\e2e\auth-registration.spec.ts:38:7 › User Registration › should show validation errors for empty form 
    [chromium] › tests\e2e\auth-registration.spec.ts:49:7 › User Registration › should show error for invalid email format 
    [chromium] › tests\e2e\auth-registration.spec.ts:69:7 › User Registration › should show error for weak password 
    [chromium] › tests\e2e\auth-registration.spec.ts:89:7 › User Registration › should successfully register a new user 
    [chromium] › tests\e2e\auth-registration.spec.ts:119:7 › User Registration › should show error when registering with existing email 
    [chromium] › tests\e2e\auth-registration.spec.ts:156:7 › User Registration › should allow navigation to login page 
    [chromium] › tests\e2e\auth-registration.spec.ts:166:7 › User Registration › should toggle password visibility 
    [chromium] › tests\e2e\auth-registration.spec.ts:188:7 › User Registration › should have all industry options available 
    [chromium] › tests\e2e\auth-registration.spec.ts:200:7 › User Registration › should be responsive on mobile viewport 
    [chromium] › tests\e2e\branding.spec.ts:19:7 › Branding Settings › should navigate to branding settings page 
    [chromium] › tests\e2e\branding.spec.ts:31:7 › Branding Settings › should display all branding form sections 
    [chromium] › tests\e2e\branding.spec.ts:57:7 › Branding Settings › should update company name and see live preview 
    [chromium] › tests\e2e\branding.spec.ts:70:7 › Branding Settings › should update primary color and see live preview 
    [chromium] › tests\e2e\branding.spec.ts:86:7 › Branding Settings › should update secondary color and see live preview 
    [chromium] › tests\e2e\branding.spec.ts:102:7 › Branding Settings › should show DNS instructions modal 
    [chromium] › tests\e2e\branding.spec.ts:121:7 › Branding Settings › should validate company name is required 
    [chromium] › tests\e2e\branding.spec.ts:137:7 › Branding Settings › should display custom domain in preview 
    [chromium] › tests\e2e\branding.spec.ts:152:7 › Branding Settings › should show save button ────
    [chromium] › tests\e2e\branding.spec.ts:162:7 › Branding Settings › should have upload buttons for logo and favicon 
    [chromium] › tests\e2e\branding.spec.ts:175:7 › Branding Settings › should show live preview section with sample elements 
    [chromium] › tests\e2e\chat.spec.ts:16:7 › Chat Interface › should display chat page with sidebar and empty state 
    [chromium] › tests\e2e\chat.spec.ts:31:7 › Chat Interface › should display existing chat messages 
    [chromium] › tests\e2e\chat.spec.ts:44:7 › Chat Interface › should send a message and receive response 
    [chromium] › tests\e2e\chat.spec.ts:70:7 › Chat Interface › should create a new chat session ───
    [chromium] › tests\e2e\chat.spec.ts:81:7 › Chat Interface › should switch between chat sessions 
    [chromium] › tests\e2e\chat.spec.ts:92:7 › Chat Interface › should display copy button on AI messages 
    [chromium] › tests\e2e\chat.spec.ts:104:7 › Chat Interface › should display regenerate button on last AI message 
    [chromium] › tests\e2e\chat.spec.ts:112:7 › Chat Interface › should show typing indicator when sending message 
    [chromium] › tests\e2e\chat.spec.ts:129:7 › Chat Interface › should clear input field after sending message 
    [chromium] › tests\e2e\chat.spec.ts:148:7 › Chat Interface › should display export buttons on active session 
    [chromium] › tests\e2e\chat.spec.ts:157:7 › Chat Interface › should show chat header with model name 
    [chromium] › tests\e2e\chat.spec.ts:163:7 › Chat Interface › should handle Enter key to send message 
    [chromium] › tests\e2e\chat.spec.ts:176:7 › Chat Interface › should handle Shift+Enter for new line 
    [chromium] › tests\e2e\dashboard-protected.spec.ts:46:9 › Dashboard and Protected Routes › Unauthenticated Access › should redirect to login when accessing dashboard without auth 
    [chromium] › tests\e2e\dashboard-protected.spec.ts:101:9 › Dashboard and Protected Routes › Authenticated Dashboard Access › should display dashboard with user information 
    [chromium] › tests\e2e\dashboard-protected.spec.ts:145:9 › Dashboard and Protected Routes › Authenticated Dashboard Access › should display navigation menu 
    [chromium] › tests\e2e\dashboard-protected.spec.ts:171:9 › Dashboard and Protected Routes › Authenticated Dashboard Access › should show phase completion status 
    [chromium] › tests\e2e\dashboard-protected.spec.ts:204:9 › Dashboard and Protected Routes › Authenticated Dashboard Access › should handle browser refresh correctly 
    [chromium] › tests\e2e\dashboard-protected.spec.ts:243:9 › Dashboard and Protected Routes › Session Management › should maintain session in new tab 
    [chromium] › tests\e2e\dashboard.spec.ts:10:7 › Dashboard Tests › should login and verify dashboard layout 
    [chromium] › tests\e2e\dashboard.spec.ts:54:7 › Dashboard Tests › should navigate to models page 
    [chromium] › tests\e2e\dashboard.spec.ts:92:7 › Dashboard Tests › should have functional search bar in header 
    [chromium] › tests\e2e\dashboard.spec.ts:113:7 › Dashboard Tests › should create a new model successfully 
    [chromium] › tests\e2e\docs.spec.ts:27:7 › Documentation Site › should load documentation page ─
    [chromium] › tests\e2e\docs.spec.ts:41:7 › Documentation Site › should display search bar ──────
    [chromium] › tests\e2e\docs.spec.ts:48:7 › Documentation Site › should navigate between sections 
    [chromium] › tests\e2e\docs.spec.ts:67:7 › Documentation Site › should show Getting Started content by default 
    [chromium] › tests\e2e\docs.spec.ts:77:7 › Documentation Site › should display code blocks with copy button 
    [chromium] › tests\e2e\docs.spec.ts:93:7 › Documentation Site › should copy code to clipboard ──
    [chromium] › tests\e2e\docs.spec.ts:109:7 › Documentation Site › should search documentation ───
    [chromium] › tests\e2e\docs.spec.ts:121:7 › Documentation Site › should filter sections based on search 
    [chromium] › tests\e2e\docs.spec.ts:133:7 › Documentation Site › should show feedback buttons ──
    [chromium] › tests\e2e\docs.spec.ts:146:7 › Documentation Site › should submit helpful feedback 
    [chromium] › tests\e2e\docs.spec.ts:161:7 › Documentation Site › should submit not helpful feedback 
    [chromium] › tests\e2e\docs.spec.ts:176:7 › Documentation Site › should navigate back to dashboard 
    [chromium] › tests\e2e\docs.spec.ts:187:7 › Documentation Site › should display all sections in sidebar 
    [chromium] › tests\e2e\docs.spec.ts:204:7 › Documentation Site › should highlight active section 
    [chromium] › tests\e2e\docs.spec.ts:222:7 › Documentation Site › should display FAQs content ───
    [chromium] › tests\e2e\docs.spec.ts:236:7 › Documentation Site › should display self-hosting content 
    [chromium] › tests\e2e\file-upload.spec.ts:55:7 › File Upload Tests › should navigate to training data page 
    [chromium] › tests\e2e\file-upload.spec.ts:71:7 › File Upload Tests › should display file upload interface 
    [chromium] › tests\e2e\file-upload.spec.ts:86:7 › File Upload Tests › should upload a text file 
    [chromium] › tests\e2e\file-upload.spec.ts:133:7 › File Upload Tests › should show validation error for large file 
    [chromium] › tests\e2e\file-upload.spec.ts:165:7 › File Upload Tests › should display uploaded files in table 
    [chromium] › tests\e2e\file-upload.spec.ts:198:7 › File Upload Tests › should have functional model selector 
    [chromium] › tests\e2e\file-upload.spec.ts:220:7 › File Upload Tests › should show drag and drop zone with correct styling 
    [chromium] › tests\e2e\file-upload.spec.ts:239:7 › File Upload Tests › should allow file removal before upload 
    [chromium] › tests\e2e\file-upload.spec.ts:276:7 › File Upload Tests › should handle multiple file selection 
    [chromium] › tests\e2e\landing-page.spec.ts:4:7 › Landing Page › should load and display all main sections 
    [chromium] › tests\e2e\landing-page.spec.ts:23:7 › Landing Page › should display Features section with 3 key differentiators 
    [chromium] › tests\e2e\landing-page.spec.ts:38:7 › Landing Page › should display How It Works section with 3 steps 
    [chromium] › tests\e2e\landing-page.spec.ts:50:7 › Landing Page › should display Audience Tabs and allow switching 
    [chromium] › tests\e2e\landing-page.spec.ts:79:7 › Landing Page › should display and submit Waitlist Form 
    [chromium] › tests\e2e\landing-page.spec.ts:104:7 › Landing Page › should display Footer with all sections 
    [chromium] › tests\e2e\landing-page.spec.ts:123:7 › Landing Page › CTAs should navigate to correct pages 
    [chromium] › tests\e2e\landing-page.spec.ts:135:7 › Landing Page › should be responsive on mobile 
    [chromium] › tests\e2e\login-simple.spec.ts:11:7 › Simple Login Test › should register and login immediately 
    [chromium] › tests\e2e\notifications.spec.ts:22:7 › Notifications Settings Tests › should display notifications settings page 
    [chromium] › tests\e2e\notifications.spec.ts:41:7 › Notifications Settings Tests › should display all notification sections 
    [chromium] › tests\e2e\notifications.spec.ts:56:7 › Notifications Settings Tests › should display email notification toggles 
    [chromium] › tests\e2e\notifications.spec.ts:71:7 › Notifications Settings Tests › should display in-app notification toggles 
    [chromium] › tests\e2e\notifications.spec.ts:84:7 › Notifications Settings Tests › should display important alerts section 
    [chromium] › tests\e2e\notifications.spec.ts:97:7 › Notifications Settings Tests › should toggle email notifications master switch 
    [chromium] › tests\e2e\notifications.spec.ts:124:7 › Notifications Settings Tests › should toggle in-app notifications master switch 
    [chromium] › tests\e2e\notifications.spec.ts:151:7 › Notifications Settings Tests › should toggle usage limit warnings 
    [chromium] › tests\e2e\notifications.spec.ts:178:7 › Notifications Settings Tests › should have save button 
    [chromium] › tests\e2e\notifications.spec.ts:190:7 › Notifications Settings Tests › should save notification settings 
    [chromium] › tests\e2e\notifications.spec.ts:213:7 › Notifications Settings Tests › should have back button 
    [chromium] › tests\e2e\onboarding.spec.ts:24:7 › Onboarding Flow › should display onboarding modal for first-time users 
    [chromium] › tests\e2e\onboarding.spec.ts:36:7 › Onboarding Flow › should show correct content for step 1 
    [chromium] › tests\e2e\onboarding.spec.ts:49:7 › Onboarding Flow › should navigate to next step 
    [chromium] › tests\e2e\onboarding.spec.ts:64:7 › Onboarding Flow › should navigate to previous step 
    [chromium] › tests\e2e\onboarding.spec.ts:83:7 › Onboarding Flow › should disable previous button on first step 
    [chromium] › tests\e2e\onboarding.spec.ts:93:7 › Onboarding Flow › should show progress bar ────
    [chromium] › tests\e2e\onboarding.spec.ts:110:7 › Onboarding Flow › should show step indicators 
    [chromium] › tests\e2e\onboarding.spec.ts:120:7 › Onboarding Flow › should allow clicking on step indicators 
    [chromium] › tests\e2e\onboarding.spec.ts:134:7 › Onboarding Flow › should navigate through all steps 
    [chromium] › tests\e2e\onboarding.spec.ts:163:7 › Onboarding Flow › should show complete button on last step 
    [chromium] › tests\e2e\onboarding.spec.ts:176:7 › Onboarding Flow › should close modal on skip ─
    [chromium] › tests\e2e\onboarding.spec.ts:189:7 › Onboarding Flow › should close modal on X button click 
    [chromium] › tests\e2e\onboarding.spec.ts:202:7 › Onboarding Flow › should complete onboarding and close modal 
    [chromium] › tests\e2e\onboarding.spec.ts:219:7 › Onboarding Flow › should not show onboarding on subsequent visits 
    [chromium] › tests\e2e\onboarding.spec.ts:240:7 › Onboarding Flow › should display all 5 steps with correct titles 
    [chromium] › tests\e2e\onboarding.spec.ts:261:7 › Onboarding Flow › should show tips for each step 
    [chromium] › tests\e2e\rag-file-upload.spec.ts:30:7 › RAG File Upload and Chat › should upload a text file and process it for RAG 
    [chromium] › tests\e2e\rag-file-upload.spec.ts:124:7 › RAG File Upload and Chat › should chat with model using RAG context from uploaded file 
    [chromium] › tests\e2e\rag-file-upload.spec.ts:189:7 › RAG File Upload and Chat › complete RAG flow: upload → process → chat 
    [chromium] › tests\e2e\settings.spec.ts:22:7 › Settings Tests › should display settings page with all options 
    [chromium] › tests\e2e\settings.spec.ts:41:7 › Settings Tests › should navigate to profile settings 
    [chromium] › tests\e2e\settings.spec.ts:60:7 › Settings Tests › should display profile form with user data 
    [chromium] › tests\e2e\settings.spec.ts:79:7 › Settings Tests › should update profile name ─────
    [chromium] › tests\e2e\settings.spec.ts:102:7 › Settings Tests › should update profile niche ───
    [chromium] › tests\e2e\settings.spec.ts:124:7 › Settings Tests › should validate password change form 
    [chromium] › tests\e2e\settings.spec.ts:145:7 › Settings Tests › should show error for mismatched passwords 
    [chromium] › tests\e2e\settings.spec.ts:165:7 › Settings Tests › should show error for short password 
    [chromium] › tests\e2e\settings.spec.ts:185:7 › Settings Tests › should display account actions section 
    [chromium] › tests\e2e\settings.spec.ts:200:7 › Settings Tests › should have back button on profile settings 
    [chromium] › tests\e2e\xray-login.spec.ts:8:7 › Xray Login Test › should login using xray route with dsaq 
    [chromium] › tests\e2e\xray-login.spec.ts:23:7 › Xray Login Test › should login and access dashboard 
    [chromium] › tests\e2e\xray-login.spec.ts:54:7 › Xray Login Test › should show user not found for invalid username 
    [chromium] › tests\e2e\xray-login.spec.ts:65:7 › Xray Login Test › should work with different test users 
    [firefox] › tests\e2e\analytics.spec.ts:71:7 › Analytics Dashboard Tests › should display analytics dashboard 
    [firefox] › tests\e2e\analytics.spec.ts:105:7 › Analytics Dashboard Tests › should display analytics stats cards 
    [firefox] › tests\e2e\analytics.spec.ts:135:7 › Analytics Dashboard Tests › should display usage overview section 
    [firefox] › tests\e2e\analytics.spec.ts:163:7 › Analytics Dashboard Tests › should display performance metrics 
    [firefox] › tests\e2e\analytics.spec.ts:194:7 › Analytics Dashboard Tests › should display training data info 
    [firefox] › tests\e2e\analytics.spec.ts:225:7 › Analytics Dashboard Tests › should have date range selector 
    [firefox] › tests\e2e\analytics.spec.ts:257:7 › Analytics Dashboard Tests › should have export CSV button 
    [firefox] › tests\e2e\analytics.spec.ts:284:7 › Analytics Dashboard Tests › should have back button 
    [firefox] › tests\e2e\analytics.spec.ts:309:7 › Analytics Dashboard Tests › should change date range and reload data 
    [firefox] › tests\e2e\analytics.spec.ts:341:7 › Analytics Dashboard Tests › should display message activity chart when data exists 
    [firefox] › tests\e2e\api-keys.spec.ts:22:7 › API Keys Tests › should display API keys page ────
    [firefox] › tests\e2e\api-keys.spec.ts:41:7 › API Keys Tests › should display create API key button 
    [firefox] › tests\e2e\api-keys.spec.ts:53:7 › API Keys Tests › should display empty state when no keys exist 
    [firefox] › tests\e2e\api-keys.spec.ts:71:7 › API Keys Tests › should open create modal when clicking create button 
    [firefox] › tests\e2e\api-keys.spec.ts:88:7 › API Keys Tests › should close modal when clicking cancel 
    [firefox] › tests\e2e\api-keys.spec.ts:108:7 › API Keys Tests › should validate key name input ─
    [firefox] › tests\e2e\api-keys.spec.ts:125:7 › API Keys Tests › should create new API key ──────
    [firefox] › tests\e2e\api-keys.spec.ts:149:7 › API Keys Tests › should display newly created key only once 
    [firefox] › tests\e2e\api-keys.spec.ts:178:7 › API Keys Tests › should list existing API keys ──
    [firefox] › tests\e2e\api-keys.spec.ts:201:7 › API Keys Tests › should display API documentation section 
    [firefox] › tests\e2e\api-keys.spec.ts:214:7 › API Keys Tests › should have back button ────────
    [firefox] › tests\e2e\auth-login.spec.ts:45:7 › User Login › should display login form with all fields 
    [firefox] › tests\e2e\auth-login.spec.ts:75:7 › User Login › should show error for invalid email format 
    [firefox] › tests\e2e\auth-login.spec.ts:106:7 › User Login › should show error for incorrect password 
    [firefox] › tests\e2e\auth-login.spec.ts:145:7 › User Login › should persist session after page reload 
    [firefox] › tests\e2e\auth-login.spec.ts:207:7 › User Login › should allow navigation to registration page 
    [firefox] › tests\e2e\auth-login.spec.ts:227:7 › User Login › should toggle password visibility 
    [firefox] › tests\e2e\auth-login.spec.ts:275:7 › User Login › should be responsive on mobile viewport 
    [firefox] › tests\e2e\auth-password-reset.spec.ts:41:7 › Password Reset › should display password reset form 
    [firefox] › tests\e2e\auth-password-reset.spec.ts:70:7 › Password Reset › should show error for invalid email format 
    [firefox] › tests\e2e\auth-password-reset.spec.ts:104:7 › Password Reset › should handle non-existent email gracefully 
    [firefox] › tests\e2e\auth-password-reset.spec.ts:129:7 › Password Reset › should show loading state during submission 
    [firefox] › tests\e2e\auth-password-reset.spec.ts:162:7 › Password Reset › should be accessible via forgot password link from login 
    [firefox] › tests\e2e\auth-password-reset.spec.ts:201:7 › Password Reset › should clear form after successful submission 
    [firefox] › tests\e2e\auth-password-reset.spec.ts:238:7 › Password Reset › should have proper page metadata 
    [firefox] › tests\e2e\auth-registration.spec.ts:20:7 › User Registration › should display registration form with all fields 
    [firefox] › tests\e2e\auth-registration.spec.ts:38:7 › User Registration › should show validation errors for empty form 
    [firefox] › tests\e2e\auth-registration.spec.ts:49:7 › User Registration › should show error for invalid email format 
    [firefox] › tests\e2e\auth-registration.spec.ts:69:7 › User Registration › should show error for weak password 
    [firefox] › tests\e2e\auth-registration.spec.ts:89:7 › User Registration › should successfully register a new user 
    [firefox] › tests\e2e\auth-registration.spec.ts:119:7 › User Registration › should show error when registering with existing email 
    [firefox] › tests\e2e\auth-registration.spec.ts:156:7 › User Registration › should allow navigation to login page 
    [firefox] › tests\e2e\auth-registration.spec.ts:166:7 › User Registration › should toggle password visibility 
    [firefox] › tests\e2e\auth-registration.spec.ts:188:7 › User Registration › should have all industry options available 
    [firefox] › tests\e2e\auth-registration.spec.ts:200:7 › User Registration › should be responsive on mobile viewport 
    [firefox] › tests\e2e\branding.spec.ts:19:7 › Branding Settings › should navigate to branding settings page 
    [firefox] › tests\e2e\branding.spec.ts:31:7 › Branding Settings › should display all branding form sections 
    [firefox] › tests\e2e\branding.spec.ts:57:7 › Branding Settings › should update company name and see live preview 
    [firefox] › tests\e2e\branding.spec.ts:70:7 › Branding Settings › should update primary color and see live preview 
    [firefox] › tests\e2e\branding.spec.ts:86:7 › Branding Settings › should update secondary color and see live preview 
    [firefox] › tests\e2e\branding.spec.ts:102:7 › Branding Settings › should show DNS instructions modal 
    [firefox] › tests\e2e\branding.spec.ts:121:7 › Branding Settings › should validate company name is required 
    [firefox] › tests\e2e\branding.spec.ts:137:7 › Branding Settings › should display custom domain in preview 
    [firefox] › tests\e2e\branding.spec.ts:152:7 › Branding Settings › should show save button ─────
    [firefox] › tests\e2e\branding.spec.ts:162:7 › Branding Settings › should have upload buttons for logo and favicon 
    [firefox] › tests\e2e\branding.spec.ts:175:7 › Branding Settings › should show live preview section with sample elements 
    [firefox] › tests\e2e\chat.spec.ts:16:7 › Chat Interface › should display chat page with sidebar and empty state 
    [firefox] › tests\e2e\chat.spec.ts:31:7 › Chat Interface › should display existing chat messages 
    [firefox] › tests\e2e\chat.spec.ts:44:7 › Chat Interface › should send a message and receive response 
    [firefox] › tests\e2e\chat.spec.ts:70:7 › Chat Interface › should create a new chat session ────
    [firefox] › tests\e2e\chat.spec.ts:81:7 › Chat Interface › should switch between chat sessions ─
    [firefox] › tests\e2e\chat.spec.ts:92:7 › Chat Interface › should display copy button on AI messages 
    [firefox] › tests\e2e\chat.spec.ts:104:7 › Chat Interface › should display regenerate button on last AI message 
    [firefox] › tests\e2e\chat.spec.ts:112:7 › Chat Interface › should show typing indicator when sending message 
    [firefox] › tests\e2e\chat.spec.ts:129:7 › Chat Interface › should clear input field after sending message 
    [firefox] › tests\e2e\chat.spec.ts:148:7 › Chat Interface › should display export buttons on active session 
    [firefox] › tests\e2e\chat.spec.ts:157:7 › Chat Interface › should show chat header with model name 
    [firefox] › tests\e2e\chat.spec.ts:163:7 › Chat Interface › should handle Enter key to send message 
    [firefox] › tests\e2e\chat.spec.ts:176:7 › Chat Interface › should handle Shift+Enter for new line 
    [firefox] › tests\e2e\dashboard-protected.spec.ts:46:9 › Dashboard and Protected Routes › Unauthenticated Access › should redirect to login when accessing dashboard without auth 
    [firefox] › tests\e2e\dashboard-protected.spec.ts:101:9 › Dashboard and Protected Routes › Authenticated Dashboard Access › should display dashboard with user information 
    [firefox] › tests\e2e\dashboard-protected.spec.ts:145:9 › Dashboard and Protected Routes › Authenticated Dashboard Access › should display navigation menu 
    [firefox] › tests\e2e\dashboard-protected.spec.ts:171:9 › Dashboard and Protected Routes › Authenticated Dashboard Access › should show phase completion status 
    [firefox] › tests\e2e\dashboard-protected.spec.ts:204:9 › Dashboard and Protected Routes › Authenticated Dashboard Access › should handle browser refresh correctly 
    [firefox] › tests\e2e\dashboard-protected.spec.ts:243:9 › Dashboard and Protected Routes › Session Management › should maintain session in new tab 
    [firefox] › tests\e2e\dashboard.spec.ts:10:7 › Dashboard Tests › should login and verify dashboard layout 
    [firefox] › tests\e2e\dashboard.spec.ts:54:7 › Dashboard Tests › should navigate to models page 
    [firefox] › tests\e2e\dashboard.spec.ts:92:7 › Dashboard Tests › should have functional search bar in header 
    [firefox] › tests\e2e\dashboard.spec.ts:113:7 › Dashboard Tests › should create a new model successfully 
    [firefox] › tests\e2e\docs.spec.ts:27:7 › Documentation Site › should load documentation page ──
    [firefox] › tests\e2e\docs.spec.ts:41:7 › Documentation Site › should display search bar ───────
    [firefox] › tests\e2e\docs.spec.ts:48:7 › Documentation Site › should navigate between sections 
    [firefox] › tests\e2e\docs.spec.ts:67:7 › Documentation Site › should show Getting Started content by default 
    [firefox] › tests\e2e\docs.spec.ts:77:7 › Documentation Site › should display code blocks with copy button 
    [firefox] › tests\e2e\docs.spec.ts:93:7 › Documentation Site › should copy code to clipboard ───
    [firefox] › tests\e2e\docs.spec.ts:109:7 › Documentation Site › should search documentation ────
    [firefox] › tests\e2e\docs.spec.ts:121:7 › Documentation Site › should filter sections based on search 
    [firefox] › tests\e2e\docs.spec.ts:133:7 › Documentation Site › should show feedback buttons ───
    [firefox] › tests\e2e\docs.spec.ts:146:7 › Documentation Site › should submit helpful feedback ─
    [firefox] › tests\e2e\docs.spec.ts:161:7 › Documentation Site › should submit not helpful feedback 
    [firefox] › tests\e2e\docs.spec.ts:176:7 › Documentation Site › should navigate back to dashboard 
    [firefox] › tests\e2e\docs.spec.ts:187:7 › Documentation Site › should display all sections in sidebar 
    [firefox] › tests\e2e\docs.spec.ts:204:7 › Documentation Site › should highlight active section 
    [firefox] › tests\e2e\docs.spec.ts:222:7 › Documentation Site › should display FAQs content ────
    [firefox] › tests\e2e\docs.spec.ts:236:7 › Documentation Site › should display self-hosting content 
    [firefox] › tests\e2e\file-upload.spec.ts:55:7 › File Upload Tests › should navigate to training data page 
    [firefox] › tests\e2e\file-upload.spec.ts:71:7 › File Upload Tests › should display file upload interface 
    [firefox] › tests\e2e\file-upload.spec.ts:86:7 › File Upload Tests › should upload a text file ─
    [firefox] › tests\e2e\file-upload.spec.ts:133:7 › File Upload Tests › should show validation error for large file 
    [firefox] › tests\e2e\file-upload.spec.ts:165:7 › File Upload Tests › should display uploaded files in table 
    [firefox] › tests\e2e\file-upload.spec.ts:198:7 › File Upload Tests › should have functional model selector 
    [firefox] › tests\e2e\file-upload.spec.ts:220:7 › File Upload Tests › should show drag and drop zone with correct styling 
    [firefox] › tests\e2e\file-upload.spec.ts:239:7 › File Upload Tests › should allow file removal before upload 
    [firefox] › tests\e2e\file-upload.spec.ts:276:7 › File Upload Tests › should handle multiple file selection 
    [firefox] › tests\e2e\landing-page.spec.ts:4:7 › Landing Page › should load and display all main sections 
    [firefox] › tests\e2e\landing-page.spec.ts:23:7 › Landing Page › should display Features section with 3 key differentiators 
    [firefox] › tests\e2e\landing-page.spec.ts:38:7 › Landing Page › should display How It Works section with 3 steps 
    [firefox] › tests\e2e\landing-page.spec.ts:50:7 › Landing Page › should display Audience Tabs and allow switching 
    [firefox] › tests\e2e\landing-page.spec.ts:79:7 › Landing Page › should display and submit Waitlist Form 
    [firefox] › tests\e2e\landing-page.spec.ts:104:7 › Landing Page › should display Footer with all sections 
    [firefox] › tests\e2e\landing-page.spec.ts:123:7 › Landing Page › CTAs should navigate to correct pages 
    [firefox] › tests\e2e\landing-page.spec.ts:135:7 › Landing Page › should be responsive on mobile 
    [firefox] › tests\e2e\login-simple.spec.ts:11:7 › Simple Login Test › should register and login immediately 
    [firefox] › tests\e2e\notifications.spec.ts:22:7 › Notifications Settings Tests › should display notifications settings page 
    [firefox] › tests\e2e\notifications.spec.ts:41:7 › Notifications Settings Tests › should display all notification sections 
    [firefox] › tests\e2e\notifications.spec.ts:56:7 › Notifications Settings Tests › should display email notification toggles 
    [firefox] › tests\e2e\notifications.spec.ts:71:7 › Notifications Settings Tests › should display in-app notification toggles 
    [firefox] › tests\e2e\notifications.spec.ts:84:7 › Notifications Settings Tests › should display important alerts section 
    [firefox] › tests\e2e\notifications.spec.ts:97:7 › Notifications Settings Tests › should toggle email notifications master switch 
    [firefox] › tests\e2e\notifications.spec.ts:124:7 › Notifications Settings Tests › should toggle in-app notifications master switch 
    [firefox] › tests\e2e\notifications.spec.ts:151:7 › Notifications Settings Tests › should toggle usage limit warnings 
    [firefox] › tests\e2e\notifications.spec.ts:178:7 › Notifications Settings Tests › should have save button 
    [firefox] › tests\e2e\notifications.spec.ts:190:7 › Notifications Settings Tests › should save notification settings 
    [firefox] › tests\e2e\notifications.spec.ts:213:7 › Notifications Settings Tests › should have back button 
    [firefox] › tests\e2e\onboarding.spec.ts:24:7 › Onboarding Flow › should display onboarding modal for first-time users 
    [firefox] › tests\e2e\onboarding.spec.ts:36:7 › Onboarding Flow › should show correct content for step 1 
    [firefox] › tests\e2e\onboarding.spec.ts:49:7 › Onboarding Flow › should navigate to next step ─
    [firefox] › tests\e2e\onboarding.spec.ts:64:7 › Onboarding Flow › should navigate to previous step 
    [firefox] › tests\e2e\onboarding.spec.ts:83:7 › Onboarding Flow › should disable previous button on first step 
    [firefox] › tests\e2e\onboarding.spec.ts:93:7 › Onboarding Flow › should show progress bar ─────
    [firefox] › tests\e2e\onboarding.spec.ts:110:7 › Onboarding Flow › should show step indicators ─
    [firefox] › tests\e2e\onboarding.spec.ts:120:7 › Onboarding Flow › should allow clicking on step indicators 
    [firefox] › tests\e2e\onboarding.spec.ts:134:7 › Onboarding Flow › should navigate through all steps 
    [firefox] › tests\e2e\onboarding.spec.ts:163:7 › Onboarding Flow › should show complete button on last step 
    [firefox] › tests\e2e\onboarding.spec.ts:176:7 › Onboarding Flow › should close modal on skip ──
    [firefox] › tests\e2e\onboarding.spec.ts:189:7 › Onboarding Flow › should close modal on X button click 
    [firefox] › tests\e2e\onboarding.spec.ts:202:7 › Onboarding Flow › should complete onboarding and close modal 
    [firefox] › tests\e2e\onboarding.spec.ts:219:7 › Onboarding Flow › should not show onboarding on subsequent visits 
    [firefox] › tests\e2e\onboarding.spec.ts:240:7 › Onboarding Flow › should display all 5 steps with correct titles 
    [firefox] › tests\e2e\onboarding.spec.ts:261:7 › Onboarding Flow › should show tips for each step 
    [firefox] › tests\e2e\rag-file-upload.spec.ts:30:7 › RAG File Upload and Chat › should upload a text file and process it for RAG 
    [firefox] › tests\e2e\rag-file-upload.spec.ts:124:7 › RAG File Upload and Chat › should chat with model using RAG context from uploaded file 
    [firefox] › tests\e2e\rag-file-upload.spec.ts:189:7 › RAG File Upload and Chat › complete RAG flow: upload → process → chat 
    [firefox] › tests\e2e\settings.spec.ts:22:7 › Settings Tests › should display settings page with all options 
    [firefox] › tests\e2e\settings.spec.ts:41:7 › Settings Tests › should navigate to profile settings 
    [firefox] › tests\e2e\settings.spec.ts:60:7 › Settings Tests › should display profile form with user data 
    [firefox] › tests\e2e\settings.spec.ts:79:7 › Settings Tests › should update profile name ──────
    [firefox] › tests\e2e\settings.spec.ts:102:7 › Settings Tests › should update profile niche ────
    [firefox] › tests\e2e\settings.spec.ts:124:7 › Settings Tests › should validate password change form 
    [firefox] › tests\e2e\settings.spec.ts:145:7 › Settings Tests › should show error for mismatched passwords 
    [firefox] › tests\e2e\settings.spec.ts:165:7 › Settings Tests › should show error for short password 
    [firefox] › tests\e2e\settings.spec.ts:185:7 › Settings Tests › should display account actions section 
    [firefox] › tests\e2e\settings.spec.ts:200:7 › Settings Tests › should have back button on profile settings 
    [firefox] › tests\e2e\xray-login.spec.ts:8:7 › Xray Login Test › should login using xray route with dsaq 
    [firefox] › tests\e2e\xray-login.spec.ts:23:7 › Xray Login Test › should login and access dashboard 
    [firefox] › tests\e2e\xray-login.spec.ts:54:7 › Xray Login Test › should show user not found for invalid username 
    [firefox] › tests\e2e\xray-login.spec.ts:65:7 › Xray Login Test › should work with different test users 
    [webkit] › tests\e2e\analytics.spec.ts:71:7 › Analytics Dashboard Tests › should display analytics dashboard 
    [webkit] › tests\e2e\analytics.spec.ts:105:7 › Analytics Dashboard Tests › should display analytics stats cards 
    [webkit] › tests\e2e\analytics.spec.ts:135:7 › Analytics Dashboard Tests › should display usage overview section 
    [webkit] › tests\e2e\analytics.spec.ts:163:7 › Analytics Dashboard Tests › should display performance metrics 
    [webkit] › tests\e2e\analytics.spec.ts:194:7 › Analytics Dashboard Tests › should display training data info 
    [webkit] › tests\e2e\analytics.spec.ts:225:7 › Analytics Dashboard Tests › should have date range selector 
    [webkit] › tests\e2e\analytics.spec.ts:257:7 › Analytics Dashboard Tests › should have export CSV button 
    [webkit] › tests\e2e\analytics.spec.ts:284:7 › Analytics Dashboard Tests › should have back button 
    [webkit] › tests\e2e\analytics.spec.ts:309:7 › Analytics Dashboard Tests › should change date range and reload data 
    [webkit] › tests\e2e\analytics.spec.ts:341:7 › Analytics Dashboard Tests › should display message activity chart when data exists 
    [webkit] › tests\e2e\api-keys.spec.ts:22:7 › API Keys Tests › should display API keys page ─────
    [webkit] › tests\e2e\api-keys.spec.ts:41:7 › API Keys Tests › should display create API key button 
    [webkit] › tests\e2e\api-keys.spec.ts:53:7 › API Keys Tests › should display empty state when no keys exist 
    [webkit] › tests\e2e\api-keys.spec.ts:71:7 › API Keys Tests › should open create modal when clicking create button 
    [webkit] › tests\e2e\api-keys.spec.ts:88:7 › API Keys Tests › should close modal when clicking cancel 
    [webkit] › tests\e2e\api-keys.spec.ts:108:7 › API Keys Tests › should validate key name input ──
    [webkit] › tests\e2e\api-keys.spec.ts:125:7 › API Keys Tests › should create new API key ───────
    [webkit] › tests\e2e\api-keys.spec.ts:149:7 › API Keys Tests › should display newly created key only once 
    [webkit] › tests\e2e\api-keys.spec.ts:178:7 › API Keys Tests › should list existing API keys ───
    [webkit] › tests\e2e\api-keys.spec.ts:201:7 › API Keys Tests › should display API documentation section 
    [webkit] › tests\e2e\api-keys.spec.ts:214:7 › API Keys Tests › should have back button ─────────
    [webkit] › tests\e2e\auth-login.spec.ts:45:7 › User Login › should display login form with all fields 
    [webkit] › tests\e2e\auth-login.spec.ts:75:7 › User Login › should show error for invalid email format 
    [webkit] › tests\e2e\auth-login.spec.ts:106:7 › User Login › should show error for incorrect password 
    [webkit] › tests\e2e\auth-login.spec.ts:145:7 › User Login › should persist session after page reload 
    [webkit] › tests\e2e\auth-login.spec.ts:207:7 › User Login › should allow navigation to registration page 
    [webkit] › tests\e2e\auth-login.spec.ts:227:7 › User Login › should toggle password visibility ─
    [webkit] › tests\e2e\auth-login.spec.ts:275:7 › User Login › should be responsive on mobile viewport 
    [webkit] › tests\e2e\auth-password-reset.spec.ts:41:7 › Password Reset › should display password reset form 
    [webkit] › tests\e2e\auth-password-reset.spec.ts:70:7 › Password Reset › should show error for invalid email format 
    [webkit] › tests\e2e\auth-password-reset.spec.ts:104:7 › Password Reset › should handle non-existent email gracefully 
    [webkit] › tests\e2e\auth-password-reset.spec.ts:129:7 › Password Reset › should show loading state during submission 
    [webkit] › tests\e2e\auth-password-reset.spec.ts:162:7 › Password Reset › should be accessible via forgot password link from login 
    [webkit] › tests\e2e\auth-password-reset.spec.ts:201:7 › Password Reset › should clear form after successful submission 
    [webkit] › tests\e2e\auth-password-reset.spec.ts:238:7 › Password Reset › should have proper page metadata 
    [webkit] › tests\e2e\auth-registration.spec.ts:20:7 › User Registration › should display registration form with all fields 
    [webkit] › tests\e2e\auth-registration.spec.ts:38:7 › User Registration › should show validation errors for empty form 
    [webkit] › tests\e2e\auth-registration.spec.ts:49:7 › User Registration › should show error for invalid email format 
    [webkit] › tests\e2e\auth-registration.spec.ts:69:7 › User Registration › should show error for weak password 
    [webkit] › tests\e2e\auth-registration.spec.ts:89:7 › User Registration › should successfully register a new user 
    [webkit] › tests\e2e\auth-registration.spec.ts:119:7 › User Registration › should show error when registering with existing email 
    [webkit] › tests\e2e\auth-registration.spec.ts:156:7 › User Registration › should allow navigation to login page 
    [webkit] › tests\e2e\auth-registration.spec.ts:166:7 › User Registration › should toggle password visibility 
    [webkit] › tests\e2e\auth-registration.spec.ts:188:7 › User Registration › should have all industry options available 
    [webkit] › tests\e2e\auth-registration.spec.ts:200:7 › User Registration › should be responsive on mobile viewport 
    [webkit] › tests\e2e\branding.spec.ts:19:7 › Branding Settings › should navigate to branding settings page 
    [webkit] › tests\e2e\branding.spec.ts:31:7 › Branding Settings › should display all branding form sections 
    [webkit] › tests\e2e\branding.spec.ts:57:7 › Branding Settings › should update company name and see live preview 
    [webkit] › tests\e2e\branding.spec.ts:70:7 › Branding Settings › should update primary color and see live preview 
    [webkit] › tests\e2e\branding.spec.ts:86:7 › Branding Settings › should update secondary color and see live preview 
    [webkit] › tests\e2e\branding.spec.ts:102:7 › Branding Settings › should show DNS instructions modal 
    [webkit] › tests\e2e\branding.spec.ts:121:7 › Branding Settings › should validate company name is required 
    [webkit] › tests\e2e\branding.spec.ts:137:7 › Branding Settings › should display custom domain in preview 
    [webkit] › tests\e2e\branding.spec.ts:152:7 › Branding Settings › should show save button ──────
    [webkit] › tests\e2e\branding.spec.ts:162:7 › Branding Settings › should have upload buttons for logo and favicon 
    [webkit] › tests\e2e\branding.spec.ts:175:7 › Branding Settings › should show live preview section with sample elements 
    [webkit] › tests\e2e\chat.spec.ts:16:7 › Chat Interface › should display chat page with sidebar and empty state 
    [webkit] › tests\e2e\chat.spec.ts:31:7 › Chat Interface › should display existing chat messages 
    [webkit] › tests\e2e\chat.spec.ts:44:7 › Chat Interface › should send a message and receive response 
    [webkit] › tests\e2e\chat.spec.ts:70:7 › Chat Interface › should create a new chat session ─────
    [webkit] › tests\e2e\chat.spec.ts:81:7 › Chat Interface › should switch between chat sessions ──
    [webkit] › tests\e2e\chat.spec.ts:92:7 › Chat Interface › should display copy button on AI messages 
    [webkit] › tests\e2e\chat.spec.ts:104:7 › Chat Interface › should display regenerate button on last AI message 
    [webkit] › tests\e2e\chat.spec.ts:112:7 › Chat Interface › should show typing indicator when sending message 
    [webkit] › tests\e2e\chat.spec.ts:129:7 › Chat Interface › should clear input field after sending message 
    [webkit] › tests\e2e\chat.spec.ts:148:7 › Chat Interface › should display export buttons on active session 
    [webkit] › tests\e2e\chat.spec.ts:157:7 › Chat Interface › should show chat header with model name 
    [webkit] › tests\e2e\chat.spec.ts:163:7 › Chat Interface › should handle Enter key to send message 
    [webkit] › tests\e2e\chat.spec.ts:176:7 › Chat Interface › should handle Shift+Enter for new line 
    [webkit] › tests\e2e\dashboard-protected.spec.ts:46:9 › Dashboard and Protected Routes › Unauthenticated Access › should redirect to login when accessing dashboard without auth 
    [webkit] › tests\e2e\dashboard-protected.spec.ts:101:9 › Dashboard and Protected Routes › Authenticated Dashboard Access › should display dashboard with user information 
    [webkit] › tests\e2e\dashboard-protected.spec.ts:145:9 › Dashboard and Protected Routes › Authenticated Dashboard Access › should display navigation menu 
    [webkit] › tests\e2e\dashboard-protected.spec.ts:171:9 › Dashboard and Protected Routes › Authenticated Dashboard Access › should show phase completion status 
    [webkit] › tests\e2e\dashboard-protected.spec.ts:204:9 › Dashboard and Protected Routes › Authenticated Dashboard Access › should handle browser refresh correctly 
    [webkit] › tests\e2e\dashboard-protected.spec.ts:243:9 › Dashboard and Protected Routes › Session Management › should maintain session in new tab 
    [webkit] › tests\e2e\dashboard.spec.ts:10:7 › Dashboard Tests › should login and verify dashboard layout 
    [webkit] › tests\e2e\dashboard.spec.ts:54:7 › Dashboard Tests › should navigate to models page ─
    [webkit] › tests\e2e\dashboard.spec.ts:92:7 › Dashboard Tests › should have functional search bar in header 
    [webkit] › tests\e2e\dashboard.spec.ts:113:7 › Dashboard Tests › should create a new model successfully 
    [webkit] › tests\e2e\docs.spec.ts:27:7 › Documentation Site › should load documentation page ───
    [webkit] › tests\e2e\docs.spec.ts:41:7 › Documentation Site › should display search bar ────────
    [webkit] › tests\e2e\docs.spec.ts:48:7 › Documentation Site › should navigate between sections ─
    [webkit] › tests\e2e\docs.spec.ts:67:7 › Documentation Site › should show Getting Started content by default 
    [webkit] › tests\e2e\docs.spec.ts:77:7 › Documentation Site › should display code blocks with copy button 
    [webkit] › tests\e2e\docs.spec.ts:93:7 › Documentation Site › should copy code to clipboard ────
    [webkit] › tests\e2e\docs.spec.ts:109:7 › Documentation Site › should search documentation ─────
    [webkit] › tests\e2e\docs.spec.ts:121:7 › Documentation Site › should filter sections based on search 
    [webkit] › tests\e2e\docs.spec.ts:133:7 › Documentation Site › should show feedback buttons ────
    [webkit] › tests\e2e\docs.spec.ts:146:7 › Documentation Site › should submit helpful feedback ──
    [webkit] › tests\e2e\docs.spec.ts:161:7 › Documentation Site › should submit not helpful feedback 
    [webkit] › tests\e2e\docs.spec.ts:176:7 › Documentation Site › should navigate back to dashboard 
    [webkit] › tests\e2e\docs.spec.ts:187:7 › Documentation Site › should display all sections in sidebar 
    [webkit] › tests\e2e\docs.spec.ts:204:7 › Documentation Site › should highlight active section ─
    [webkit] › tests\e2e\docs.spec.ts:222:7 › Documentation Site › should display FAQs content ─────
    [webkit] › tests\e2e\docs.spec.ts:236:7 › Documentation Site › should display self-hosting content 
    [webkit] › tests\e2e\file-upload.spec.ts:55:7 › File Upload Tests › should navigate to training data page 
    [webkit] › tests\e2e\file-upload.spec.ts:71:7 › File Upload Tests › should display file upload interface 
    [webkit] › tests\e2e\file-upload.spec.ts:86:7 › File Upload Tests › should upload a text file ──
    [webkit] › tests\e2e\file-upload.spec.ts:133:7 › File Upload Tests › should show validation error for large file 
    [webkit] › tests\e2e\file-upload.spec.ts:165:7 › File Upload Tests › should display uploaded files in table 
    [webkit] › tests\e2e\file-upload.spec.ts:198:7 › File Upload Tests › should have functional model selector 
    [webkit] › tests\e2e\file-upload.spec.ts:220:7 › File Upload Tests › should show drag and drop zone with correct styling 
    [webkit] › tests\e2e\file-upload.spec.ts:239:7 › File Upload Tests › should allow file removal before upload 
    [webkit] › tests\e2e\file-upload.spec.ts:276:7 › File Upload Tests › should handle multiple file selection 
    [webkit] › tests\e2e\landing-page.spec.ts:4:7 › Landing Page › should load and display all main sections 
    [webkit] › tests\e2e\landing-page.spec.ts:23:7 › Landing Page › should display Features section with 3 key differentiators 
    [webkit] › tests\e2e\landing-page.spec.ts:38:7 › Landing Page › should display How It Works section with 3 steps 
    [webkit] › tests\e2e\landing-page.spec.ts:50:7 › Landing Page › should display Audience Tabs and allow switching 
    [webkit] › tests\e2e\landing-page.spec.ts:79:7 › Landing Page › should display and submit Waitlist Form 
    [webkit] › tests\e2e\landing-page.spec.ts:104:7 › Landing Page › should display Footer with all sections 
    [webkit] › tests\e2e\landing-page.spec.ts:123:7 › Landing Page › CTAs should navigate to correct pages 
    [webkit] › tests\e2e\landing-page.spec.ts:135:7 › Landing Page › should be responsive on mobile 
    [webkit] › tests\e2e\login-simple.spec.ts:11:7 › Simple Login Test › should register and login immediately 
    [webkit] › tests\e2e\notifications.spec.ts:22:7 › Notifications Settings Tests › should display notifications settings page 
    [webkit] › tests\e2e\notifications.spec.ts:41:7 › Notifications Settings Tests › should display all notification sections 
    [webkit] › tests\e2e\notifications.spec.ts:56:7 › Notifications Settings Tests › should display email notification toggles 
    [webkit] › tests\e2e\notifications.spec.ts:71:7 › Notifications Settings Tests › should display in-app notification toggles 
    [webkit] › tests\e2e\notifications.spec.ts:84:7 › Notifications Settings Tests › should display important alerts section 
    [webkit] › tests\e2e\notifications.spec.ts:97:7 › Notifications Settings Tests › should toggle email notifications master switch 
    [webkit] › tests\e2e\notifications.spec.ts:124:7 › Notifications Settings Tests › should toggle in-app notifications master switch 
    [webkit] › tests\e2e\notifications.spec.ts:151:7 › Notifications Settings Tests › should toggle usage limit warnings 
    [webkit] › tests\e2e\notifications.spec.ts:178:7 › Notifications Settings Tests › should have save button 
    [webkit] › tests\e2e\notifications.spec.ts:190:7 › Notifications Settings Tests › should save notification settings 
    [webkit] › tests\e2e\notifications.spec.ts:213:7 › Notifications Settings Tests › should have back button 
    [webkit] › tests\e2e\onboarding.spec.ts:24:7 › Onboarding Flow › should display onboarding modal for first-time users 
    [webkit] › tests\e2e\onboarding.spec.ts:36:7 › Onboarding Flow › should show correct content for step 1 
    [webkit] › tests\e2e\onboarding.spec.ts:49:7 › Onboarding Flow › should navigate to next step ──
    [webkit] › tests\e2e\onboarding.spec.ts:64:7 › Onboarding Flow › should navigate to previous step 
    [webkit] › tests\e2e\onboarding.spec.ts:83:7 › Onboarding Flow › should disable previous button on first step 
    [webkit] › tests\e2e\onboarding.spec.ts:93:7 › Onboarding Flow › should show progress bar ──────
    [webkit] › tests\e2e\onboarding.spec.ts:110:7 › Onboarding Flow › should show step indicators ──
    [webkit] › tests\e2e\onboarding.spec.ts:120:7 › Onboarding Flow › should allow clicking on step indicators 
    [webkit] › tests\e2e\onboarding.spec.ts:134:7 › Onboarding Flow › should navigate through all steps 
    [webkit] › tests\e2e\onboarding.spec.ts:163:7 › Onboarding Flow › should show complete button on last step 
    [webkit] › tests\e2e\onboarding.spec.ts:176:7 › Onboarding Flow › should close modal on skip ───
    [webkit] › tests\e2e\onboarding.spec.ts:189:7 › Onboarding Flow › should close modal on X button click 
    [webkit] › tests\e2e\onboarding.spec.ts:202:7 › Onboarding Flow › should complete onboarding and close modal 
    [webkit] › tests\e2e\onboarding.spec.ts:219:7 › Onboarding Flow › should not show onboarding on subsequent visits 
    [webkit] › tests\e2e\onboarding.spec.ts:240:7 › Onboarding Flow › should display all 5 steps with correct titles 
    [webkit] › tests\e2e\onboarding.spec.ts:261:7 › Onboarding Flow › should show tips for each step 
    [webkit] › tests\e2e\rag-file-upload.spec.ts:30:7 › RAG File Upload and Chat › should upload a text file and process it for RAG 
    [webkit] › tests\e2e\rag-file-upload.spec.ts:124:7 › RAG File Upload and Chat › should chat with model using RAG context from uploaded file 
    [webkit] › tests\e2e\rag-file-upload.spec.ts:189:7 › RAG File Upload and Chat › complete RAG flow: upload → process → chat 
    [webkit] › tests\e2e\settings.spec.ts:22:7 › Settings Tests › should display settings page with all options 
    [webkit] › tests\e2e\settings.spec.ts:41:7 › Settings Tests › should navigate to profile settings 
    [webkit] › tests\e2e\settings.spec.ts:60:7 › Settings Tests › should display profile form with user data 
    [webkit] › tests\e2e\settings.spec.ts:79:7 › Settings Tests › should update profile name ───────
    [webkit] › tests\e2e\settings.spec.ts:102:7 › Settings Tests › should update profile niche ─────
    [webkit] › tests\e2e\settings.spec.ts:124:7 › Settings Tests › should validate password change form 
    [webkit] › tests\e2e\settings.spec.ts:145:7 › Settings Tests › should show error for mismatched passwords 
    [webkit] › tests\e2e\settings.spec.ts:165:7 › Settings Tests › should show error for short password 
    [webkit] › tests\e2e\settings.spec.ts:185:7 › Settings Tests › should display account actions section 
    [webkit] › tests\e2e\settings.spec.ts:200:7 › Settings Tests › should have back button on profile settings 
    [webkit] › tests\e2e\xray-login.spec.ts:8:7 › Xray Login Test › should login using xray route with dsaq 
    [webkit] › tests\e2e\xray-login.spec.ts:23:7 › Xray Login Test › should login and access dashboard 
    [webkit] › tests\e2e\xray-login.spec.ts:54:7 › Xray Login Test › should show user not found for invalid username 
    [webkit] › tests\e2e\xray-login.spec.ts:65:7 › Xray Login Test › should work with different test users 
    [Mobile Chrome] › tests\e2e\analytics.spec.ts:71:7 › Analytics Dashboard Tests › should display analytics dashboard 
    [Mobile Chrome] › tests\e2e\analytics.spec.ts:105:7 › Analytics Dashboard Tests › should display analytics stats cards 
    [Mobile Chrome] › tests\e2e\analytics.spec.ts:135:7 › Analytics Dashboard Tests › should display usage overview section 
    [Mobile Chrome] › tests\e2e\analytics.spec.ts:163:7 › Analytics Dashboard Tests › should display performance metrics 
    [Mobile Chrome] › tests\e2e\analytics.spec.ts:194:7 › Analytics Dashboard Tests › should display training data info 
    [Mobile Chrome] › tests\e2e\analytics.spec.ts:225:7 › Analytics Dashboard Tests › should have date range selector 
    [Mobile Chrome] › tests\e2e\analytics.spec.ts:257:7 › Analytics Dashboard Tests › should have export CSV button 
    [Mobile Chrome] › tests\e2e\analytics.spec.ts:284:7 › Analytics Dashboard Tests › should have back button 
    [Mobile Chrome] › tests\e2e\analytics.spec.ts:309:7 › Analytics Dashboard Tests › should change date range and reload data 
    [Mobile Chrome] › tests\e2e\analytics.spec.ts:341:7 › Analytics Dashboard Tests › should display message activity chart when data exists 
    [Mobile Chrome] › tests\e2e\api-keys.spec.ts:22:7 › API Keys Tests › should display API keys page 
    [Mobile Chrome] › tests\e2e\api-keys.spec.ts:41:7 › API Keys Tests › should display create API key button 
    [Mobile Chrome] › tests\e2e\api-keys.spec.ts:53:7 › API Keys Tests › should display empty state when no keys exist 
    [Mobile Chrome] › tests\e2e\api-keys.spec.ts:71:7 › API Keys Tests › should open create modal when clicking create button 
    [Mobile Chrome] › tests\e2e\api-keys.spec.ts:88:7 › API Keys Tests › should close modal when clicking cancel 
    [Mobile Chrome] › tests\e2e\api-keys.spec.ts:108:7 › API Keys Tests › should validate key name input 
    [Mobile Chrome] › tests\e2e\api-keys.spec.ts:125:7 › API Keys Tests › should create new API key 
    [Mobile Chrome] › tests\e2e\api-keys.spec.ts:149:7 › API Keys Tests › should display newly created key only once 
    [Mobile Chrome] › tests\e2e\api-keys.spec.ts:178:7 › API Keys Tests › should list existing API keys 
    [Mobile Chrome] › tests\e2e\api-keys.spec.ts:201:7 › API Keys Tests › should display API documentation section 
    [Mobile Chrome] › tests\e2e\api-keys.spec.ts:214:7 › API Keys Tests › should have back button ──
    [Mobile Chrome] › tests\e2e\auth-login.spec.ts:45:7 › User Login › should display login form with all fields 
    [Mobile Chrome] › tests\e2e\auth-login.spec.ts:75:7 › User Login › should show error for invalid email format 
    [Mobile Chrome] › tests\e2e\auth-login.spec.ts:106:7 › User Login › should show error for incorrect password 
    [Mobile Chrome] › tests\e2e\auth-login.spec.ts:145:7 › User Login › should persist session after page reload 
    [Mobile Chrome] › tests\e2e\auth-login.spec.ts:207:7 › User Login › should allow navigation to registration page 
    [Mobile Chrome] › tests\e2e\auth-login.spec.ts:227:7 › User Login › should toggle password visibility 
    [Mobile Chrome] › tests\e2e\auth-login.spec.ts:275:7 › User Login › should be responsive on mobile viewport 
    [Mobile Chrome] › tests\e2e\auth-password-reset.spec.ts:41:7 › Password Reset › should display password reset form 
    [Mobile Chrome] › tests\e2e\auth-password-reset.spec.ts:70:7 › Password Reset › should show error for invalid email format 
    [Mobile Chrome] › tests\e2e\auth-password-reset.spec.ts:104:7 › Password Reset › should handle non-existent email gracefully 
    [Mobile Chrome] › tests\e2e\auth-password-reset.spec.ts:129:7 › Password Reset › should show loading state during submission 
    [Mobile Chrome] › tests\e2e\auth-password-reset.spec.ts:162:7 › Password Reset › should be accessible via forgot password link from login 
    [Mobile Chrome] › tests\e2e\auth-password-reset.spec.ts:201:7 › Password Reset › should clear form after successful submission 
    [Mobile Chrome] › tests\e2e\auth-password-reset.spec.ts:238:7 › Password Reset › should have proper page metadata 
    [Mobile Chrome] › tests\e2e\auth-registration.spec.ts:20:7 › User Registration › should display registration form with all fields 
    [Mobile Chrome] › tests\e2e\auth-registration.spec.ts:38:7 › User Registration › should show validation errors for empty form 
    [Mobile Chrome] › tests\e2e\auth-registration.spec.ts:49:7 › User Registration › should show error for invalid email format 
    [Mobile Chrome] › tests\e2e\auth-registration.spec.ts:69:7 › User Registration › should show error for weak password 
    [Mobile Chrome] › tests\e2e\auth-registration.spec.ts:89:7 › User Registration › should successfully register a new user 
    [Mobile Chrome] › tests\e2e\auth-registration.spec.ts:119:7 › User Registration › should show error when registering with existing email 
    [Mobile Chrome] › tests\e2e\auth-registration.spec.ts:156:7 › User Registration › should allow navigation to login page 
    [Mobile Chrome] › tests\e2e\auth-registration.spec.ts:166:7 › User Registration › should toggle password visibility 
    [Mobile Chrome] › tests\e2e\auth-registration.spec.ts:188:7 › User Registration › should have all industry options available 
    [Mobile Chrome] › tests\e2e\auth-registration.spec.ts:200:7 › User Registration › should be responsive on mobile viewport 
    [Mobile Chrome] › tests\e2e\branding.spec.ts:19:7 › Branding Settings › should navigate to branding settings page 
    [Mobile Chrome] › tests\e2e\branding.spec.ts:31:7 › Branding Settings › should display all branding form sections 
    [Mobile Chrome] › tests\e2e\branding.spec.ts:57:7 › Branding Settings › should update company name and see live preview 
    [Mobile Chrome] › tests\e2e\branding.spec.ts:70:7 › Branding Settings › should update primary color and see live preview 
    [Mobile Chrome] › tests\e2e\branding.spec.ts:86:7 › Branding Settings › should update secondary color and see live preview 
    [Mobile Chrome] › tests\e2e\branding.spec.ts:102:7 › Branding Settings › should show DNS instructions modal 
    [Mobile Chrome] › tests\e2e\branding.spec.ts:121:7 › Branding Settings › should validate company name is required 
    [Mobile Chrome] › tests\e2e\branding.spec.ts:137:7 › Branding Settings › should display custom domain in preview 
    [Mobile Chrome] › tests\e2e\branding.spec.ts:152:7 › Branding Settings › should show save button 
    [Mobile Chrome] › tests\e2e\branding.spec.ts:162:7 › Branding Settings › should have upload buttons for logo and favicon 
    [Mobile Chrome] › tests\e2e\branding.spec.ts:175:7 › Branding Settings › should show live preview section with sample elements 
    [Mobile Chrome] › tests\e2e\chat.spec.ts:16:7 › Chat Interface › should display chat page with sidebar and empty state 
    [Mobile Chrome] › tests\e2e\chat.spec.ts:31:7 › Chat Interface › should display existing chat messages 
    [Mobile Chrome] › tests\e2e\chat.spec.ts:44:7 › Chat Interface › should send a message and receive response 
    [Mobile Chrome] › tests\e2e\chat.spec.ts:70:7 › Chat Interface › should create a new chat session 
    [Mobile Chrome] › tests\e2e\chat.spec.ts:81:7 › Chat Interface › should switch between chat sessions 
    [Mobile Chrome] › tests\e2e\chat.spec.ts:92:7 › Chat Interface › should display copy button on AI messages 
    [Mobile Chrome] › tests\e2e\chat.spec.ts:104:7 › Chat Interface › should display regenerate button on last AI message 
    [Mobile Chrome] › tests\e2e\chat.spec.ts:112:7 › Chat Interface › should show typing indicator when sending message 
    [Mobile Chrome] › tests\e2e\chat.spec.ts:129:7 › Chat Interface › should clear input field after sending message 
    [Mobile Chrome] › tests\e2e\chat.spec.ts:148:7 › Chat Interface › should display export buttons on active session 
    [Mobile Chrome] › tests\e2e\chat.spec.ts:157:7 › Chat Interface › should show chat header with model name 
    [Mobile Chrome] › tests\e2e\chat.spec.ts:163:7 › Chat Interface › should handle Enter key to send message 
    [Mobile Chrome] › tests\e2e\chat.spec.ts:176:7 › Chat Interface › should handle Shift+Enter for new line 
    [Mobile Chrome] › tests\e2e\dashboard-protected.spec.ts:46:9 › Dashboard and Protected Routes › Unauthenticated Access › should redirect to login when accessing dashboard without auth 
    [Mobile Chrome] › tests\e2e\dashboard-protected.spec.ts:101:9 › Dashboard and Protected Routes › Authenticated Dashboard Access › should display dashboard with user information 
    [Mobile Chrome] › tests\e2e\dashboard-protected.spec.ts:145:9 › Dashboard and Protected Routes › Authenticated Dashboard Access › should display navigation menu 
    [Mobile Chrome] › tests\e2e\dashboard-protected.spec.ts:171:9 › Dashboard and Protected Routes › Authenticated Dashboard Access › should show phase completion status 
    [Mobile Chrome] › tests\e2e\dashboard-protected.spec.ts:204:9 › Dashboard and Protected Routes › Authenticated Dashboard Access › should handle browser refresh correctly 
    [Mobile Chrome] › tests\e2e\dashboard-protected.spec.ts:243:9 › Dashboard and Protected Routes › Session Management › should maintain session in new tab 
    [Mobile Chrome] › tests\e2e\dashboard.spec.ts:10:7 › Dashboard Tests › should login and verify dashboard layout 
    [Mobile Chrome] › tests\e2e\dashboard.spec.ts:54:7 › Dashboard Tests › should navigate to models page 
    [Mobile Chrome] › tests\e2e\dashboard.spec.ts:92:7 › Dashboard Tests › should have functional search bar in header 
    [Mobile Chrome] › tests\e2e\dashboard.spec.ts:113:7 › Dashboard Tests › should create a new model successfully 
    [Mobile Chrome] › tests\e2e\docs.spec.ts:27:7 › Documentation Site › should load documentation page 
    [Mobile Chrome] › tests\e2e\docs.spec.ts:41:7 › Documentation Site › should display search bar ─
    [Mobile Chrome] › tests\e2e\docs.spec.ts:48:7 › Documentation Site › should navigate between sections 
    [Mobile Chrome] › tests\e2e\docs.spec.ts:67:7 › Documentation Site › should show Getting Started content by default 
    [Mobile Chrome] › tests\e2e\docs.spec.ts:77:7 › Documentation Site › should display code blocks with copy button 
    [Mobile Chrome] › tests\e2e\docs.spec.ts:93:7 › Documentation Site › should copy code to clipboard 
    [Mobile Chrome] › tests\e2e\docs.spec.ts:109:7 › Documentation Site › should search documentation 
    [Mobile Chrome] › tests\e2e\docs.spec.ts:121:7 › Documentation Site › should filter sections based on search 
    [Mobile Chrome] › tests\e2e\docs.spec.ts:133:7 › Documentation Site › should show feedback buttons 
    [Mobile Chrome] › tests\e2e\docs.spec.ts:146:7 › Documentation Site › should submit helpful feedback 
    [Mobile Chrome] › tests\e2e\docs.spec.ts:161:7 › Documentation Site › should submit not helpful feedback 
    [Mobile Chrome] › tests\e2e\docs.spec.ts:176:7 › Documentation Site › should navigate back to dashboard 
    [Mobile Chrome] › tests\e2e\docs.spec.ts:187:7 › Documentation Site › should display all sections in sidebar 
    [Mobile Chrome] › tests\e2e\docs.spec.ts:204:7 › Documentation Site › should highlight active section 
    [Mobile Chrome] › tests\e2e\docs.spec.ts:222:7 › Documentation Site › should display FAQs content 
    [Mobile Chrome] › tests\e2e\docs.spec.ts:236:7 › Documentation Site › should display self-hosting content 
    [Mobile Chrome] › tests\e2e\file-upload.spec.ts:55:7 › File Upload Tests › should navigate to training data page 
    [Mobile Chrome] › tests\e2e\file-upload.spec.ts:71:7 › File Upload Tests › should display file upload interface 
    [Mobile Chrome] › tests\e2e\file-upload.spec.ts:86:7 › File Upload Tests › should upload a text file 
    [Mobile Chrome] › tests\e2e\file-upload.spec.ts:133:7 › File Upload Tests › should show validation error for large file 
    [Mobile Chrome] › tests\e2e\file-upload.spec.ts:165:7 › File Upload Tests › should display uploaded files in table 
    [Mobile Chrome] › tests\e2e\file-upload.spec.ts:198:7 › File Upload Tests › should have functional model selector 
    [Mobile Chrome] › tests\e2e\file-upload.spec.ts:220:7 › File Upload Tests › should show drag and drop zone with correct styling 
    [Mobile Chrome] › tests\e2e\file-upload.spec.ts:239:7 › File Upload Tests › should allow file removal before upload 
    [Mobile Chrome] › tests\e2e\file-upload.spec.ts:276:7 › File Upload Tests › should handle multiple file selection 
    [Mobile Chrome] › tests\e2e\landing-page.spec.ts:4:7 › Landing Page › should load and display all main sections 
    [Mobile Chrome] › tests\e2e\landing-page.spec.ts:23:7 › Landing Page › should display Features section with 3 key differentiators 
    [Mobile Chrome] › tests\e2e\landing-page.spec.ts:38:7 › Landing Page › should display How It Works section with 3 steps 
    [Mobile Chrome] › tests\e2e\landing-page.spec.ts:50:7 › Landing Page › should display Audience Tabs and allow switching 
    [Mobile Chrome] › tests\e2e\landing-page.spec.ts:79:7 › Landing Page › should display and submit Waitlist Form 
    [Mobile Chrome] › tests\e2e\landing-page.spec.ts:104:7 › Landing Page › should display Footer with all sections 
    [Mobile Chrome] › tests\e2e\landing-page.spec.ts:123:7 › Landing Page › CTAs should navigate to correct pages 
    [Mobile Chrome] › tests\e2e\landing-page.spec.ts:135:7 › Landing Page › should be responsive on mobile 
    [Mobile Chrome] › tests\e2e\login-simple.spec.ts:11:7 › Simple Login Test › should register and login immediately 
    [Mobile Chrome] › tests\e2e\notifications.spec.ts:22:7 › Notifications Settings Tests › should display notifications settings page 
    [Mobile Chrome] › tests\e2e\notifications.spec.ts:41:7 › Notifications Settings Tests › should display all notification sections 
    [Mobile Chrome] › tests\e2e\notifications.spec.ts:56:7 › Notifications Settings Tests › should display email notification toggles 
    [Mobile Chrome] › tests\e2e\notifications.spec.ts:71:7 › Notifications Settings Tests › should display in-app notification toggles 
    [Mobile Chrome] › tests\e2e\notifications.spec.ts:84:7 › Notifications Settings Tests › should display important alerts section 
    [Mobile Chrome] › tests\e2e\notifications.spec.ts:97:7 › Notifications Settings Tests › should toggle email notifications master switch 
    [Mobile Chrome] › tests\e2e\notifications.spec.ts:124:7 › Notifications Settings Tests › should toggle in-app notifications master switch 
    [Mobile Chrome] › tests\e2e\notifications.spec.ts:151:7 › Notifications Settings Tests › should toggle usage limit warnings 
    [Mobile Chrome] › tests\e2e\notifications.spec.ts:178:7 › Notifications Settings Tests › should have save button 
    [Mobile Chrome] › tests\e2e\notifications.spec.ts:190:7 › Notifications Settings Tests › should save notification settings 
    [Mobile Chrome] › tests\e2e\notifications.spec.ts:213:7 › Notifications Settings Tests › should have back button 
    [Mobile Chrome] › tests\e2e\onboarding.spec.ts:24:7 › Onboarding Flow › should display onboarding modal for first-time users 
    [Mobile Chrome] › tests\e2e\onboarding.spec.ts:36:7 › Onboarding Flow › should show correct content for step 1 
    [Mobile Chrome] › tests\e2e\onboarding.spec.ts:49:7 › Onboarding Flow › should navigate to next step 
    [Mobile Chrome] › tests\e2e\onboarding.spec.ts:64:7 › Onboarding Flow › should navigate to previous step 
    [Mobile Chrome] › tests\e2e\onboarding.spec.ts:83:7 › Onboarding Flow › should disable previous button on first step 
    [Mobile Chrome] › tests\e2e\onboarding.spec.ts:93:7 › Onboarding Flow › should show progress bar 
    [Mobile Chrome] › tests\e2e\onboarding.spec.ts:110:7 › Onboarding Flow › should show step indicators 
    [Mobile Chrome] › tests\e2e\onboarding.spec.ts:120:7 › Onboarding Flow › should allow clicking on step indicators 
    [Mobile Chrome] › tests\e2e\onboarding.spec.ts:134:7 › Onboarding Flow › should navigate through all steps 
    [Mobile Chrome] › tests\e2e\onboarding.spec.ts:163:7 › Onboarding Flow › should show complete button on last step 
    [Mobile Chrome] › tests\e2e\onboarding.spec.ts:176:7 › Onboarding Flow › should close modal on skip 
    [Mobile Chrome] › tests\e2e\onboarding.spec.ts:189:7 › Onboarding Flow › should close modal on X button click 
    [Mobile Chrome] › tests\e2e\onboarding.spec.ts:202:7 › Onboarding Flow › should complete onboarding and close modal 
    [Mobile Chrome] › tests\e2e\onboarding.spec.ts:219:7 › Onboarding Flow › should not show onboarding on subsequent visits 
    [Mobile Chrome] › tests\e2e\onboarding.spec.ts:240:7 › Onboarding Flow › should display all 5 steps with correct titles 
    [Mobile Chrome] › tests\e2e\onboarding.spec.ts:261:7 › Onboarding Flow › should show tips for each step 
    [Mobile Chrome] › tests\e2e\rag-file-upload.spec.ts:30:7 › RAG File Upload and Chat › should upload a text file and process it for RAG 
    [Mobile Chrome] › tests\e2e\rag-file-upload.spec.ts:124:7 › RAG File Upload and Chat › should chat with model using RAG context from uploaded file 
    [Mobile Chrome] › tests\e2e\rag-file-upload.spec.ts:189:7 › RAG File Upload and Chat › complete RAG flow: upload → process → chat 
    [Mobile Chrome] › tests\e2e\settings.spec.ts:22:7 › Settings Tests › should display settings page with all options 
    [Mobile Chrome] › tests\e2e\settings.spec.ts:41:7 › Settings Tests › should navigate to profile settings 
    [Mobile Chrome] › tests\e2e\settings.spec.ts:60:7 › Settings Tests › should display profile form with user data 
    [Mobile Chrome] › tests\e2e\settings.spec.ts:79:7 › Settings Tests › should update profile name 
    [Mobile Chrome] › tests\e2e\settings.spec.ts:102:7 › Settings Tests › should update profile niche 
    [Mobile Chrome] › tests\e2e\settings.spec.ts:124:7 › Settings Tests › should validate password change form 
    [Mobile Chrome] › tests\e2e\settings.spec.ts:145:7 › Settings Tests › should show error for mismatched passwords 
    [Mobile Chrome] › tests\e2e\settings.spec.ts:165:7 › Settings Tests › should show error for short password 
    [Mobile Chrome] › tests\e2e\settings.spec.ts:185:7 › Settings Tests › should display account actions section 
    [Mobile Chrome] › tests\e2e\settings.spec.ts:200:7 › Settings Tests › should have back button on profile settings 
    [Mobile Chrome] › tests\e2e\xray-login.spec.ts:8:7 › Xray Login Test › should login using xray route with dsaq 
    [Mobile Chrome] › tests\e2e\xray-login.spec.ts:23:7 › Xray Login Test › should login and access dashboard 
    [Mobile Chrome] › tests\e2e\xray-login.spec.ts:54:7 › Xray Login Test › should show user not found for invalid username 
    [Mobile Chrome] › tests\e2e\xray-login.spec.ts:65:7 › Xray Login Test › should work with different test users 
    [Mobile Safari] › tests\e2e\analytics.spec.ts:71:7 › Analytics Dashboard Tests › should display analytics dashboard 
    [Mobile Safari] › tests\e2e\analytics.spec.ts:105:7 › Analytics Dashboard Tests › should display analytics stats cards 
    [Mobile Safari] › tests\e2e\analytics.spec.ts:135:7 › Analytics Dashboard Tests › should display usage overview section 
    [Mobile Safari] › tests\e2e\analytics.spec.ts:163:7 › Analytics Dashboard Tests › should display performance metrics 
    [Mobile Safari] › tests\e2e\analytics.spec.ts:194:7 › Analytics Dashboard Tests › should display training data info 
    [Mobile Safari] › tests\e2e\analytics.spec.ts:225:7 › Analytics Dashboard Tests › should have date range selector 
    [Mobile Safari] › tests\e2e\analytics.spec.ts:257:7 › Analytics Dashboard Tests › should have export CSV button 
    [Mobile Safari] › tests\e2e\analytics.spec.ts:284:7 › Analytics Dashboard Tests › should have back button 
    [Mobile Safari] › tests\e2e\analytics.spec.ts:309:7 › Analytics Dashboard Tests › should change date range and reload data 
    [Mobile Safari] › tests\e2e\analytics.spec.ts:341:7 › Analytics Dashboard Tests › should display message activity chart when data exists 
    [Mobile Safari] › tests\e2e\api-keys.spec.ts:22:7 › API Keys Tests › should display API keys page 
    [Mobile Safari] › tests\e2e\api-keys.spec.ts:41:7 › API Keys Tests › should display create API key button 
    [Mobile Safari] › tests\e2e\api-keys.spec.ts:53:7 › API Keys Tests › should display empty state when no keys exist 
    [Mobile Safari] › tests\e2e\api-keys.spec.ts:71:7 › API Keys Tests › should open create modal when clicking create button 
    [Mobile Safari] › tests\e2e\api-keys.spec.ts:88:7 › API Keys Tests › should close modal when clicking cancel 
    [Mobile Safari] › tests\e2e\api-keys.spec.ts:108:7 › API Keys Tests › should validate key name input 
    [Mobile Safari] › tests\e2e\api-keys.spec.ts:125:7 › API Keys Tests › should create new API key 
    [Mobile Safari] › tests\e2e\api-keys.spec.ts:149:7 › API Keys Tests › should display newly created key only once 
    [Mobile Safari] › tests\e2e\api-keys.spec.ts:178:7 › API Keys Tests › should list existing API keys 
    [Mobile Safari] › tests\e2e\api-keys.spec.ts:201:7 › API Keys Tests › should display API documentation section 
    [Mobile Safari] › tests\e2e\api-keys.spec.ts:214:7 › API Keys Tests › should have back button ──
    [Mobile Safari] › tests\e2e\auth-login.spec.ts:45:7 › User Login › should display login form with all fields 
    [Mobile Safari] › tests\e2e\auth-login.spec.ts:75:7 › User Login › should show error for invalid email format 
    [Mobile Safari] › tests\e2e\auth-login.spec.ts:106:7 › User Login › should show error for incorrect password 
    [Mobile Safari] › tests\e2e\auth-login.spec.ts:145:7 › User Login › should persist session after page reload 
    [Mobile Safari] › tests\e2e\auth-login.spec.ts:207:7 › User Login › should allow navigation to registration page 
    [Mobile Safari] › tests\e2e\auth-login.spec.ts:227:7 › User Login › should toggle password visibility 
    [Mobile Safari] › tests\e2e\auth-login.spec.ts:275:7 › User Login › should be responsive on mobile viewport 
    [Mobile Safari] › tests\e2e\auth-password-reset.spec.ts:41:7 › Password Reset › should display password reset form 
    [Mobile Safari] › tests\e2e\auth-password-reset.spec.ts:70:7 › Password Reset › should show error for invalid email format 
    [Mobile Safari] › tests\e2e\auth-password-reset.spec.ts:104:7 › Password Reset › should handle non-existent email gracefully 
    [Mobile Safari] › tests\e2e\auth-password-reset.spec.ts:129:7 › Password Reset › should show loading state during submission 
    [Mobile Safari] › tests\e2e\auth-password-reset.spec.ts:162:7 › Password Reset › should be accessible via forgot password link from login 
    [Mobile Safari] › tests\e2e\auth-password-reset.spec.ts:201:7 › Password Reset › should clear form after successful submission 
    [Mobile Safari] › tests\e2e\auth-password-reset.spec.ts:238:7 › Password Reset › should have proper page metadata 
    [Mobile Safari] › tests\e2e\auth-registration.spec.ts:20:7 › User Registration › should display registration form with all fields 
    [Mobile Safari] › tests\e2e\auth-registration.spec.ts:38:7 › User Registration › should show validation errors for empty form 
    [Mobile Safari] › tests\e2e\auth-registration.spec.ts:49:7 › User Registration › should show error for invalid email format 
    [Mobile Safari] › tests\e2e\auth-registration.spec.ts:69:7 › User Registration › should show error for weak password 
    [Mobile Safari] › tests\e2e\auth-registration.spec.ts:89:7 › User Registration › should successfully register a new user 
    [Mobile Safari] › tests\e2e\auth-registration.spec.ts:119:7 › User Registration › should show error when registering with existing email 
    [Mobile Safari] › tests\e2e\auth-registration.spec.ts:156:7 › User Registration › should allow navigation to login page 
    [Mobile Safari] › tests\e2e\auth-registration.spec.ts:166:7 › User Registration › should toggle password visibility 
    [Mobile Safari] › tests\e2e\auth-registration.spec.ts:188:7 › User Registration › should have all industry options available 
    [Mobile Safari] › tests\e2e\auth-registration.spec.ts:200:7 › User Registration › should be responsive on mobile viewport 
    [Mobile Safari] › tests\e2e\branding.spec.ts:19:7 › Branding Settings › should navigate to branding settings page 
    [Mobile Safari] › tests\e2e\branding.spec.ts:31:7 › Branding Settings › should display all branding form sections 
    [Mobile Safari] › tests\e2e\branding.spec.ts:57:7 › Branding Settings › should update company name and see live preview 
    [Mobile Safari] › tests\e2e\branding.spec.ts:70:7 › Branding Settings › should update primary color and see live preview 
    [Mobile Safari] › tests\e2e\branding.spec.ts:86:7 › Branding Settings › should update secondary color and see live preview 
    [Mobile Safari] › tests\e2e\branding.spec.ts:102:7 › Branding Settings › should show DNS instructions modal 
    [Mobile Safari] › tests\e2e\branding.spec.ts:121:7 › Branding Settings › should validate company name is required 
    [Mobile Safari] › tests\e2e\branding.spec.ts:137:7 › Branding Settings › should display custom domain in preview 
    [Mobile Safari] › tests\e2e\branding.spec.ts:152:7 › Branding Settings › should show save button 
    [Mobile Safari] › tests\e2e\branding.spec.ts:162:7 › Branding Settings › should have upload buttons for logo and favicon 
    [Mobile Safari] › tests\e2e\branding.spec.ts:175:7 › Branding Settings › should show live preview section with sample elements 
    [Mobile Safari] › tests\e2e\chat.spec.ts:16:7 › Chat Interface › should display chat page with sidebar and empty state 
    [Mobile Safari] › tests\e2e\chat.spec.ts:31:7 › Chat Interface › should display existing chat messages 
    [Mobile Safari] › tests\e2e\chat.spec.ts:44:7 › Chat Interface › should send a message and receive response 
    [Mobile Safari] › tests\e2e\chat.spec.ts:70:7 › Chat Interface › should create a new chat session 
    [Mobile Safari] › tests\e2e\chat.spec.ts:81:7 › Chat Interface › should switch between chat sessions 
    [Mobile Safari] › tests\e2e\chat.spec.ts:92:7 › Chat Interface › should display copy button on AI messages 
    [Mobile Safari] › tests\e2e\chat.spec.ts:104:7 › Chat Interface › should display regenerate button on last AI message 
    [Mobile Safari] › tests\e2e\chat.spec.ts:112:7 › Chat Interface › should show typing indicator when sending message 
    [Mobile Safari] › tests\e2e\chat.spec.ts:129:7 › Chat Interface › should clear input field after sending message 
    [Mobile Safari] › tests\e2e\chat.spec.ts:148:7 › Chat Interface › should display export buttons on active session 
    [Mobile Safari] › tests\e2e\chat.spec.ts:157:7 › Chat Interface › should show chat header with model name 
    [Mobile Safari] › tests\e2e\chat.spec.ts:163:7 › Chat Interface › should handle Enter key to send message 
    [Mobile Safari] › tests\e2e\chat.spec.ts:176:7 › Chat Interface › should handle Shift+Enter for new line 
    [Mobile Safari] › tests\e2e\dashboard-protected.spec.ts:46:9 › Dashboard and Protected Routes › Unauthenticated Access › should redirect to login when accessing dashboard without auth 
    [Mobile Safari] › tests\e2e\dashboard-protected.spec.ts:101:9 › Dashboard and Protected Routes › Authenticated Dashboard Access › should display dashboard with user information 
    [Mobile Safari] › tests\e2e\dashboard-protected.spec.ts:145:9 › Dashboard and Protected Routes › Authenticated Dashboard Access › should display navigation menu 
    [Mobile Safari] › tests\e2e\dashboard-protected.spec.ts:171:9 › Dashboard and Protected Routes › Authenticated Dashboard Access › should show phase completion status 
    [Mobile Safari] › tests\e2e\dashboard-protected.spec.ts:204:9 › Dashboard and Protected Routes › Authenticated Dashboard Access › should handle browser refresh correctly 
    [Mobile Safari] › tests\e2e\dashboard-protected.spec.ts:243:9 › Dashboard and Protected Routes › Session Management › should maintain session in new tab 
    [Mobile Safari] › tests\e2e\dashboard.spec.ts:10:7 › Dashboard Tests › should login and verify dashboard layout 
    [Mobile Safari] › tests\e2e\dashboard.spec.ts:54:7 › Dashboard Tests › should navigate to models page 
    [Mobile Safari] › tests\e2e\dashboard.spec.ts:92:7 › Dashboard Tests › should have functional search bar in header 
    [Mobile Safari] › tests\e2e\dashboard.spec.ts:113:7 › Dashboard Tests › should create a new model successfully 
    [Mobile Safari] › tests\e2e\docs.spec.ts:27:7 › Documentation Site › should load documentation page 
    [Mobile Safari] › tests\e2e\docs.spec.ts:41:7 › Documentation Site › should display search bar ─
    [Mobile Safari] › tests\e2e\docs.spec.ts:48:7 › Documentation Site › should navigate between sections 
    [Mobile Safari] › tests\e2e\docs.spec.ts:67:7 › Documentation Site › should show Getting Started content by default 
    [Mobile Safari] › tests\e2e\docs.spec.ts:77:7 › Documentation Site › should display code blocks with copy button 
    [Mobile Safari] › tests\e2e\docs.spec.ts:93:7 › Documentation Site › should copy code to clipboard 
    [Mobile Safari] › tests\e2e\docs.spec.ts:109:7 › Documentation Site › should search documentation 
    [Mobile Safari] › tests\e2e\docs.spec.ts:121:7 › Documentation Site › should filter sections based on search 
    [Mobile Safari] › tests\e2e\docs.spec.ts:133:7 › Documentation Site › should show feedback buttons 
    [Mobile Safari] › tests\e2e\docs.spec.ts:146:7 › Documentation Site › should submit helpful feedback 
    [Mobile Safari] › tests\e2e\docs.spec.ts:161:7 › Documentation Site › should submit not helpful feedback 
    [Mobile Safari] › tests\e2e\docs.spec.ts:176:7 › Documentation Site › should navigate back to dashboard 
    [Mobile Safari] › tests\e2e\docs.spec.ts:187:7 › Documentation Site › should display all sections in sidebar 
    [Mobile Safari] › tests\e2e\docs.spec.ts:204:7 › Documentation Site › should highlight active section 
    [Mobile Safari] › tests\e2e\docs.spec.ts:222:7 › Documentation Site › should display FAQs content 
    [Mobile Safari] › tests\e2e\docs.spec.ts:236:7 › Documentation Site › should display self-hosting content 
    [Mobile Safari] › tests\e2e\file-upload.spec.ts:55:7 › File Upload Tests › should navigate to training data page 
    [Mobile Safari] › tests\e2e\file-upload.spec.ts:71:7 › File Upload Tests › should display file upload interface 
    [Mobile Safari] › tests\e2e\file-upload.spec.ts:86:7 › File Upload Tests › should upload a text file 
    [Mobile Safari] › tests\e2e\file-upload.spec.ts:133:7 › File Upload Tests › should show validation error for large file 
    [Mobile Safari] › tests\e2e\file-upload.spec.ts:165:7 › File Upload Tests › should display uploaded files in table 
    [Mobile Safari] › tests\e2e\file-upload.spec.ts:198:7 › File Upload Tests › should have functional model selector 
    [Mobile Safari] › tests\e2e\file-upload.spec.ts:220:7 › File Upload Tests › should show drag and drop zone with correct styling 
    [Mobile Safari] › tests\e2e\file-upload.spec.ts:239:7 › File Upload Tests › should allow file removal before upload 
    [Mobile Safari] › tests\e2e\file-upload.spec.ts:276:7 › File Upload Tests › should handle multiple file selection 
    [Mobile Safari] › tests\e2e\landing-page.spec.ts:4:7 › Landing Page › should load and display all main sections 
    [Mobile Safari] › tests\e2e\landing-page.spec.ts:23:7 › Landing Page › should display Features section with 3 key differentiators 
    [Mobile Safari] › tests\e2e\landing-page.spec.ts:38:7 › Landing Page › should display How It Works section with 3 steps 
    [Mobile Safari] › tests\e2e\landing-page.spec.ts:50:7 › Landing Page › should display Audience Tabs and allow switching 
    [Mobile Safari] › tests\e2e\landing-page.spec.ts:79:7 › Landing Page › should display and submit Waitlist Form 
    [Mobile Safari] › tests\e2e\landing-page.spec.ts:104:7 › Landing Page › should display Footer with all sections 
    [Mobile Safari] › tests\e2e\landing-page.spec.ts:123:7 › Landing Page › CTAs should navigate to correct pages 
    [Mobile Safari] › tests\e2e\landing-page.spec.ts:135:7 › Landing Page › should be responsive on mobile 
    [Mobile Safari] › tests\e2e\login-simple.spec.ts:11:7 › Simple Login Test › should register and login immediately 
    [Mobile Safari] › tests\e2e\notifications.spec.ts:22:7 › Notifications Settings Tests › should display notifications settings page 
    [Mobile Safari] › tests\e2e\notifications.spec.ts:41:7 › Notifications Settings Tests › should display all notification sections 
    [Mobile Safari] › tests\e2e\notifications.spec.ts:56:7 › Notifications Settings Tests › should display email notification toggles 
    [Mobile Safari] › tests\e2e\notifications.spec.ts:71:7 › Notifications Settings Tests › should display in-app notification toggles 
    [Mobile Safari] › tests\e2e\notifications.spec.ts:84:7 › Notifications Settings Tests › should display important alerts section 
    [Mobile Safari] › tests\e2e\notifications.spec.ts:97:7 › Notifications Settings Tests › should toggle email notifications master switch 
    [Mobile Safari] › tests\e2e\notifications.spec.ts:124:7 › Notifications Settings Tests › should toggle in-app notifications master switch 
    [Mobile Safari] › tests\e2e\notifications.spec.ts:151:7 › Notifications Settings Tests › should toggle usage limit warnings 
    [Mobile Safari] › tests\e2e\notifications.spec.ts:178:7 › Notifications Settings Tests › should have save button 
    [Mobile Safari] › tests\e2e\notifications.spec.ts:190:7 › Notifications Settings Tests › should save notification settings 
    [Mobile Safari] › tests\e2e\notifications.spec.ts:213:7 › Notifications Settings Tests › should have back button 
    [Mobile Safari] › tests\e2e\onboarding.spec.ts:24:7 › Onboarding Flow › should display onboarding modal for first-time users 
    [Mobile Safari] › tests\e2e\onboarding.spec.ts:36:7 › Onboarding Flow › should show correct content for step 1 
    [Mobile Safari] › tests\e2e\onboarding.spec.ts:49:7 › Onboarding Flow › should navigate to next step 
    [Mobile Safari] › tests\e2e\onboarding.spec.ts:64:7 › Onboarding Flow › should navigate to previous step 
    [Mobile Safari] › tests\e2e\onboarding.spec.ts:83:7 › Onboarding Flow › should disable previous button on first step 
    [Mobile Safari] › tests\e2e\onboarding.spec.ts:93:7 › Onboarding Flow › should show progress bar 
    [Mobile Safari] › tests\e2e\onboarding.spec.ts:110:7 › Onboarding Flow › should show step indicators 
    [Mobile Safari] › tests\e2e\onboarding.spec.ts:120:7 › Onboarding Flow › should allow clicking on step indicators 
    [Mobile Safari] › tests\e2e\onboarding.spec.ts:134:7 › Onboarding Flow › should navigate through all steps 
    [Mobile Safari] › tests\e2e\onboarding.spec.ts:163:7 › Onboarding Flow › should show complete button on last step 
    [Mobile Safari] › tests\e2e\onboarding.spec.ts:176:7 › Onboarding Flow › should close modal on skip 
    [Mobile Safari] › tests\e2e\onboarding.spec.ts:189:7 › Onboarding Flow › should close modal on X button click 
    [Mobile Safari] › tests\e2e\onboarding.spec.ts:202:7 › Onboarding Flow › should complete onboarding and close modal 
    [Mobile Safari] › tests\e2e\onboarding.spec.ts:219:7 › Onboarding Flow › should not show onboarding on subsequent visits 
    [Mobile Safari] › tests\e2e\onboarding.spec.ts:240:7 › Onboarding Flow › should display all 5 steps with correct titles 
    [Mobile Safari] › tests\e2e\onboarding.spec.ts:261:7 › Onboarding Flow › should show tips for each step 
    [Mobile Safari] › tests\e2e\rag-file-upload.spec.ts:30:7 › RAG File Upload and Chat › should upload a text file and process it for RAG 
    [Mobile Safari] › tests\e2e\rag-file-upload.spec.ts:124:7 › RAG File Upload and Chat › should chat with model using RAG context from uploaded file 
    [Mobile Safari] › tests\e2e\rag-file-upload.spec.ts:189:7 › RAG File Upload and Chat › complete RAG flow: upload → process → chat 
    [Mobile Safari] › tests\e2e\settings.spec.ts:22:7 › Settings Tests › should display settings page with all options 
    [Mobile Safari] › tests\e2e\settings.spec.ts:41:7 › Settings Tests › should navigate to profile settings 
    [Mobile Safari] › tests\e2e\settings.spec.ts:60:7 › Settings Tests › should display profile form with user data 
    [Mobile Safari] › tests\e2e\settings.spec.ts:79:7 › Settings Tests › should update profile name 
    [Mobile Safari] › tests\e2e\settings.spec.ts:102:7 › Settings Tests › should update profile niche 
    [Mobile Safari] › tests\e2e\settings.spec.ts:124:7 › Settings Tests › should validate password change form 
    [Mobile Safari] › tests\e2e\settings.spec.ts:145:7 › Settings Tests › should show error for mismatched passwords 
    [Mobile Safari] › tests\e2e\settings.spec.ts:165:7 › Settings Tests › should show error for short password 
    [Mobile Safari] › tests\e2e\settings.spec.ts:185:7 › Settings Tests › should display account actions section 
    [Mobile Safari] › tests\e2e\settings.spec.ts:200:7 › Settings Tests › should have back button on profile settings 
    [Mobile Safari] › tests\e2e\xray-login.spec.ts:8:7 › Xray Login Test › should login using xray route with dsaq 
    [Mobile Safari] › tests\e2e\xray-login.spec.ts:23:7 › Xray Login Test › should login and access dashboard 
    [Mobile Safari] › tests\e2e\xray-login.spec.ts:54:7 › Xray Login Test › should show user not found for invalid username 
    [Mobile Safari] › tests\e2e\xray-login.spec.ts:65:7 › Xray Login Test › should work with different test users 
  125 did not run
